Return-Path: <linuxppc-dev-bounces+lists+linuxppc-dev=lfdr.de@lists.ozlabs.org>
X-Original-To: lists+linuxppc-dev@lfdr.de
Delivered-To: lists+linuxppc-dev@lfdr.de
Received: from lists.ozlabs.org (lists.ozlabs.org [IPv6:2401:3900:2:1::3])
	by mail.lfdr.de (Postfix) with ESMTPS id 3FA359CD28
	for <lists+linuxppc-dev@lfdr.de>; Mon, 26 Aug 2019 12:15:10 +0200 (CEST)
Received: from bilbo.ozlabs.org (lists.ozlabs.org [IPv6:2401:3900:2:1::3])
	by lists.ozlabs.org (Postfix) with ESMTP id 46H7DB6rcszDqNT
	for <lists+linuxppc-dev@lfdr.de>; Mon, 26 Aug 2019 20:15:06 +1000 (AEST)
X-Original-To: linuxppc-dev@lists.ozlabs.org
Delivered-To: linuxppc-dev@lists.ozlabs.org
Received: from ozlabs.org (bilbo.ozlabs.org [203.11.71.1])
 (using TLSv1.3 with cipher TLS_AES_256_GCM_SHA384 (256/256 bits)
 key-exchange X25519 server-signature RSA-PSS (2048 bits) server-digest SHA256)
 (No client certificate requested)
 by lists.ozlabs.org (Postfix) with ESMTPS id 46H79G3rcHzDqfv
 for <linuxppc-dev@lists.ozlabs.org>; Mon, 26 Aug 2019 20:12:34 +1000 (AEST)
Authentication-Results: lists.ozlabs.org; dmarc=none (p=none dis=none)
 header.from=linux.vnet.ibm.com
Received: from ozlabs.org (bilbo.ozlabs.org [203.11.71.1])
 by bilbo.ozlabs.org (Postfix) with ESMTP id 46H79F6vH7z8svw
 for <linuxppc-dev@lists.ozlabs.org>; Mon, 26 Aug 2019 20:12:33 +1000 (AEST)
Received: by ozlabs.org (Postfix)
 id 46H79F4kT3z9sN1; Mon, 26 Aug 2019 20:12:33 +1000 (AEST)
Delivered-To: linuxppc-dev@ozlabs.org
Authentication-Results: ozlabs.org;
 spf=none (mailfrom) smtp.mailfrom=linux.vnet.ibm.com
 (client-ip=148.163.156.1; helo=mx0a-001b2d01.pphosted.com;
 envelope-from=sachinp@linux.vnet.ibm.com; receiver=<UNKNOWN>)
Authentication-Results: ozlabs.org; dmarc=none (p=none dis=none)
 header.from=linux.vnet.ibm.com
Received: from mx0a-001b2d01.pphosted.com (mx0a-001b2d01.pphosted.com
 [148.163.156.1])
 (using TLSv1.2 with cipher ECDHE-RSA-AES256-GCM-SHA384 (256/256 bits))
 (No client certificate requested)
 by ozlabs.org (Postfix) with ESMTPS id 46H79C5yPRz9sDB
 for <linuxppc-dev@ozlabs.org>; Mon, 26 Aug 2019 20:12:30 +1000 (AEST)
Received: from pps.filterd (m0098410.ppops.net [127.0.0.1])
 by mx0a-001b2d01.pphosted.com (8.16.0.27/8.16.0.27) with SMTP id
 x7QA7wB2096812
 for <linuxppc-dev@ozlabs.org>; Mon, 26 Aug 2019 06:12:27 -0400
Received: from e06smtp05.uk.ibm.com (e06smtp05.uk.ibm.com [195.75.94.101])
 by mx0a-001b2d01.pphosted.com with ESMTP id 2umctx1hx2-1
 (version=TLSv1.2 cipher=AES256-GCM-SHA384 bits=256 verify=NOT)
 for <linuxppc-dev@ozlabs.org>; Mon, 26 Aug 2019 06:12:25 -0400
Received: from localhost
 by e06smtp05.uk.ibm.com with IBM ESMTP SMTP Gateway: Authorized Use Only!
 Violators will be prosecuted
 for <linuxppc-dev@ozlabs.org> from <sachinp@linux.vnet.ibm.com>;
 Mon, 26 Aug 2019 11:12:23 +0100
Received: from b06cxnps4074.portsmouth.uk.ibm.com (9.149.109.196)
 by e06smtp05.uk.ibm.com (192.168.101.135) with IBM ESMTP SMTP Gateway:
 Authorized Use Only! Violators will be prosecuted; 
 (version=TLSv1/SSLv3 cipher=AES256-GCM-SHA384 bits=256/256)
 Mon, 26 Aug 2019 11:12:20 +0100
Received: from b06wcsmtp001.portsmouth.uk.ibm.com
 (b06wcsmtp001.portsmouth.uk.ibm.com [9.149.105.160])
 by b06cxnps4074.portsmouth.uk.ibm.com (8.14.9/8.14.9/NCO v10.0) with ESMTP id
 x7QACJFP37748764
 (version=TLSv1/SSLv3 cipher=DHE-RSA-AES256-GCM-SHA384 bits=256 verify=OK);
 Mon, 26 Aug 2019 10:12:19 GMT
Received: from b06wcsmtp001.portsmouth.uk.ibm.com (unknown [127.0.0.1])
 by IMSVA (Postfix) with ESMTP id 5935EA405B;
 Mon, 26 Aug 2019 10:12:19 +0000 (GMT)
Received: from b06wcsmtp001.portsmouth.uk.ibm.com (unknown [127.0.0.1])
 by IMSVA (Postfix) with ESMTP id 85507A4065;
 Mon, 26 Aug 2019 10:12:17 +0000 (GMT)
Received: from [9.199.196.197] (unknown [9.199.196.197])
 by b06wcsmtp001.portsmouth.uk.ibm.com (Postfix) with ESMTP;
 Mon, 26 Aug 2019 10:12:17 +0000 (GMT)
From: Sachin Sant <sachinp@linux.vnet.ibm.com>
Content-Type: multipart/mixed;
 boundary="Apple-Mail=_B2D23B4C-3B35-42DF-90AE-BAE6176E0042"
Mime-Version: 1.0 (Mac OS X Mail 12.4 \(3445.104.11\))
Subject: Re: [powerpc]WARN : arch/powerpc/platforms/powernv/smp.c:160
Date: Mon, 26 Aug 2019 15:42:16 +0530
In-Reply-To: <87imqk4nad.fsf@concordia.ellerman.id.au>
To: Michael Ellerman <mpe@ellerman.id.au>
References: <AB1A20B4-523B-491E-AB89-124AD2810C17@linux.vnet.ibm.com>
 <87imqk4nad.fsf@concordia.ellerman.id.au>
X-Mailer: Apple Mail (2.3445.104.11)
X-TM-AS-GCONF: 00
x-cbid: 19082610-0020-0000-0000-00000364119E
X-IBM-AV-DETECTION: SAVI=unused REMOTE=unused XFE=unused
x-cbparentid: 19082610-0021-0000-0000-000021B958B1
Message-Id: <B641A885-76DF-4976-81AE-73D41AD71BAF@linux.vnet.ibm.com>
X-Proofpoint-Virus-Version: vendor=fsecure engine=2.50.10434:, ,
 definitions=2019-08-26_06:, , signatures=0
X-Proofpoint-Spam-Details: rule=outbound_notspam policy=outbound score=0
 priorityscore=1501
 malwarescore=0 suspectscore=0 phishscore=0 bulkscore=0 spamscore=0
 clxscore=1015 lowpriorityscore=0 mlxscore=0 impostorscore=0
 mlxlogscore=999 adultscore=0 classifier=spam adjust=0 reason=mlx
 scancount=1 engine=8.0.1-1906280000 definitions=main-1908260112
X-BeenThere: linuxppc-dev@lists.ozlabs.org
X-Mailman-Version: 2.1.29
Precedence: list
List-Id: Linux on PowerPC Developers Mail List <linuxppc-dev.lists.ozlabs.org>
List-Unsubscribe: <https://lists.ozlabs.org/options/linuxppc-dev>,
 <mailto:linuxppc-dev-request@lists.ozlabs.org?subject=unsubscribe>
List-Archive: <http://lists.ozlabs.org/pipermail/linuxppc-dev/>
List-Post: <mailto:linuxppc-dev@lists.ozlabs.org>
List-Help: <mailto:linuxppc-dev-request@lists.ozlabs.org?subject=help>
List-Subscribe: <https://lists.ozlabs.org/listinfo/linuxppc-dev>,
 <mailto:linuxppc-dev-request@lists.ozlabs.org?subject=subscribe>
Cc: linuxppc-dev@ozlabs.org, linux-next@vger.kernel.org, ego@linux.vnet.ibm.com
Errors-To: linuxppc-dev-bounces+lists+linuxppc-dev=lfdr.de@lists.ozlabs.org
Sender: "Linuxppc-dev"
 <linuxppc-dev-bounces+lists+linuxppc-dev=lfdr.de@lists.ozlabs.org>


--Apple-Mail=_B2D23B4C-3B35-42DF-90AE-BAE6176E0042
Content-Transfer-Encoding: quoted-printable
Content-Type: text/plain;
	charset=utf-8



> On 26-Aug-2019, at 8:59 AM, Michael Ellerman <mpe@ellerman.id.au> =
wrote:
>=20
> Sachin Sant <sachinp@linux.vnet.ibm.com> writes:
>> linux-next is currently broken on POWER8 non virtualized. Kernel
>> fails to reach login prompt with following kernel warning
>> repeatedly shown during boot.
>=20
> I don't see it on my test systems.
>=20
> The backtrace makes it look like you're doing CPU hot_un_plug during
> boot, which seems a bit odd.
>=20
There is no explicit hot un plug operation being done. This happens
during boot.

For some reason cpu=E2=80=99s are being off lined.  I had earlier =
reported
that kernel does not boot till login prompt. I was wrong. Kernel does
boot. Not surr if it=E2=80=99s a side effect of these warnings, SMT is =
off after
the boot.

# lscpu
Architecture:          ppc64le
Byte Order:            Little Endian
CPU(s):                80
On-line CPU(s) list:   0,8,16,24,32,40,48,56,64,72
Off-line CPU(s) list:  =
1-7,9-15,17-23,25-31,33-39,41-47,49-55,57-63,65-71,73-79
Thread(s) per core:    1
Core(s) per socket:    5
=E2=80=A6=E2=80=A6..
NUMA node0 CPU(s):     0,8,16,24,32
NUMA node1 CPU(s):     40,48,56,64,72
#
# ppc64_cpu --smt
SMT is off
#

I can manually turn on the SMT.=20

> Or possibly it's just that the cpu_is_offline() test in do_idle() is
> returning true due to some bug.
>=20
>> The problem dates back atleast till next-20190816.=20
>=20
> A bisect would be helpful obviously :)

Last successful kernel boot was with next-20190808. =20
Will attempt a bisect. Started failing with 9th Aug tree.

>=20
>> [   40.285606] WARNING: CPU: 1 PID: 0 at =
arch/powerpc/platforms/powernv/smp.c:160 =
pnv_smp_cpu_kill_self+0x50/0x2d0
>> [   40.285609] Modules linked in: kvm_hv kvm sunrpc dm_mirror =
dm_region_hash dm_log dm_mod ses enclosure scsi_transport_sas sg =
ipmi_powernv ipmi_devintf powernv_rng uio_pdrv_genirq uio leds_powernv =
ipmi_msghandler powernv_op_panel ibmpowernv ip_tables ext4 mbcache jbd2 =
sd_mod ipr tg3 libata ptp pps_core
>> [   40.285643] CPU: 1 PID: 0 Comm: swapper/1 Not tainted =
5.3.0-rc5-next-20190823-autotest-autotest #1
>> [   40.285644] NIP:  c0000000000b5f40 LR: c000000000055498 CTR: =
c0000000000b5ef0
>> [   40.285646] REGS: c0000007f5527980 TRAP: 0700   Not tainted  =
(5.3.0-rc5-next-20190823-autotest-autotest)
>> [   40.285646] MSR:  9000000000029033 <SF,HV,EE,ME,IR,DR,RI,LE>  CR: =
24004028  XER: 00000000
>> [   40.285650] CFAR: c000000000055494 IRQMASK: 1=20
>> [   40.285650] GPR00: c000000000055498 c0000007f5527c10 =
c00000000148b200 0000000000000000=20
>> [   40.285650] GPR04: 0000000000000000 c0000007fa897d80 =
c0000007fa90c800 00000007f9980000=20
>> [   40.285650] GPR08: 0000000000000000 0000000000000001 =
0000000000000000 c0000007fa90c800=20
>> [   40.285650] GPR12: c0000000000b5ef0 c0000007ffffee00 =
0000000000000800 c000000ffffc11d0=20
>> [   40.285650] GPR16: 0000000000000001 c000000001035280 =
0000000000000000 c0000000015303c0=20
>> [   40.285650] GPR20: c000000000052d60 0000000000000001 =
c0000007f54cd800 c0000007f54cd880=20
>> [   40.285650] GPR24: 0000000000080000 c0000007f54cd800 =
c0000000014bdf78 c0000000014c20d8=20
>> [   40.285650] GPR28: 0000000000000002 c0000000014c2538 =
0000000000000001 c0000007f54cd800=20
>> [   40.285662] NIP [c0000000000b5f40] =
pnv_smp_cpu_kill_self+0x50/0x2d0
>> [   40.285664] LR [c000000000055498] cpu_die+0x48/0x64
>> [   40.285665] Call Trace:
>> [   40.285667] [c0000007f5527c10] [c000000000f85f10] =
ppc64_tlb_batch+0x0/0x1220 (unreliable)
>> [   40.285669] [c0000007f5527df0] [c000000000055498] =
cpu_die+0x48/0x64
>> [   40.285672] [c0000007f5527e10] [c0000000000226a0] =
arch_cpu_idle_dead+0x20/0x40
>> [   40.285674] [c0000007f5527e30] [c00000000016bd2c] =
do_idle+0x37c/0x3f0
>> [   40.285676] [c0000007f5527ed0] [c00000000016bfac] =
cpu_startup_entry+0x3c/0x50
>> [   40.285678] [c0000007f5527f00] [c000000000055198] =
start_secondary+0x638/0x680
>> [   40.285680] [c0000007f5527f90] [c00000000000ac5c] =
start_secondary_prolog+0x10/0x14
>> [   40.285680] Instruction dump:
>> [   40.285681] fb61ffd8 fb81ffe0 fba1ffe8 fbc1fff0 fbe1fff8 f8010010 =
f821fe21 e90d1178=20
>> [   40.285684] f9010198 39000000 892d0988 792907e0 <0b090000> =
39200002 7d210164 39200003=20
>> [   40.285687] ---[ end trace 72c90a064122d9e4 ]=E2=80=94
>=20
> That WARN shouldn't really kill the boot, do you see anything else?

The machine actually boots till login prompt.=20
I have attached the boot log(5.3.0-rc4-next-20190814)

Thanks
-Sachin


--Apple-Mail=_B2D23B4C-3B35-42DF-90AE-BAE6176E0042
Content-Disposition: attachment;
	filename=boot.log
Content-Type: application/octet-stream;
	x-unix-mode=0644;
	name="boot.log"
Content-Transfer-Encoding: 7bit

 kernel:kexec_core: Starting new kernel
[ 5001.260269] sd 0:2:0:0: [sda] tag#0 FAILED Result: hostbyte=DID_NO_CONNECT driverbyte=DRIVER_OK
[ 5001.260461] sd 0:2:0:0: [sda] tag#0 CDB: Write(10) 2a 00 0d 45 f3 50 00 00 08 00
[ 5001.260625] print_req_error: I/O error, dev sda, sector 222688080
[ 5001.260763] EXT4-fs warning (device sda2): ext4_end_bio:323: I/O error 10 writing to inode 6953680 (offset 0 size 0 starting block 27836011)
[    0.000000] hash-mmu: Page sizes from device-tree:
[    0.000000] hash-mmu: base_shift=12: shift=12, sllp=0x0000, avpnm=0x00000000, tlbiel=1, penc=0
[    0.000000] hash-mmu: base_shift=12: shift=16, sllp=0x0000, avpnm=0x00000000, tlbiel=1, penc=7
[    0.000000] hash-mmu: base_shift=12: shift=24, sllp=0x0000, avpnm=0x00000000, tlbiel=1, penc=56
[    0.000000] hash-mmu: base_shift=16: shift=16, sllp=0x0110, avpnm=0x00000000, tlbiel=1, penc=1
[    0.000000] hash-mmu: base_shift=16: shift=24, sllp=0x0110, avpnm=0x00000000, tlbiel=1, penc=8
[    0.000000] hash-mmu: base_shift=24: shift=24, sllp=0x0100, avpnm=0x00000001, tlbiel=0, penc=0
[    0.000000] hash-mmu: base_shift=34: shift=34, sllp=0x0120, avpnm=0x000007ff, tlbiel=0, penc=3
[    0.000000] Using 1TB segments
[    0.000000] hash-mmu: Initializing hash mmu with SLB
[    0.000000] Linux version 5.3.0-rc4-next-20190814-autotest (root@ltc-test-ci3.aus.stglabs.ibm.com) (gcc version 4.8.5 20150623 (Red Hat 4.8.5-28) (GCC)) #1 SMP Sun Aug 25 23:26:47 CDT 2019
[    0.000000] Found initrd at 0xc0000000031e0000:0xc0000000043f0fe6
[    0.000000] Using PowerNV machine description
[    0.000000] printk: bootconsole [udbg0] enabled
[    0.000000] CPU maps initialized for 8 threads per core
[    0.000000] -----------------------------------------------------
[    0.000000] phys_mem_size     = 0x1000000000
[    0.000000] dcache_bsize      = 0x80
[    0.000000] icache_bsize      = 0x80
[    0.000000] cpu_features      = 0x000002ff8f5db1a7
[    0.000000]   possible        = 0x0000fbffcf5fb1a7
[    0.000000]   always          = 0x00000003800081a1
[    0.000000] cpu_user_features = 0xdc0065c2 0xef000000
[    0.000000] mmu_features      = 0x7c006001
[    0.000000] firmware_features = 0x0000000110000000
[    0.000000] vmalloc start     = 0xc008000000000000
[    0.000000] IO start          = 0xc00a000000000000
[    0.000000] vmemmap start     = 0xc00c000000000000
[    0.000000] hash-mmu: ppc64_pft_size    = 0x0
[    0.000000] hash-mmu: htab_hash_mask    = 0x7ffff
[    0.000000] -----------------------------------------------------
[    0.000000] cma: Reserved 3280 MiB at 0x0000000f2b000000
[    0.000000] numa:   NODE_DATA [mem 0x7ffca8900-0x7ffcaffff]
[    0.000000] numa:   NODE_DATA [mem 0xfffc20900-0xfffc27fff]
[    0.000000] rfi-flush: ori type flush available
[    0.000000] count-cache-flush: software flush disabled.
[    0.000000] stf-barrier: hwsync barrier available
[    0.000000] Initializing IODA2 PHB (/pciex@3fffe40000000)
[    0.000000] PCI host bridge /pciex@3fffe40000000 (primary) ranges:
[    0.000000]  MEM 0x00003fe000000000..0x00003fe07ffeffff -> 0x0000000080000000 
[    0.000000]  MEM 0x0000200000000000..0x000020ffffffffff -> 0x0000200000000000 (M64 #0..15)
[    0.000000]  Using M64 #15 as default window
[    0.000000]   256 (255) PE's M32: 0x80000000 [segment=0x800000]
[    0.000000]                  M64: 0x10000000000 [segment=0x100000000]
[    0.000000]   Allocated bitmap for 2040 MSIs (base IRQ 0x800)
[    0.000000] Initializing IODA2 PHB (/pciex@3fffe40100000)
[    0.000000] PCI host bridge /pciex@3fffe40100000  ranges:
[    0.000000]  MEM 0x00003fe080000000..0x00003fe0fffeffff -> 0x0000000080000000 
[    0.000000]  MEM 0x0000210000000000..0x000021ffffffffff -> 0x0000210000000000 (M64 #0..15)
[    0.000000]  Using M64 #15 as default window
[    0.000000]   256 (255) PE's M32: 0x80000000 [segment=0x800000]
[    0.000000]                  M64: 0x10000000000 [segment=0x100000000]
[    0.000000]   Allocated bitmap for 2040 MSIs (base IRQ 0x1000)
[    0.000000] Initializing IODA2 PHB (/pciex@3fffe40400000)
[    0.000000] PCI host bridge /pciex@3fffe40400000  ranges:
[    0.000000]  MEM 0x00003fe200000000..0x00003fe27ffeffff -> 0x0000000080000000 
[    0.000000]  MEM 0x0000240000000000..0x000024ffffffffff -> 0x0000240000000000 (M64 #0..15)
[    0.000000]  Using M64 #15 as default window
[    0.000000]   256 (255) PE's M32: 0x80000000 [segment=0x800000]
[    0.000000]                  M64: 0x10000000000 [segment=0x100000000]
[    0.000000]   Allocated bitmap for 2040 MSIs (base IRQ 0x2800)
[    0.000000] Initializing IODA2 PHB (/pciex@3fffe40500000)
[    0.000000] PCI host bridge /pciex@3fffe40500000  ranges:
[    0.000000]  MEM 0x00003fe280000000..0x00003fe2fffeffff -> 0x0000000080000000 
[    0.000000]  MEM 0x0000250000000000..0x000025ffffffffff -> 0x0000250000000000 (M64 #0..15)
[    0.000000]  Using M64 #15 as default window
[    0.000000]   256 (255) PE's M32: 0x80000000 [segment=0x800000]
[    0.000000]                  M64: 0x10000000000 [segment=0x100000000]
[    0.000000]   Allocated bitmap for 2040 MSIs (base IRQ 0x3000)
[    0.000000] OPAL nvram setup, 1048576 bytes
[    0.000000] barrier-nospec: using ORI speculation barrier
[    0.000000] Zone ranges:
[    0.000000]   Normal   [mem 0x0000000000000000-0x0000000fffffffff]
[    0.000000]   Device   empty
[    0.000000] Movable zone start for each node
[    0.000000] Early memory node ranges
[    0.000000]   node   0: [mem 0x0000000000000000-0x00000007ffffffff]
[    0.000000]   node   1: [mem 0x0000000800000000-0x0000000fffffffff]
[    0.000000] Initmem setup node 0 [mem 0x0000000000000000-0x00000007ffffffff]
[    0.000000] Initmem setup node 1 [mem 0x0000000800000000-0x0000000fffffffff]
[    0.000000] percpu: Embedded 11 pages/cpu s623640 r0 d97256 u1048576
[    0.000000] Built 2 zonelists, mobility grouping on.  Total pages: 1047552
[    0.000000] Policy zone: Normal
[    0.000000] Kernel command line: root=UUID=91aea3b3-0092-4b7c-85b4-427b6f6a82b2  
[    0.000000] mem auto-init: stack:off, heap alloc:off, heap free:off
[    0.000000] Memory: 63236800K/67108864K available (11328K kernel code, 1728K rwdata, 3456K rodata, 4864K init, 3846K bss, 513344K reserved, 3358720K cma-reserved)
[    0.000000] SLUB: HWalign=128, Order=0-3, MinObjects=0, CPUs=80, Nodes=2
[    0.000000] ftrace: allocating 30673 entries in 12 pages
[    0.000000] rcu: Hierarchical RCU implementation.
[    0.000000] rcu: 	RCU restricting CPUs from NR_CPUS=2048 to nr_cpu_ids=80.
[    0.000000] rcu: RCU calculated value of scheduler-enlistment delay is 10 jiffies.
[    0.000000] rcu: Adjusting geometry for rcu_fanout_leaf=16, nr_cpu_ids=80
[    0.000000] NR_IRQS: 512, nr_irqs: 512, preallocated irqs: 16
[    0.000000] ICS OPAL backend registered
[    0.000000] rcu: 	Offload RCU callbacks from CPUs: (none).
[    0.000000] random: get_random_u64 called from start_kernel+0x49c/0x700 with crng_init=0
[    0.000003] clocksource: timebase: mask: 0xffffffffffffffff max_cycles: 0x761537d007, max_idle_ns: 440795202126 ns
[    0.000184] clocksource: timebase mult[1f40000] shift[24] registered
[    0.000519] Console: colour dummy device 80x25
[    0.000601] printk: console [hvc0] enabled
[    0.000601] printk: console [hvc0] enabled
[    0.000678] printk: bootconsole [udbg0] disabled
[    0.000678] printk: bootconsole [udbg0] disabled
[    0.000972] mempolicy: Enabling automatic NUMA balancing. Configure with numa_balancing= or the kernel.numa_balancing sysctl
[    0.000991] pid_max: default: 81920 minimum: 640
[    0.002604] LSM: Security Framework initializing
[    0.002841] SELinux:  Initializing.
[    0.003208] *** VALIDATE SELinux ***
[    0.007699] Dentry cache hash table entries: 8388608 (order: 10, 67108864 bytes, vmalloc)
[    0.009961] Inode-cache hash table entries: 4194304 (order: 9, 33554432 bytes, vmalloc)
[    0.010215] Mount-cache hash table entries: 131072 (order: 4, 1048576 bytes, vmalloc)
[    0.010297] Mountpoint-cache hash table entries: 131072 (order: 4, 1048576 bytes, vmalloc)
[    0.010703] *** VALIDATE shmem ***
[    0.011650] *** VALIDATE proc ***
[    0.011922] *** VALIDATE cgroup1 ***
[    0.011931] *** VALIDATE cgroup2 ***
[    0.012791] EEH: PowerNV platform initialized
[    0.012803] POWER8 performance monitor hardware support registered
[    0.012850] power8-pmu: PMAO restore workaround active.
[    0.012896] rcu: Hierarchical SRCU implementation.
[    0.014990] smp: Bringing up secondary CPUs ...
[    0.164551] smp: Brought up 2 nodes, 80 CPUs
[    0.164571] numa: Node 0 CPUs: 0-39
[    0.164586] numa: Node 1 CPUs: 40-79
[    0.164602] Using standard scheduler topology
[    0.177478] devtmpfs: initialized
[    0.208915] clocksource: jiffies: mask: 0xffffffff max_cycles: 0xffffffff, max_idle_ns: 19112604462750000 ns
[    0.209013] futex hash table entries: 32768 (order: 6, 4194304 bytes, vmalloc)
[    0.215729] *** VALIDATE debugfs ***
[    0.215748] *** VALIDATE tracefs ***
[    0.216873] NET: Registered protocol family 16
[    0.217589] audit: initializing netlink subsys (disabled)
[    0.217981] audit: type=2000 audit(1566814039.210:1): state=initialized audit_enabled=0 res=1
[    0.218547] cpuidle: using governor menu
[    0.218846] pstore: Registered nvram as persistent store backend
[    0.321439] PCI: Probing PCI hardware
[    0.321552] PCI host bridge to bus 0000:00
[    0.321572] pci_bus 0000:00: root bus resource [mem 0x3fe000000000-0x3fe07ffeffff] (bus address [0x80000000-0xfffeffff])
[    0.321595] pci_bus 0000:00: root bus resource [mem 0x200000000000-0x20fdffffffff 64bit pref]
[    0.321617] pci_bus 0000:00: root bus resource [bus 00-ff]
[    0.321635] pci_bus 0000:00: busn_res: [bus 00-ff] end is updated to ff
[    0.321706] pci 0000:00:00.0: [1014:03dc] type 01 class 0x060400
[    0.322004] pci 0000:00:00.0: PME# supported from D0 D3hot D3cold
[    0.329393] pci 0000:00:00.0: PCI bridge to [bus 01-ff]
[    0.329473] pci_bus 0000:00: busn_res: [bus 00-ff] end is updated to ff
[    0.329581] PCI host bridge to bus 0001:00
[    0.329598] pci_bus 0001:00: root bus resource [mem 0x3fe080000000-0x3fe0fffeffff] (bus address [0x80000000-0xfffeffff])
[    0.329621] pci_bus 0001:00: root bus resource [mem 0x210000000000-0x21fdffffffff 64bit pref]
[    0.329642] pci_bus 0001:00: root bus resource [bus 00-ff]
[    0.329658] pci_bus 0001:00: busn_res: [bus 00-ff] end is updated to ff
[    0.329715] pci 0001:00:00.0: [1014:03dc] type 01 class 0x060400
[    0.330011] pci 0001:00:00.0: PME# supported from D0 D3hot D3cold
[    0.333919] pci 0001:01:00.0: [10b5:8732] type 01 class 0x060400
[    0.334031] pci 0001:01:00.0: reg 0x10: [mem 0x3fe082800000-0x3fe08283ffff]
[    0.334449] pci 0001:01:00.0: PME# supported from D0 D3hot D3cold
[    0.338345] pci 0001:00:00.0: PCI bridge to [bus 01-0d]
[    0.338830] pci 0001:02:01.0: [10b5:8732] type 01 class 0x060400
[    0.339364] pci 0001:02:01.0: PME# supported from D0 D3hot D3cold
[    0.340479] pci 0001:02:08.0: [10b5:8732] type 01 class 0x060400
[    0.341022] pci 0001:02:08.0: PME# supported from D0 D3hot D3cold
[    0.341498] pci 0001:02:09.0: [10b5:8732] type 01 class 0x060400
[    0.342043] pci 0001:02:09.0: PME# supported from D0 D3hot D3cold
[    0.344860] pci 0001:01:00.0: PCI bridge to [bus 02-0d]
[    0.348725] pci 0001:02:01.0: PCI bridge to [bus 03-07]
[    0.348988] pci 0001:08:00.0: [1014:034a] type 00 class 0x010400
[    0.349096] pci 0001:08:00.0: reg 0x10: [mem 0x3fe080820000-0x3fe08082ffff 64bit]
[    0.349158] pci 0001:08:00.0: reg 0x18: [mem 0x3fe080830000-0x3fe08083ffff 64bit]
[    0.349258] pci 0001:08:00.0: reg 0x30: [mem 0x00000000-0x0001ffff pref]
[    0.349520] pci 0001:08:00.0: PME# supported from D0 D3hot D3cold
[    0.349668] pci 0001:08:00.0: 63.008 Gb/s available PCIe bandwidth, limited by 8 GT/s x8 link at 0001:00:00.0 (capable of 126.016 Gb/s with 8 GT/s x16 link)
[    0.353406] pci 0001:02:08.0: PCI bridge to [bus 08]
[    0.357100] pci 0001:02:09.0: PCI bridge to [bus 09-0d]
[    0.357252] pci_bus 0001:00: busn_res: [bus 00-ff] end is updated to 0d
[    0.357366] PCI host bridge to bus 0004:00
[    0.357383] pci_bus 0004:00: root bus resource [mem 0x3fe200000000-0x3fe27ffeffff] (bus address [0x80000000-0xfffeffff])
[    0.357406] pci_bus 0004:00: root bus resource [mem 0x240000000000-0x24fdffffffff 64bit pref]
[    0.357426] pci_bus 0004:00: root bus resource [bus 00-ff]
[    0.357442] pci_bus 0004:00: busn_res: [bus 00-ff] end is updated to ff
[    0.357501] pci 0004:00:00.0: [1014:03dc] type 01 class 0x060400
[    0.357791] pci 0004:00:00.0: PME# supported from D0 D3hot D3cold
[    0.365145] pci 0004:00:00.0: PCI bridge to [bus 01-ff]
[    0.365225] pci_bus 0004:00: busn_res: [bus 00-ff] end is updated to ff
[    0.365331] PCI host bridge to bus 0005:00
[    0.365348] pci_bus 0005:00: root bus resource [mem 0x3fe280000000-0x3fe2fffeffff] (bus address [0x80000000-0xfffeffff])
[    0.365371] pci_bus 0005:00: root bus resource [mem 0x250000000000-0x25fdffffffff 64bit pref]
[    0.365391] pci_bus 0005:00: root bus resource [bus 00-ff]
[    0.365408] pci_bus 0005:00: busn_res: [bus 00-ff] end is updated to ff
[    0.365465] pci 0005:00:00.0: [1014:03dc] type 01 class 0x060400
[    0.365778] pci 0005:00:00.0: PME# supported from D0 D3hot D3cold
[    0.369697] pci 0005:01:00.0: [10b5:8748] type 01 class 0x060400
[    0.369812] pci 0005:01:00.0: reg 0x10: [mem 0x3fe284000000-0x3fe28403ffff]
[    0.370238] pci 0005:01:00.0: PME# supported from D0 D3hot D3cold
[    0.374201] pci 0005:00:00.0: PCI bridge to [bus 01-13]
[    0.374615] pci 0005:02:01.0: [10b5:8748] type 01 class 0x060400
[    0.375158] pci 0005:02:01.0: PME# supported from D0 D3hot D3cold
[    0.376289] pci 0005:02:08.0: [10b5:8748] type 01 class 0x060400
[    0.376844] pci 0005:02:08.0: PME# supported from D0 D3hot D3cold
[    0.377324] pci 0005:02:09.0: [10b5:8748] type 01 class 0x060400
[    0.377885] pci 0005:02:09.0: PME# supported from D0 D3hot D3cold
[    0.379024] pci 0005:02:10.0: [10b5:8748] type 01 class 0x060400
[    0.379595] pci 0005:02:10.0: PME# supported from D0 D3hot D3cold
[    0.380089] pci 0005:02:11.0: [10b5:8748] type 01 class 0x060400
[    0.380667] pci 0005:02:11.0: PME# supported from D0 D3hot D3cold
[    0.382633] pci 0005:01:00.0: PCI bridge to [bus 02-13]
[    0.383312] pci 0005:03:00.0: [104c:8241] type 00 class 0x0c0330
[    0.383426] pci 0005:03:00.0: reg 0x10: [mem 0x3fe280000000-0x3fe28000ffff 64bit]
[    0.383490] pci 0005:03:00.0: reg 0x18: [mem 0x3fe280010000-0x3fe280011fff 64bit]
[    0.383645] pci 0005:03:00.0: BAR2 [mem size 0x00002000 64bit]: requesting alignment to 0x10000
[    0.383861] pci 0005:03:00.0: supports D1 D2
[    0.383877] pci 0005:03:00.0: PME# supported from D0 D1 D2 D3hot
[    0.387839] pci 0005:02:01.0: PCI bridge to [bus 03]
[    0.391533] pci 0005:02:08.0: PCI bridge to [bus 04-08]
[    0.391819] pci 0005:09:00.0: [14e4:1657] type 00 class 0x020000
[    0.391951] pci 0005:09:00.0: reg 0x10: [mem 0x250100000000-0x25010000ffff 64bit pref]
[    0.392018] pci 0005:09:00.0: reg 0x18: [mem 0x250100010000-0x25010001ffff 64bit pref]
[    0.392085] pci 0005:09:00.0: reg 0x20: [mem 0x250100020000-0x25010002ffff 64bit pref]
[    0.392135] pci 0005:09:00.0: reg 0x30: [mem 0x00000000-0x0007ffff pref]
[    0.392518] pci 0005:09:00.0: PME# supported from D0 D3hot D3cold
[    0.392914] pci 0005:09:00.1: [14e4:1657] type 00 class 0x020000
[    0.393048] pci 0005:09:00.1: reg 0x10: [mem 0x250100030000-0x25010003ffff 64bit pref]
[    0.393115] pci 0005:09:00.1: reg 0x18: [mem 0x250100040000-0x25010004ffff 64bit pref]
[    0.393183] pci 0005:09:00.1: reg 0x20: [mem 0x250100050000-0x25010005ffff 64bit pref]
[    0.393233] pci 0005:09:00.1: reg 0x30: [mem 0x00000000-0x0007ffff pref]
[    0.393623] pci 0005:09:00.1: PME# supported from D0 D3hot D3cold
[    0.394024] pci 0005:09:00.2: [14e4:1657] type 00 class 0x020000
[    0.394161] pci 0005:09:00.2: reg 0x10: [mem 0x250100060000-0x25010006ffff 64bit pref]
[    0.394229] pci 0005:09:00.2: reg 0x18: [mem 0x250100070000-0x25010007ffff 64bit pref]
[    0.394297] pci 0005:09:00.2: reg 0x20: [mem 0x250100080000-0x25010008ffff 64bit pref]
[    0.394348] pci 0005:09:00.2: reg 0x30: [mem 0x00000000-0x0007ffff pref]
[    0.394740] pci 0005:09:00.2: PME# supported from D0 D3hot D3cold
[    0.395075] pci 0005:09:00.3: [14e4:1657] type 00 class 0x020000
[    0.395212] pci 0005:09:00.3: reg 0x10: [mem 0x250100090000-0x25010009ffff 64bit pref]
[    0.395281] pci 0005:09:00.3: reg 0x18: [mem 0x2501000a0000-0x2501000affff 64bit pref]
[    0.395350] pci 0005:09:00.3: reg 0x20: [mem 0x2501000b0000-0x2501000bffff 64bit pref]
[    0.395400] pci 0005:09:00.3: reg 0x30: [mem 0x00000000-0x0007ffff pref]
[    0.395798] pci 0005:09:00.3: PME# supported from D0 D3hot D3cold
[    0.429518] pci 0005:02:09.0: PCI bridge to [bus 09]
[    0.433288] pci 0005:02:10.0: PCI bridge to [bus 0a-0e]
[    0.436973] pci 0005:02:11.0: PCI bridge to [bus 0f-13]
[    0.437161] pci_bus 0005:00: busn_res: [bus 00-ff] end is updated to 13
[    0.437213] pci 0000:00     : [PE# fe] Secondary bus 0x0000000000000000 associated with PE#fe
[    0.437661] pci 0000:00:00.0: PCI bridge to [bus 01-ff]
[    0.437706] pci_bus 0000:00: resource 4 [mem 0x3fe000000000-0x3fe07ffeffff]
[    0.437724] pci_bus 0000:00: resource 5 [mem 0x200000000000-0x20fdffffffff 64bit pref]
[    0.437746] pci 0001:02:01.0: bridge window [io  0x1000-0x0fff] to [bus 03-07] add_size 1000
[    0.437769] pci 0001:02:01.0: bridge window [mem 0x100000000-0xffffffff 64bit pref] to [bus 03-07] add_size 100000000 add_align 100000000
[    0.437795] pci 0001:02:01.0: bridge window [mem 0x00800000-0x007fffff] to [bus 03-07] add_size 800000 add_align 800000
[    0.437819] pci 0001:02:08.0: bridge window [io  0x1000-0x0fff] to [bus 08] add_size 1000
[    0.437841] pci 0001:02:08.0: bridge window [mem 0x100000000-0xffffffff 64bit pref] to [bus 08] add_size 100000000 add_align 100000000
[    0.437868] pci 0001:02:09.0: bridge window [io  0x1000-0x0fff] to [bus 09-0d] add_size 1000
[    0.437891] pci 0001:02:09.0: bridge window [mem 0x100000000-0xffffffff 64bit pref] to [bus 09-0d] add_size 100000000 add_align 100000000
[    0.437917] pci 0001:02:09.0: bridge window [mem 0x00800000-0x007fffff] to [bus 09-0d] add_size 800000 add_align 800000
[    0.437941] pci 0001:01:00.0: bridge window [io  0x1000-0x0fff] to [bus 02-0d] add_size 3000
[    0.437966] pci 0001:01:00.0: bridge window [mem 0x100000000-0x3ffffffff 64bit pref] to [bus 02-0d] add_size 300000000 add_align 100000000
[    0.437994] pci 0001:01:00.0: bridge window [mem 0x00800000-0x01ffffff] to [bus 02-0d] add_size 1000000 add_align 800000
[    0.438017] pci 0001:00:00.0: bridge window [io  0x1000-0x0fff] to [bus 01-0d] add_size 3000
[    0.438041] pci 0001:00:00.0: bridge window [mem 0x100000000-0x3ffffffff 64bit pref] to [bus 01-0d] add_size 300000000 add_align 100000000
[    0.438067] pci 0001:00:00.0: bridge window [mem 0x00800000-0x027fffff] to [bus 01-0d] add_size 1000000 add_align 800000
[    0.438098] pci 0001:00:00.0: BAR 15: assigned [mem 0x210000000000-0x2105ffffffff 64bit pref]
[    0.438119] pci 0001:00:00.0: BAR 14: assigned [mem 0x3fe080000000-0x3fe082ffffff]
[    0.438138] pci 0001:00:00.0: BAR 13: no space for [io  size 0x3000]
[    0.438154] pci 0001:00:00.0: BAR 13: failed to assign [io  size 0x3000]
[    0.438175] pci 0001:00:00.0: BAR 13: no space for [io  size 0x3000]
[    0.438191] pci 0001:00:00.0: BAR 13: failed to assign [io  size 0x3000]
[    0.438214] pci 0001:01:00.0: BAR 15: assigned [mem 0x210000000000-0x2105ffffffff 64bit pref]
[    0.438235] pci 0001:01:00.0: BAR 14: assigned [mem 0x3fe080000000-0x3fe0827fffff]
[    0.438254] pci 0001:01:00.0: BAR 0: assigned [mem 0x3fe082800000-0x3fe08283ffff]
[    0.438281] pci 0001:01:00.0: BAR 13: no space for [io  size 0x3000]
[    0.438298] pci 0001:01:00.0: BAR 13: failed to assign [io  size 0x3000]
[    0.438317] pci 0001:01:00.0: BAR 13: no space for [io  size 0x3000]
[    0.438334] pci 0001:01:00.0: BAR 13: failed to assign [io  size 0x3000]
[    0.438362] pci 0001:02:01.0: BAR 15: assigned [mem 0x210000000000-0x2100ffffffff 64bit pref]
[    0.438383] pci 0001:02:08.0: BAR 15: assigned [mem 0x210100000000-0x2101ffffffff 64bit pref]
[    0.438404] pci 0001:02:09.0: BAR 15: assigned [mem 0x210200000000-0x2102ffffffff 64bit pref]
[    0.438426] pci 0001:02:01.0: BAR 14: assigned [mem 0x3fe080000000-0x3fe0807fffff]
[    0.438445] pci 0001:02:08.0: BAR 14: assigned [mem 0x3fe080800000-0x3fe080ffffff]
[    0.438464] pci 0001:02:09.0: BAR 14: assigned [mem 0x3fe081000000-0x3fe0817fffff]
[    0.438483] pci 0001:02:01.0: BAR 13: no space for [io  size 0x1000]
[    0.438500] pci 0001:02:01.0: BAR 13: failed to assign [io  size 0x1000]
[    0.438517] pci 0001:02:08.0: BAR 13: no space for [io  size 0x1000]
[    0.438534] pci 0001:02:08.0: BAR 13: failed to assign [io  size 0x1000]
[    0.438551] pci 0001:02:09.0: BAR 13: no space for [io  size 0x1000]
[    0.438568] pci 0001:02:09.0: BAR 13: failed to assign [io  size 0x1000]
[    0.438589] pci 0001:02:09.0: BAR 13: no space for [io  size 0x1000]
[    0.438606] pci 0001:02:09.0: BAR 13: failed to assign [io  size 0x1000]
[    0.438623] pci 0001:02:08.0: BAR 13: no space for [io  size 0x1000]
[    0.438639] pci 0001:02:08.0: BAR 13: failed to assign [io  size 0x1000]
[    0.438657] pci 0001:02:01.0: BAR 13: no space for [io  size 0x1000]
[    0.438674] pci 0001:02:01.0: BAR 13: failed to assign [io  size 0x1000]
[    0.438692] pci 0001:00     : [PE# fe] Secondary bus 0x0000000000000000 associated with PE#fe
[    0.439137] pci 0001:02:01.0: PCI bridge to [bus 03-07]
[    0.439164] pci 0001:02:01.0:   bridge window [mem 0x3fe080000000-0x3fe0807fffff]
[    0.439189] pci 0001:02:01.0:   bridge window [mem 0x210000000000-0x2100ffffffff 64bit pref]
[    0.439226] pci 0001:08:00.0: BAR 6: assigned [mem 0x3fe080800000-0x3fe08081ffff pref]
[    0.439248] pci 0001:08:00.0: BAR 0: assigned [mem 0x3fe080820000-0x3fe08082ffff 64bit]
[    0.439297] pci 0001:08:00.0: BAR 2: assigned [mem 0x3fe080830000-0x3fe08083ffff 64bit]
[    0.439348] pci 0001:08     : [PE# fd] Secondary bus 0x0000000000000008 associated with PE#fd
[    0.439797] pci 0001:08     : [PE# fd] Setting up 32-bit TCE table at 0..80000000
[    0.475107] IOMMU table initialized, virtual merging enabled
[    0.475126] pci 0001:08     : [PE# fd] Setting up window#0 0..7fffffff pg=1000
[    0.475147] pci 0001:08     : [PE# fd] Enabling 64-bit DMA bypass
[    0.475164] pci 0001:02:08.0: PCI bridge to [bus 08]
[    0.475192] pci 0001:02:08.0:   bridge window [mem 0x3fe080800000-0x3fe080ffffff]
[    0.475218] pci 0001:02:08.0:   bridge window [mem 0x210100000000-0x2101ffffffff 64bit pref]
[    0.475252] pci 0001:02:09.0: PCI bridge to [bus 09-0d]
[    0.475278] pci 0001:02:09.0:   bridge window [mem 0x3fe081000000-0x3fe0817fffff]
[    0.475304] pci 0001:02:09.0:   bridge window [mem 0x210200000000-0x2102ffffffff 64bit pref]
[    0.475341] pci 0001:02     : [PE# fc] Secondary bus 0x0000000000000002 associated with PE#fc
[    0.475787] pci 0001:01:00.0: PCI bridge to [bus 02-0d]
[    0.475814] pci 0001:01:00.0:   bridge window [mem 0x3fe080000000-0x3fe0ffefffff]
[    0.475839] pci 0001:01:00.0:   bridge window [mem 0x210000000000-0x21fdfff0ffff 64bit pref]
[    0.475876] pci 0001:01     : [PE# fb] Secondary bus 0x0000000000000001 associated with PE#fb
[    0.476327] pci 0001:00:00.0: PCI bridge to [bus 01-0d]
[    0.476352] pci 0001:00:00.0:   bridge window [mem 0x3fe080000000-0x3fe0ffefffff]
[    0.476378] pci 0001:00:00.0:   bridge window [mem 0x210000000000-0x21fdfff0ffff 64bit pref]
[    0.476412] pci_bus 0001:00: resource 4 [mem 0x3fe080000000-0x3fe0fffeffff]
[    0.476430] pci_bus 0001:00: resource 5 [mem 0x210000000000-0x21fdffffffff 64bit pref]
[    0.476449] pci_bus 0001:01: resource 1 [mem 0x3fe080000000-0x3fe0ffefffff]
[    0.476466] pci_bus 0001:01: resource 2 [mem 0x210000000000-0x21fdfff0ffff 64bit pref]
[    0.476485] pci_bus 0001:02: resource 1 [mem 0x3fe080000000-0x3fe0ffefffff]
[    0.476503] pci_bus 0001:02: resource 2 [mem 0x210000000000-0x21fdfff0ffff 64bit pref]
[    0.476522] pci_bus 0001:03: resource 1 [mem 0x3fe080000000-0x3fe0807fffff]
[    0.476539] pci_bus 0001:03: resource 2 [mem 0x210000000000-0x2100ffffffff 64bit pref]
[    0.476558] pci_bus 0001:08: resource 1 [mem 0x3fe080800000-0x3fe080ffffff]
[    0.476575] pci_bus 0001:08: resource 2 [mem 0x210100000000-0x2101ffffffff 64bit pref]
[    0.476594] pci_bus 0001:09: resource 1 [mem 0x3fe081000000-0x3fe0817fffff]
[    0.476612] pci_bus 0001:09: resource 2 [mem 0x210200000000-0x2102ffffffff 64bit pref]
[    0.476633] pci 0004:00     : [PE# fe] Secondary bus 0x0000000000000000 associated with PE#fe
[    0.477078] pci 0004:00:00.0: PCI bridge to [bus 01-ff]
[    0.477123] pci_bus 0004:00: resource 4 [mem 0x3fe200000000-0x3fe27ffeffff]
[    0.477141] pci_bus 0004:00: resource 5 [mem 0x240000000000-0x24fdffffffff 64bit pref]
[    0.477164] pci 0005:02:08.0: bridge window [io  0x1000-0x0fff] to [bus 04-08] add_size 1000
[    0.477187] pci 0005:02:08.0: bridge window [mem 0x100000000-0xffffffff 64bit pref] to [bus 04-08] add_size 100000000 add_align 100000000
[    0.477213] pci 0005:02:08.0: bridge window [mem 0x00800000-0x007fffff] to [bus 04-08] add_size 800000 add_align 800000
[    0.477238] pci 0005:02:09.0: bridge window [io  0x1000-0x0fff] to [bus 09] add_size 1000
[    0.477263] pci 0005:02:10.0: bridge window [io  0x1000-0x0fff] to [bus 0a-0e] add_size 1000
[    0.477286] pci 0005:02:10.0: bridge window [mem 0x100000000-0xffffffff 64bit pref] to [bus 0a-0e] add_size 100000000 add_align 100000000
[    0.477312] pci 0005:02:10.0: bridge window [mem 0x00800000-0x007fffff] to [bus 0a-0e] add_size 800000 add_align 800000
[    0.477335] pci 0005:02:11.0: bridge window [io  0x1000-0x0fff] to [bus 0f-13] add_size 1000
[    0.477358] pci 0005:02:11.0: bridge window [mem 0x100000000-0xffffffff 64bit pref] to [bus 0f-13] add_size 100000000 add_align 100000000
[    0.477384] pci 0005:02:11.0: bridge window [mem 0x00800000-0x007fffff] to [bus 0f-13] add_size 800000 add_align 800000
[    0.477408] pci 0005:01:00.0: bridge window [io  0x1000-0x0fff] to [bus 02-13] add_size 4000
[    0.477434] pci 0005:01:00.0: bridge window [mem 0x100000000-0x4ffffffff 64bit pref] to [bus 02-13] add_size 300000000 add_align 100000000
[    0.477462] pci 0005:01:00.0: bridge window [mem 0x00800000-0x02ffffff] to [bus 02-13] add_size 1800000 add_align 800000
[    0.477486] pci 0005:00:00.0: bridge window [io  0x1000-0x0fff] to [bus 01-13] add_size 4000
[    0.477510] pci 0005:00:00.0: bridge window [mem 0x100000000-0x4ffffffff 64bit pref] to [bus 01-13] add_size 300000000 add_align 100000000
[    0.477537] pci 0005:00:00.0: bridge window [mem 0x00800000-0x037fffff] to [bus 01-13] add_size 1800000 add_align 800000
[    0.477564] pci 0005:00:00.0: BAR 15: assigned [mem 0x250000000000-0x2506ffffffff 64bit pref]
[    0.477585] pci 0005:00:00.0: BAR 14: assigned [mem 0x3fe280000000-0x3fe2847fffff]
[    0.477604] pci 0005:00:00.0: BAR 13: no space for [io  size 0x4000]
[    0.477620] pci 0005:00:00.0: BAR 13: failed to assign [io  size 0x4000]
[    0.477640] pci 0005:00:00.0: BAR 13: no space for [io  size 0x4000]
[    0.477656] pci 0005:00:00.0: BAR 13: failed to assign [io  size 0x4000]
[    0.477679] pci 0005:01:00.0: BAR 15: assigned [mem 0x250000000000-0x2506ffffffff 64bit pref]
[    0.477700] pci 0005:01:00.0: BAR 14: assigned [mem 0x3fe280000000-0x3fe283ffffff]
[    0.477719] pci 0005:01:00.0: BAR 0: assigned [mem 0x3fe284000000-0x3fe28403ffff]
[    0.477746] pci 0005:01:00.0: BAR 13: no space for [io  size 0x4000]
[    0.477762] pci 0005:01:00.0: BAR 13: failed to assign [io  size 0x4000]
[    0.477781] pci 0005:01:00.0: BAR 13: no space for [io  size 0x4000]
[    0.477798] pci 0005:01:00.0: BAR 13: failed to assign [io  size 0x4000]
[    0.477831] pci 0005:02:08.0: BAR 15: assigned [mem 0x250000000000-0x2500ffffffff 64bit pref]
[    0.477852] pci 0005:02:09.0: BAR 15: assigned [mem 0x250100000000-0x2501ffffffff 64bit pref]
[    0.477874] pci 0005:02:10.0: BAR 15: assigned [mem 0x250200000000-0x2502ffffffff 64bit pref]
[    0.477895] pci 0005:02:11.0: BAR 15: assigned [mem 0x250300000000-0x2503ffffffff 64bit pref]
[    0.477916] pci 0005:02:01.0: BAR 14: assigned [mem 0x3fe280000000-0x3fe2807fffff]
[    0.477935] pci 0005:02:08.0: BAR 14: assigned [mem 0x3fe280800000-0x3fe280ffffff]
[    0.477955] pci 0005:02:09.0: BAR 14: assigned [mem 0x3fe281000000-0x3fe2817fffff]
[    0.477974] pci 0005:02:10.0: BAR 14: assigned [mem 0x3fe281800000-0x3fe281ffffff]
[    0.477994] pci 0005:02:11.0: BAR 14: assigned [mem 0x3fe282000000-0x3fe2827fffff]
[    0.478012] pci 0005:02:08.0: BAR 13: no space for [io  size 0x1000]
[    0.478029] pci 0005:02:08.0: BAR 13: failed to assign [io  size 0x1000]
[    0.478046] pci 0005:02:09.0: BAR 13: no space for [io  size 0x1000]
[    0.478062] pci 0005:02:09.0: BAR 13: failed to assign [io  size 0x1000]
[    0.478080] pci 0005:02:10.0: BAR 13: no space for [io  size 0x1000]
[    0.478096] pci 0005:02:10.0: BAR 13: failed to assign [io  size 0x1000]
[    0.478114] pci 0005:02:11.0: BAR 13: no space for [io  size 0x1000]
[    0.478130] pci 0005:02:11.0: BAR 13: failed to assign [io  size 0x1000]
[    0.478153] pci 0005:02:11.0: BAR 13: no space for [io  size 0x1000]
[    0.478170] pci 0005:02:11.0: BAR 13: failed to assign [io  size 0x1000]
[    0.478187] pci 0005:02:10.0: BAR 13: no space for [io  size 0x1000]
[    0.478203] pci 0005:02:10.0: BAR 13: failed to assign [io  size 0x1000]
[    0.478220] pci 0005:02:09.0: BAR 13: no space for [io  size 0x1000]
[    0.478237] pci 0005:02:09.0: BAR 13: failed to assign [io  size 0x1000]
[    0.478253] pci 0005:02:08.0: BAR 13: no space for [io  size 0x1000]
[    0.478270] pci 0005:02:08.0: BAR 13: failed to assign [io  size 0x1000]
[    0.478291] pci 0005:03:00.0: BAR 0: assigned [mem 0x3fe280000000-0x3fe28000ffff 64bit]
[    0.478342] pci 0005:03:00.0: BAR 2: assigned [mem 0x3fe280010000-0x3fe280011fff 64bit]
[    0.478391] pci 0005:00     : [PE# fe] Secondary bus 0x0000000000000000 associated with PE#fe
[    0.478842] pci 0005:03     : [PE# fd] Secondary bus 0x0000000000000003 associated with PE#fd
[    0.479291] pci 0005:03     : [PE# fd] Setting up 32-bit TCE table at 0..80000000
[    0.515087] pci 0005:03     : [PE# fd] Setting up window#0 0..7fffffff pg=1000
[    0.515257] pci 0005:03     : [PE# fd] Enabling 64-bit DMA bypass
[    0.515275] pci 0005:02:01.0: PCI bridge to [bus 03]
[    0.515302] pci 0005:02:01.0:   bridge window [mem 0x3fe280000000-0x3fe2807fffff]
[    0.515340] pci 0005:02:08.0: PCI bridge to [bus 04-08]
[    0.515367] pci 0005:02:08.0:   bridge window [mem 0x3fe280800000-0x3fe280ffffff]
[    0.515394] pci 0005:02:08.0:   bridge window [mem 0x250000000000-0x2500ffffffff 64bit pref]
[    0.515439] pci 0005:09:00.0: BAR 6: assigned [mem 0x3fe281000000-0x3fe28107ffff pref]
[    0.515460] pci 0005:09:00.1: BAR 6: assigned [mem 0x3fe281080000-0x3fe2810fffff pref]
[    0.515480] pci 0005:09:00.2: BAR 6: assigned [mem 0x3fe281100000-0x3fe28117ffff pref]
[    0.515501] pci 0005:09:00.3: BAR 6: assigned [mem 0x3fe281180000-0x3fe2811fffff pref]
[    0.515521] pci 0005:09:00.0: BAR 0: assigned [mem 0x250100000000-0x25010000ffff 64bit pref]
[    0.515573] pci 0005:09:00.0: BAR 2: assigned [mem 0x250100010000-0x25010001ffff 64bit pref]
[    0.515625] pci 0005:09:00.0: BAR 4: assigned [mem 0x250100020000-0x25010002ffff 64bit pref]
[    0.515677] pci 0005:09:00.1: BAR 0: assigned [mem 0x250100030000-0x25010003ffff 64bit pref]
[    0.515730] pci 0005:09:00.1: BAR 2: assigned [mem 0x250100040000-0x25010004ffff 64bit pref]
[    0.515782] pci 0005:09:00.1: BAR 4: assigned [mem 0x250100050000-0x25010005ffff 64bit pref]
[    0.515835] pci 0005:09:00.2: BAR 0: assigned [mem 0x250100060000-0x25010006ffff 64bit pref]
[    0.515888] pci 0005:09:00.2: BAR 2: assigned [mem 0x250100070000-0x25010007ffff 64bit pref]
[    0.515942] pci 0005:09:00.2: BAR 4: assigned [mem 0x250100080000-0x25010008ffff 64bit pref]
[    0.515995] pci 0005:09:00.3: BAR 0: assigned [mem 0x250100090000-0x25010009ffff 64bit pref]
[    0.516049] pci 0005:09:00.3: BAR 2: assigned [mem 0x2501000a0000-0x2501000affff 64bit pref]
[    0.516102] pci 0005:09:00.3: BAR 4: assigned [mem 0x2501000b0000-0x2501000bffff 64bit pref]
[    0.516188] pci 0005:09     : [PE# 01] Secondary bus 0x0000000000000009 associated with PE#1
[    0.516645] pci 0005:09     : [PE# 01] Setting up 32-bit TCE table at 0..80000000
[    0.552426] pci 0005:09     : [PE# 01] Setting up window#0 0..7fffffff pg=1000
[    0.552455] pci 0005:09     : [PE# 01] Enabling 64-bit DMA bypass
[    0.552472] pci 0005:02:09.0: PCI bridge to [bus 09]
[    0.552498] pci 0005:02:09.0:   bridge window [mem 0x3fe281000000-0x3fe2817fffff]
[    0.552521] pci 0005:02:09.0:   bridge window [mem 0x250100000000-0x2501ffffffff 64bit pref]
[    0.552553] pci 0005:02:10.0: PCI bridge to [bus 0a-0e]
[    0.552580] pci 0005:02:10.0:   bridge window [mem 0x3fe281800000-0x3fe281ffffff]
[    0.552606] pci 0005:02:10.0:   bridge window [mem 0x250200000000-0x2502ffffffff 64bit pref]
[    0.552641] pci 0005:02:11.0: PCI bridge to [bus 0f-13]
[    0.552668] pci 0005:02:11.0:   bridge window [mem 0x3fe282000000-0x3fe2827fffff]
[    0.552695] pci 0005:02:11.0:   bridge window [mem 0x250300000000-0x2503ffffffff 64bit pref]
[    0.552735] pci 0005:02     : [PE# fc] Secondary bus 0x0000000000000002 associated with PE#fc
[    0.553180] pci 0005:01:00.0: PCI bridge to [bus 02-13]
[    0.553206] pci 0005:01:00.0:   bridge window [mem 0x3fe280000000-0x3fe2ffefffff]
[    0.553231] pci 0005:01:00.0:   bridge window [mem 0x250000000000-0x25fdfff0ffff 64bit pref]
[    0.553268] pci 0005:01     : [PE# fb] Secondary bus 0x0000000000000001 associated with PE#fb
[    0.553717] pci 0005:00:00.0: PCI bridge to [bus 01-13]
[    0.553742] pci 0005:00:00.0:   bridge window [mem 0x3fe280000000-0x3fe2ffefffff]
[    0.553767] pci 0005:00:00.0:   bridge window [mem 0x250000000000-0x25fdfff0ffff 64bit pref]
[    0.553801] pci_bus 0005:00: resource 4 [mem 0x3fe280000000-0x3fe2fffeffff]
[    0.553818] pci_bus 0005:00: resource 5 [mem 0x250000000000-0x25fdffffffff 64bit pref]
[    0.553837] pci_bus 0005:01: resource 1 [mem 0x3fe280000000-0x3fe2ffefffff]
[    0.553855] pci_bus 0005:01: resource 2 [mem 0x250000000000-0x25fdfff0ffff 64bit pref]
[    0.553874] pci_bus 0005:02: resource 1 [mem 0x3fe280000000-0x3fe2ffefffff]
[    0.553892] pci_bus 0005:02: resource 2 [mem 0x250000000000-0x25fdfff0ffff 64bit pref]
[    0.553911] pci_bus 0005:03: resource 1 [mem 0x3fe280000000-0x3fe2807fffff]
[    0.553929] pci_bus 0005:04: resource 1 [mem 0x3fe280800000-0x3fe280ffffff]
[    0.553946] pci_bus 0005:04: resource 2 [mem 0x250000000000-0x2500ffffffff 64bit pref]
[    0.553965] pci_bus 0005:09: resource 1 [mem 0x3fe281000000-0x3fe2817fffff]
[    0.553983] pci_bus 0005:09: resource 2 [mem 0x250100000000-0x2501ffffffff 64bit pref]
[    0.554002] pci_bus 0005:0a: resource 1 [mem 0x3fe281800000-0x3fe281ffffff]
[    0.554019] pci_bus 0005:0a: resource 2 [mem 0x250200000000-0x2502ffffffff 64bit pref]
[    0.554038] pci_bus 0005:0f: resource 1 [mem 0x3fe282000000-0x3fe2827fffff]
[    0.554056] pci_bus 0005:0f: resource 2 [mem 0x250300000000-0x2503ffffffff 64bit pref]
[    0.554159] pci 0001:08:00.0: Adding to iommu group 0
[    0.554210] pci 0005:03:00.0: Adding to iommu group 1
[    0.554253] pci 0005:09:00.0: Adding to iommu group 2
[    0.554274] pci 0005:09:00.1: Adding to iommu group 2
[    0.554296] pci 0005:09:00.2: Adding to iommu group 2
[    0.554317] pci 0005:09:00.3: Adding to iommu group 2
[    0.554439] pci 0001:00:00.0: enabling device (0141 -> 0143)
[    0.554481] pci 0001:01:00.0: enabling device (0541 -> 0543)
[    0.554527] pci 0001:02:08.0: enabling device (0541 -> 0543)
[    0.554573] pci 0005:00:00.0: enabling device (0141 -> 0143)
[    0.554611] pci 0005:01:00.0: enabling device (0541 -> 0543)
[    0.554657] pci 0005:02:01.0: enabling device (0541 -> 0543)
[    0.554704] pci 0005:02:09.0: enabling device (0541 -> 0543)
[    0.556712] EEH: PCI Enhanced I/O Error Handling Enabled
[    0.559750] opal-power: OPAL EPOW, DPO support detected.
[    0.559958] powernv-rng: Registering arch random hook.
[    0.562501] HugeTLB registered 16.0 MiB page size, pre-allocated 0 pages
[    0.562507] HugeTLB registered 16.0 GiB page size, pre-allocated 0 pages
[    0.862547] vgaarb: loaded
[    0.862752] SCSI subsystem initialized
[    0.862794] usbcore: registered new interface driver usbfs
[    0.862805] usbcore: registered new interface driver hub
[    0.863012] usbcore: registered new device driver usb
[    0.863250] EDAC MC: Ver: 3.0.0
[    0.863530] NetLabel: Initializing
[    0.863534] NetLabel:  domain hash size = 128
[    0.863537] NetLabel:  protocols = UNLABELED CIPSOv4 CALIPSO
[    0.863554] NetLabel:  unlabeled traffic allowed by default
[    0.863862] clocksource: Switched to clocksource timebase
[    0.879714] VFS: Disk quotas dquot_6.6.0
[    0.879849] VFS: Dquot-cache hash table entries: 8192 (order 0, 65536 bytes)
[    0.879874] *** VALIDATE ramfs ***
[    0.879961] *** VALIDATE hugetlbfs ***
[    0.881347] thermal_sys: Registered thermal governor 'fair_share'
[    0.881347] thermal_sys: Registered thermal governor 'step_wise'
[    0.881853] NET: Registered protocol family 2
[    0.882271] tcp_listen_portaddr_hash hash table entries: 32768 (order: 3, 524288 bytes, vmalloc)
[    0.882345] TCP established hash table entries: 524288 (order: 6, 4194304 bytes, vmalloc)
[    0.883246] TCP bind hash table entries: 65536 (order: 4, 1048576 bytes, vmalloc)
[    0.883364] TCP: Hash tables configured (established 524288 bind 65536)
[    0.883467] UDP hash table entries: 32768 (order: 4, 1048576 bytes, vmalloc)
[    0.883588] UDP-Lite hash table entries: 32768 (order: 4, 1048576 bytes, vmalloc)
[    0.883951] NET: Registered protocol family 1
[    0.884012] pci 0005:03:00.0: enabling device (0140 -> 0142)
[    0.884052] PCI: CLS 128 bytes, default 128
[    0.884101] Trying to unpack rootfs image as initramfs...
[    1.147721] Freeing initrd memory: 18496K
[    1.147887] rtas_flash: no firmware flash support
[    1.149614] workingset: timestamp_bits=38 max_order=20 bucket_order=0
[    1.151173] zbud: loaded
[    1.151620] *** VALIDATE devpts ***
[    1.151662] *** VALIDATE autofs ***
[    1.166058] NET: Registered protocol family 38
[    1.166069] Key type asymmetric registered
[    1.166072] Asymmetric key parser 'x509' registered
[    1.166082] Block layer SCSI generic (bsg) driver version 0.4 loaded (major 249)
[    1.166227] io scheduler mq-deadline registered
[    1.166231] io scheduler kyber registered
[    1.166905] atomic64_test: passed
[    1.167174] pcieport 0001:02:01.0: enabling device (0541 -> 0543)
[    1.167509] pcieport 0001:02:09.0: enabling device (0541 -> 0543)
[    1.168126] pcieport 0005:02:08.0: enabling device (0541 -> 0543)
[    1.168482] pcieport 0005:02:10.0: enabling device (0541 -> 0543)
[    1.168663] pcieport 0005:02:11.0: enabling device (0541 -> 0543)
[    1.168842] PowerPC PowerNV PCI Hotplug Driver version: 0.1
[    1.169087] hvc0: raw protocol on /ibm,opal/consoles/serial@0 (boot console)
[    1.169274] hvc1: hvsi protocol on /ibm,opal/consoles/serial@1
[    1.169292] Serial: 8250/16550 driver, 4 ports, IRQ sharing enabled
[    1.169530] Non-volatile memory driver v1.3
[    1.169552] Linux agpgart interface v0.103
[    1.170105] rdac: device handler registered
[    1.170135] hp_sw: device handler registered
[    1.170138] emc: device handler registered
[    1.170249] alua: device handler registered
[    1.170293] libphy: Fixed MDIO Bus: probed
[    1.170326] ehci_hcd: USB 2.0 'Enhanced' Host Controller (EHCI) Driver
[    1.170339] ehci-pci: EHCI PCI platform driver
[    1.170350] ohci_hcd: USB 1.1 'Open' Host Controller (OHCI) Driver
[    1.170364] ohci-pci: OHCI PCI platform driver
[    1.170375] uhci_hcd: USB Universal Host Controller Interface driver
[    1.170443] xhci_hcd 0005:03:00.0: xHCI Host Controller
[    1.170516] xhci_hcd 0005:03:00.0: new USB bus registered, assigned bus number 1
[    1.170638] xhci_hcd 0005:03:00.0: hcc params 0x0270f06d hci version 0x96 quirks 0x0000000004000000
[    1.170918] usb usb1: New USB device found, idVendor=1d6b, idProduct=0002, bcdDevice= 5.03
[    1.170924] usb usb1: New USB device strings: Mfr=3, Product=2, SerialNumber=1
[    1.170929] usb usb1: Product: xHCI Host Controller
[    1.170933] usb usb1: Manufacturer: Linux 5.3.0-rc4-next-20190814-autotest xhci-hcd
[    1.170938] usb usb1: SerialNumber: 0005:03:00.0
[    1.171039] hub 1-0:1.0: USB hub found
[    1.171050] hub 1-0:1.0: 4 ports detected
[    1.171191] xhci_hcd 0005:03:00.0: xHCI Host Controller
[    1.171225] xhci_hcd 0005:03:00.0: new USB bus registered, assigned bus number 2
[    1.171231] xhci_hcd 0005:03:00.0: Host supports USB 3.0 SuperSpeed
[    1.171271] usb usb2: We don't know the algorithms for LPM for this host, disabling LPM.
[    1.171296] usb usb2: New USB device found, idVendor=1d6b, idProduct=0003, bcdDevice= 5.03
[    1.171301] usb usb2: New USB device strings: Mfr=3, Product=2, SerialNumber=1
[    1.171306] usb usb2: Product: xHCI Host Controller
[    1.171310] usb usb2: Manufacturer: Linux 5.3.0-rc4-next-20190814-autotest xhci-hcd
[    1.171314] usb usb2: SerialNumber: 0005:03:00.0
[    1.171405] hub 2-0:1.0: USB hub found
[    1.171416] hub 2-0:1.0: 4 ports detected
[    1.171556] usbcore: registered new interface driver usbserial_generic
[    1.171566] usbserial: USB Serial support registered for generic
[    1.171679] mousedev: PS/2 mouse device common for all mice
[    1.229277] rtc-opal opal-rtc: registered as rtc0
[    1.229352] powernv-cpufreq: cpufreq pstate min 0xffffffcf nominal 0xfffffff8 max 0x0
[    1.229358] powernv-cpufreq: Workload Optimized Frequency is disabled in the platform
[    1.231589] nx_compress_powernv: coprocessor found on chip 0, CT 3 CI 1
[    1.231596] nx_compress_powernv: coprocessor found on chip 1, CT 3 CI 2
[    1.231692] alg: No test for 842 (842-nx)
[    1.232987] hidraw: raw HID events driver (C) Jiri Kosina
[    1.233105] usbcore: registered new interface driver usbhid
[    1.233109] usbhid: USB HID core driver
[    1.233236] drop_monitor: Initializing network drop monitor service
[    1.233312] Initializing XFRM netlink socket
[    1.233960] NET: Registered protocol family 10
[    1.234613] Segment Routing with IPv6
[    1.234634] NET: Registered protocol family 17
[    1.234686] drmem: No dynamic reconfiguration memory found
[    1.234915] registered taskstats version 1
[    1.235049] zswap: loaded using pool lzo/zbud
[    1.235127] pstore: Using crash dump compression: deflate
[    1.235133] *** VALIDATE pstore ***
[    1.248296] Key type big_key registered
[    1.256347] Key type encrypted registered
[    1.256361] ima: No TPM chip found, activating TPM-bypass!
[    1.256369] ima: Allocated hash algorithm: sha256
[    1.256386] ima: No architecture policies found
[    1.256409] evm: Initialising EVM extended attributes:
[    1.256415] evm: security.selinux
[    1.256419] evm: security.ima
[    1.256424] evm: security.capability
[    1.256429] evm: HMAC attrs: 0x1
[    1.284431] rtc-opal opal-rtc: setting system clock to 2019-08-26T10:07:20 UTC (1566814040)
[    1.288257] Freeing unused kernel memory: 4864K
[    1.288266] This architecture does not have kernel memory protection.
[    1.288276] Run /init as init process
[    1.297748] random: systemd: uninitialized urandom read (16 bytes read)
[    1.298306] random: systemd: uninitialized urandom read (16 bytes read)
[    1.298327] random: systemd: uninitialized urandom read (16 bytes read)
[    1.406088] systemd[1]: systemd 219 running in system mode. (+PAM +AUDIT +SELINUX +IMA -APPARMOR +SMACK +SYSVINIT +UTMP +LIBCRYPTSETUP +GCRYPT +GNUTLS +ACL +XZ +LZ4 -SECCOMP +BLKID +ELFUTILS +KMOD +IDN)
[    1.406748] systemd[1]: Detected architecture ppc64-le.
[    1.406758] systemd[1]: Running in initial RAM disk.

Welcome to Red Hat Enterprise Linux Server 7.5 (Maipo) dracut-033-535.el7 (Initramfs)!

[    1.406929] systemd[1]: Set hostname to <ltc-test-ci3.aus.stglabs.ibm.com>.
[  OK  ] Reached target Timers.
[    1.456313] systemd[1]: Reached target Timers.
[    1.456335] systemd[1]: Starting Timers.
[  OK  ] Created slice Root Slice.
[    1.456861] systemd[1]: Created slice Root Slice.
[    1.456876] systemd[1]: Starting Root Slice.
[  OK  ] Listening on Journal Socket.
[    1.457003] systemd[1]: Listening on Journal Socket.
[    1.457019] systemd[1]: Starting Journal Socket.
[  OK  ] Listening on udev Kernel Socket.
[  OK  ] Reached target Local File Systems.
[  OK  ] Created slice System Slice.
[  OK  ] Reached target Slices.
         Starting Apply Kernel Variables...
         Starting Setup Virtual Console...
         Starting dracut cmdline hook...
         Starting Create list of required st... nodes for the current kernel...
         Starting Journal Service...
[  OK  ] Listening on udev Control Socket.
[  OK  ] Reached target Sockets.
[  OK  ] Reached target Swap.
[  OK  ] Started Apply Kernel Variables.
[  OK  ] Started Create list of required sta...ce nodes for the current kernel.
         Starting Create Static Device Nodes in /dev...
[  OK  ] Started Create Static Device Nodes in /dev.
[  OK  ] Started Journal Service.
[  OK  ] Started Setup Virtual Console.
[  OK  ] Started dracut cmdline hook.
         Starting dracut pre-udev hook...
[  OK  ] Started dracut pre-udev hook.
         Starting udev Kernel Device Manager...
[  OK  ] Started udev Kernel Device Manager.
         Starting udev Coldplug all Devices...
         Mounting Configuration File System...
[  OK  ] Mounted Configuration File System.
[    1.631455] pps_core: LinuxPPS API ver. 1 registered
[    1.631476] pps_core: Software ver. 5.3.6 - Copyright 2005-2007 Rodolfo Giometti <giometti@linux.it>
[    1.632439] PTP clock support registered
[    1.636232] tg3.c:v3.137 (May 11, 2014)
[    1.636249] tg3 0005:09:00.0: enabling device (0140 -> 0142)
[    1.636439] synth uevent: /devices/vio: failed to send uevent
[    1.636450] vio vio: uevent: failed to send synthetic uevent
[    1.637116] random: fast init done
[  OK  ] Started udev Coldplug all Devices.
[  OK  ] Reached target System Initialization.
         Starting Show Plymouth Boot Screen...
[    1.641033] ipr: IBM Power RAID SCSI Device Driver version: 2.6.4 (March 14, 2017)
[    1.641082] ipr 0001:08:00.0: Found IOA with IRQ: 0
[    1.641304] ipr 0001:08:00.0: enabling device (0540 -> 0542)
[    1.641887] ipr 0001:08:00.0: Received IRQ : 513
[    1.641907] ipr 0001:08:00.0: Request for 16 MSI-Xs succeeded.
         Starting dracut initqueue hook...
[    1.643379] ipr 0001:08:00.0: Initializing IOA.
[    1.643402] scsi host0: IBM 0 Storage Adapter
[  OK  ] Started Show Plymouth Boot Screen.
[  OK  ] Reached target Paths.
[  OK  ] Reached target Basic System.
G[    1.682270] tg3 0005:09:00.0 eth0: Tigon3 [partno(00RX892) rev 5719001] (PCI Express) MAC address 98:be:94:02:8b:90
[    1.682283] tg3 0005:09:00.0 eth0: attached PHY is 5719C (10/100/1000Base-T Ethernet) (WireSpeed[1], EEE[1])
[    1.682293] tg3 0005:09:00.0 eth0: RXcsums[1] LinkChgREG[0] MIirq[0] ASF[0] TSOcap[1]
[    1.682302] tg3 0005:09:00.0 eth0: dma_rwctrl[00000000] dma_mask[64-bit]
[    1.682465] tg3 0005:09:00.1: enabling device (0140 -> 0142)
[    1.723324] tg3 0005:09:00.1 eth1: Tigon3 [partno(00RX892) rev 5719001] (PCI Express) MAC address 98:be:94:02:8b:91
[    1.723343] tg3 0005:09:00.1 eth1: attached PHY is 5719C (10/100/1000Base-T Ethernet) (WireSpeed[1], EEE[1])
[    1.723354] tg3 0005:09:00.1 eth1: RXcsums[1] LinkChgREG[0] MIirq[0] ASF[0] TSOcap[1]
[    1.723362] tg3 0005:09:00.1 eth1: dma_rwctrl[00000000] dma_mask[64-bit]
[    1.723523] tg3 0005:09:00.2: enabling device (0140 -> 0142)
[    1.763316] tg3 0005:09:00.2 eth2: Tigon3 [partno(00RX892) rev 5719001] (PCI Express) MAC address 98:be:94:02:8b:92
[    1.763335] tg3 0005:09:00.2 eth2: attached PHY is 5719C (10/100/1000Base-T Ethernet) (WireSpeed[1], EEE[1])
[    1.763345] tg3 0005:09:00.2 eth2: RXcsums[1] LinkChgREG[0] MIirq[0] ASF[0] TSOcap[1]
[    1.763354] tg3 0005:09:00.2 eth2: dma_rwctrl[00000000] dma_mask[64-bit]
[    1.763514] tg3 0005:09:00.3: enabling device (0140 -> 0142)
[    1.813302] tg3 0005:09:00.3 eth3: Tigon3 [partno(00RX892) rev 5719001] (PCI Express) MAC address 98:be:94:02:8b:93
[    1.813320] tg3 0005:09:00.3 eth3: attached PHY is 5719C (10/100/1000Base-T Ethernet) (WireSpeed[1], EEE[1])
[    1.813330] tg3 0005:09:00.3 eth3: RXcsums[1] LinkChgREG[0] MIirq[0] ASF[0] TSOcap[1]
[    1.813339] tg3 0005:09:00.3 eth3: dma_rwctrl[00000000] dma_mask[64-bit]
[    1.816307] tg3 0005:09:00.0 enP5p9s0f0: renamed from eth0
[    1.994146] tg3 0005:09:00.1 enP5p9s0f1: renamed from eth1
[    2.073983] tg3 0005:09:00.3 enP5p9s0f3: renamed from eth3
[    2.163970] tg3 0005:09:00.2 enP5p9s0f2: renamed from eth2
[    5.855863] random: crng init done
[    5.855883] random: 7 urandom warning(s) missed due to ratelimiting
[   25.686695] ipr 0001:08:00.0: Starting IOA initialization sequence.
[   25.692118] ipr 0001:08:00.0: Adapter firmware version: 13512400
[   25.693198] ipr 0001:08:00.0: IOA initialized.
[   25.706113] scsi 0:3:0:0: No Device         IBM      57D7001SISIOA    0150 PQ: 0 ANSI: 0
[   25.706130] scsi 0:3:0:0: Resource path: 0/FE
[   25.738890] scsi 0:0:0:0: Direct-Access     IBM      MK1401GRRB       6209 PQ: 0 ANSI: 6
[   25.738907] scsi 0:0:0:0: Resource path: 0/00-00
[   25.739216] scsi 0:1:0:0: No Device         IBM      IPR-0   6DC75700      PQ: 0 ANSI: 3
[   25.739227] scsi 0:1:0:0: Resource path: 0/FD-00
[   25.739496] scsi 0:2:0:0: Direct-Access     IBM      IPR-0   6DC75700      PQ: 0 ANSI: 3
[   25.739507] scsi 0:2:0:0: Resource path: 0/FC-00-00
[   26.210182] scsi 0:0:1:0: Enclosure         IBM      VSBPD12M1 6GSAS    03 PQ: 0 ANSI: 2
[   26.210198] scsi 0:0:1:0: Resource path: 0/00-16
[   26.210586] scsi 0:0:2:0: Enclosure         IBM      VSBPD12M1 6GSAS    03 PQ: 0 ANSI: 2
[   26.210597] scsi 0:0:2:0: Resource path: 0/00-15
[   26.221568] sd 0:2:0:0: Power-on or device reset occurred
[   26.221718] sd 0:2:0:0: [sda] Spinning up disk...
[   27.353829] .ready
[   27.354147] sd 0:2:0:0: [sda] 272646144 512-byte logical blocks: (140 GB/130 GiB)
[   27.354157] sd 0:2:0:0: [sda] 4096-byte physical blocks
[   27.354208] sd 0:2:0:0: [sda] Write Protect is off
[   27.553875] sd 0:2:0:0: [sda] Cache data unavailable
[   27.553889] sd 0:2:0:0: [sda] Assuming drive cache: write through
[   27.771332]  sda: sda1 sda2 sda3
[   27.973912] sd 0:2:0:0: [sda] Attached SCSI disk
[  OK  ] Found device IPR-0_6DC75700 2.
         Starting File System Check on /dev/...3-0092-4b7c-85b4-427b6f6a82b2...
[  OK  ] Started dracut initqueue hook.
[  OK  ] Reached target Remote File Systems (Pre).
[  OK  ] Reached target Remote File Systems.
[  OK  ] Started File System Check on /dev/d...3b3-0092-4b7c-85b4-427b6f6a82b2.
         Mounting /sysroot...
[   28.814792] EXT4-fs (sda2): mounted filesystem with ordered data mode. Opts: (null)
[  OK  ] Mounted /sysroot.
[  OK  ] Reached target Initrd Root File System.
         Starting Reload Configuration from the Real Root...
[  OK  ] Started Reload Configuration from the Real Root.
[  OK  ] Reached target Initrd File Systems.
[  OK  ] Reached target Initrd Default Target.
         Starting dracut pre-pivot and cleanup hook...
[  OK  ] Started dracut pre-pivot and cleanup hook.
         Starting Cleaning Up and Shutting Down Daemons...
         Starting Plymouth switch root service...
[  OK  ] Stopped target Timers.
[  OK  ] Stopped Cleaning Up and Shutting Down Daemons.
[  OK  ] Stopped dracut pre-pivot and cleanup hook.
         Stopping dracut pre-pivot and cleanup hook...
[  OK  ] Stopped target Remote File Systems.
[  OK  ] Stopped target Remote File Systems (Pre).
[  OK  ] Stopped target Initrd Default Target.
[  OK  ] Stopped dracut initqueue hook.
         Stopping dracut initqueue hook...
[  OK  ] Stopped target Basic System.
[  OK  ] Stopped target Sockets.
[  OK  ] Stopped target Slices.
[  OK  ] Stopped target System Initialization.
[  OK  ] Stopped target Local File Systems.
[  OK  ] Stopped udev Coldplug all Devices.
         Stopping udev Coldplug all Devices...
[  OK  ] Stopped target Swap.
[  OK  ] Stopped Apply Kernel Variables.
         Stopping Apply Kernel Variables...
         Stopping udev Kernel Device Manager...
[  OK  ] Stopped target Paths.
[  OK  ] Stopped udev Kernel Device Manager.
[  OK  ] Stopped dracut pre-udev hook.
         Stopping dracut pre-udev hook...
[  OK  ] Stopped dracut cmdline hook.
         Stopping dracut cmdline hook...
[  OK  ] Stopped Create Static Device Nodes in /dev.
         Stopping Create Static Device Nodes in /dev...
[  OK  ] Stopped Create list of required sta...ce nodes for the current kernel.
         Stopping Create list of required st... nodes for the current kernel...
[  OK  ] Closed udev Control Socket.
[  OK  ] Closed udev Kernel Socket.
         Starting Cleanup udevd DB...
[  OK  ] Started Plymouth switch root service.
[  OK  ] Started Cleanup udevd DB.
[  OK  ] Reached target Switch Root.
         Starting Switch Root...
[   29.192907] systemd-journald[663]: Received SIGTERM from PID 1 (systemd).
[   29.280322] printk: systemd: 24 output lines suppressed due to ratelimiting
[   29.469295] SELinux:  Disabled at runtime.
[   29.883884] audit: type=1404 audit(1566814069.090:2): enforcing=0 old_enforcing=0 auid=4294967295 ses=4294967295 enabled=0 old-enabled=1 lsm=selinux res=1
[   30.014395] systemd[1]: Inserted module 'ip_tables'

Welcome to Red Hat Enterprise Linux Server 7.5 (Maipo)!

[   30.208807] systemd-sysv-generator[1195]: stat() failed on /etc/rc.d/init.d/autotest: No such file or directory
[  OK  ] Stopped Switch Root.
[  OK  ] Stopped Journal Service.
         Starting Journal Service...
         Starting Create list of required st... nodes for the current kernel...
         Starting Replay Read-Ahead Data...
[  OK  ] Listening on Delayed Shutdown Socket.
[  OK  ] Created slice system-serial\x2dgetty.slice.
[  OK  ] Listening on udev Control Socket.
[  OK  ] Set up automount Arbitrary Executab...ats File System Automount Point.
[  OK  ] Created slice system-getty.slice.
         Mounting Debug File System...
         Starting Read and set NIS domainname from /etc/sysconfig/network...
[  OK  ] Listening on Device-mapper event daemon FIFOs.
[  OK  ] Listening on /dev/initctl Compatibility Named Pipe.
[  OK  ] Stopped target Switch Root.
         Mounting Huge Pages File System...
[  OK  ] Listening on LVM2 poll daemon socket.
         Starting Collect Read-Ahead Data...
[  OK  ] Stopped target Initrd File Systems.
[  OK  ] Listening on LVM2 metadata daemon socket.
[  OK  ] Created slice User and Session Slice.
[  OK  ] Reached target Slices.
[  OK  ] Stopped target Initrd Root File System.
         Starting Monitoring of LVM2 mirrors... dmeventd or progress polling...
[  OK  ] Listening on udev Kernel Socket.
[  OK  ] Created slice system-selinux\x2dpol...grate\x2dlocal\x2dchanges.slice.
         Mounting POSIX Message Queue File System...
[  OK  ] Started Collect Read-Ahead Data.
[  OK  ] Started Replay Read-Ahead Data.
         Starting Remount Root and Kernel File Systems...
         Starting Apply Kernel Variables...
[  OK  ] Started Journal Service.
[  OK  ] Started Create list of required sta...ce nodes for the current kernel.
         Starting Create Static Device Nodes in /dev...
[  OK  ] Started Apply Kernel Variables.
[  OK  ] Started Create Static Device Nodes in /dev.
         Starting udev Kernel Device Manager...
[  OK  ] Started Read and set NIS domainname from /etc/sysconfig/network.
[  OK  ] Mounted Debug File System.
[  OK  ] Mounted POSIX Message Queue File System.
[  OK  ] Mounted Huge Pages File System.
[   31.190419] EXT4-fs (sda2): re-mounted. Opts: (null)
[  OK  ] Started Remount Root and Kernel File Systems.
         Starting Load/Save Random Seed...
         Starting Flush Journal to Persistent Storage...
         Starting udev Coldplug all Devices...
         Starting Configure read-only root support...
[  OK  ] Started Load/Save Random Seed.
[  OK  ] Started LVM2 metadata daemon.
         Starting LVM2 metadata daemon...
[   31.285719] systemd-journald[1213]: Received request to flush runtime journal from PID 1
[  OK  ] Started Flush Journal to Persistent Storage.
[   31.308203] synth uevent: /devices/vio: failed to send uevent
[   31.308218] vio vio: uevent: failed to send synthetic uevent
[  OK  ] Started Configure read-only root support.
[  OK  ] Started udev Coldplug all Devices.
         Starting udev Wait for Complete Device Initialization...
[  OK  ] Started udev Kernel Device Manager.
[   32.511458] powernv_rng: Registered powernv hwrng.
[   32.532411] IPMI message handler: version 39.2
[  OK  ] Found device /dev/hvc0.
[   32.552834] ipmi device interface
[   32.574670] ipmi-powernv ibm,opal:ipmi: Unable to map irq from device tree
G[   32.621588] ipmi-powernv ibm,opal:ipmi: IPMI message handler: Found new BMC (man_id: 0x00a741, prod_id: 0x0132, dev_id: 0x20)
[   33.387935] scsi 0:3:0:0: Attached scsi generic sg0 type 31
[   33.388021] scsi 0:0:0:0: Attached scsi generic sg1 type 12
[   33.388087] scsi 0:1:0:0: Attached scsi generic sg2 type 31
[   33.388162] sd 0:2:0:0: Attached scsi generic sg3 type 0
[   33.388232] scsi 0:0:1:0: Attached scsi generic sg4 type 13
[   33.388294] scsi 0:0:2:0: Attached scsi generic sg5 type 13
[  OK  ] Found device IPR-0_6DC75700 3.
         Activating swap /dev/disk/by-uuid/e...7-507b-4592-b2c7-014cf1649949...
[   34.193850] Adding 20971456k swap on /dev/sda3.  Priority:-2 extents:1 across:20971456k FS
[  OK  ] Activated swap /dev/disk/by-uuid/e51c6c07-507b-4592-b2c7-014cf1649949.
[  OK  ] Reached target Swap.
[  OK  ] Started Monitoring of LVM2 mirrors,...ng dmeventd or progress polling.
[  OK  ] Reached target Local File Systems (Pre).
[   40.042250] ses 0:0:1:0: Attached Enclosure device
[   40.042290] ses 0:0:2:0: Attached Enclosure device
[  OK  ] Started udev Wait for Complete Device Initialization.
         Starting Activation of DM RAID sets...
[   40.180961] device-mapper: uevent: version 1.0.3
[   40.181168] device-mapper: ioctl: 4.40.0-ioctl (2019-01-18) initialised: dm-devel@redhat.com
[  OK  ] Started Activation of DM RAID sets.
[  OK  ] Reached target Local File Systems.
         Starting Tell Plymouth To Write Out Runtime Data...
         Starting Import network configuration from initramfs...
         Starting Preprocess NFS configuration...
[  OK  ] Reached target Local Encrypted Volumes.
[  OK  ] Started Preprocess NFS configuration.
[  OK  ] Started Tell Plymouth To Write Out Runtime Data.
[  OK  ] Started Import network configuration from initramfs.
         Starting Create Volatile Files and Directories...
[  OK  ] Started Create Volatile Files and Directories.
         Starting Security Auditing Service...
         Mounting RPC Pipe File System...
[  OK  ] Started Security Auditing Service.
         Starting Update UTMP about System Boot/Shutdown...
[  OK  ] Started Update UTMP about System Boot/Shutdown.
[  OK  ] Reached target System Initialization.
[  OK  ] Listening on Open-iSCSI iscsid Socket.
[  OK  ] Listening on Open-iSCSI iscsiuio Socket.
[  OK  ] Listening on RPCbind Server Activation Socket.
         Starting RPC bind service...
[  OK  ] Listening on D-Bus System Message Bus Socket.
[  OK  ] Listening on Virtual machine log manager socket.
[  OK  ] Reached target Timers.
[  OK  ] Listening on Virtual machine lock manager socket.
[  OK  ] Reached target Sockets.
[  OK  ] Reached target Paths.
[  OK  ] Reached target Basic System.
         Starting opal_errd (PowerNV platform error handling) Service...
         Starting Initialize hardware monitoring sensors...
         Starting GSSAPI Proxy Daemon...
[  OK  ] Started Hardware RNG Entropy Gatherer Daemon.
         Starting Hardware RNG Entropy Gatherer Daemon...
         Starting Kernel Samepage Merging...
         Starting IBM Power Raid dump daemon...
[  OK  ] Started ABRT Automated Bug Reporting Tool.
         Starting ABRT Automated Bug Reporting Tool...
[  OK  ] Started ABRT kernel log watcher.
         Starting ABRT kernel log watcher...
         Starting Dump dmesg to /var/log/dmesg...
         Starting Resets System Activity Logs...
         Starting Rollback uncommitted netcf...rk config change transactions...
[  OK  ] Started libstoragemgmt plug-in server daemon.
         Starting libstoragemgmt plug-in server daemon...
         Starting ppc64-diag rtas_errd (platform error handling) Service...
[  OK  ] Started D-Bus System Message Bus.
         Starting D-Bus System Message Bus...
[   40.575960] RPC: Registered named UNIX socket transport module.
[   40.575969] RPC: Registered udp transport module.
[   40.575973] RPC: Registered tcp transport module.
[   40.575976] RPC: Registered tcp NFSv4.1 backchannel transport module.
         Starting NTP client/server...
         Starting Login Service...
[  OK  ] Started Self Monitoring and Reporting Technology (SMART) Daemon.
         Starting Self Monitoring and Reporting Technology (SMART) Daemon...
         Starting Perform system configurati...pare system to run KVM guests...
         Starting Authorization Manager...
         Starting Install ABRT coredump hook...
[  OK  ] Mounted RPC Pipe File System.
[  OK  ] Started RPC bind service.
[  OK  ] Started opal_errd (PowerNV platform error handling) Service.
[  OK  ] Started GSSAPI Proxy Daemon.
[  OK  ] Started Kernel Samepage Merging.
[  OK  ] Started IBM Power Raid dump daemon.
[  OK  ] Started Dump dmesg to /var/log/dmesg.
[  OK  ] Started Resets System Activity Logs.
[  OK  ] Started Rollback uncommitted netcf network config change transactions.
[  OK  ] Started Initialize hardware monitoring sensors.
         Starting IBM Power Raid update daemon...
         Starting IBM Power Raid init daemon...
         Starting Kernel Samepage Merging (KSM) Tuning Daemon...
[  OK  ] Reached target rpc_pipefs.target.
[  OK  ] Reached target NFS client services.
[  OK  ] Started ppc64-diag rtas_errd (platform error handling) Service.
[  OK  ] Started IBM Power Raid init daemon.
[  OK  ] Started Login Service.
[  OK  ] Started Kernel Samepage Merging (KSM) Tuning Daemon.
[  OK  ] Started IBM Power Raid update daemon.
[  OK  ] Reached target IBM Power Raid utilities.
[  OK  ] Started Install ABRT coredump hook.
[  OK  ] Started NTP client/server.
[  OK  ] Started Authorization Manager.
         Starting firewalld - dynamic firewall daemon...
[   41.189494] WARNING: CPU: 1 PID: 0 at arch/powerpc/platforms/powernv/smp.c:160 pnv_smp_cpu_kill_self+0x50/0x2d0
[   41.189498] Modules linked in: kvm_hv kvm sunrpc dm_mirror dm_region_hash dm_log dm_mod ses enclosure scsi_transport_sas sg uio_pdrv_genirq ipmi_powernv ipmi_devintf leds_powernv ipmi_msghandler uio ibmpowernv powernv_rng powernv_op_panel ip_tables ext4 mbcache jbd2 sd_mod ipr tg3 libata ptp pps_core
[   41.189531] CPU: 1 PID: 0 Comm: swapper/1 Not tainted 5.3.0-rc4-next-20190814-autotest #1
[   41.189533] NIP:  c0000000000b5a30 LR: c0000000000555f8 CTR: c0000000000b59e0
[   41.189535] REGS: c0000007f55b79a0 TRAP: 0700   Not tainted  (5.3.0-rc4-next-20190814-autotest)
[   41.189536] MSR:  9000000000029033 <SF,HV,EE,ME,IR,DR,RI,LE>  CR: 22024828  XER: 00000000
[   41.189543] CFAR: c0000000000555f4 IRQMASK: 1 
[   41.189543] GPR00: c0000000000555f8 c0000007f55b7c30 c00000000147ae00 0000000000000000 
[   41.189543] GPR04: 0000000000000000 c0000007fa897d00 c0000007fa90c800 00000007f9990000 
[   41.189543] GPR08: 0000000000000000 0000000000000001 0000000000000000 c0000007fa90c800 
[   41.189543] GPR12: c0000000000b59e0 c0000007ffffee00 c0000007b6244700 c0000007e7d72048 
[   41.189543] GPR16: 0000000000000000 c0000007e7d722c0 0000000000000000 c0000000015203c0 
[   41.189543] GPR20: c000000000052ec0 c000000000052e90 c0000007fa905bd8 0000000000000004 
[   41.189543] GPR24: 0000000000000001 0000000000000001 0000000000080000 0000000000000008 
[   41.189543] GPR28: c0000000014b20d8 0000000000000002 c0000000014b2538 0000000000000001 
[   41.189565] NIP [c0000000000b5a30] pnv_smp_cpu_kill_self+0x50/0x2d0
[   41.189567] LR [c0000000000555f8] cpu_die+0x48/0x64
[   41.189567] Call Trace:
[   41.189570] [c0000007f55b7c30] [c0000007f55b7dc8] 0xc0000007f55b7dc8 (unreliable)
[   41.189572] [c0000007f55b7e10] [c0000000000555f8] cpu_die+0x48/0x64
[   41.189574] [c0000007f55b7e30] [c0000000000228a0] arch_cpu_idle_dead+0x20/0x40
[   41.189577] [c0000007f55b7e50] [c00000000016b89c] do_idle+0x36c/0x3e0
[   41.189579] [c0000007f55b7ed0] [c00000000016bb1c] cpu_startup_entry+0x3c/0x40
[   41.189580] [c0000007f55b7f00] [c0000000000552f8] start_secondary+0x638/0x680
[   41.189582] [c0000007f55b7f90] [c00000000000ac5c] start_secondary_prolog+0x10/0x14
[   41.189583] Instruction dump:
[   41.189583] fb61ffd8 fb81ffe0 fba1ffe8 fbc1fff0 fbe1fff8 f8010010 f821fe21 e90d1178 
[   41.189586] f9010198 39000000 892d0988 792907e0 <0b090000> 39200002 7d210164 39200003 
[   41.189589] ---[ end trace 003effe0326aa819 ]---
[  OK  ] Started firewalld - dynamic firewall daemon.
[  OK  ] Reached target Network (Pre).
         Starting Network Manager...
         Starting Hostname Service...
[   41.629299] WARNING: CPU: 2 PID: 0 at arch/powerpc/platforms/powernv/smp.c:160 pnv_smp_cpu_kill_self+0x50/0x2d0
[   41.629302] Modules linked in: iptable_filter(+) kvm_hv kvm sunrpc dm_mirror dm_region_hash dm_log dm_mod ses enclosure scsi_transport_sas sg uio_pdrv_genirq ipmi_powernv ipmi_devintf leds_powernv ipmi_msghandler uio ibmpowernv powernv_rng powernv_op_panel ip_tables ext4 mbcache jbd2 sd_mod ipr tg3 libata ptp pps_core
[   41.629331] CPU: 2 PID: 0 Comm: swapper/2 Tainted: G        W         5.3.0-rc4-next-20190814-autotest #1
[   41.629332] NIP:  c0000000000b5a30 LR: c0000000000555f8 CTR: c0000000000b59e0
[   41.629333] REGS: c0000007f55bb9a0 TRAP: 0700   Tainted: G        W          (5.3.0-rc4-next-20190814-autotest)
[   41.629334] MSR:  9000000000029033 <SF,HV,EE,ME,IR,DR,RI,LE>  CR: 24044828  XER: 00000000
[   41.629337] CFAR: c0000000000555f4 IRQMASK: 1 
[   41.629337] GPR00: c0000000000555f8 c0000007f55bbc30 c00000000147ae00 0000000000000000 
[   41.629337] GPR04: 0000000000000000 c0000007fa897d00 c0000007faa0c800 00000007f9a90000 
[   41.629337] GPR08: 0000000000000000 0000000000000001 0000000000000000 c0000007faa0c800 
[   41.629337] GPR12: c0000000000b59e0 c0000007ffffdb80 0000000000000000 0000000000000001 
[   41.629337] GPR16: c000000f271e0c20 c0000007fbfb0708 0000000000000000 c0000000015203c0 
[   41.629337] GPR20: c000000000052ec0 c000000000052e90 c0000007faa05bd8 0000000000000008 
[   41.629337] GPR24: 0000000000000002 0000000000000001 0000000000080000 0000000000000010 
[   41.629337] GPR28: c0000000014b20d8 0000000000000004 c0000000014b2538 0000000000000001 
[   41.629349] NIP [c0000000000b5a30] pnv_smp_cpu_kill_self+0x50/0x2d0
[   41.629350] LR [c0000000000555f8] cpu_die+0x48/0x64
[   41.629351] Call Trace:
[   41.629353] [c0000007f55bbc30] [c0000007f55bbdc8] 0xc0000007f55bbdc8 (unreliable)
[   41.629354] [c0000007f55bbe10] [c0000000000555f8] cpu_die+0x48/0x64
[   41.629356] [c0000007f55bbe30] [c0000000000228a0] arch_cpu_idle_dead+0x20/0x40
[   41.629359] [c0000007f55bbe50] [c00000000016b89c] do_idle+0x36c/0x3e0
[   41.629361] [c0000007f55bbed0] [c00000000016bb18] cpu_startup_entry+0x38/0x40
[   41.629362] [c0000007f55bbf00] [c0000000000552f8] start_secondary+0x638/0x680
[   41.629364] [c0000007f55bbf90] [c00000000000ac5c] start_secondary_prolog+0x10/0x14
[   41.629365] Instruction dump:
[   41.629366] fb61ffd8 fb81ffe0 fba1ffe8 fbc1fff0 fbe1fff8 f8010010 f821fe21 e90d1178 
[   41.629368] f9010198 39000000 892d0988 792907e0 <0b090000> 39200002 7d210164 39200003 
[   41.629371] ---[ end trace 003effe0326aa81a ]---
[  OK  ] Started Hostname Service.
[  OK  ] Started Network Manager.
         Starting Network Manager Script Dispatcher Service...
         Starting Network Manager Wait Online...
[  OK  ] Started Network Manager Script Dispatcher Service.
[   42.189287] WARNING: CPU: 3 PID: 0 at arch/powerpc/platforms/powernv/smp.c:160 pnv_smp_cpu_kill_self+0x50/0x2d0
[   42.189291] Modules linked in: iptable_filter(+) kvm_hv kvm sunrpc dm_mirror dm_region_hash dm_log dm_mod ses enclosure scsi_transport_sas sg uio_pdrv_genirq ipmi_powernv ipmi_devintf leds_powernv ipmi_msghandler uio ibmpowernv powernv_rng powernv_op_panel ip_tables ext4 mbcache jbd2 sd_mod ipr tg3 libata ptp pps_core
[   42.189317] CPU: 3 PID: 0 Comm: swapper/3 Tainted: G        W         5.3.0-rc4-next-20190814-autotest #1
[   42.189318] NIP:  c0000000000b5a30 LR: c0000000000555f8 CTR: c0000000000b59e0
[   42.189320] REGS: c0000007f55bf9a0 TRAP: 0700   Tainted: G        W          (5.3.0-rc4-next-20190814-autotest)
[   42.189320] MSR:  9000000000029033 <SF,HV,EE,ME,IR,DR,RI,LE>  CR: 24004028  XER: 00000000
[   42.189323] CFAR: c0000000000555f4 IRQMASK: 1 
[   42.189323] GPR00: c0000000000555f8 c0000007f55bfc30 c00000000147ae00 0000000000000000 
[   42.189323] GPR04: 0000000000000000 c0000007fa897d00 c0000007fab0c800 00000007f9b90000 
[   42.189323] GPR08: 0000000000000000 0000000000000001 0000000000000000 c0000007fab0c800 
[   42.189323] GPR12: c0000000000b59e0 c0000007ffffc900 0000000000000800 c000000ffffc11d0 
[   42.189323] GPR16: 0000000000000004 c000000001035280 0000000000000000 c0000000015203c0 
[   42.189323] GPR20: c000000000052ec0 c000000000052e90 c0000007fab05bd8 000000000000000c 
[   42.189323] GPR24: 0000000000000003 0000000000000001 0000000000080000 0000000000000018 
[   42.189323] GPR28: c0000000014b20d8 0000000000000008 c0000000014b2538 0000000000000001 
[   42.189335] NIP [c0000000000b5a30] pnv_smp_cpu_kill_self+0x50/0x2d0
[   42.189337] LR [c0000000000555f8] cpu_die+0x48/0x64
[   42.189338] Call Trace:
[   42.189340] [c0000007f55bfc30] [c0000007f55bfdc8] 0xc0000007f55bfdc8 (unreliable)
[   42.189341] [c0000007f55bfe10] [c0000000000555f8] cpu_die+0x48/0x64
[   42.189344] [c0000007f55bfe30] [c0000000000228a0] arch_cpu_idle_dead+0x20/0x40
[   42.189346] [c0000007f55bfe50] [c00000000016b89c] do_idle+0x36c/0x3e0
[   42.189348] [c0000007f55bfed0] [c00000000016bb1c] cpu_startup_entry+0x3c/0x40
[   42.189349] [c0000007f55bff00] [c0000000000552f8] start_secondary+0x638/0x680
[   42.189351] [c0000007f55bff90] [c00000000000ac5c] start_secondary_prolog+0x10/0x14
[   42.189352] Instruction dump:
[   42.189353] fb61ffd8 fb81ffe0 fba1ffe8 fbc1fff0 fbe1fff8 f8010010 f821fe21 e90d1178 
[   42.189356] f9010198 39000000 892d0988 792907e0 <0b090000> 39200002 7d210164 39200003 
[   42.189358] ---[ end trace 003effe0326aa81b ]---
[   42.579342] WARNING: CPU: 4 PID: 0 at arch/powerpc/platforms/powernv/smp.c:160 pnv_smp_cpu_kill_self+0x50/0x2d0
[   42.579345] Modules linked in: ip6_tables(+) iptable_filter kvm_hv kvm sunrpc dm_mirror dm_region_hash dm_log dm_mod ses enclosure scsi_transport_sas sg uio_pdrv_genirq ipmi_powernv ipmi_devintf leds_powernv ipmi_msghandler uio ibmpowernv powernv_rng powernv_op_panel ip_tables ext4 mbcache jbd2 sd_mod ipr tg3 libata ptp pps_core
[   42.579379] CPU: 4 PID: 0 Comm: swapper/4 Tainted: G        W         5.3.0-rc4-next-20190814-autotest #1
[   42.579381] NIP:  c0000000000b5a30 LR: c0000000000555f8 CTR: c0000000000b59e0
[   42.579383] REGS: c0000007f55c39a0 TRAP: 0700   Tainted: G        W          (5.3.0-rc4-next-20190814-autotest)
[   42.579383] MSR:  9000000000029033 <SF,HV,EE,ME,IR,DR,RI,LE>  CR: 24024028  XER: 00000000
[   42.579389] CFAR: c0000000000555f4 IRQMASK: 1 
[   42.579389] GPR00: c0000000000555f8 c0000007f55c3c30 c00000000147ae00 0000000000000000 
[   42.579389] GPR04: 0000000000000000 c0000007fa897d00 c0000007fac0c800 00000007f9c90000 
[   42.579389] GPR08: 0000000000000000 0000000000000001 0000000000000000 c0000007fac0c800 
[   42.579389] GPR12: c0000000000b59e0 c0000007ffffb680 c0000000016b1d0c 0000000000000090 
[   42.579389] GPR16: c00000000169d640 c0000000016b1d1c 0000000000000000 c0000000015203c0 
[   42.579389] GPR20: c000000000052ec0 c000000000052e90 c0000007fac05bd8 0000000000000010 
[   42.579389] GPR24: 0000000000000004 0000000000000001 0000000000080000 0000000000000020 
[   42.579389] GPR28: c0000000014b20d8 0000000000000010 c0000000014b2538 0000000000000001 
[   42.579410] NIP [c0000000000b5a30] pnv_smp_cpu_kill_self+0x50/0x2d0
[   42.579412] LR [c0000000000555f8] cpu_die+0x48/0x64
[   42.579413] Call Trace:
[   42.579416] [c0000007f55c3c30] [c0000007f55c3dc8] 0xc0000007f55c3dc8 (unreliable)
[   42.579419] [c0000007f55c3e10] [c0000000000555f8] cpu_die+0x48/0x64
[   42.579423] [c0000007f55c3e30] [c0000000000228a0] arch_cpu_idle_dead+0x20/0x40
[   42.579426] [c0000007f55c3e50] [c00000000016b89c] do_idle+0x36c/0x3e0
[   42.579429] [c0000007f55c3ed0] [c00000000016bb1c] cpu_startup_entry+0x3c/0x40
[   42.579432] [c0000007f55c3f00] [c0000000000552f8] start_secondary+0x638/0x680
[   42.579435] [c0000007f55c3f90] [c00000000000ac5c] start_secondary_prolog+0x10/0x14
[   42.579436] Instruction dump:
[   42.579437] fb61ffd8 fb81ffe0 fba1ffe8 fbc1fff0 fbe1fff8 f8010010 f821fe21 e90d1178 
[   42.579441] f9010198 39000000 892d0988 792907e0 <0b090000> 39200002 7d210164 39200003 
[   42.579446] ---[ end trace 003effe0326aa81c ]---
[   42.919234] WARNING: CPU: 5 PID: 0 at arch/powerpc/platforms/powernv/smp.c:160 pnv_smp_cpu_kill_self+0x50/0x2d0
[   42.919236] Modules linked in: ip6_tables iptable_filter kvm_hv kvm sunrpc dm_mirror dm_region_hash dm_log dm_mod ses enclosure scsi_transport_sas sg uio_pdrv_genirq ipmi_powernv ipmi_devintf leds_powernv ipmi_msghandler uio ibmpowernv powernv_rng powernv_op_panel ip_tables ext4 mbcache jbd2 sd_mod ipr tg3 libata ptp pps_core
[   42.919269] CPU: 5 PID: 0 Comm: swapper/5 Tainted: G        W         5.3.0-rc4-next-20190814-autotest #1
[   42.919271] NIP:  c0000000000b5a30 LR: c0000000000555f8 CTR: c0000000000b59e0
[   42.919273] REGS: c0000007f55c79a0 TRAP: 0700   Tainted: G        W          (5.3.0-rc4-next-20190814-autotest)
[   42.919274] MSR:  9000000000029033 <SF,HV,EE,ME,IR,DR,RI,LE>  CR: 24004028  XER: 00000000
[   42.919281] CFAR: c0000000000555f4 IRQMASK: 1 
[   42.919281] GPR00: c0000000000555f8 c0000007f55c7c30 c00000000147ae00 0000000000000000 
[   42.919281] GPR04: 0000000000000000 c0000007fa897d00 c0000007fad0c800 00000007f9d90000 
[   42.919281] GPR08: 0000000000000000 0000000000000001 0000000000000000 c0000007fad0c800 
[   42.919281] GPR12: c0000000000b59e0 c0000007ffffa400 0000000000000800 c000000ffffc11d0 
[   42.919281] GPR16: 0000000000000010 c000000001035280 0000000000000000 c0000000015203c0 
[   42.919281] GPR20: c000000000052ec0 c000000000052e90 c0000007fad05bd8 0000000000000014 
[   42.919281] GPR24: 0000000000000005 0000000000000001 0000000000080000 0000000000000028 
[   42.919281] GPR28: c0000000014b20d8 0000000000000020 c0000000014b2538 0000000000000001 
[   42.919301] NIP [c0000000000b5a30] pnv_smp_cpu_kill_self+0x50/0x2d0
[   42.919303] LR [c0000000000555f8] cpu_die+0x48/0x64
[   42.919304] Call Trace:
[   42.919306] [c0000007f55c7c30] [c0000007f55c7dc8] 0xc0000007f55c7dc8 (unreliable)
[   42.919309] [c0000007f55c7e10] [c0000000000555f8] cpu_die+0x48/0x64
[   42.919312] [c0000007f55c7e30] [c0000000000228a0] arch_cpu_idle_dead+0x20/0x40
[   42.919315] [c0000007f55c7e50] [c00000000016b89c] do_idle+0x36c/0x3e0
[   42.919319] [c0000007f55c7ed0] [c00000000016bb1c] cpu_startup_entry+0x3c/0x40
[   42.919321] [c0000007f55c7f00] [c0000000000552f8] start_secondary+0x638/0x680
[   42.919324] [c0000007f55c7f90] [c00000000000ac5c] start_secondary_prolog+0x10/0x14
[   42.919325] Instruction dump:
[   42.919326] fb61ffd8 fb81ffe0 fba1ffe8 fbc1fff0 fbe1fff8 f8010010 f821fe21 e90d1178 
[   42.919330] f9010198 39000000 892d0988 792907e0 <0b090000> 39200002 7d210164 39200003 
[   42.919335] ---[ end trace 003effe0326aa81d ]---
[   43.259208] WARNING: CPU: 6 PID: 0 at arch/powerpc/platforms/powernv/smp.c:160 pnv_smp_cpu_kill_self+0x50/0x2d0
[   43.259211] Modules linked in: ip6table_filter(+) ip6_tables iptable_filter kvm_hv kvm sunrpc dm_mirror dm_region_hash dm_log dm_mod ses enclosure scsi_transport_sas sg uio_pdrv_genirq ipmi_powernv ipmi_devintf leds_powernv ipmi_msghandler uio ibmpowernv powernv_rng powernv_op_panel ip_tables ext4 mbcache jbd2 sd_mod ipr tg3 libata ptp pps_core
[   43.259240] CPU: 6 PID: 0 Comm: swapper/6 Tainted: G        W         5.3.0-rc4-next-20190814-autotest #1
[   43.259242] NIP:  c0000000000b5a30 LR: c0000000000555f8 CTR: c0000000000b59e0
[   43.259244] REGS: c0000007f55cb9a0 TRAP: 0700   Tainted: G        W          (5.3.0-rc4-next-20190814-autotest)
[   43.259245] MSR:  9000000000029033 <SF,HV,EE,ME,IR,DR,RI,LE>  CR: 24884828  XER: 00000000
[   43.259252] CFAR: c0000000000555f4 IRQMASK: 1 
[   43.259252] GPR00: c0000000000555f8 c0000007f55cbc30 c00000000147ae00 0000000000000000 
[   43.259252] GPR04: 0000000000000000 c0000007fa897d00 c0000007fae0c800 00000007f9e90000 
[   43.259252] GPR08: 0000000000000000 0000000000000001 0000000000000000 c0000007fae0c800 
[   43.259252] GPR12: c0000000000b59e0 c0000007ffff9180 0000000000000000 c0000007c7de0480 
[   43.259252] GPR16: c0000007c7cd0480 0000000000000800 0000000000000000 c0000000015203c0 
[   43.259252] GPR20: c000000000052ec0 c000000000052e90 c0000007fae05bd8 0000000000000018 
[   43.259252] GPR24: 0000000000000006 0000000000000001 0000000000080000 0000000000000030 
[   43.259252] GPR28: c0000000014b20d8 0000000000000040 c0000000014b2538 0000000000000001 
[   43.259273] NIP [c0000000000b5a30] pnv_smp_cpu_kill_self+0x50/0x2d0
[   43.259276] LR [c0000000000555f8] cpu_die+0x48/0x64
[   43.259276] Call Trace:
[   43.259279] [c0000007f55cbc30] [c0000007f55cbdc8] 0xc0000007f55cbdc8 (unreliable)
[   43.259281] [c0000007f55cbe10] [c0000000000555f8] cpu_die+0x48/0x64
[   43.259285] [c0000007f55cbe30] [c0000000000228a0] arch_cpu_idle_dead+0x20/0x40
[   43.259288] [c0000007f55cbe50] [c00000000016b89c] do_idle+0x36c/0x3e0
[   43.259291] [c0000007f55cbed0] [c00000000016bb18] cpu_startup_entry+0x38/0x40
[   43.259294] [c0000007f55cbf00] [c0000000000552f8] start_secondary+0x638/0x680
[   43.259297] [c0000007f55cbf90] [c00000000000ac5c] start_secondary_prolog+0x10/0x14
[   43.259298] Instruction dump:
[   43.259299] fb61ffd8 fb81ffe0 fba1ffe8 fbc1fff0 fbe1fff8 f8010010 f821fe21 e90d1178 
[   43.259303] f9010198 39000000 892d0988 792907e0 <0b090000> 39200002 7d210164 39200003 
[   43.259307] ---[ end trace 003effe0326aa81e ]---
[   43.490798] tg3 0005:09:00.0 enP5p9s0f0: Link is up at 100 Mbps, full duplex
[   43.490819] tg3 0005:09:00.0 enP5p9s0f0: Flow control is on for TX and on for RX
[   43.490827] tg3 0005:09:00.0 enP5p9s0f0: EEE is disabled
[   43.490848] IPv6: ADDRCONF(NETDEV_CHANGE): enP5p9s0f0: link becomes ready
[   43.699212] WARNING: CPU: 7 PID: 0 at arch/powerpc/platforms/powernv/smp.c:160 pnv_smp_cpu_kill_self+0x50/0x2d0
[   43.699214] Modules linked in: ebtables(+) ip6table_filter ip6_tables iptable_filter kvm_hv kvm sunrpc dm_mirror dm_region_hash dm_log dm_mod ses enclosure scsi_transport_sas sg uio_pdrv_genirq ipmi_powernv ipmi_devintf leds_powernv ipmi_msghandler uio ibmpowernv powernv_rng powernv_op_panel ip_tables ext4 mbcache jbd2 sd_mod ipr tg3 libata ptp pps_core
[   43.699241] CPU: 7 PID: 0 Comm: swapper/7 Tainted: G        W         5.3.0-rc4-next-20190814-autotest #1
[   43.699243] NIP:  c0000000000b5a30 LR: c0000000000555f8 CTR: c0000000000b59e0
[   43.699246] REGS: c0000007f55cf9a0 TRAP: 0700   Tainted: G        W          (5.3.0-rc4-next-20190814-autotest)
[   43.699247] MSR:  9000000000029033 <SF,HV,EE,ME,IR,DR,RI,LE>  CR: 24004828  XER: 00000000
[   43.699253] CFAR: c0000000000555f4 IRQMASK: 1 
[   43.699253] GPR00: c0000000000555f8 c0000007f55cfc30 c00000000147ae00 0000000000000000 
[   43.699253] GPR04: 0000000000000000 c0000007fa897d00 c0000007faf0c800 00000007f9f90000 
[   43.699253] GPR08: 0000000000000000 0000000000000001 0000000000000000 c0000007faf0c800 
[   43.699253] GPR12: c0000000000b59e0 c0000007ffff7f00 0000000000000000 0000000000000000 
[   43.699253] GPR16: 0000000000000000 0000000000000000 0000000000000000 c0000000015203c0 
[   43.699253] GPR20: c000000000052ec0 c000000000052e90 c0000007faf05bd8 000000000000001c 
[   43.699253] GPR24: 0000000000000007 0000000000000001 0000000000080000 0000000000000038 
[   43.699253] GPR28: c0000000014b20d8 0000000000000080 c0000000014b2538 0000000000000001 
[   43.699274] NIP [c0000000000b5a30] pnv_smp_cpu_kill_self+0x50/0x2d0
[   43.699276] LR [c0000000000555f8] cpu_die+0x48/0x64
[   43.699277] Call Trace:
[   43.699279] [c0000007f55cfc30] [c0000007f55cfdc8] 0xc0000007f55cfdc8 (unreliable)
[   43.699282] [c0000007f55cfe10] [c0000000000555f8] cpu_die+0x48/0x64
[   43.699286] [c0000007f55cfe30] [c0000000000228a0] arch_cpu_idle_dead+0x20/0x40
[   43.699289] [c0000007f55cfe50] [c00000000016b89c] do_idle+0x36c/0x3e0
[   43.699292] [c0000007f55cfed0] [c00000000016bb1c] cpu_startup_entry+0x3c/0x40
[   43.699295] [c0000007f55cff00] [c0000000000552f8] start_secondary+0x638/0x680
[   43.699298] [c0000007f55cff90] [c00000000000ac5c] start_secondary_prolog+0x10/0x14
[   43.699299] Instruction dump:
[   43.699300] fb61ffd8 fb81ffe0 fba1ffe8 fbc1fff0 fbe1fff8 f8010010 f821fe21 e90d1178 
[   43.699304] f9010198 39000000 892d0988 792907e0 <0b090000> 39200002 7d210164 39200003 
[   43.699308] ---[ end trace 003effe0326aa81f ]---
[   44.069357] WARNING: CPU: 9 PID: 0 at arch/powerpc/platforms/powernv/smp.c:160 pnv_smp_cpu_kill_self+0x50/0x2d0
[   44.069361] Modules linked in: ebtable_filter(+) ebtables ip6table_filter ip6_tables iptable_filter kvm_hv kvm sunrpc dm_mirror dm_region_hash dm_log dm_mod ses enclosure scsi_transport_sas sg uio_pdrv_genirq ipmi_powernv ipmi_devintf leds_powernv ipmi_msghandler uio ibmpowernv powernv_rng powernv_op_panel ip_tables ext4 mbcache jbd2 sd_mod ipr tg3 libata ptp pps_core
[   44.069405] CPU: 9 PID: 0 Comm: swapper/9 Tainted: G        W         5.3.0-rc4-next-20190814-autotest #1
[   44.069406] NIP:  c0000000000b5a30 LR: c0000000000555f8 CTR: c0000000000b59e0
[   44.069408] REGS: c0000007f55d79a0 TRAP: 0700   Tainted: G        W          (5.3.0-rc4-next-20190814-autotest)
[   44.069409] MSR:  9000000000029033 <SF,HV,EE,ME,IR,DR,RI,LE>  CR: 24004028  XER: 00000000
[   44.069415] CFAR: c0000000000555f4 IRQMASK: 1 
[   44.069415] GPR00: c0000000000555f8 c0000007f55d7c30 c00000000147ae00 0000000000000000 
[   44.069415] GPR04: 0000000000000000 c0000007fa897d00 c0000007fb10c800 00000007fa190000 
[   44.069415] GPR08: 0000000000000000 0000000000000001 0000000000000000 c0000007fb10c800 
[   44.069415] GPR12: c0000000000b59e0 c0000007ffff5a00 0000000000000800 c000000ffffc11d0 
[   44.069415] GPR16: 0000000000000100 c000000001035280 0000000000000008 c0000000015203c0 
[   44.069415] GPR20: c000000000052ec0 c000000000052e90 c0000007fb105bd8 0000000000000024 
[   44.069415] GPR24: 0000000000000009 0000000000000001 0000000000080000 0000000000000048 
[   44.069415] GPR28: c0000000014b20d8 0000000000000200 c0000000014b2538 0000000000000001 
[   44.069434] NIP [c0000000000b5a30] pnv_smp_cpu_kill_self+0x50/0x2d0
[   44.069437] LR [c0000000000555f8] cpu_die+0x48/0x64
[   44.069437] Call Trace:
[   44.069440] [c0000007f55d7c30] [c0000007f55d7dc8] 0xc0000007f55d7dc8 (unreliable)
[   44.069443] [c0000007f55d7e10] [c0000000000555f8] cpu_die+0x48/0x64
[   44.069446] [c0000007f55d7e30] [c0000000000228a0] arch_cpu_idle_dead+0x20/0x40
[   44.069450] [c0000007f55d7e50] [c00000000016b89c] do_idle+0x36c/0x3e0
[   44.069453] [c0000007f55d7ed0] [c00000000016bb18] cpu_startup_entry+0x38/0x40
[   44.069455] [c0000007f55d7f00] [c0000000000552f8] start_secondary+0x638/0x680
[   44.069458] [c0000007f55d7f90] [c00000000000ac5c] start_secondary_prolog+0x10/0x14
[   44.069459] Instruction dump:
[   44.069460] fb61ffd8 fb81ffe0 fba1ffe8 fbc1fff0 fbe1fff8 f8010010 f821fe21 e90d1178 
[   44.069465] f9010198 39000000 892d0988 792907e0 <0b090000> 39200002 7d210164 39200003 
[   44.069469] ---[ end trace 003effe0326aa820 ]---
[   44.369260] WARNING: CPU: 10 PID: 0 at arch/powerpc/platforms/powernv/smp.c:160 pnv_smp_cpu_kill_self+0x50/0x2d0
[   44.369262] Modules linked in: ebtable_filter(+) ebtables ip6table_filter ip6_tables iptable_filter kvm_hv kvm sunrpc dm_mirror dm_region_hash dm_log dm_mod ses enclosure scsi_transport_sas sg uio_pdrv_genirq ipmi_powernv ipmi_devintf leds_powernv ipmi_msghandler uio ibmpowernv powernv_rng powernv_op_panel ip_tables ext4 mbcache jbd2 sd_mod ipr tg3 libata ptp pps_core
[   44.369312] CPU: 10 PID: 0 Comm: swapper/10 Tainted: G        W         5.3.0-rc4-next-20190814-autotest #1
[   44.369315] NIP:  c0000000000b5a30 LR: c0000000000555f8 CTR: c0000000000b59e0
[   44.369317] REGS: c0000007f55db9a0 TRAP: 0700   Tainted: G        W          (5.3.0-rc4-next-20190814-autotest)
[   44.369318] MSR:  9000000000029033 <SF,HV,EE,ME,IR,DR,RI,LE>  CR: 24004028  XER: 00000000
[   44.369324] CFAR: c0000000000555f4 IRQMASK: 1 
[   44.369324] GPR00: c0000000000555f8 c0000007f55dbc30 c00000000147ae00 0000000000000000 
[   44.369324] GPR04: 0000000000000000 c0000007fa897d00 c0000007fb20c800 00000007fa290000 
[   44.369324] GPR08: 0000000000000000 0000000000000001 0000000000000000 c0000007fb20c800 
[   44.369324] GPR12: c0000000000b59e0 c0000007ffff4780 0000000000000800 c000000ffffc11d0 
[   44.369324] GPR16: 0000000000000200 c000000001035280 0000000000000008 c0000000015203c0 
[   44.369324] GPR20: c000000000052ec0 c000000000052e90 c0000007fb205bd8 0000000000000028 
[   44.369324] GPR24: 000000000000000a 0000000000000001 0000000000080000 0000000000000050 
[   44.369324] GPR28: c0000000014b20d8 0000000000000400 c0000000014b2538 0000000000000001 
[   44.369344] NIP [c0000000000b5a30] pnv_smp_cpu_kill_self+0x50/0x2d0
[   44.369346] LR [c0000000000555f8] cpu_die+0x48/0x64
[   44.369347] Call Trace:
[   44.369349] [c0000007f55dbc30] [c0000007f55dbdc8] 0xc0000007f55dbdc8 (unreliable)
[   44.369351] [c0000007f55dbe10] [c0000000000555f8] cpu_die+0x48/0x64
[   44.369355] [c0000007f55dbe30] [c0000000000228a0] arch_cpu_idle_dead+0x20/0x40
[   44.369358] [c0000007f55dbe50] [c00000000016b89c] do_idle+0x36c/0x3e0
[   44.369361] [c0000007f55dbed0] [c00000000016bb18] cpu_startup_entry+0x38/0x40
[   44.369363] [c0000007f55dbf00] [c0000000000552f8] start_secondary+0x638/0x680
[   44.369367] [c0000007f55dbf90] [c00000000000ac5c] start_secondary_prolog+0x10/0x14
[   44.369367] Instruction dump:
[   44.369368] fb61ffd8 fb81ffe0 fba1ffe8 fbc1fff0 fbe1fff8 f8010010 f821fe21 e90d1178 
[   44.369373] f9010198 39000000 892d0988 792907e0 <0b090000> 39200002 7d210164 39200003 
[   44.369377] ---[ end trace 003effe0326aa821 ]---
[   44.689300] WARNING: CPU: 11 PID: 0 at arch/powerpc/platforms/powernv/smp.c:160 pnv_smp_cpu_kill_self+0x50/0x2d0
[   44.689304] Modules linked in: iptable_raw(+) ebtable_filter ebtables ip6table_filter ip6_tables iptable_filter kvm_hv kvm sunrpc dm_mirror dm_region_hash dm_log dm_mod ses enclosure scsi_transport_sas sg uio_pdrv_genirq ipmi_powernv ipmi_devintf leds_powernv ipmi_msghandler uio ibmpowernv powernv_rng powernv_op_panel ip_tables ext4 mbcache jbd2 sd_mod ipr tg3 libata ptp pps_core
[   44.689343] CPU: 11 PID: 0 Comm: swapper/11 Tainted: G        W         5.3.0-rc4-next-20190814-autotest #1
[   44.689345] NIP:  c0000000000b5a30 LR: c0000000000555f8 CTR: c0000000000b59e0
[   44.689347] REGS: c0000007f55df9a0 TRAP: 0700   Tainted: G        W          (5.3.0-rc4-next-20190814-autotest)
[   44.689348] MSR:  9000000000029033 <SF,HV,EE,ME,IR,DR,RI,LE>  CR: 22004028  XER: 00000000
[   44.689354] CFAR: c0000000000555f4 IRQMASK: 1 
[   44.689354] GPR00: c0000000000555f8 c0000007f55dfc30 c00000000147ae00 0000000000000000 
[   44.689354] GPR04: 0000000000000000 c0000007fa897d00 c0000007fb30c800 00000007fa390000 
[   44.689354] GPR08: 0000000000000000 0000000000000001 0000000000000000 c0000007fb30c800 
[   44.689354] GPR12: c0000000000b59e0 c0000007ffff3500 0000000000000800 c000000ffffc11d0 
[   44.689354] GPR16: 0000000000000400 c000000001035280 0000000000000008 c0000000015203c0 
[   44.689354] GPR20: c000000000052ec0 c000000000052e90 c0000007fb305bd8 000000000000002c 
[   44.689354] GPR24: 000000000000000b 0000000000000001 0000000000080000 0000000000000058 
[   44.689354] GPR28: c0000000014b20d8 0000000000000800 c0000000014b2538 0000000000000001 
[   44.689375] NIP [c0000000000b5a30] pnv_smp_cpu_kill_self+0x50/0x2d0
[   44.689377] LR [c0000000000555f8] cpu_die+0x48/0x64
[   44.689378] Call Trace:
[   44.689381] [c0000007f55dfc30] [c0000007f55dfdc8] 0xc0000007f55dfdc8 (unreliable)
[   44.689384] [c0000007f55dfe10] [c0000000000555f8] cpu_die+0x48/0x64
[   44.689388] [c0000007f55dfe30] [c0000000000228a0] arch_cpu_idle_dead+0x20/0x40
