Return-Path: <linuxppc-dev-bounces+lists+linuxppc-dev=lfdr.de@lists.ozlabs.org>
X-Original-To: lists+linuxppc-dev@lfdr.de
Delivered-To: lists+linuxppc-dev@lfdr.de
Received: from lists.ozlabs.org (lists.ozlabs.org [IPv6:2401:3900:2:1::3])
	by mail.lfdr.de (Postfix) with ESMTPS id A077164396
	for <lists+linuxppc-dev@lfdr.de>; Wed, 10 Jul 2019 10:31:15 +0200 (CEST)
Received: from lists.ozlabs.org (lists.ozlabs.org [IPv6:2401:3900:2:1::3])
	by lists.ozlabs.org (Postfix) with ESMTP id 45kC8053XQzDqmf
	for <lists+linuxppc-dev@lfdr.de>; Wed, 10 Jul 2019 18:31:12 +1000 (AEST)
X-Original-To: linuxppc-dev@lists.ozlabs.org
Delivered-To: linuxppc-dev@lists.ozlabs.org
Authentication-Results: lists.ozlabs.org;
 spf=none (mailfrom) smtp.mailfrom=linux.vnet.ibm.com
 (client-ip=148.163.156.1; helo=mx0a-001b2d01.pphosted.com;
 envelope-from=sachinp@linux.vnet.ibm.com; receiver=<UNKNOWN>)
Authentication-Results: lists.ozlabs.org; dmarc=none (p=none dis=none)
 header.from=linux.vnet.ibm.com
Received: from mx0a-001b2d01.pphosted.com (mx0a-001b2d01.pphosted.com
 [148.163.156.1])
 (using TLSv1.2 with cipher ECDHE-RSA-AES256-GCM-SHA384 (256/256 bits))
 (No client certificate requested)
 by lists.ozlabs.org (Postfix) with ESMTPS id 45kC0T5d8TzDqGP
 for <linuxppc-dev@lists.ozlabs.org>; Wed, 10 Jul 2019 18:24:40 +1000 (AEST)
Received: from pps.filterd (m0098396.ppops.net [127.0.0.1])
 by mx0a-001b2d01.pphosted.com (8.16.0.27/8.16.0.27) with SMTP id
 x6A8DJW9143259
 for <linuxppc-dev@lists.ozlabs.org>; Wed, 10 Jul 2019 04:24:36 -0400
Received: from e06smtp04.uk.ibm.com (e06smtp04.uk.ibm.com [195.75.94.100])
 by mx0a-001b2d01.pphosted.com with ESMTP id 2tnbgm2h02-1
 (version=TLSv1.2 cipher=AES256-GCM-SHA384 bits=256 verify=NOT)
 for <linuxppc-dev@lists.ozlabs.org>; Wed, 10 Jul 2019 04:24:34 -0400
Received: from localhost
 by e06smtp04.uk.ibm.com with IBM ESMTP SMTP Gateway: Authorized Use Only!
 Violators will be prosecuted
 for <linuxppc-dev@lists.ozlabs.org> from <sachinp@linux.vnet.ibm.com>;
 Wed, 10 Jul 2019 09:24:32 +0100
Received: from b06cxnps4074.portsmouth.uk.ibm.com (9.149.109.196)
 by e06smtp04.uk.ibm.com (192.168.101.134) with IBM ESMTP SMTP Gateway:
 Authorized Use Only! Violators will be prosecuted; 
 (version=TLSv1/SSLv3 cipher=AES256-GCM-SHA384 bits=256/256)
 Wed, 10 Jul 2019 09:24:28 +0100
Received: from b06wcsmtp001.portsmouth.uk.ibm.com
 (b06wcsmtp001.portsmouth.uk.ibm.com [9.149.105.160])
 by b06cxnps4074.portsmouth.uk.ibm.com (8.14.9/8.14.9/NCO v10.0) with ESMTP id
 x6A8OQVD51970158
 (version=TLSv1/SSLv3 cipher=DHE-RSA-AES256-GCM-SHA384 bits=256 verify=OK);
 Wed, 10 Jul 2019 08:24:26 GMT
Received: from b06wcsmtp001.portsmouth.uk.ibm.com (unknown [127.0.0.1])
 by IMSVA (Postfix) with ESMTP id 5FF99A4060;
 Wed, 10 Jul 2019 08:24:26 +0000 (GMT)
Received: from b06wcsmtp001.portsmouth.uk.ibm.com (unknown [127.0.0.1])
 by IMSVA (Postfix) with ESMTP id 9294EA4054;
 Wed, 10 Jul 2019 08:24:24 +0000 (GMT)
Received: from [9.109.244.158] (unknown [9.109.244.158])
 by b06wcsmtp001.portsmouth.uk.ibm.com (Postfix) with ESMTP;
 Wed, 10 Jul 2019 08:24:24 +0000 (GMT)
From: Sachin Sant <sachinp@linux.vnet.ibm.com>
Content-Type: multipart/mixed;
 boundary="Apple-Mail=_B540750B-9A34-490C-936C-792C6A5D64B1"
Mime-Version: 1.0 (Mac OS X Mail 12.4 \(3445.104.11\))
Subject: Linux Boot failure : WARNING at arch/powerpc/kernel/eeh.c:357
Date: Wed, 10 Jul 2019 13:54:23 +0530
To: linuxppc-dev@lists.ozlabs.org
X-Mailer: Apple Mail (2.3445.104.11)
X-TM-AS-GCONF: 00
x-cbid: 19071008-0016-0000-0000-00000290DEBF
X-IBM-AV-DETECTION: SAVI=unused REMOTE=unused XFE=unused
x-cbparentid: 19071008-0017-0000-0000-000032EE964C
Message-Id: <48A915BA-2DC3-4575-96B8-15122EA5B0B8@linux.vnet.ibm.com>
X-Proofpoint-Virus-Version: vendor=fsecure engine=2.50.10434:, ,
 definitions=2019-07-10_03:, , signatures=0
X-Proofpoint-Spam-Details: rule=outbound_notspam policy=outbound score=0
 priorityscore=1501
 malwarescore=0 suspectscore=3 phishscore=0 bulkscore=0 spamscore=0
 clxscore=1015 lowpriorityscore=0 mlxscore=0 impostorscore=0
 mlxlogscore=842 adultscore=0 classifier=spam adjust=0 reason=mlx
 scancount=1 engine=8.0.1-1810050000 definitions=main-1907100099
X-Mailman-Approved-At: Wed, 10 Jul 2019 18:29:49 +1000
X-BeenThere: linuxppc-dev@lists.ozlabs.org
X-Mailman-Version: 2.1.29
Precedence: list
List-Id: Linux on PowerPC Developers Mail List <linuxppc-dev.lists.ozlabs.org>
List-Unsubscribe: <https://lists.ozlabs.org/options/linuxppc-dev>,
 <mailto:linuxppc-dev-request@lists.ozlabs.org?subject=unsubscribe>
List-Archive: <http://lists.ozlabs.org/pipermail/linuxppc-dev/>
List-Post: <mailto:linuxppc-dev@lists.ozlabs.org>
List-Help: <mailto:linuxppc-dev-request@lists.ozlabs.org?subject=help>
List-Subscribe: <https://lists.ozlabs.org/listinfo/linuxppc-dev>,
 <mailto:linuxppc-dev-request@lists.ozlabs.org?subject=subscribe>
Cc: "Aneesh Kumar K.V" <aneesh.kumar@linux.ibm.com>, oohall@gmail.com
Errors-To: linuxppc-dev-bounces+lists+linuxppc-dev=lfdr.de@lists.ozlabs.org
Sender: "Linuxppc-dev"
 <linuxppc-dev-bounces+lists+linuxppc-dev=lfdr.de@lists.ozlabs.org>


--Apple-Mail=_B540750B-9A34-490C-936C-792C6A5D64B1
Content-Transfer-Encoding: quoted-printable
Content-Type: text/plain;
	charset=utf-8

Recent linuxppc (merge branch) builds fail to boot on POWER9 BMC box.
Following warning is printed continuously on the console:

Last successful boot was with commit 3661376f60.

[    4.101480] Console: switching to colour dummy device 80x25
[    4.101550] tg3 0005:01:00.1: enabling device (0140 -> 0142)
[    4.102249] nouveau 0004:04:00.0: enabling device (0140 -> 0142)
[    4.102305] nouveau 0004:04:00.0: NVIDIA GV100 (140000a1)
[    4.106342] WARNING: CPU: 0 PID: 2487 at =
arch/powerpc/kernel/eeh.c:357 eeh_check_failure+0x68/0xf0
[    4.106364] Modules linked in: nouveau(+) ast(+) i2c_algo_bit =
drm_kms_helper ahci syscopyarea sysfillrect libahci sysimgblt =
fb_sys_fops ttm libata drm mlx5_core(+) drm_panel_orientation_quirks =
tg3(+) ptp nvme pps_core nvme_core
[    4.106426] CPU: 0 PID: 2487 Comm: kworker/0:4 Not tainted 5.2.0-rc6+ =
#1
[    4.106454] Workqueue: events work_for_cpu_fn
[    4.106475] NIP:  c000000000043f08 LR: c000000000043eec CTR: =
c0000000005c2430
[    4.106540] REGS: c000003fd78b72b0 TRAP: 0700   Not tainted  =
(5.2.0-rc6+)
[    4.106577] MSR:  9000000000029033 <SF,HV,EE,ME,IR,DR,RI,LE>  CR: =
84444028  XER: 20040000
[    4.106615] CFAR: c000000000074738 IRQMASK: 0=20
[    4.106615] GPR00: 00000000ae012000 c000003fd78b7540 c00000000144a200 =
c000203fff654348=20
[    4.106615] GPR04: c00a00008d301e00 0000000000000000 c000003fd78b7564 =
0000000000000015=20
[    4.106615] GPR08: c000203fff654348 0000000000000001 0000000000000001 =
4000000000000000=20
[    4.106615] GPR12: 0000000000000005 c000000001890000 c0000000001510b8 =
c000003fefca4ec0=20
[    4.106615] GPR16: 0000000400040000 0000000000000000 0000000000000001 =
0000000000000001=20
[    4.106615] GPR20: c000003febbd50b0 0000000000000002 0000000000000000 =
0000000040000000=20
[    4.106615] GPR24: 0000000040000000 0000000040000000 000000000000d600 =
c000003fc7c77000=20
[    4.106615] GPR28: c000003fe6b32a80 000000000000e600 c000003fa9990000 =
c00a00008d301e00=20
[    4.106870] NIP [c000000000043f08] eeh_check_failure+0x68/0xf0
[    4.106898] LR [c000000000043eec] eeh_check_failure+0x4c/0xf0
[    4.106933] Call Trace:
[    4.106942] [c000003fd78b7540] [0000000000000001] 0x1 (unreliable)
[    4.106957] [c000003fd78b7580] [c0000000005c2530] =
ioread32+0x100/0x170
[    4.107033] [c000003fd78b75b0] [c00800000f0b7008] prom_read+0x78/0xf0 =
[nouveau]
[    4.107112] [c000003fd78b7600] [c00800000f0b5bb0] =
shadow_fetch.isra.1+0x90/0x120 [nouveau]
[    4.107191] [c000003fd78b7650] [c00800000f0b5cf8] =
shadow_image+0xb8/0x360 [nouveau]
[    4.107276] [c000003fd78b7700] [c00800000f0b6040] =
shadow_method+0xa0/0x1a0 [nouveau]
[    4.107353] [c000003fd78b7780] [c00800000f0b6338] =
nvbios_shadow+0x1f8/0x3f0 [nouveau]
[    4.107434] [c000003fd78b7910] [c00800000f0a23e8] =
nvkm_bios_new+0x98/0x530 [nouveau]
[    4.107505] [c000003fd78b79b0] [c00800000f134810] =
nvkm_device_ctor+0x1610/0x4120 [nouveau]
[    4.107577] [c000003fd78b7aa0] [c00800000f137cb0] =
nvkm_device_pci_new+0x180/0x3d0 [nouveau]
[    4.107659] [c000003fd78b7b80] [c00800000f1a13a0] =
nouveau_drm_probe+0x220/0x360 [nouveau]
[    4.107697] [c000003fd78b7bd0] [c0000000006112ec] =
local_pci_probe+0x6c/0x100
[    4.107732] [c000003fd78b7c50] [c0000000001430f8] =
work_for_cpu_fn+0x38/0x60
[    4.107776] [c000003fd78b7c80] [c000000000148118] =
process_one_work+0x1c8/0x4a0
[    4.107821] [c000003fd78b7d20] [c000000000148668] =
worker_thread+0x278/0x570
[    4.107866] [c000003fd78b7db0] [c000000000151210] kthread+0x160/0x1a0
[    4.107897] [c000003fd78b7e20] [c00000000000ba54] =
ret_from_kernel_thread+0x5c/0x68
[    4.107931] Instruction dump:
[    4.107962] e8690040 e92d1178 f9210028 39200000 48030631 60000000 =
2c230000 4182008c=20
[    4.108001] 81410024 7d4a0034 554ad97e 694a0001 <0b0a0000> 7d201c28 =
7bff0420 79295d24=20
[    4.108042] ---[ end trace 2a6f56e64fb66de9 ]=E2=80=94

WARN message is being printed by following code snippet :

static inline unsigned long eeh_token_to_phys(unsigned long token)
{
        pte_t *ptep;
        unsigned long pa;
        int hugepage_shift;

        /*
         * We won't find hugepages here(this is iomem). Hence we are not
         * worried about _PAGE_SPLITTING/collapse. Also we will not hit
         * page table free, because of init_mm.
         */
        ptep =3D find_init_mm_pte(token, &hugepage_shift);
        if (!ptep)
                return token;
        WARN_ON(hugepage_shift);  <=3D=3D=3D=3D=3D=3D
        pa =3D pte_pfn(*ptep) << PAGE_SHIFT;

        return pa | (token & (PAGE_SIZE-1));
}

Boot log attached.

Thanks
-Sachin

--Apple-Mail=_B540750B-9A34-490C-936C-792C6A5D64B1
Content-Disposition: attachment;
	filename=boot.log
Content-Type: application/octet-stream;
	x-unix-mode=0644;
	name="boot.log"
Content-Transfer-Encoding: 7bit

[   29.676733] kexec_core: Starting new kernel
[  139.314078852,5] OPAL: Switch to big-endian OS
[  143.141412866,5] OPAL: Switch to little-endian OS
[    0.000000] crashkernel: memory value expected
[    0.000000] dt-cpu-ftrs: setup for ISA 3000
[    0.000000] dt-cpu-ftrs: not enabling: system-call-vectored (disabled or unsupported by kernel)
[    0.000000] dt-cpu-ftrs: final cpu/mmu features = 0x0000f86f8f5fb1a7 0x3c006041
[    0.000000] radix-mmu: Page sizes from device-tree:
[    0.000000] radix-mmu: Page size shift = 12 AP=0x0
[    0.000000] radix-mmu: Page size shift = 16 AP=0x5
[    0.000000] radix-mmu: Page size shift = 21 AP=0x1
[    0.000000] radix-mmu: Page size shift = 30 AP=0x2
[    0.000000] radix-mmu: Activating Kernel Userspace Execution Prevention
[    0.000000] radix-mmu: Activating Kernel Userspace Access Prevention
[    0.000000] radix-mmu: Initializing Radix MMU
[    0.000000] radix-mmu: Partition table (____ptrval____)
[    0.000000] radix-mmu: Mapped 0x0000000000000000-0x0000000040000000 with 1.00 GiB pages (exec)
[    0.000000] radix-mmu: Mapped 0x0000000040000000-0x0000004000000000 with 1.00 GiB pages
[    0.000000] radix-mmu: Mapped 0x0000200000000000-0x0000204000000000 with 1.00 GiB pages
[    0.000000] radix-mmu: Process table (____ptrval____) and radix root for kernel: (____ptrval____)
[    0.000000] Linux version 5.2.0-rc6+ (root@ltc-wspoon15.aus.stglabs.ibm.com) (gcc version 4.8.5 20150623 (Red Hat 4.8.5-36) (GCC)) #1 SMP Wed Jun 26 18:30:58 CDT 2019
[    0.000000] Found initrd at 0xc0000000036a0000:0xc000000004ada2d2
[    0.000000] OPAL: Found memory mapped LPC bus on chip 0
[    0.000000] Using PowerNV machine description
[    0.000000] printk: bootconsole [udbg0] enabled
[    0.000000] CPU maps initialized for 4 threads per core
[    0.000000] -----------------------------------------------------
[    0.000000] phys_mem_size     = 0x8000000000
[    0.000000] dcache_bsize      = 0x80
[    0.000000] icache_bsize      = 0x80
[    0.000000] cpu_features      = 0x0000f86f8f5fb1a7
[    0.000000]   possible        = 0x0000fbffcf5fb1a7
[    0.000000]   always          = 0x00000003800081a1
[    0.000000] cpu_user_features = 0xdc0065c2 0xaee00000
[    0.000000] mmu_features      = 0xbc006041
[    0.000000] firmware_features = 0x0000000110000000
[    0.000000] hash-mmu: ppc64_pft_size    = 0x0
[    0.000000] hash-mmu: kernel vmalloc start   = 0xc008000000000000
[    0.000000] hash-mmu: kernel IO start        = 0xc00a000000000000
[    0.000000] hash-mmu: kernel vmemmap start   = 0xc00c000000000000
[    0.000000] -----------------------------------------------------
[    0.000000] cma: Reserved 26224 MiB at 0x0000203995000000
[    0.000000] numa:   NODE_DATA [mem 0x3fff95c980-0x3fff963fff]
[    0.000000] numa:   NODE_DATA [mem 0x203fff00c980-0x203fff013fff]
[    0.000000] numa:   NODE_DATA [mem 0x203fff005300-0x203fff00c97f]
[    0.000000] numa:     NODE_DATA(252) on node 8
[    0.000000] numa:   NODE_DATA [mem 0x203ffce18980-0x203ffce1ffff]
[    0.000000] numa:     NODE_DATA(253) on node 8
[    0.000000] numa:   NODE_DATA [mem 0x203ffce11300-0x203ffce1897f]
[    0.000000] numa:     NODE_DATA(254) on node 8
[    0.000000] numa:   NODE_DATA [mem 0x203ffce09c80-0x203ffce112ff]
[    0.000000] numa:     NODE_DATA(255) on node 8
[    0.000000] Section 2113532 and 2113535 (node 8) have a circular dependency on usemap and pgdat allocations
[    0.000000] rfi-flush: mttrig type flush available
[    0.000000] count-cache-flush: software flush disabled.
[    0.000000] stf-barrier: eieio barrier available
[    0.000000] Initializing IODA2 PHB (/pciex@600c3c0000000)
[    0.000000] PCI host bridge /pciex@600c3c0000000 (primary) ranges:
[    0.000000]  MEM 0x000600c000000000..0x000600c07ffeffff -> 0x0000000080000000 
[    0.000000]  MEM 0x0006000000000000..0x0006003fffffffff -> 0x0006000000000000 (M64 #1..31)
[    0.000000]  Using M64 #31 as default window
[    0.000000]   512 (511) PE's M32: 0x80000000 [segment=0x400000]
[    0.000000]                  M64: 0x4000000000 [segment=0x20000000]
[    0.000000]   Allocated bitmap for 4088 MSIs (base IRQ 0xfe000)
[    0.000000] Initializing IODA2 PHB (/pciex@600c3c0100000)
[    0.000000] PCI host bridge /pciex@600c3c0100000  ranges:
[    0.000000]  MEM 0x000600c080000000..0x000600c0fffeffff -> 0x0000000080000000 
[    0.000000]  MEM 0x0006004000000000..0x0006007fffffffff -> 0x0006004000000000 (M64 #1..15)
[    0.000000]  Using M64 #15 as default window
[    0.000000]   256 (255) PE's M32: 0x80000000 [segment=0x800000]
[    0.000000]                  M64: 0x4000000000 [segment=0x40000000]
[    0.000000]   Allocated bitmap for 2040 MSIs (base IRQ 0xfd800)
[    0.000000] Initializing IODA2 PHB (/pciex@600c3c0200000)
[    0.000000] PCI host bridge /pciex@600c3c0200000  ranges:
[    0.000000]  MEM 0x000600c100000000..0x000600c17ffeffff -> 0x0000000080000000 
[    0.000000]  MEM 0x0006008000000000..0x000600bfffffffff -> 0x0006008000000000 (M64 #1..15)
[    0.000000]  Using M64 #15 as default window
[    0.000000]   256 (255) PE's M32: 0x80000000 [segment=0x800000]
[    0.000000]                  M64: 0x4000000000 [segment=0x40000000]
[    0.000000]   Allocated bitmap for 2040 MSIs (base IRQ 0xfd000)
[    0.000000] Initializing IODA2 PHB (/pciex@600c3c0300000)
[    0.000000] PCI host bridge /pciex@600c3c0300000  ranges:
[    0.000000]  MEM 0x000600c180000000..0x000600c1fffeffff -> 0x0000000080000000 
[    0.000000]  MEM 0x0006020000000000..0x0006023fffffffff -> 0x0006020000000000 (M64 #1..31)
[    0.000000]  Using M64 #31 as default window
[    0.000000]   512 (511) PE's M32: 0x80000000 [segment=0x400000]
[    0.000000]                  M64: 0x4000000000 [segment=0x20000000]
[    0.000000]   Allocated bitmap for 4088 MSIs (base IRQ 0xfc000)
[    0.000000] Initializing IODA2 PHB (/pciex@600c3c0400000)
[    0.000000] PCI host bridge /pciex@600c3c0400000  ranges:
[    0.000000]  MEM 0x000600c200000000..0x000600c27ffeffff -> 0x0000000080000000 
[    0.000000]  MEM 0x0006024000000000..0x0006027fffffffff -> 0x0006024000000000 (M64 #1..15)
[    0.000000]  Using M64 #15 as default window
[    0.000000]   256 (255) PE's M32: 0x80000000 [segment=0x800000]
[    0.000000]                  M64: 0x4000000000 [segment=0x40000000]
[    0.000000]   Allocated bitmap for 2040 MSIs (base IRQ 0xfb800)
[    0.000000] Initializing IODA2 PHB (/pciex@600c3c0500000)
[    0.000000] PCI host bridge /pciex@600c3c0500000  ranges:
[    0.000000]  MEM 0x000600c280000000..0x000600c2fffeffff -> 0x0000000080000000 
[    0.000000]  MEM 0x0006028000000000..0x000602bfffffffff -> 0x0006028000000000 (M64 #1..15)
[    0.000000]  Using M64 #15 as default window
[    0.000000]   256 (255) PE's M32: 0x80000000 [segment=0x800000]
[    0.000000]                  M64: 0x4000000000 [segment=0x40000000]
[    0.000000]   Allocated bitmap for 2040 MSIs (base IRQ 0xfb000)
[    0.000000] Initializing IODA2 PHB (/pciex@620c3c0000000)
[    0.000000] PCI host bridge /pciex@620c3c0000000  ranges:
[    0.000000]  MEM 0x000620c000000000..0x000620c07ffeffff -> 0x0000000080000000 
[    0.000000]  MEM 0x0006200000000000..0x0006203fffffffff -> 0x0006200000000000 (M64 #1..31)
[    0.000000]  Using M64 #31 as default window
[    0.000000]   512 (511) PE's M32: 0x80000000 [segment=0x400000]
[    0.000000]                  M64: 0x4000000000 [segment=0x20000000]
[    0.000000]   Allocated bitmap for 4088 MSIs (base IRQ 0x1fe000)
[    0.000000] Initializing IODA2 PHB (/pciex@620c3c0300000)
[    0.000000] PCI host bridge /pciex@620c3c0300000  ranges:
[    0.000000]  MEM 0x000620c180000000..0x000620c1fffeffff -> 0x0000000080000000 
[    0.000000]  MEM 0x0006220000000000..0x0006223fffffffff -> 0x0006220000000000 (M64 #1..31)
[    0.000000]  Using M64 #31 as default window
[    0.000000]   512 (511) PE's M32: 0x80000000 [segment=0x400000]
[    0.000000]                  M64: 0x4000000000 [segment=0x20000000]
[    0.000000]   Allocated bitmap for 4088 MSIs (base IRQ 0x1fd000)
[    0.000000] Initializing IODA2 PHB (/pciex@620c3c0400000)
[    0.000000] PCI host bridge /pciex@620c3c0400000  ranges:
[    0.000000]  MEM 0x000620c200000000..0x000620c27ffeffff -> 0x0000000080000000 
[    0.000000]  MEM 0x0006224000000000..0x0006227fffffffff -> 0x0006224000000000 (M64 #1..15)
[    0.000000]  Using M64 #15 as default window
[    0.000000]   256 (255) PE's M32: 0x80000000 [segment=0x800000]
[    0.000000]                  M64: 0x4000000000 [segment=0x40000000]
[    0.000000]   Allocated bitmap for 2040 MSIs (base IRQ 0x1fc800)
[    0.000000] Initializing IODA2 PHB (/pciex@620c3c0500000)
[    0.000000] PCI host bridge /pciex@620c3c0500000  ranges:
[    0.000000]  MEM 0x000620c280000000..0x000620c2fffeffff -> 0x0000000080000000 
[    0.000000]  MEM 0x0006228000000000..0x000622bfffffffff -> 0x0006228000000000 (M64 #1..15)
[    0.000000]  Using M64 #15 as default window
[    0.000000]   256 (255) PE's M32: 0x80000000 [segment=0x800000]
[    0.000000]                  M64: 0x4000000000 [segment=0x40000000]
[    0.000000]   Allocated bitmap for 2040 MSIs (base IRQ 0x1fc000)
[    0.000000] Initializing NPU_NVLINK PHB (/pciex@6030200000000)
[    0.000000] PCI host bridge /pciex@6030200000000  ranges:
[    0.000000]  MEM 0x0006030201600000..0x000603020171ffff -> 0x0006030201600000 
[    0.000000]   Not support M64 window
[    0.000000]   016 (015) PE's M32: 0x130000 [segment=0x13000]
[    0.000000] Initializing NPU_NVLINK PHB (/pciex@6230200000000)
[    0.000000] PCI host bridge /pciex@6230200000000  ranges:
[    0.000000]  MEM 0x0006230201600000..0x000623020171ffff -> 0x0006230201600000 
[    0.000000]   Not support M64 window
[    0.000000]   016 (015) PE's M32: 0x130000 [segment=0x13000]
[    0.000000] OPAL nvram setup, 589824 bytes
[    0.000000] barrier-nospec: using ORI speculation barrier
[    0.000000] Zone ranges:
[    0.000000]   Normal   [mem 0x0000000000000000-0x0000203fffffffff]
[    0.000000]   Device   empty
[    0.000000] Movable zone start for each node
[    0.000000] Early memory node ranges
[    0.000000]   node   0: [mem 0x0000000000000000-0x0000003fffffffff]
[    0.000000]   node   8: [mem 0x0000200000000000-0x0000203fffffffff]
[    0.000000] Initmem setup node 0 [mem 0x0000000000000000-0x0000003fffffffff]
[    0.000000] Initmem setup node 8 [mem 0x0000200000000000-0x0000203fffffffff]
[    0.000000] Could not find start_pfn for node 252
[    0.000000] Initmem setup node 252 [mem 0x0000000000000000-0x0000000000000000]
[    0.000000] Could not find start_pfn for node 253
[    0.000000] Initmem setup node 253 [mem 0x0000000000000000-0x0000000000000000]
[    0.000000] Could not find start_pfn for node 254
[    0.000000] Initmem setup node 254 [mem 0x0000000000000000-0x0000000000000000]
[    0.000000] Could not find start_pfn for node 255
[    0.000000] Initmem setup node 255 [mem 0x0000000000000000-0x0000000000000000]
[    0.000000] percpu: Embedded 11 pages/cpu s627608 r0 d93288 u720896
[    0.000000] Built 6 zonelists, mobility grouping on.  Total pages: 8380416
[    0.000000] Policy zone: Normal
[    0.000000] Kernel command line: root=UUID=1c7a81ac-9d2b-4188-9785-e0fbd35a9fb9 ro crashkernel=auto
[    0.000000] printk: log_buf_len individual max cpu contribution: 4096 bytes
[    0.000000] printk: log_buf_len total cpu_extra contributions: 651264 bytes
[    0.000000] printk: log_buf_len min size: 1048576 bytes
[    0.000000] printk: log_buf_len: 2097152 bytes
[    0.000000] printk: early log buf free: 1033436(98%)
[    0.000000] Memory: 509033216K/536870912K available (11200K kernel code, 1728K rwdata, 3456K rodata, 4800K init, 3846K bss, 984320K reserved, 26853376K cma-reserved)
[    0.000000] SLUB: HWalign=128, Order=0-3, MinObjects=0, CPUs=160, Nodes=256
[    0.000000] ftrace: allocating 30232 entries in 12 pages
[    0.000000] rcu: Hierarchical RCU implementation.
[    0.000000] rcu: 	RCU restricting CPUs from NR_CPUS=2048 to nr_cpu_ids=160.
[    0.000000] rcu: RCU calculated value of scheduler-enlistment delay is 10 jiffies.
[    0.000000] rcu: Adjusting geometry for rcu_fanout_leaf=16, nr_cpu_ids=160
[    0.000000] NR_IRQS: 512, nr_irqs: 512, preallocated irqs: 16
[    0.000000] xive: Interrupt handling initialized with native backend
[    0.000000] xive: Using priority 7 for all interrupts
[    0.000000] xive: Using 64kB queues
[    0.000000] rcu: 	Offload RCU callbacks from CPUs: (none).
[    0.000000] random: get_random_u64 called from start_kernel+0x438/0x69c with crng_init=0
[    0.000009] time_init: 56 bit decrementer (max: 7fffffffffffff)
[    0.002173] clocksource: timebase: mask: 0xffffffffffffffff max_cycles: 0x761537d007, max_idle_ns: 440795202126 ns
[    0.007469] clocksource: timebase mult[1f40000] shift[24] registered
[    0.011903] Console: colour dummy device 80x25
[    0.015034] printk: console [hvc0] enabled
[    0.015034] printk: console [hvc0] enabled
[    0.021196] printk: bootconsole [udbg0] disabled
[    0.021196] printk: bootconsole [udbg0] disabled
[    0.026653] mempolicy: Enabling automatic NUMA balancing. Configure with numa_balancing= or the kernel.numa_balancing sysctl
[    0.026685] pid_max: default: 163840 minimum: 1280
[    0.028925] LSM: Security Framework initializing
[    0.029267] SELinux:  Initializing.
[    0.029920] *** VALIDATE SELinux ***
[    0.039795] Dentry cache hash table entries: 16777216 (order: 11, 134217728 bytes)
[    0.044727] Inode-cache hash table entries: 8388608 (order: 10, 67108864 bytes)
[    0.045099] Mount-cache hash table entries: 262144 (order: 5, 2097152 bytes)
[    0.045277] Mountpoint-cache hash table entries: 262144 (order: 5, 2097152 bytes)
[    0.046622] *** VALIDATE proc ***
[    0.046914] *** VALIDATE cgroup1 ***
[    0.046935] *** VALIDATE cgroup2 ***
[    0.047816] EEH: PowerNV platform initialized
[    0.047841] POWER9 performance monitor hardware support registered
[    0.047929] rcu: Hierarchical SRCU implementation.
[    0.050320] smp: Bringing up secondary CPUs ...
[    0.954131] smp: Brought up 6 nodes, 160 CPUs
[    0.954160] numa: Node 0 CPUs: 0-79
[    0.954175] numa: Node 8 CPUs: 80-159
[    0.954189] numa: Node 252 CPUs:
[    0.954212] numa: Node 253 CPUs:
[    0.954225] numa: Node 254 CPUs:
[    0.954248] numa: Node 255 CPUs:
[    0.954261] Using shared cache scheduler topology
[    0.988269] devtmpfs: initialized
[    1.085058] clocksource: jiffies: mask: 0xffffffff max_cycles: 0xffffffff, max_idle_ns: 19112604462750000 ns
[    1.085166] futex hash table entries: 65536 (order: 7, 8388608 bytes)
[    1.100714] NET: Registered protocol family 16
[    1.101126] audit: initializing netlink subsys (disabled)
[    1.101275] audit: type=2000 audit(1561592268.080:1): state=initialized audit_enabled=0 res=1
[    1.101647] cpuidle: using governor menu
[    1.101900] pstore: Registered nvram as persistent store backend
[    1.189492] PCI: Probing PCI hardware
[    1.189597] PCI host bridge to bus 0000:00
[    1.189656] pci_bus 0000:00: root bus resource [mem 0x600c000000000-0x600c07ffeffff] (bus address [0x80000000-0xfffeffff])
[    1.189691] pci_bus 0000:00: root bus resource [mem 0x6000000000000-0x6003fbfffffff 64bit pref]
[    1.189738] pci_bus 0000:00: root bus resource [bus 00-ff]
[    1.189766] pci_bus 0000:00: busn_res: [bus 00-ff] end is updated to ff
[    1.189845] pci 0000:00:00.0: [1014:04c1] type 01 class 0x060400
[    1.190112] pci 0000:00:00.0: PME# supported from D0 D3hot D3cold
[    1.197671] pci 0000:01:00.0: [144d:a822] type 00 class 0x010802
[    1.197761] pci 0000:01:00.0: reg 0x10: [mem 0x600c000020000-0x600c000023fff 64bit]
[    1.197866] pci 0000:01:00.0: reg 0x30: [mem 0x00000000-0x0001ffff pref]
[    1.197927] pci 0000:01:00.0: BAR0 [mem size 0x00004000 64bit]: requesting alignment to 0x10000
[    1.205442] pci 0000:00:00.0: PCI bridge to [bus 01]
[    1.205469] pci 0000:00:00.0:   bridge window [io  0x0000-0x0fff]
[    1.205583] pci_bus 0000:00: busn_res: [bus 00-ff] end is updated to 01
[    1.205666] PCI host bridge to bus 0001:00
[    1.205682] pci_bus 0001:00: root bus resource [mem 0x600c080000000-0x600c0fffeffff] (bus address [0x80000000-0xfffeffff])
[    1.205706] pci_bus 0001:00: root bus resource [mem 0x6004000000000-0x6007f7fffffff 64bit pref]
[    1.205761] pci_bus 0001:00: root bus resource [bus 00-ff]
[    1.205801] pci_bus 0001:00: busn_res: [bus 00-ff] end is updated to ff
[    1.205878] pci 0001:00:00.0: [1014:04c1] type 01 class 0x060400
[    1.206148] pci 0001:00:00.0: PME# supported from D0 D3hot D3cold
[    1.213534] pci 0001:01:00.0: [104c:8241] type 00 class 0x0c0330
[    1.213617] pci 0001:01:00.0: reg 0x10: [mem 0x600c080000000-0x600c08000ffff 64bit]
[    1.213683] pci 0001:01:00.0: reg 0x18: [mem 0x600c080010000-0x600c080011fff 64bit]
[    1.213821] pci 0001:01:00.0: BAR2 [mem size 0x00002000 64bit]: requesting alignment to 0x10000
[    1.213998] pci 0001:01:00.0: supports D1 D2
[    1.214048] pci 0001:01:00.0: PME# supported from D0 D1 D2 D3hot
[    1.221406] pci 0001:00:00.0: PCI bridge to [bus 01]
[    1.221432] pci 0001:00:00.0:   bridge window [io  0x0000-0x0fff]
[    1.221526] pci_bus 0001:00: busn_res: [bus 00-ff] end is updated to 01
[    1.221599] PCI host bridge to bus 0002:00
[    1.221617] pci_bus 0002:00: root bus resource [mem 0x600c100000000-0x600c17ffeffff] (bus address [0x80000000-0xfffeffff])
[    1.221664] pci_bus 0002:00: root bus resource [mem 0x6008000000000-0x600bf7fffffff 64bit pref]
[    1.221705] pci_bus 0002:00: root bus resource [bus 00-ff]
[    1.221758] pci_bus 0002:00: busn_res: [bus 00-ff] end is updated to ff
[    1.221813] pci 0002:00:00.0: [1014:04c1] type 01 class 0x060400
[    1.222086] pci 0002:00:00.0: PME# supported from D0 D3hot D3cold
[    1.222170] random: fast init done
[    1.229458] pci 0002:01:00.0: [1a03:1150] type 01 class 0x060400
[    1.229774] pci 0002:01:00.0: supports D1 D2
[    1.229794] pci 0002:01:00.0: PME# supported from D0 D1 D2 D3hot D3cold
[    1.237133] pci 0002:00:00.0: PCI bridge to [bus 01-02]
[    1.237161] pci 0002:00:00.0:   bridge window [io  0x0000-0x0fff]
[    1.237327] pci_bus 0002:02: extended config space not accessible
[    1.237426] pci 0002:02:00.0: [1a03:2000] type 00 class 0x030000
[    1.237491] pci 0002:02:00.0: reg 0x10: [mem 0x600c100000000-0x600c100ffffff]
[    1.237562] pci 0002:02:00.0: reg 0x14: [mem 0x600c101000000-0x600c10101ffff]
[    1.237633] pci 0002:02:00.0: reg 0x18: [io  0x0000-0x007f]
[    1.237836] pci 0002:02:00.0: supports D1 D2
[    1.237868] pci 0002:02:00.0: PME# supported from D0 D1 D2 D3hot D3cold
[    1.245089] pci 0002:01:00.0: PCI bridge to [bus 02]
[    1.245180] pci_bus 0002:00: busn_res: [bus 00-ff] end is updated to 02
[    1.245262] PCI host bridge to bus 0003:00
[    1.245277] pci_bus 0003:00: root bus resource [mem 0x600c180000000-0x600c1fffeffff] (bus address [0x80000000-0xfffeffff])
[    1.245324] pci_bus 0003:00: root bus resource [mem 0x6020000000000-0x6023fbfffffff 64bit pref]
[    1.245401] pci_bus 0003:00: root bus resource [bus 00-ff]
[    1.245437] pci_bus 0003:00: busn_res: [bus 00-ff] end is updated to ff
[    1.245514] pci 0003:00:00.0: [1014:04c1] type 01 class 0x060400
[    1.245759] pci 0003:00:00.0: PME# supported from D0 D3hot D3cold
[    1.253162] pci 0003:01:00.0: [15b3:1019] type 00 class 0x020700
[    1.253484] pci 0003:01:00.0: reg 0x10: [mem 0x6020000000000-0x602001fffffff 64bit pref]
[    1.255065] pci 0003:01:00.0: PME# supported from D3cold
[    1.255392] pci 0003:01:00.0: reg 0x1a4: [mem 0x00000000-0x01ffffff 64bit pref]
[    1.255414] pci 0003:01:00.0: VF(n) BAR0 space: [mem 0x00000000-0x0fffffff 64bit pref] (contains BAR0 for 8 VFs)
[    1.256269] pci 0003:01:00.0: VF BAR0: [mem 0x00000000-0x3ffffffff 64bit pref] (expanded to 512 VFs for PE alignment)
[    1.256490] pci 0003:01:00.1: [15b3:1019] type 00 class 0x020700
[    1.256797] pci 0003:01:00.1: reg 0x10: [mem 0x6020020000000-0x602003fffffff 64bit pref]
[    1.258218] pci 0003:01:00.1: PME# supported from D3cold
[    1.258519] pci 0003:01:00.1: reg 0x1a4: [mem 0x00000000-0x01ffffff 64bit pref]
[    1.258547] pci 0003:01:00.1: VF(n) BAR0 space: [mem 0x00000000-0x0fffffff 64bit pref] (contains BAR0 for 8 VFs)
[    1.259300] pci 0003:01:00.1: VF BAR0: [mem 0x00000000-0x3ffffffff 64bit pref] (expanded to 512 VFs for PE alignment)
[    1.266697] pci 0003:00:00.0: PCI bridge to [bus 01]
[    1.266726] pci 0003:00:00.0:   bridge window [io  0x0000-0x0fff]
[    1.266854] pci_bus 0003:00: busn_res: [bus 00-ff] end is updated to 01
[    1.266927] PCI host bridge to bus 0004:00
[    1.266948] pci_bus 0004:00: root bus resource [mem 0x600c200000000-0x600c27ffeffff] (bus address [0x80000000-0xfffeffff])
[    1.267018] pci_bus 0004:00: root bus resource [mem 0x6024000000000-0x6027f7fffffff 64bit pref]
[    1.267074] pci_bus 0004:00: root bus resource [bus 00-ff]
[    1.267112] pci_bus 0004:00: busn_res: [bus 00-ff] end is updated to ff
[    1.267176] pci 0004:00:00.0: [1014:04c1] type 01 class 0x060400
[    1.267445] pci 0004:00:00.0: PME# supported from D0 D3hot D3cold
[    1.274835] pci 0004:01:00.0: [10b5:8725] type 01 class 0x060400
[    1.274929] pci 0004:01:00.0: reg 0x10: [mem 0x600c202800000-0x600c20283ffff]
[    1.275243] pci 0004:01:00.0: PME# supported from D0 D3hot D3cold
[    1.275516] pci 0004:01:00.1: [10b5:87d0] type 00 class 0x088000
[    1.275601] pci 0004:01:00.1: reg 0x10: [mem 0x600c202840000-0x600c202841fff]
[    1.275758] pci 0004:01:00.1: BAR0 [mem size 0x00002000]: requesting alignment to 0x10000
[    1.276084] pci 0004:01:00.2: [10b5:87d0] type 00 class 0x088000
[    1.276168] pci 0004:01:00.2: reg 0x10: [mem 0x600c202850000-0x600c202851fff]
[    1.276332] pci 0004:01:00.2: BAR0 [mem size 0x00002000]: requesting alignment to 0x10000
[    1.276661] pci 0004:01:00.3: [10b5:87d0] type 00 class 0x088000
[    1.276744] pci 0004:01:00.3: reg 0x10: [mem 0x600c202860000-0x600c202861fff]
[    1.276909] pci 0004:01:00.3: BAR0 [mem size 0x00002000]: requesting alignment to 0x10000
[    1.277249] pci 0004:01:00.4: [10b5:87d0] type 00 class 0x088000
[    1.277337] pci 0004:01:00.4: reg 0x10: [mem 0x600c202870000-0x600c202871fff]
[    1.277498] pci 0004:01:00.4: BAR0 [mem size 0x00002000]: requesting alignment to 0x10000
[    1.284955] pci 0004:00:00.0: PCI bridge to [bus 01-0a]
[    1.284981] pci 0004:00:00.0:   bridge window [io  0x0000-0x0fff]
[    1.285694] pci 0004:02:02.0: [10b5:8725] type 01 class 0x060400
[    1.286067] pci 0004:02:02.0: PME# supported from D0 D3hot D3cold
[    1.288069] pci 0004:02:0a.0: [10b5:8725] type 01 class 0x060400
[    1.288447] pci 0004:02:0a.0: PME# supported from D0 D3hot D3cold
[    1.288906] pci 0004:02:0b.0: [10b5:8725] type 01 class 0x060400
[    1.289278] pci 0004:02:0b.0: PME# supported from D0 D3hot D3cold
[    1.289743] pci 0004:02:0c.0: [10b5:8725] type 01 class 0x060400
[    1.290120] pci 0004:02:0c.0: PME# supported from D0 D3hot D3cold
[    1.294741] pci 0004:01:00.0: PCI bridge to [bus 02-0a]
[    1.295111] pci 0004:03:00.0: [1b4b:9235] type 00 class 0x010601
[    1.295182] pci 0004:03:00.0: reg 0x10: [io  0x8000-0x8007]
[    1.295226] pci 0004:03:00.0: reg 0x14: [io  0x8040-0x8043]
[    1.295268] pci 0004:03:00.0: reg 0x18: [io  0x8100-0x8107]
[    1.295313] pci 0004:03:00.0: reg 0x1c: [io  0x8140-0x8143]
[    1.295367] pci 0004:03:00.0: reg 0x20: [io  0x800000-0x80001f]
[    1.295423] pci 0004:03:00.0: reg 0x24: [mem 0x600c202000000-0x600c2020007ff]
[    1.295482] pci 0004:03:00.0: reg 0x30: [mem 0x600c250000000-0x600c25000ffff pref]
[    1.295534] pci 0004:03:00.0: BAR5 [mem size 0x00000800]: requesting alignment to 0x10000
[    1.295670] pci 0004:03:00.0: PME# supported from D3hot
[    1.303020] pci 0004:02:02.0: PCI bridge to [bus 03]
[    1.303209] pci 0004:04:00.0: [10de:1db1] type 00 class 0x030200
[    1.303319] pci 0004:04:00.0: reg 0x10: [mem 0x600c200000000-0x600c200ffffff]
[    1.303377] pci 0004:04:00.0: reg 0x14: [mem 0x6024000000000-0x60243ffffffff 64bit pref]
[    1.303457] pci 0004:04:00.0: reg 0x1c: [mem 0x6024400000000-0x6024401ffffff 64bit pref]
[    1.303822] pci 0004:04:00.0: 15.752 Gb/s available PCIe bandwidth, limited by 8 GT/s x2 link at 0004:02:0a.0 (capable of 126.016 Gb/s with 8 GT/s x16 link)
[    1.311063] pci 0004:02:0a.0: PCI bridge to [bus 04]
[    1.311255] pci 0004:05:00.0: [10de:1db1] type 00 class 0x030200
[    1.311357] pci 0004:05:00.0: reg 0x10: [mem 0x600c201000000-0x600c201ffffff]
[    1.311417] pci 0004:05:00.0: reg 0x14: [mem 0x6024800000000-0x6024bffffffff 64bit pref]
[    1.311494] pci 0004:05:00.0: reg 0x1c: [mem 0x6024600000000-0x6024601ffffff 64bit pref]
[    1.311910] pci 0004:05:00.0: 15.752 Gb/s available PCIe bandwidth, limited by 8 GT/s x2 link at 0004:02:0b.0 (capable of 126.016 Gb/s with 8 GT/s x16 link)
[    1.319145] pci 0004:02:0b.0: PCI bridge to [bus 05]
[    1.326360] pci 0004:02:0c.0: PCI bridge to [bus 06-0a]
[    1.326475] pci_bus 0004:00: busn_res: [bus 00-ff] end is updated to 0a
[    1.326582] PCI host bridge to bus 0005:00
[    1.326614] pci_bus 0005:00: root bus resource [mem 0x600c280000000-0x600c2fffeffff] (bus address [0x80000000-0xfffeffff])
[    1.326684] pci_bus 0005:00: root bus resource [mem 0x6028000000000-0x602bf7fffffff 64bit pref]
[    1.326739] pci_bus 0005:00: root bus resource [bus 00-ff]
[    1.326777] pci_bus 0005:00: busn_res: [bus 00-ff] end is updated to ff
[    1.326842] pci 0005:00:00.0: [1014:04c1] type 01 class 0x060400
[    1.327112] pci 0005:00:00.0: PME# supported from D0 D3hot D3cold
[    1.334507] pci 0005:01:00.0: [14e4:1657] type 00 class 0x020000
[    1.334595] pci 0005:01:00.0: reg 0x10: [mem 0x6028000000000-0x602800000ffff 64bit pref]
[    1.334656] pci 0005:01:00.0: reg 0x18: [mem 0x6028000010000-0x602800001ffff 64bit pref]
[    1.334704] pci 0005:01:00.0: reg 0x20: [mem 0x6028000020000-0x602800002ffff 64bit pref]
[    1.334988] pci 0005:01:00.0: PME# supported from D0 D3hot D3cold
[    1.335108] pci 0005:01:00.0: 8.000 Gb/s available PCIe bandwidth, limited by 5 GT/s x2 link at 0005:00:00.0 (capable of 16.000 Gb/s with 5 GT/s x4 link)
[    1.335266] pci 0005:01:00.1: [14e4:1657] type 00 class 0x020000
[    1.335397] pci 0005:01:00.1: reg 0x10: [mem 0x6028000030000-0x602800003ffff 64bit pref]
[    1.335467] pci 0005:01:00.1: reg 0x18: [mem 0x6028000040000-0x602800004ffff 64bit pref]
[    1.335545] pci 0005:01:00.1: reg 0x20: [mem 0x6028000050000-0x602800005ffff 64bit pref]
[    1.335828] pci 0005:01:00.1: PME# supported from D0 D3hot D3cold
[    1.343134] pci 0005:00:00.0: PCI bridge to [bus 01]
[    1.343157] pci 0005:00:00.0:   bridge window [io  0x0000-0x0fff]
[    1.343286] pci_bus 0005:00: busn_res: [bus 00-ff] end is updated to 01
[    1.343382] PCI host bridge to bus 0030:00
[    1.343409] pci_bus 0030:00: root bus resource [mem 0x620c000000000-0x620c07ffeffff] (bus address [0x80000000-0xfffeffff])
[    1.343455] pci_bus 0030:00: root bus resource [mem 0x6200000000000-0x6203fbfffffff 64bit pref]
[    1.343489] pci_bus 0030:00: root bus resource [bus 00-ff]
[    1.343526] pci_bus 0030:00: busn_res: [bus 00-ff] end is updated to ff
[    1.343598] pci 0030:00:00.0: [1014:04c1] type 01 class 0x060400
[    1.343904] pci 0030:00:00.0: PME# supported from D0 D3hot D3cold
[    1.351356] pci 0030:01:00.0: [15b3:1015] type 00 class 0x020000
[    1.351630] pci 0030:01:00.0: reg 0x10: [mem 0x6200000000000-0x6200007ffffff 64bit pref]
[    1.351991] pci 0030:01:00.0: reg 0x30: [mem 0x00000000-0x000fffff pref]
[    1.352955] pci 0030:01:00.0: PME# supported from D3cold
[    1.353280] pci 0030:01:00.0: reg 0x1a4: [mem 0x00000000-0x01ffffff 64bit pref]
[    1.353302] pci 0030:01:00.0: VF(n) BAR0 space: [mem 0x00000000-0x0fffffff 64bit pref] (contains BAR0 for 8 VFs)
[    1.354093] pci 0030:01:00.0: VF BAR0: [mem 0x00000000-0x3ffffffff 64bit pref] (expanded to 512 VFs for PE alignment)
[    1.354320] pci 0030:01:00.1: [15b3:1015] type 00 class 0x020000
[    1.354583] pci 0030:01:00.1: reg 0x10: [mem 0x6200008000000-0x620000fffffff 64bit pref]
[    1.354945] pci 0030:01:00.1: reg 0x30: [mem 0x00000000-0x000fffff pref]
[    1.355868] pci 0030:01:00.1: PME# supported from D3cold
[    1.356164] pci 0030:01:00.1: reg 0x1a4: [mem 0x00000000-0x01ffffff 64bit pref]
[    1.356186] pci 0030:01:00.1: VF(n) BAR0 space: [mem 0x00000000-0x0fffffff 64bit pref] (contains BAR0 for 8 VFs)
[    1.356905] pci 0030:01:00.1: VF BAR0: [mem 0x00000000-0x3ffffffff 64bit pref] (expanded to 512 VFs for PE alignment)
[    1.364279] pci 0030:00:00.0: PCI bridge to [bus 01]
[    1.364302] pci 0030:00:00.0:   bridge window [io  0x0000-0x0fff]
[    1.364435] pci_bus 0030:00: busn_res: [bus 00-ff] end is updated to 01
[    1.364533] PCI host bridge to bus 0033:00
[    1.364558] pci_bus 0033:00: root bus resource [mem 0x620c180000000-0x620c1fffeffff] (bus address [0x80000000-0xfffeffff])
[    1.364630] pci_bus 0033:00: root bus resource [mem 0x6220000000000-0x6223fbfffffff 64bit pref]
[    1.364696] pci_bus 0033:00: root bus resource [bus 00-ff]
[    1.364736] pci_bus 0033:00: busn_res: [bus 00-ff] end is updated to ff
[    1.364806] pci 0033:00:00.0: [1014:04c1] type 01 class 0x060400
[    1.365120] pci 0033:00:00.0: PME# supported from D0 D3hot D3cold
[    1.372542] pci 0033:01:00.0: [15b3:1019] type 00 class 0x020700
[    1.372878] pci 0033:01:00.0: reg 0x10: [mem 0x6220000000000-0x622001fffffff 64bit pref]
[    1.374510] pci 0033:01:00.0: PME# supported from D3cold
[    1.374848] pci 0033:01:00.0: reg 0x1a4: [mem 0x00000000-0x01ffffff 64bit pref]
[    1.374877] pci 0033:01:00.0: VF(n) BAR0 space: [mem 0x00000000-0x0fffffff 64bit pref] (contains BAR0 for 8 VFs)
[    1.375722] pci 0033:01:00.0: VF BAR0: [mem 0x00000000-0x3ffffffff 64bit pref] (expanded to 512 VFs for PE alignment)
[    1.375955] pci 0033:01:00.1: [15b3:1019] type 00 class 0x020700
[    1.376268] pci 0033:01:00.1: reg 0x10: [mem 0x6220020000000-0x622003fffffff 64bit pref]
[    1.377728] pci 0033:01:00.1: PME# supported from D3cold
[    1.378037] pci 0033:01:00.1: reg 0x1a4: [mem 0x00000000-0x01ffffff 64bit pref]
[    1.378065] pci 0033:01:00.1: VF(n) BAR0 space: [mem 0x00000000-0x0fffffff 64bit pref] (contains BAR0 for 8 VFs)
[    1.378831] pci 0033:01:00.1: VF BAR0: [mem 0x00000000-0x3ffffffff 64bit pref] (expanded to 512 VFs for PE alignment)
[    1.386237] pci 0033:00:00.0: PCI bridge to [bus 01]
[    1.386264] pci 0033:00:00.0:   bridge window [io  0x0000-0x0fff]
[    1.386388] pci_bus 0033:00: busn_res: [bus 00-ff] end is updated to 01
[    1.386484] PCI host bridge to bus 0034:00
[    1.386510] pci_bus 0034:00: root bus resource [mem 0x620c200000000-0x620c27ffeffff] (bus address [0x80000000-0xfffeffff])
[    1.386547] pci_bus 0034:00: root bus resource [mem 0x6224000000000-0x6227f7fffffff 64bit pref]
[    1.386568] pci_bus 0034:00: root bus resource [bus 00-ff]
[    1.386606] pci_bus 0034:00: busn_res: [bus 00-ff] end is updated to ff
[    1.386676] pci 0034:00:00.0: [1014:04c1] type 01 class 0x060400
[    1.386954] pci 0034:00:00.0: PME# supported from D0 D3hot D3cold
[    1.401398] pci 0034:00:00.0: PCI bridge to [bus 01]
[    1.401424] pci 0034:00:00.0:   bridge window [io  0x0000-0x0fff]
[    1.401485] pci_bus 0034:00: busn_res: [bus 00-ff] end is updated to 01
[    1.401568] PCI host bridge to bus 0035:00
[    1.401593] pci_bus 0035:00: root bus resource [mem 0x620c280000000-0x620c2fffeffff] (bus address [0x80000000-0xfffeffff])
[    1.401652] pci_bus 0035:00: root bus resource [mem 0x6228000000000-0x622bf7fffffff 64bit pref]
[    1.401695] pci_bus 0035:00: root bus resource [bus 00-ff]
[    1.401734] pci_bus 0035:00: busn_res: [bus 00-ff] end is updated to ff
[    1.401805] pci 0035:00:00.0: [1014:04c1] type 01 class 0x060400
[    1.402106] pci 0035:00:00.0: PME# supported from D0 D3hot D3cold
[    1.409529] pci 0035:01:00.0: [10b5:8725] type 01 class 0x060400
[    1.409632] pci 0035:01:00.0: reg 0x10: [mem 0x620c282000000-0x620c28203ffff]
[    1.410014] pci 0035:01:00.0: PME# supported from D0 D3hot D3cold
[    1.417440] pci 0035:00:00.0: PCI bridge to [bus 01-09]
[    1.417466] pci 0035:00:00.0:   bridge window [io  0x0000-0x0fff]
[    1.418586] pci 0035:02:04.0: [10b5:8725] type 01 class 0x060400
[    1.419032] pci 0035:02:04.0: PME# supported from D0 D3hot D3cold
[    1.419519] pci 0035:02:05.0: [10b5:8725] type 01 class 0x060400
[    1.419968] pci 0035:02:05.0: PME# supported from D0 D3hot D3cold
[    1.421999] pci 0035:02:0d.0: [10b5:8725] type 01 class 0x060400
[    1.422451] pci 0035:02:0d.0: PME# supported from D0 D3hot D3cold
[    1.426895] pci 0035:01:00.0: PCI bridge to [bus 02-09]
[    1.427215] pci 0035:03:00.0: [10de:1db1] type 00 class 0x030200
[    1.427316] pci 0035:03:00.0: reg 0x10: [mem 0x620c280000000-0x620c280ffffff]
[    1.427367] pci 0035:03:00.0: reg 0x14: [mem 0x6228000000000-0x62283ffffffff 64bit pref]
[    1.427446] pci 0035:03:00.0: reg 0x1c: [mem 0x6228400000000-0x6228401ffffff 64bit pref]
[    1.427900] pci 0035:03:00.0: 15.752 Gb/s available PCIe bandwidth, limited by 8 GT/s x2 link at 0035:02:04.0 (capable of 126.016 Gb/s with 8 GT/s x16 link)
[    1.435144] pci 0035:02:04.0: PCI bridge to [bus 03]
[    1.435359] pci 0035:04:00.0: [10de:1db1] type 00 class 0x030200
[    1.435464] pci 0035:04:00.0: reg 0x10: [mem 0x620c281000000-0x620c281ffffff]
[    1.435545] pci 0035:04:00.0: reg 0x14: [mem 0x6228800000000-0x6228bffffffff 64bit pref]
[    1.435626] pci 0035:04:00.0: reg 0x1c: [mem 0x6228600000000-0x6228601ffffff 64bit pref]
[    1.436076] pci 0035:04:00.0: 15.752 Gb/s available PCIe bandwidth, limited by 8 GT/s x2 link at 0035:02:05.0 (capable of 126.016 Gb/s with 8 GT/s x16 link)
[    1.443329] pci 0035:02:05.0: PCI bridge to [bus 04]
[    1.450561] pci 0035:02:0d.0: PCI bridge to [bus 05-09]
[    1.450683] pci_bus 0035:00: busn_res: [bus 00-ff] end is updated to 09
[    1.450773] PCI host bridge to bus 0006:00
[    1.450808] pci_bus 0006:00: root bus resource [mem 0x6030201600000-0x603020171ffff]
[    1.450860] pci_bus 0006:00: root bus resource [bus 00-ff]
[    1.450900] pci_bus 0006:00: busn_res: [bus 00-ff] end is updated to ff
[    1.450950] pci 0006:00:00.0: [1014:04ea] type 00 class 0x068001
[    1.451055] pci 0006:00:00.0: reg 0x10: [mem 0x6030201600000-0x603020161ffff 64bit]
[    1.451105] pci 0006:00:00.0: reg 0x18: [mem 0x60302016c0000-0x60302016cffff 64bit]
[    1.451334] pci 0006:00:00.1: [1014:04ea] type 00 class 0x068001
[    1.451439] pci 0006:00:00.1: reg 0x10: [mem 0x6030201620000-0x603020163ffff 64bit]
[    1.451513] pci 0006:00:00.1: reg 0x18: [mem 0x60302016d0000-0x60302016dffff 64bit]
[    1.451746] pci 0006:00:00.2: [1014:04ea] type 00 class 0x068001
[    1.451872] pci 0006:00:00.2: reg 0x10: [mem 0x6030201640000-0x603020165ffff 64bit]
[    1.451946] pci 0006:00:00.2: reg 0x18: [mem 0x60302016e0000-0x60302016effff 64bit]
[    1.452416] pci 0006:00:01.0: [1014:04ea] type 00 class 0x068001
[    1.452510] pci 0006:00:01.0: reg 0x10: [mem 0x6030201660000-0x603020167ffff 64bit]
[    1.452579] pci 0006:00:01.0: reg 0x18: [mem 0x60302016f0000-0x60302016fffff 64bit]
[    1.452806] pci 0006:00:01.1: [1014:04ea] type 00 class 0x068001
[    1.452924] pci 0006:00:01.1: reg 0x10: [mem 0x6030201680000-0x603020169ffff 64bit]
[    1.452983] pci 0006:00:01.1: reg 0x18: [mem 0x6030201700000-0x603020170ffff 64bit]
[    1.453218] pci 0006:00:01.2: [1014:04ea] type 00 class 0x068001
[    1.453343] pci 0006:00:01.2: reg 0x10: [mem 0x60302016a0000-0x60302016bffff 64bit]
[    1.453410] pci 0006:00:01.2: reg 0x18: [mem 0x6030201710000-0x603020171ffff 64bit]
[    1.460718] pci_bus 0006:00: busn_res: [bus 00-ff] end is updated to 00
[    1.460801] PCI host bridge to bus 0007:00
[    1.460814] pci_bus 0007:00: root bus resource [mem 0x6230201600000-0x623020171ffff]
[    1.460857] pci_bus 0007:00: root bus resource [bus 00-ff]
[    1.460894] pci_bus 0007:00: busn_res: [bus 00-ff] end is updated to ff
[    1.460943] pci 0007:00:00.0: [1014:04ea] type 00 class 0x068001
[    1.461047] pci 0007:00:00.0: reg 0x10: [mem 0x6230201600000-0x623020161ffff 64bit]
[    1.461127] pci 0007:00:00.0: reg 0x18: [mem 0x62302016c0000-0x62302016cffff 64bit]
[    1.461354] pci 0007:00:00.1: [1014:04ea] type 00 class 0x068001
[    1.461473] pci 0007:00:00.1: reg 0x10: [mem 0x6230201620000-0x623020163ffff 64bit]
[    1.461553] pci 0007:00:00.1: reg 0x18: [mem 0x62302016d0000-0x62302016dffff 64bit]
[    1.461794] pci 0007:00:00.2: [1014:04ea] type 00 class 0x068001
[    1.461907] pci 0007:00:00.2: reg 0x10: [mem 0x6230201640000-0x623020165ffff 64bit]
[    1.461971] pci 0007:00:00.2: reg 0x18: [mem 0x62302016e0000-0x62302016effff 64bit]
[    1.462430] pci 0007:00:01.0: [1014:04ea] type 00 class 0x068001
[    1.462521] pci 0007:00:01.0: reg 0x10: [mem 0x6230201660000-0x623020167ffff 64bit]
[    1.462575] pci 0007:00:01.0: reg 0x18: [mem 0x62302016f0000-0x62302016fffff 64bit]
[    1.462805] pci 0007:00:01.1: [1014:04ea] type 00 class 0x068001
[    1.462913] pci 0007:00:01.1: reg 0x10: [mem 0x6230201680000-0x623020169ffff 64bit]
[    1.462971] pci 0007:00:01.1: reg 0x18: [mem 0x6230201700000-0x623020170ffff 64bit]
[    1.463203] pci 0007:00:01.2: [1014:04ea] type 00 class 0x068001
[    1.463289] pci 0007:00:01.2: reg 0x10: [mem 0x62302016a0000-0x62302016bffff 64bit]
[    1.463357] pci 0007:00:01.2: reg 0x18: [mem 0x6230201710000-0x623020171ffff 64bit]
[    1.470659] pci_bus 0007:00: busn_res: [bus 00-ff] end is updated to 00
[    1.470708] pci 0000:00:00.0: BAR 14: assigned [mem 0x600c000000000-0x600c0003fffff]
[    1.470730] pci 0000:01:00.0: BAR 6: assigned [mem 0x600c000000000-0x600c00001ffff pref]
[    1.470773] pci 0000:01:00.0: BAR 0: assigned [mem 0x600c000020000-0x600c000023fff 64bit]
[    1.470827] pci 0000:00     : [PE# 1fe] Secondary bus 0x0000000000000000 associated with PE#1fe
[    1.471119] pci 0000:01     : [PE# 1fd] Secondary bus 0x0000000000000001 associated with PE#1fd
[    1.471465] pci 0000:01     : [PE# 1fd] Setting up 32-bit TCE table at 0..80000000
[    1.484284] IOMMU table initialized, virtual merging enabled
[    1.484310] pci 0000:01     : [PE# 1fd] Setting up window#0 0..7fffffff pg=1000
[    1.484348] pci 0000:01     : [PE# 1fd] Enabling 64-bit DMA bypass
[    1.484389] pci 0000:00:00.0: PCI bridge to [bus 01]
[    1.484447] pci 0000:00:00.0:   bridge window [mem 0x600c000000000-0x600c07fefffff]
[    1.484496] pci_bus 0000:00: resource 4 [mem 0x600c000000000-0x600c07ffeffff]
[    1.484527] pci_bus 0000:00: resource 5 [mem 0x6000000000000-0x6003fbfffffff 64bit pref]
[    1.484547] pci_bus 0000:01: resource 1 [mem 0x600c000000000-0x600c07fefffff]
[    1.484602] pci 0001:00:00.0: BAR 14: assigned [mem 0x600c080000000-0x600c0807fffff]
[    1.484659] pci 0001:01:00.0: BAR 0: assigned [mem 0x600c080000000-0x600c08000ffff 64bit]
[    1.484721] pci 0001:01:00.0: BAR 2: assigned [mem 0x600c080010000-0x600c080011fff 64bit]
[    1.484793] pci 0001:00     : [PE# fe] Secondary bus 0x0000000000000000 associated with PE#fe
[    1.485108] pci 0001:01     : [PE# fd] Secondary bus 0x0000000000000001 associated with PE#fd
[    1.485425] pci 0001:01     : [PE# fd] Setting up 32-bit TCE table at 0..80000000
[    1.498226] pci 0001:01     : [PE# fd] Setting up window#0 0..7fffffff pg=1000
[    1.498257] pci 0001:01     : [PE# fd] Enabling 64-bit DMA bypass
[    1.498287] pci 0001:00:00.0: PCI bridge to [bus 01]
[    1.498310] pci 0001:00:00.0:   bridge window [mem 0x600c080000000-0x600c0ffefffff]
[    1.498354] pci_bus 0001:00: resource 4 [mem 0x600c080000000-0x600c0fffeffff]
[    1.498385] pci_bus 0001:00: resource 5 [mem 0x6004000000000-0x6007f7fffffff 64bit pref]
[    1.498440] pci_bus 0001:01: resource 1 [mem 0x600c080000000-0x600c0ffefffff]
[    1.498498] pci 0002:00:00.0: BAR 14: assigned [mem 0x600c100000000-0x600c1017fffff]
[    1.498530] pci 0002:01:00.0: BAR 14: assigned [mem 0x600c100000000-0x600c1017fffff]
[    1.498571] pci 0002:01:00.0: BAR 13: no space for [io  size 0x1000]
[    1.498598] pci 0002:01:00.0: BAR 13: failed to assign [io  size 0x1000]
[    1.498641] pci 0002:02:00.0: BAR 0: assigned [mem 0x600c100000000-0x600c100ffffff]
[    1.498689] pci 0002:02:00.0: BAR 1: assigned [mem 0x600c101000000-0x600c10101ffff]
[    1.498731] pci 0002:02:00.0: BAR 2: no space for [io  size 0x0080]
[    1.498787] pci 0002:02:00.0: BAR 2: failed to assign [io  size 0x0080]
[    1.498851] pci 0002:00     : [PE# fe] Secondary bus 0x0000000000000000 associated with PE#fe
[    1.499169] pci 0002:02     : [PE# fd] Secondary bus 0x0000000000000002..0x0000000000000002 associated with PE#fd
[    1.499485] pci 0002:02     : [PE# fd] Setting up 32-bit TCE table at 0..80000000
[    1.512259] pci 0002:02     : [PE# fd] Setting up window#0 0..7fffffff pg=1000
[    1.512289] pci 0002:02     : [PE# fd] Enabling 64-bit DMA bypass
[    1.512307] pci 0002:01:00.0: PCI bridge to [bus 02]
[    1.512342] pci 0002:01:00.0:   bridge window [mem 0x600c100000000-0x600c17fefffff]
[    1.512391] pci 0002:01     : [PE# fc] Secondary bus 0x0000000000000001 associated with PE#fc
[    1.512697] pci 0002:00:00.0: PCI bridge to [bus 01-02]
[    1.512718] pci 0002:00:00.0:   bridge window [mem 0x600c100000000-0x600c17fefffff]
[    1.512772] pci_bus 0002:00: Some PCI device resources are unassigned, try booting with pci=realloc
[    1.512808] pci_bus 0002:00: resource 4 [mem 0x600c100000000-0x600c17ffeffff]
[    1.512839] pci_bus 0002:00: resource 5 [mem 0x6008000000000-0x600bf7fffffff 64bit pref]
[    1.512881] pci_bus 0002:01: resource 1 [mem 0x600c100000000-0x600c17fefffff]
[    1.512956] pci_bus 0002:02: resource 1 [mem 0x600c100000000-0x600c17fefffff]
[    1.513002] pci 0003:00:00.0: bridge window [mem 0x20000000-0x5fffffff 64bit pref] to [bus 01] add_size bc0000000 add_align 400000000
[    1.513098] pci 0003:00:00.0: BAR 15: assigned [mem 0x6020000000000-0x6020bffffffff 64bit pref]
[    1.513146] pci 0003:01:00.0: BAR 7: assigned [mem 0x6020000000000-0x60203ffffffff 64bit pref]
[    1.513240] pci 0003:01:00.1: BAR 7: assigned [mem 0x6020400000000-0x60207ffffffff 64bit pref]
[    1.513332] pci 0003:01:00.0: BAR 0: assigned [mem 0x6020800000000-0x602081fffffff 64bit pref]
[    1.513445] pci 0003:01:00.1: BAR 0: assigned [mem 0x6020820000000-0x602083fffffff 64bit pref]
[    1.513568] pci 0003:00     : [PE# 1fe] Secondary bus 0x0000000000000000 associated with PE#1fe
[    1.513888] pci 0003:01     : [PE# 40] Secondary bus 0x0000000000000001 associated with PE#40
[    1.514224] pci 0003:01     : [PE# 40] Setting up 32-bit TCE table at 0..80000000
[    1.527036] pci 0003:01     : [PE# 40] Setting up window#0 0..7fffffff pg=1000
[    1.527065] pci 0003:01     : [PE# 40] Enabling 64-bit DMA bypass
[    1.527094] pci 0003:00:00.0: PCI bridge to [bus 01]
[    1.527120] pci 0003:00:00.0:   bridge window [mem 0x6020000000000-0x6023fbfffffff 64bit pref]
[    1.527173] pci_bus 0003:00: resource 4 [mem 0x600c180000000-0x600c1fffeffff]
[    1.527193] pci_bus 0003:00: resource 5 [mem 0x6020000000000-0x6023fbfffffff 64bit pref]
[    1.527225] pci_bus 0003:01: resource 2 [mem 0x6020000000000-0x6023fbfffffff 64bit pref]
[    1.527248] pci 0004:02:02.0: bridge window [mem 0x40000000-0x3fffffff 64bit pref] to [bus 03] add_size 40000000 add_align 40000000
[    1.527333] pci 0004:00:00.0: BAR 15: assigned [mem 0x6024000000000-0x6024cffffffff 64bit pref]
[    1.527376] pci 0004:00:00.0: BAR 14: assigned [mem 0x600c200000000-0x600c202ffffff]
[    1.527434] pci 0004:01:00.0: BAR 15: assigned [mem 0x6024000000000-0x6024cffffffff 64bit pref]
[    1.527490] pci 0004:01:00.0: BAR 14: assigned [mem 0x600c200000000-0x600c2027fffff]
[    1.527545] pci 0004:01:00.0: BAR 0: assigned [mem 0x600c202800000-0x600c20283ffff]
[    1.527605] pci 0004:01:00.1: BAR 0: assigned [mem 0x600c202840000-0x600c202841fff]
[    1.527652] pci 0004:01:00.2: BAR 0: assigned [mem 0x600c202850000-0x600c202851fff]
[    1.527706] pci 0004:01:00.3: BAR 0: assigned [mem 0x600c202860000-0x600c202861fff]
[    1.527743] pci 0004:01:00.4: BAR 0: assigned [mem 0x600c202870000-0x600c202871fff]
[    1.527790] pci 0004:01:00.0: BAR 13: no space for [io  size 0x1000]
[    1.527813] pci 0004:01:00.0: BAR 13: failed to assign [io  size 0x1000]
[    1.527843] pci 0004:01:00.0: BAR 13: no space for [io  size 0x1000]
[    1.527882] pci 0004:01:00.0: BAR 13: failed to assign [io  size 0x1000]
[    1.527970] pci 0004:02:0a.0: BAR 15: assigned [mem 0x6024000000000-0x60245ffffffff 64bit pref]
[    1.528038] pci 0004:02:0b.0: BAR 15: assigned [mem 0x6024600000000-0x6024bffffffff 64bit pref]
[    1.528092] pci 0004:02:02.0: BAR 15: assigned [mem 0x6024c00000000-0x6024c3fffffff 64bit pref]
[    1.528147] pci 0004:02:0a.0: BAR 14: assigned [mem 0x600c200000000-0x600c200ffffff]
[    1.528201] pci 0004:02:0b.0: BAR 14: assigned [mem 0x600c201000000-0x600c201ffffff]
[    1.528220] pci 0004:02:02.0: BAR 14: assigned [mem 0x600c202000000-0x600c2027fffff]
[    1.528262] pci 0004:02:02.0: BAR 13: no space for [io  size 0x1000]
[    1.528299] pci 0004:02:02.0: BAR 13: failed to assign [io  size 0x1000]
[    1.528341] pci 0004:02:02.0: BAR 13: no space for [io  size 0x1000]
[    1.528392] pci 0004:02:02.0: BAR 13: failed to assign [io  size 0x1000]
[    1.528443] pci 0004:03:00.0: BAR 5: assigned [mem 0x600c202000000-0x600c2020007ff]
[    1.528511] pci 0004:03:00.0: BAR 6: assigned [mem 0x600c202010000-0x600c20201ffff pref]
[    1.528557] pci 0004:03:00.0: BAR 4: no space for [io  size 0x0020]
[    1.528598] pci 0004:03:00.0: BAR 4: failed to assign [io  size 0x0020]
[    1.528650] pci 0004:03:00.0: BAR 0: no space for [io  size 0x0008]
[    1.528701] pci 0004:03:00.0: BAR 0: failed to assign [io  size 0x0008]
[    1.528739] pci 0004:03:00.0: BAR 2: no space for [io  size 0x0008]
[    1.528777] pci 0004:03:00.0: BAR 2: failed to assign [io  size 0x0008]
[    1.528829] pci 0004:03:00.0: BAR 1: no space for [io  size 0x0004]
[    1.528892] pci 0004:03:00.0: BAR 1: failed to assign [io  size 0x0004]
[    1.528932] pci 0004:03:00.0: BAR 3: no space for [io  size 0x0004]
[    1.528968] pci 0004:03:00.0: BAR 3: failed to assign [io  size 0x0004]
[    1.529031] pci 0004:00     : [PE# fe] Secondary bus 0x0000000000000000 associated with PE#fe
[    1.529361] pci 0004:03     : [PE# fd] Secondary bus 0x0000000000000003 associated with PE#fd
[    1.529671] pci 0004:03     : [PE# fd] Setting up 32-bit TCE table at 0..80000000
[    1.542492] pci 0004:03     : [PE# fd] Setting up window#0 0..7fffffff pg=1000
[    1.542522] pci 0004:03     : [PE# fd] Enabling 64-bit DMA bypass
[    1.542540] pci 0004:02:02.0: PCI bridge to [bus 03]
[    1.542574] pci 0004:02:02.0:   bridge window [mem 0x600c202000000-0x600c2027fffff]
[    1.542608] pci 0004:02:02.0:   bridge window [mem 0x6024c00000000-0x6024c3fffffff 64bit pref]
[    1.542674] pci 0004:04:00.0: BAR 1: assigned [mem 0x6024000000000-0x60243ffffffff 64bit pref]
[    1.542738] pci 0004:04:00.0: BAR 3: assigned [mem 0x6024400000000-0x6024401ffffff 64bit pref]
[    1.542799] pci 0004:04:00.0: BAR 0: assigned [mem 0x600c200000000-0x600c200ffffff]
[    1.542920] pci 0004:04     : [PE# 00] Secondary bus 0x0000000000000004 associated with PE#0
[    1.543470] pci 0004:04     : [PE# 00] Setting up 32-bit TCE table at 0..80000000
[    1.556310] pci 0004:04     : [PE# 00] Setting up window#0 0..7fffffff pg=1000
[    1.556338] pci 0004:04     : [PE# 00] Enabling 64-bit DMA bypass
[    1.556378] pci 0004:02:0a.0: PCI bridge to [bus 04]
[    1.556422] pci 0004:02:0a.0:   bridge window [mem 0x600c200000000-0x600c200ffffff]
[    1.556445] pci 0004:02:0a.0:   bridge window [mem 0x6024000000000-0x60245ffffffff 64bit pref]
[    1.556477] pci 0004:05:00.0: BAR 1: assigned [mem 0x6024800000000-0x6024bffffffff 64bit pref]
[    1.556539] pci 0004:05:00.0: BAR 3: assigned [mem 0x6024600000000-0x6024601ffffff 64bit pref]
[    1.556578] pci 0004:05:00.0: BAR 0: assigned [mem 0x600c201000000-0x600c201ffffff]
[    1.556665] pci 0004:05     : [PE# 18] Secondary bus 0x0000000000000005 associated with PE#18
[    1.557205] pci 0004:05     : [PE# 18] Setting up 32-bit TCE table at 0..80000000
[    1.570028] pci 0004:05     : [PE# 18] Setting up window#0 0..7fffffff pg=1000
[    1.570055] pci 0004:05     : [PE# 18] Enabling 64-bit DMA bypass
[    1.570085] pci 0004:02:0b.0: PCI bridge to [bus 05]
[    1.570107] pci 0004:02:0b.0:   bridge window [mem 0x600c201000000-0x600c201ffffff]
[    1.570141] pci 0004:02:0b.0:   bridge window [mem 0x6024600000000-0x6024bffffffff 64bit pref]
[    1.570205] pci 0004:02:0c.0: PCI bridge to [bus 06-0a]
[    1.570246] pci 0004:02     : [PE# fc] Secondary bus 0x0000000000000002 associated with PE#fc
[    1.570531] pci 0004:01:00.0: PCI bridge to [bus 02-0a]
[    1.570555] pci 0004:01:00.0:   bridge window [mem 0x600c200000000-0x600c27fefffff]
[    1.570587] pci 0004:01:00.0:   bridge window [mem 0x6024000000000-0x6027f7ff0ffff 64bit pref]
[    1.570652] pci 0004:01     : [PE# fb] Secondary bus 0x0000000000000001 associated with PE#fb
[    1.570968] pci 0004:01     : [PE# fb] Setting up 32-bit TCE table at 0..80000000
[    1.583805] pci 0004:01     : [PE# fb] Setting up window#0 0..7fffffff pg=1000
[    1.583835] pci 0004:01     : [PE# fb] Enabling 64-bit DMA bypass
[    1.583853] pci 0004:00:00.0: PCI bridge to [bus 01-0a]
[    1.583887] pci 0004:00:00.0:   bridge window [mem 0x600c200000000-0x600c27fefffff]
[    1.583922] pci 0004:00:00.0:   bridge window [mem 0x6024000000000-0x6027f7ff0ffff 64bit pref]
[    1.583964] pci_bus 0004:00: Some PCI device resources are unassigned, try booting with pci=realloc
[    1.584008] pci_bus 0004:00: resource 4 [mem 0x600c200000000-0x600c27ffeffff]
[    1.584038] pci_bus 0004:00: resource 5 [mem 0x6024000000000-0x6027f7fffffff 64bit pref]
[    1.584091] pci_bus 0004:01: resource 1 [mem 0x600c200000000-0x600c27fefffff]
[    1.584120] pci_bus 0004:01: resource 2 [mem 0x6024000000000-0x6027f7ff0ffff 64bit pref]
[    1.584162] pci_bus 0004:02: resource 1 [mem 0x600c200000000-0x600c27fefffff]
[    1.584203] pci_bus 0004:02: resource 2 [mem 0x6024000000000-0x6027f7ff0ffff 64bit pref]
[    1.584232] pci_bus 0004:03: resource 1 [mem 0x600c202000000-0x600c2027fffff]
[    1.584264] pci_bus 0004:03: resource 2 [mem 0x6024c00000000-0x6024c3fffffff 64bit pref]
[    1.584317] pci_bus 0004:04: resource 1 [mem 0x600c200000000-0x600c200ffffff]
[    1.584371] pci_bus 0004:04: resource 2 [mem 0x6024000000000-0x60245ffffffff 64bit pref]
[    1.584424] pci_bus 0004:05: resource 1 [mem 0x600c201000000-0x600c201ffffff]
[    1.584477] pci_bus 0004:05: resource 2 [mem 0x6024600000000-0x6024bffffffff 64bit pref]
[    1.584524] pci 0005:00:00.0: BAR 15: assigned [mem 0x6028000000000-0x602803fffffff 64bit pref]
[    1.584590] pci 0005:01:00.0: BAR 0: assigned [mem 0x6028000000000-0x602800000ffff 64bit pref]
[    1.584665] pci 0005:01:00.0: BAR 2: assigned [mem 0x6028000010000-0x602800001ffff 64bit pref]
[    1.584761] pci 0005:01:00.0: BAR 4: assigned [mem 0x6028000020000-0x602800002ffff 64bit pref]
[    1.584869] pci 0005:01:00.1: BAR 0: assigned [mem 0x6028000030000-0x602800003ffff 64bit pref]
[    1.584944] pci 0005:01:00.1: BAR 2: assigned [mem 0x6028000040000-0x602800004ffff 64bit pref]
[    1.585031] pci 0005:01:00.1: BAR 4: assigned [mem 0x6028000050000-0x602800005ffff 64bit pref]
[    1.585114] pci 0005:00     : [PE# fe] Secondary bus 0x0000000000000000 associated with PE#fe
[    1.585445] pci 0005:01     : [PE# 00] Secondary bus 0x0000000000000001 associated with PE#0
[    1.585741] pci 0005:01     : [PE# 00] Setting up 32-bit TCE table at 0..80000000
[    1.598558] pci 0005:01     : [PE# 00] Setting up window#0 0..7fffffff pg=1000
[    1.598588] pci 0005:01     : [PE# 00] Enabling 64-bit DMA bypass
[    1.598615] pci 0005:00:00.0: PCI bridge to [bus 01]
[    1.598642] pci 0005:00:00.0:   bridge window [mem 0x6028000000000-0x602bf7fffffff 64bit pref]
[    1.598682] pci_bus 0005:00: resource 4 [mem 0x600c280000000-0x600c2fffeffff]
[    1.598725] pci_bus 0005:00: resource 5 [mem 0x6028000000000-0x602bf7fffffff 64bit pref]
[    1.598789] pci_bus 0005:01: resource 2 [mem 0x6028000000000-0x602bf7fffffff 64bit pref]
[    1.598848] pci 0030:00:00.0: bridge window [mem 0x20000000-0x3fffffff 64bit pref] to [bus 01] add_size be0000000 add_align 400000000
[    1.598930] pci 0030:00:00.0: BAR 15: assigned [mem 0x6200000000000-0x6200bffffffff 64bit pref]
[    1.598995] pci 0030:00:00.0: BAR 14: assigned [mem 0x620c000000000-0x620c0003fffff]
[    1.599053] pci 0030:01:00.0: BAR 7: assigned [mem 0x6200000000000-0x62003ffffffff 64bit pref]
[    1.599133] pci 0030:01:00.1: BAR 7: assigned [mem 0x6200400000000-0x62007ffffffff 64bit pref]
[    1.599224] pci 0030:01:00.0: BAR 0: assigned [mem 0x6200800000000-0x6200807ffffff 64bit pref]
[    1.599339] pci 0030:01:00.1: BAR 0: assigned [mem 0x6200808000000-0x620080fffffff 64bit pref]
[    1.599478] pci 0030:01:00.0: BAR 6: assigned [mem 0x620c000000000-0x620c0000fffff pref]
[    1.599518] pci 0030:01:00.1: BAR 6: assigned [mem 0x620c000100000-0x620c0001fffff pref]
[    1.599551] pci 0030:00     : [PE# 1fe] Secondary bus 0x0000000000000000 associated with PE#1fe
[    1.599883] pci 0030:01     : [PE# 40] Secondary bus 0x0000000000000001 associated with PE#40
[    1.600193] pci 0030:01     : [PE# 40] Setting up 32-bit TCE table at 0..80000000
[    1.612991] pci 0030:01     : [PE# 40] Setting up window#0 0..7fffffff pg=1000
[    1.613103] pci 0030:01     : [PE# 40] Enabling 64-bit DMA bypass
[    1.613143] pci 0030:00:00.0: PCI bridge to [bus 01]
[    1.613166] pci 0030:00:00.0:   bridge window [mem 0x620c000000000-0x620c07fefffff]
[    1.613214] pci 0030:00:00.0:   bridge window [mem 0x6200000000000-0x6203fbff0ffff 64bit pref]
[    1.613257] pci_bus 0030:00: resource 4 [mem 0x620c000000000-0x620c07ffeffff]
[    1.613300] pci_bus 0030:00: resource 5 [mem 0x6200000000000-0x6203fbfffffff 64bit pref]
[    1.613342] pci_bus 0030:01: resource 1 [mem 0x620c000000000-0x620c07fefffff]
[    1.613371] pci_bus 0030:01: resource 2 [mem 0x6200000000000-0x6203fbff0ffff 64bit pref]
[    1.613417] pci 0033:00:00.0: bridge window [mem 0x20000000-0x5fffffff 64bit pref] to [bus 01] add_size bc0000000 add_align 400000000
[    1.613475] pci 0033:00:00.0: BAR 15: assigned [mem 0x6220000000000-0x6220bffffffff 64bit pref]
[    1.613522] pci 0033:01:00.0: BAR 7: assigned [mem 0x6220000000000-0x62203ffffffff 64bit pref]
[    1.613615] pci 0033:01:00.1: BAR 7: assigned [mem 0x6220400000000-0x62207ffffffff 64bit pref]
[    1.613709] pci 0033:01:00.0: BAR 0: assigned [mem 0x6220800000000-0x622081fffffff 64bit pref]
[    1.613858] pci 0033:01:00.1: BAR 0: assigned [mem 0x6220820000000-0x622083fffffff 64bit pref]
[    1.613955] pci 0033:00     : [PE# 1fe] Secondary bus 0x0000000000000000 associated with PE#1fe
[    1.614276] pci 0033:01     : [PE# 40] Secondary bus 0x0000000000000001 associated with PE#40
[    1.614625] pci 0033:01     : [PE# 40] Setting up 32-bit TCE table at 0..80000000
[    1.627447] pci 0033:01     : [PE# 40] Setting up window#0 0..7fffffff pg=1000
[    1.627472] pci 0033:01     : [PE# 40] Enabling 64-bit DMA bypass
[    1.627500] pci 0033:00:00.0: PCI bridge to [bus 01]
[    1.627528] pci 0033:00:00.0:   bridge window [mem 0x6220000000000-0x6223fbfffffff 64bit pref]
[    1.627572] pci_bus 0033:00: resource 4 [mem 0x620c180000000-0x620c1fffeffff]
[    1.627592] pci_bus 0033:00: resource 5 [mem 0x6220000000000-0x6223fbfffffff 64bit pref]
[    1.627622] pci_bus 0033:01: resource 2 [mem 0x6220000000000-0x6223fbfffffff 64bit pref]
[    1.627675] pci 0034:00     : [PE# fe] Secondary bus 0x0000000000000000 associated with PE#fe
[    1.627980] pci 0034:00:00.0: PCI bridge to [bus 01]
[    1.628036] pci_bus 0034:00: resource 4 [mem 0x620c200000000-0x620c27ffeffff]
[    1.628100] pci_bus 0034:00: resource 5 [mem 0x6224000000000-0x6227f7fffffff 64bit pref]
[    1.628174] pci 0035:00:00.0: BAR 15: assigned [mem 0x6228000000000-0x6228bffffffff 64bit pref]
[    1.628221] pci 0035:00:00.0: BAR 14: assigned [mem 0x620c280000000-0x620c2827fffff]
[    1.628275] pci 0035:01:00.0: BAR 15: assigned [mem 0x6228000000000-0x6228bffffffff 64bit pref]
[    1.628297] pci 0035:01:00.0: BAR 14: assigned [mem 0x620c280000000-0x620c281ffffff]
[    1.628339] pci 0035:01:00.0: BAR 0: assigned [mem 0x620c282000000-0x620c28203ffff]
[    1.628390] pci 0035:02:04.0: BAR 15: assigned [mem 0x6228000000000-0x62285ffffffff 64bit pref]
[    1.628423] pci 0035:02:05.0: BAR 15: assigned [mem 0x6228600000000-0x6228bffffffff 64bit pref]
[    1.628477] pci 0035:02:04.0: BAR 14: assigned [mem 0x620c280000000-0x620c280ffffff]
[    1.628541] pci 0035:02:05.0: BAR 14: assigned [mem 0x620c281000000-0x620c281ffffff]
[    1.628573] pci 0035:03:00.0: BAR 1: assigned [mem 0x6228000000000-0x62283ffffffff 64bit pref]
[    1.628670] pci 0035:03:00.0: BAR 3: assigned [mem 0x6228400000000-0x6228401ffffff 64bit pref]
[    1.628758] pci 0035:03:00.0: BAR 0: assigned [mem 0x620c280000000-0x620c280ffffff]
[    1.628806] pci 0035:00     : [PE# fe] Secondary bus 0x0000000000000000 associated with PE#fe
[    1.629169] pci 0035:03     : [PE# 00] Secondary bus 0x0000000000000003 associated with PE#0
[    1.629740] pci 0035:03     : [PE# 00] Setting up 32-bit TCE table at 0..80000000
[    1.642554] pci 0035:03     : [PE# 00] Setting up window#0 0..7fffffff pg=1000
[    1.642580] pci 0035:03     : [PE# 00] Enabling 64-bit DMA bypass
[    1.642608] pci 0035:02:04.0: PCI bridge to [bus 03]
[    1.642632] pci 0035:02:04.0:   bridge window [mem 0x620c280000000-0x620c280ffffff]
[    1.642666] pci 0035:02:04.0:   bridge window [mem 0x6228000000000-0x62285ffffffff 64bit pref]
[    1.642732] pci 0035:04:00.0: BAR 1: assigned [mem 0x6228800000000-0x6228bffffffff 64bit pref]
[    1.642799] pci 0035:04:00.0: BAR 3: assigned [mem 0x6228600000000-0x6228601ffffff 64bit pref]
[    1.642888] pci 0035:04:00.0: BAR 0: assigned [mem 0x620c281000000-0x620c281ffffff]
[    1.642990] pci 0035:04     : [PE# 18] Secondary bus 0x0000000000000004 associated with PE#18
[    1.643539] pci 0035:04     : [PE# 18] Setting up 32-bit TCE table at 0..80000000
[    1.656355] pci 0035:04     : [PE# 18] Setting up window#0 0..7fffffff pg=1000
[    1.656379] pci 0035:04     : [PE# 18] Enabling 64-bit DMA bypass
[    1.656418] pci 0035:02:05.0: PCI bridge to [bus 04]
[    1.656441] pci 0035:02:05.0:   bridge window [mem 0x620c281000000-0x620c281ffffff]
[    1.656478] pci 0035:02:05.0:   bridge window [mem 0x6228600000000-0x6228bffffffff 64bit pref]
[    1.656519] pci 0035:02:0d.0: PCI bridge to [bus 05-09]
[    1.656575] pci 0035:02     : [PE# fd] Secondary bus 0x0000000000000002 associated with PE#fd
[    1.656883] pci 0035:01:00.0: PCI bridge to [bus 02-09]
[    1.656922] pci 0035:01:00.0:   bridge window [mem 0x620c280000000-0x620c2ffefffff]
[    1.656973] pci 0035:01:00.0:   bridge window [mem 0x6228000000000-0x622bf7ff0ffff 64bit pref]
[    1.657017] pci 0035:01     : [PE# fc] Secondary bus 0x0000000000000001 associated with PE#fc
[    1.657332] pci 0035:00:00.0: PCI bridge to [bus 01-09]
[    1.657362] pci 0035:00:00.0:   bridge window [mem 0x620c280000000-0x620c2ffefffff]
[    1.657403] pci 0035:00:00.0:   bridge window [mem 0x6228000000000-0x622bf7ff0ffff 64bit pref]
[    1.657469] pci_bus 0035:00: resource 4 [mem 0x620c280000000-0x620c2fffeffff]
[    1.657510] pci_bus 0035:00: resource 5 [mem 0x6228000000000-0x622bf7fffffff 64bit pref]
[    1.657541] pci_bus 0035:01: resource 1 [mem 0x620c280000000-0x620c2ffefffff]
[    1.657594] pci_bus 0035:01: resource 2 [mem 0x6228000000000-0x622bf7ff0ffff 64bit pref]
[    1.657647] pci_bus 0035:02: resource 1 [mem 0x620c280000000-0x620c2ffefffff]
[    1.657695] pci_bus 0035:02: resource 2 [mem 0x6228000000000-0x622bf7ff0ffff 64bit pref]
[    1.657749] pci_bus 0035:03: resource 1 [mem 0x620c280000000-0x620c280ffffff]
[    1.657802] pci_bus 0035:03: resource 2 [mem 0x6228000000000-0x62285ffffffff 64bit pref]
[    1.657855] pci_bus 0035:04: resource 1 [mem 0x620c281000000-0x620c281ffffff]
[    1.657909] pci_bus 0035:04: resource 2 [mem 0x6228600000000-0x6228bffffffff 64bit pref]
[    1.657970] pci 0006:00:00.0: BAR 0: assigned [mem 0x6030201600000-0x603020161ffff 64bit]
[    1.658069] pci 0006:00:00.1: BAR 0: assigned [mem 0x6030201620000-0x603020163ffff 64bit]
[    1.658168] pci 0006:00:00.2: BAR 0: assigned [mem 0x6030201640000-0x603020165ffff 64bit]
[    1.658271] pci 0006:00:01.0: BAR 0: assigned [mem 0x6030201660000-0x603020167ffff 64bit]
[    1.658373] pci 0006:00:01.1: BAR 0: assigned [mem 0x6030201680000-0x603020169ffff 64bit]
[    1.658475] pci 0006:00:01.2: BAR 0: assigned [mem 0x60302016a0000-0x60302016bffff 64bit]
[    1.658578] pci 0006:00:00.0: BAR 2: assigned [mem 0x60302016c0000-0x60302016cffff 64bit]
[    1.658677] pci 0006:00:00.1: BAR 2: assigned [mem 0x60302016d0000-0x60302016dffff 64bit]
[    1.658784] pci 0006:00:00.2: BAR 2: assigned [mem 0x60302016e0000-0x60302016effff 64bit]
[    1.658891] pci 0006:00:01.0: BAR 2: assigned [mem 0x60302016f0000-0x60302016fffff 64bit]
[    1.658966] pci 0006:00:01.1: BAR 2: assigned [mem 0x6030201700000-0x603020170ffff 64bit]
[    1.659070] pci 0006:00:01.2: BAR 2: assigned [mem 0x6030201710000-0x603020171ffff 64bit]
[    1.659185] pci_bus 0006:00: resource 4 [mem 0x6030201600000-0x603020171ffff]
[    1.659227] pci 0007:00:00.0: BAR 0: assigned [mem 0x6230201600000-0x623020161ffff 64bit]
[    1.659314] pci 0007:00:00.1: BAR 0: assigned [mem 0x6230201620000-0x623020163ffff 64bit]
[    1.659415] pci 0007:00:00.2: BAR 0: assigned [mem 0x6230201640000-0x623020165ffff 64bit]
[    1.659518] pci 0007:00:01.0: BAR 0: assigned [mem 0x6230201660000-0x623020167ffff 64bit]
[    1.659610] pci 0007:00:01.1: BAR 0: assigned [mem 0x6230201680000-0x623020169ffff 64bit]
[    1.659709] pci 0007:00:01.2: BAR 0: assigned [mem 0x62302016a0000-0x62302016bffff 64bit]
[    1.659807] pci 0007:00:00.0: BAR 2: assigned [mem 0x62302016c0000-0x62302016cffff 64bit]
[    1.659899] pci 0007:00:00.1: BAR 2: assigned [mem 0x62302016d0000-0x62302016dffff 64bit]
[    1.659982] pci 0007:00:00.2: BAR 2: assigned [mem 0x62302016e0000-0x62302016effff 64bit]
[    1.660074] pci 0007:00:01.0: BAR 2: assigned [mem 0x62302016f0000-0x62302016fffff 64bit]
[    1.660168] pci 0007:00:01.1: BAR 2: assigned [mem 0x6230201700000-0x623020170ffff 64bit]
[    1.660270] pci 0007:00:01.2: BAR 2: assigned [mem 0x6230201710000-0x623020171ffff 64bit]
[    1.660376] pci_bus 0007:00: resource 4 [mem 0x6230201600000-0x623020171ffff]
[    1.660462] pci 0006:00:00.0: [PE# 0d] Associated device to PE
[    1.660537] pci 0006:00:00.1: Associating to existing PE d
[    1.660597] pci 0006:00:00.2: Associating to existing PE d
[    1.660652] pci 0006:00:01.0: [PE# 0c] Associated device to PE
[    1.660721] pci 0006:00:01.1: Associating to existing PE c
[    1.660783] pci 0006:00:01.2: Associating to existing PE c
[    1.660833] NPU6: Found 1 MMIO ATSD registers
[    1.660869] pci 0007:00:00.0: [PE# 0d] Associated device to PE
[    1.660957] pci 0007:00:00.1: Associating to existing PE d
[    1.661041] pci 0007:00:00.2: Associating to existing PE d
[    1.661123] pci 0007:00:01.0: [PE# 0c] Associated device to PE
[    1.661229] pci 0007:00:01.1: Associating to existing PE c
[    1.661314] pci 0007:00:01.2: Associating to existing PE c
[    1.661352] NPU7: Found 1 MMIO ATSD registers
[    1.661665] pci 0000:01:00.0: Adding to iommu group 0
[    1.661773] pci 0001:01:00.0: Adding to iommu group 1
[    1.661813] pci 0002:02:00.0: Adding to iommu group 2
[    1.661864] pci 0003:01:00.0: Adding to iommu group 3
[    1.661894] pci 0003:01:00.1: Adding to iommu group 3
[    1.661947] pci 0004:03:00.0: Adding to iommu group 4
[    1.662014] pci 0004:04:00.0: Adding to iommu group 5
[    1.662088] pci 0004:05:00.0: Adding to iommu group 5
[    1.662152] pci 0004:01:00.0: Adding to iommu group 6
[    1.662195] pci 0004:01:00.1: Adding to iommu group 6
[    1.662232] pci 0004:01:00.2: Adding to iommu group 6
[    1.662271] pci 0004:01:00.3: Adding to iommu group 6
[    1.662320] pci 0004:01:00.4: Adding to iommu group 6
[    1.662369] pci 0005:01:00.0: Adding to iommu group 7
[    1.662410] pci 0005:01:00.1: Adding to iommu group 7
[    1.662455] pci 0030:01:00.0: Adding to iommu group 8
[    1.662484] pci 0030:01:00.1: Adding to iommu group 8
[    1.662535] pci 0033:01:00.0: Adding to iommu group 9
[    1.662567] pci 0033:01:00.1: Adding to iommu group 9
[    1.662652] pci 0035:03:00.0: Adding to iommu group 10
[    1.662728] pci 0035:04:00.0: Adding to iommu group 10
[    1.662792] pci 0006:00:00.0: Adding to iommu group 5
[    1.662825] pci 0006:00:00.1: Adding to iommu group 5
[    1.662858] pci 0006:00:00.2: Adding to iommu group 5
[    1.663017] pci 0006:00:01.0: Adding to iommu group 5
[    1.663064] pci 0006:00:01.1: Adding to iommu group 5
[    1.663120] pci 0006:00:01.2: Adding to iommu group 5
[    1.663211] pci 0007:00:00.0: Adding to iommu group 10
[    1.663279] pci 0007:00:00.1: Adding to iommu group 10
[    1.663345] pci 0007:00:00.2: Adding to iommu group 10
[    1.663591] pci 0007:00:01.0: Adding to iommu group 10
[    1.663660] pci 0007:00:01.1: Adding to iommu group 10
[    1.663734] pci 0007:00:01.2: Adding to iommu group 10
[    1.663887] pci 0000:00:00.0: enabling device (0101 -> 0103)
[    1.663942] pci 0001:00:00.0: enabling device (0101 -> 0103)
[    1.663986] pci 0002:00:00.0: enabling device (0101 -> 0103)
[    1.664041] pci 0002:01:00.0: enabling device (0141 -> 0143)
[    1.664099] pci 0003:00:00.0: enabling device (0101 -> 0103)
[    1.664152] pci 0004:00:00.0: enabling device (0101 -> 0103)
[    1.664198] pci 0004:01:00.0: enabling device (0141 -> 0143)
[    1.664256] pci 0004:02:02.0: enabling device (0141 -> 0143)
[    1.664316] pci 0004:02:0a.0: enabling device (0545 -> 0547)
[    1.664360] pci 0004:02:0b.0: enabling device (0545 -> 0547)
[    1.664415] pci 0005:00:00.0: enabling device (0101 -> 0103)
[    1.664501] pci 0030:00:00.0: enabling device (0101 -> 0103)
[    1.664537] pci 0033:00:00.0: enabling device (0101 -> 0103)
[    1.664589] pci 0035:00:00.0: enabling device (0105 -> 0107)
[    1.664634] pci 0035:01:00.0: enabling device (0545 -> 0547)
[    1.664673] pci 0035:02:04.0: enabling device (0545 -> 0547)
[    1.664711] pci 0035:02:05.0: enabling device (0545 -> 0547)
[    1.673785] EEH: PCI Enhanced I/O Error Handling Enabled
[    1.677489] cpuidle-powernv: Default stop: psscr = 0x0000000000000330,mask=0x00000000003003ff
[    1.677516] cpuidle-powernv: Deepest stop: psscr = 0x0000000000300375,mask=0x00000000003003ff
[    1.677546] cpuidle-powernv: First stop level that may lose SPRs = 0x4
[    1.677559] cpuidle-powernv: First stop level that may lose timebase = 0x10
[    1.684064] HugeTLB registered 2.00 MiB page size, pre-allocated 0 pages
[    1.684089] HugeTLB registered 1.00 GiB page size, pre-allocated 0 pages
[    2.201078] alg: No test for lzo-rle (lzo-rle-generic)
[    2.201292] alg: No test for lzo-rle (lzo-rle-scomp)
[    2.209952] pci 0002:02:00.0: vgaarb: VGA device added: decodes=io+mem,owns=none,locks=none
[    2.210002] pci 0002:02:00.0: vgaarb: bridge control possible
[    2.210029] pci 0002:02:00.0: vgaarb: setting as boot device (VGA legacy resources not available)
[    2.210059] vgaarb: loaded
[    2.210398] SCSI subsystem initialized
[    2.210500] usbcore: registered new interface driver usbfs
[    2.210549] usbcore: registered new interface driver hub
[    2.211113] usbcore: registered new device driver usb
[    2.211705] EDAC MC: Ver: 3.0.0
[    2.212456] NetLabel: Initializing
[    2.212470] NetLabel:  domain hash size = 128
[    2.212482] NetLabel:  protocols = UNLABELED CIPSOv4 CALIPSO
[    2.212521] NetLabel:  unlabeled traffic allowed by default
[    2.213458] clocksource: Switched to clocksource timebase
[    2.242506] VFS: Disk quotas dquot_6.6.0
[    2.242745] VFS: Dquot-cache hash table entries: 8192 (order 0, 65536 bytes)
[    2.242936] *** VALIDATE hugetlbfs ***
[    2.246942] NET: Registered protocol family 2
[    2.247622] tcp_listen_portaddr_hash hash table entries: 65536 (order: 4, 1048576 bytes)
[    2.247946] TCP established hash table entries: 524288 (order: 6, 4194304 bytes)
[    2.249453] TCP bind hash table entries: 65536 (order: 4, 1048576 bytes)
[    2.249775] TCP: Hash tables configured (established 524288 bind 65536)
[    2.250084] UDP hash table entries: 65536 (order: 5, 2097152 bytes)
[    2.250719] UDP-Lite hash table entries: 65536 (order: 5, 2097152 bytes)
[    2.251844] NET: Registered protocol family 1
[    2.251893] pci 0001:01:00.0: enabling device (0140 -> 0142)
[    2.252080] pci 0030:01:00.0: enabling device (0140 -> 0142)
[    2.252177] pci 0030:01:00.1: enabling device (0140 -> 0142)
[    2.252380] PCI: CLS 0 bytes, default 128
[    2.252469] Trying to unpack rootfs image as initramfs...
[    2.790725] Freeing initrd memory: 20672K
[    2.791310] rtas_flash: no firmware flash support
[    2.824026] workingset: timestamp_bits=38 max_order=23 bucket_order=0
[    2.827525] zbud: loaded
[    2.831195] NET: Registered protocol family 38
[    2.831215] Key type asymmetric registered
[    2.831225] Asymmetric key parser 'x509' registered
[    2.831257] Block layer SCSI generic (bsg) driver version 0.4 loaded (major 248)
[    2.831589] io scheduler mq-deadline registered
[    2.831602] io scheduler kyber registered
[    2.833730] atomic64_test: passed
[    2.836619] PowerPC PowerNV PCI Hotplug Driver version: 0.1
[    2.837073] pci 0002:02:00.0: enabling device (0141 -> 0143)
[    2.837105] Using unsupported 1024x768 (null) at 600c100010000, depth=32, pitch=4096
[    2.919773] Console: switching to colour frame buffer device 128x48
[    3.001115] fb0: Open Firmware frame buffer device on /pciex@600c3c0200000/pci@0/pci@0/vga@0
[    3.001433] hvc0: raw protocol on /ibm,opal/consoles/serial@0 (boot console)
[    3.001489] hvc0: No interrupts property, using OPAL event
[    3.001945] Serial: 8250/16550 driver, 4 ports, IRQ sharing enabled
[    3.002495] Non-volatile memory driver v1.3
[    3.002561] Linux agpgart interface v0.103
[    3.003866] rdac: device handler registered
[    3.003939] hp_sw: device handler registered
[    3.003962] emc: device handler registered
[    3.004243] alua: device handler registered
[    3.004321] libphy: Fixed MDIO Bus: probed
[    3.004431] ehci_hcd: USB 2.0 'Enhanced' Host Controller (EHCI) Driver
[    3.004496] ehci-pci: EHCI PCI platform driver
[    3.004567] ohci_hcd: USB 1.1 'Open' Host Controller (OHCI) Driver
[    3.004637] ohci-pci: OHCI PCI platform driver
[    3.004695] uhci_hcd: USB Universal Host Controller Interface driver
[    3.004842] xhci_hcd 0001:01:00.0: xHCI Host Controller
[    3.004928] xhci_hcd 0001:01:00.0: new USB bus registered, assigned bus number 1
[    3.005078] xhci_hcd 0001:01:00.0: hcc params 0x0270f06d hci version 0x96 quirks 0x0000000004000000
[    3.005740] usb usb1: New USB device found, idVendor=1d6b, idProduct=0002, bcdDevice= 5.02
[    3.005765] usb usb1: New USB device strings: Mfr=3, Product=2, SerialNumber=1
[    3.005781] usb usb1: Product: xHCI Host Controller
[    3.005806] usb usb1: Manufacturer: Linux 5.2.0-rc6+ xhci-hcd
[    3.005820] usb usb1: SerialNumber: 0001:01:00.0
[    3.006056] hub 1-0:1.0: USB hub found
[    3.006089] hub 1-0:1.0: 4 ports detected
[    3.006352] xhci_hcd 0001:01:00.0: xHCI Host Controller
[    3.006460] xhci_hcd 0001:01:00.0: new USB bus registered, assigned bus number 2
[    3.006505] xhci_hcd 0001:01:00.0: Host supports USB 3.0 SuperSpeed
[    3.006603] usb usb2: We don't know the algorithms for LPM for this host, disabling LPM.
[    3.006668] usb usb2: New USB device found, idVendor=1d6b, idProduct=0003, bcdDevice= 5.02
[    3.006706] usb usb2: New USB device strings: Mfr=3, Product=2, SerialNumber=1
[    3.006756] usb usb2: Product: xHCI Host Controller
[    3.006781] usb usb2: Manufacturer: Linux 5.2.0-rc6+ xhci-hcd
[    3.006819] usb usb2: SerialNumber: 0001:01:00.0
[    3.007042] hub 2-0:1.0: USB hub found
[    3.007094] hub 2-0:1.0: 4 ports detected
[    3.007402] usbcore: registered new interface driver usbserial_generic
[    3.007427] usbserial: USB Serial support registered for generic
[    3.008176] mousedev: PS/2 mouse device common for all mice
[    3.183443] rtc-opal opal-rtc: registered as rtc0
[    3.184355] tpm_i2c_nuvoton 4-0057: VID: 1050 DID: FE RID: 04
[    3.196508] random: crng init done
[    3.303599] powernv-cpufreq: cpufreq pstate min 0x5a nominal 0x54 max 0x0
[    3.303616] powernv-cpufreq: Workload Optimized Frequency is enabled in the platform
[    3.330391] alg: No test for 842 (842-nx)
[    3.332097] hidraw: raw HID events driver (C) Jiri Kosina
[    3.332265] usbcore: registered new interface driver usbhid
[    3.332285] usbhid: USB HID core driver
[    3.332508] drop_monitor: Initializing network drop monitor service
[    3.332695] Initializing XFRM netlink socket
[    3.333297] NET: Registered protocol family 10
[    3.334098] Segment Routing with IPv6
[    3.334128] NET: Registered protocol family 17
[    3.334189] drmem: No dynamic reconfiguration memory found
[    3.334442] registered taskstats version 1
[    3.334631] zswap: loaded using pool lzo/zbud
[    3.334708] pstore: Using crash dump compression: deflate
[    3.341382] Key type big_key registered
[    3.353183] Key type encrypted registered
[    3.353196] ima: Allocated hash algorithm: sha256
[    3.383406] usb 1-3: new high-speed USB device number 2 using xhci_hcd
[    3.480954] No architecture policies found
[    3.480997] evm: Initialising EVM extended attributes:
[    3.481007] evm: security.selinux
[    3.481024] evm: security.ima
[    3.481031] evm: security.capability
[    3.481048] evm: HMAC attrs: 0x1
[    3.534717] rtc-opal opal-rtc: setting system clock to 2019-06-26T23:37:51 UTC (1561592271)
[    3.536730] Freeing unused kernel memory: 4800K
[    3.536741] This architecture does not have kernel memory protection.
[    3.536753] Run /init as init process
[    3.572184] usb 1-3: New USB device found, idVendor=1d6b, idProduct=0107, bcdDevice= 1.00
[    3.572207] usb 1-3: New USB device strings: Mfr=3, Product=2, SerialNumber=1
[    3.572221] usb 1-3: Product: USB Virtual Hub
[    3.572240] usb 1-3: Manufacturer: Aspeed
[    3.572248] usb 1-3: SerialNumber: 00000000
[    3.583790] hub 1-3:1.0: USB hub found
[    3.585040] hub 1-3:1.0: 5 ports detected
[    3.632217] systemd[1]: systemd 219 running in system mode. (+PAM +AUDIT +SELINUX +IMA -APPARMOR +SMACK +SYSVINIT +UTMP +LIBCRYPTSETUP +GCRYPT +GNUTLS +ACL +XZ +LZ4 -SECCOMP +BLKID +ELFUTILS +KMOD +IDN)
[    3.674892] systemd[1]: Detected architecture ppc64-le.
[    3.674904] systemd[1]: Running in initial RAM disk.

Welcome to ^[[0;34mRed Hat Enterprise Linux Server 7.6 (Maipo) dracut-033-554.el7 (Initramfs)^[[0m!

[    3.675026] systemd[1]: Set hostname to <ltc-wspoon15.aus.stglabs.ibm.com>.
[    3.734310] systemd[1]: Created slice Root Slice.
[^[[32m  OK  ^[[0m] Created slice Root Slice.
[    3.734503] systemd[1]: Listening on udev Control Socket.
[^[[32m  OK  ^[[0m] Listening on udev Control Socket.
[    3.734640] systemd[1]: Listening on udev Kernel Socket.
[^[[32m  OK  ^[[0m] Listening on udev Kernel Socket.
[    3.734753] systemd[1]: Reached target Local File Systems.
[^[[32m  OK  ^[[0m] Reached target Local File Systems.
[    3.734939] systemd[1]: Listening on Journal Socket.
[^[[32m  OK  ^[[0m] Listening on Journal Socket.
[    3.735062] systemd[1]: Reached target Sockets.
[^[[32m  OK  ^[[0m] Reached target Sockets.
[^[[32m  OK  ^[[0m] Reached target Timers.
[^[[32m  OK  ^[[0m] Created slice System Slice.
         Starting Journal Service...
         Starting Apply Kernel Variables...
         Starting Create list of required st... nodes for the current kernel...
         Starting dracut cmdline hook...
         Starting Setup Virtual Console...
[^[[32m  OK  ^[[0m] Reached target Slices.
[^[[32m  OK  ^[[0m] Reached target Swap.
[^[[32m  OK  ^[[0m] Started Apply Kernel Variables.
[^[[32m  OK  ^[[0m] Started Create list of required sta...ce nodes for the current kernel.
         Starting Create Static Device Nodes in /dev...
[^[[32m  OK  ^[[0m] Started Create Static Device Nodes in /dev.
[^[[32m  OK  ^[[0m] Started Journal Service.
[^[[32m  OK  ^[[0m] Started dracut cmdline hook.
         Starting dracut pre-udev hook...
[^[[32m  OK  ^[[0m] Started Setup Virtual Console.
[^[[32m  OK  ^[[0m] Started dracut pre-udev hook.
         Starting udev Kernel Device Manager...
[^[[32m  OK  ^[[0m] Started udev Kernel Device Manager.
         Starting udev Coldplug all Devices...
         Mounting Configuration File System...
[^[[32m  OK  ^[[0m] Mounted Configuration File System.
[    4.021884] synth uevent: /devices/vio: failed to send uevent
[    4.021915] vio vio: uevent: failed to send synthetic uevent
[^[[32m  OK  ^[[0m] Started udev Coldplug all Devices.
         Starting Show Plymouth Boot Screen...
         Starting dracut initqueue hook...
[^[[32m  OK  ^[[0m] Reached target System Initialization.
[    4.045307] pps_core: LinuxPPS API ver. 1 registered
[    4.045330] pps_core: Software ver. 5.3.6 - Copyright 2005-2007 Rodolfo Giometti <giometti@linux.it>
[    4.046134] nvme nvme0: pci function 0000:01:00.0
[    4.046262] nvme 0000:01:00.0: enabling device (0140 -> 0142)
[    4.046423] PTP clock support registered
[    4.049477] tg3.c:v3.137 (May 11, 2014)
[    4.049519] tg3 0005:01:00.0: enabling device (0140 -> 0142)
[    4.058859] mlx5_core 0003:01:00.0: enabling device (0140 -> 0142)
[^[[32m  OK  ^[[0m[    4.058996] m]lx5_core 0003:01 :00.0: firmware version: 16.22.8042
Started Show Plymouth Boot Screen.[    4.059053] m^Mlx5_core 0003:01
:00.0: 126.024 Gb/s available PCIe bandwidth (16 GT/s x8 link)
[^[[32m  OK  ^[[0m] Started Forward Password Requests to Plymouth Directory Watch.^M
[^[[32m  OK  ^[[0m] Reached target Paths.^M
[^[[32m  OK  ^[[0m] Reached target Basic System.^M
[    4.062643] ahci 0004:03:00.0: enabling device (0541 -> 0543)
[    4.072952] ahci 0004:03:00.0: AHCI 0001.0000 32 slots 4 ports 6 Gbps 0xf impl SATA mode
[    4.072979] ahci 0004:03:00.0: flags: 64bit ncq sntf led only pmp fbs pio slum part sxs 
[    4.074820] scsi host0: ahci
[    4.075504] scsi host1: ahci
[    4.075829] scsi host2: ahci
[    4.076444] scsi host3: ahci
[    4.076885] ata1: SATA max UDMA/133 abar m2048@0x600c202000000 port 0x600c202000100 irq 93
[    4.076905] ata2: SATA max UDMA/133 abar m2048@0x600c202000000 port 0x600c202000180 irq 93
[    4.076916] ata3: SATA max UDMA/133 abar m2048@0x600c202000000 port 0x600c202000200 irq 93
[    4.076936] ata4: SATA max UDMA/133 abar m2048@0x600c202000000 port 0x600c202000280 irq 93
[    4.081795] tg3 0005:01:00.0 eth0: Tigon3 [partno(BCM95719) rev 5719001] (PCI Express) MAC address 08:94:ef:80:64:b8
[    4.081817] tg3 0005:01:00.0 eth0: attached PHY is 5719C (10/100/1000Base-T Ethernet) (WireSpeed[1], EEE[1])
[    4.081831] tg3 0005:01:00.0 eth0: RXcsums[1] LinkChgREG[0] MIirq[0] ASF[1] TSOcap[1]
[    4.081854] tg3 0005:01:00.0 eth0: dma_rwctrl[00000000] dma_mask[64-bit]
[    4.101423] fb0: switching to astdrmfb from OFfb vga
[    4.101480] Console: switching to colour dummy device 80x25
[    4.101550] tg3 0005:01:00.1: enabling device (0140 -> 0142)
[    4.102249] nouveau 0004:04:00.0: enabling device (0140 -> 0142)
[    4.102305] nouveau 0004:04:00.0: NVIDIA GV100 (140000a1)
[    4.106342] WARNING: CPU: 0 PID: 2487 at arch/powerpc/kernel/eeh.c:357 eeh_check_failure+0x68/0xf0
[    4.106364] Modules linked in: nouveau(+) ast(+) i2c_algo_bit drm_kms_helper ahci syscopyarea sysfillrect libahci sysimgblt fb_sys_fops ttm libata drm mlx5_core(+) drm_panel_orientation_quirks tg3(+) ptp nvme pps_core nvme_core
[    4.106426] CPU: 0 PID: 2487 Comm: kworker/0:4 Not tainted 5.2.0-rc6+ #1
[    4.106454] Workqueue: events work_for_cpu_fn
[    4.106475] NIP:  c000000000043f08 LR: c000000000043eec CTR: c0000000005c2430
[    4.106540] REGS: c000003fd78b72b0 TRAP: 0700   Not tainted  (5.2.0-rc6+)
[    4.106577] MSR:  9000000000029033 <SF,HV,EE,ME,IR,DR,RI,LE>  CR: 84444028  XER: 20040000
[    4.106615] CFAR: c000000000074738 IRQMASK: 0 
[    4.106615] GPR00: 00000000ae012000 c000003fd78b7540 c00000000144a200 c000203fff654348 
[    4.106615] GPR04: c00a00008d301e00 0000000000000000 c000003fd78b7564 0000000000000015 
[    4.106615] GPR08: c000203fff654348 0000000000000001 0000000000000001 4000000000000000 
[    4.106615] GPR12: 0000000000000005 c000000001890000 c0000000001510b8 c000003fefca4ec0 
[    4.106615] GPR16: 0000000400040000 0000000000000000 0000000000000001 0000000000000001 
[    4.106615] GPR20: c000003febbd50b0 0000000000000002 0000000000000000 0000000040000000 
[    4.106615] GPR24: 0000000040000000 0000000040000000 000000000000d600 c000003fc7c77000 
[    4.106615] GPR28: c000003fe6b32a80 000000000000e600 c000003fa9990000 c00a00008d301e00 
[    4.106870] NIP [c000000000043f08] eeh_check_failure+0x68/0xf0
[    4.106898] LR [c000000000043eec] eeh_check_failure+0x4c/0xf0
[    4.106933] Call Trace:
[    4.106942] [c000003fd78b7540] [0000000000000001] 0x1 (unreliable)
[    4.106957] [c000003fd78b7580] [c0000000005c2530] ioread32+0x100/0x170
[    4.107033] [c000003fd78b75b0] [c00800000f0b7008] prom_read+0x78/0xf0 [nouveau]
[    4.107112] [c000003fd78b7600] [c00800000f0b5bb0] shadow_fetch.isra.1+0x90/0x120 [nouveau]
[    4.107191] [c000003fd78b7650] [c00800000f0b5cf8] shadow_image+0xb8/0x360 [nouveau]
[    4.107276] [c000003fd78b7700] [c00800000f0b6040] shadow_method+0xa0/0x1a0 [nouveau]
[    4.107353] [c000003fd78b7780] [c00800000f0b6338] nvbios_shadow+0x1f8/0x3f0 [nouveau]
[    4.107434] [c000003fd78b7910] [c00800000f0a23e8] nvkm_bios_new+0x98/0x530 [nouveau]
[    4.107505] [c000003fd78b79b0] [c00800000f134810] nvkm_device_ctor+0x1610/0x4120 [nouveau]
[    4.107577] [c000003fd78b7aa0] [c00800000f137cb0] nvkm_device_pci_new+0x180/0x3d0 [nouveau]
[    4.107659] [c000003fd78b7b80] [c00800000f1a13a0] nouveau_drm_probe+0x220/0x360 [nouveau]
[    4.107697] [c000003fd78b7bd0] [c0000000006112ec] local_pci_probe+0x6c/0x100
[    4.107732] [c000003fd78b7c50] [c0000000001430f8] work_for_cpu_fn+0x38/0x60
[    4.107776] [c000003fd78b7c80] [c000000000148118] process_one_work+0x1c8/0x4a0
[    4.107821] [c000003fd78b7d20] [c000000000148668] worker_thread+0x278/0x570
[    4.107866] [c000003fd78b7db0] [c000000000151210] kthread+0x160/0x1a0
[    4.107897] [c000003fd78b7e20] [c00000000000ba54] ret_from_kernel_thread+0x5c/0x68
[    4.107931] Instruction dump:
[    4.107962] e8690040 e92d1178 f9210028 39200000 48030631 60000000 2c230000 4182008c 
[    4.108001] 81410024 7d4a0034 554ad97e 694a0001 <0b0a0000> 7d201c28 7bff0420 79295d24 
[    4.108042] ---[ end trace 2a6f56e64fb66de9 ]---
[    4.116797] WARNING: CPU: 0 PID: 2487 at arch/powerpc/kernel/eeh.c:357 eeh_check_failure+0x68/0xf0
[    4.116826] Modules linked in: nouveau(+) ast(+) i2c_algo_bit drm_kms_helper ahci syscopyarea sysfillrect libahci sysimgblt fb_sys_fops ttm libata drm mlx5_core(+) drm_panel_orientation_quirks tg3(+) ptp nvme pps_core nvme_core
[    4.116884] CPU: 0 PID: 2487 Comm: kworker/0:4 Tainted: G        W         5.2.0-rc6+ #1
[    4.116921] Workqueue: events work_for_cpu_fn
[    4.116932] NIP:  c000000000043f08 LR: c000000000043eec CTR: c0000000005c2430
[    4.116968] REGS: c000003fd78b72b0 TRAP: 0700   Tainted: G        W          (5.2.0-rc6+)
[    4.117002] MSR:  9000000000029033 <SF,HV,EE,ME,IR,DR,RI,LE>  CR: 84444028  XER: 00000000
[    4.117046] CFAR: c000000000074738 IRQMASK: 0 
[    4.117046] GPR00: 00000000ae012000 c000003fd78b7540 c00000000144a200 c000203fff654348 
[    4.117046] GPR04: c00a00008d306024 0000000000000000 c000003fd78b7564 0000000000000015 
[    4.117046] GPR08: c000203fff654348 0000000000000001 0000000000000001 4000000000000000 
[    4.117046] GPR12: 0000000000000005 c000000001890000 c0000000001510b8 c000003fefca4ec0 
[    4.117046] GPR16: 0000000400040000 0000000000000000 0000000000000001 0000000000000001 
[    4.117046] GPR20: c000003febbd50b0 0000000000000002 0000000000000000 0000000040000000 
[    4.117046] GPR24: 0000000040000000 0000000040000000 000000000000d600 c000003fc7c77000 
[    4.117046] GPR28: c000003fe6b32a80 000000000000e600 c000003fa9990000 c00a00008d306024 
[    4.117275] NIP [c000000000043f08] eeh_check_failure+0x68/0xf0
[    4.117313] LR [c000000000043eec] eeh_check_failure+0x4c/0xf0
[    4.117357] Call Trace:
[    4.117389] [c000003fd78b7540] [c000000000043f34] eeh_check_failure+0x94/0xf0 (unreliable)
[    4.117428] [c000003fd78b7580] [c0000000005c2530] ioread32+0x100/0x170
[    4.117536] [c000003fd78b75b0] [c00800000f0b7008] prom_read+0x78/0xf0 [nouveau]
[    4.117645] [c000003fd78b7600] [c00800000f0b5bb0] shadow_fetch.isra.1+0x90/0x120 [nouveau]
[    4.117704] [c000003fd78b7650] [c00800000f0b5cf8] shadow_image+0xb8/0x360 [nouveau]
[    4.117767] [c000003fd78b7700] [c00800000f0b6040] shadow_method+0xa0/0x1a0 [nouveau]
[    4.117840] [c000003fd78b7780] [c00800000f0b6338] nvbios_shadow+0x1f8/0x3f0 [nouveau]
[    4.117911] [c000003fd78b7910] [c00800000f0a23e8] nvkm_bios_new+0x98/0x530 [nouveau]
[    4.117976] [c000003fd78b79b0] [c00800000f134810] nvkm_device_ctor+0x1610/0x4120 [nouveau]
[    4.118046] [c000003fd78b7aa0] [c00800000f137cb0] nvkm_device_pci_new+0x180/0x3d0 [nouveau]
[    4.118112] [c000003fd78b7b80] [c00800000f1a13a0] nouveau_drm_probe+0x220/0x360 [nouveau]
[    4.118135] [c000003fd78b7bd0] [c0000000006112ec] local_pci_probe+0x6c/0x100
[    4.118166] [c000003fd78b7c50] [c0000000001430f8] work_for_cpu_fn+0x38/0x60
[    4.118188] [c000003fd78b7c80] [c000000000148118] process_one_work+0x1c8/0x4a0
[    4.118242] [c000003fd78b7d20] [c000000000148668] worker_thread+0x278/0x570
[    4.118272] [c000003fd78b7db0] [c000000000151210] kthread+0x160/0x1a0
[    4.118293] [c000003fd78b7e20] [c00000000000ba54] ret_from_kernel_thread+0x5c/0x68
[    4.118325] Instruction dump:
[    4.118342] e8690040 e92d1178 f9210028 39200000 48030631 60000000 2c230000 4182008c 
[    4.118376] 81410024 7d4a0034 554ad97e 694a0001 <0b0a0000> 7d201c28 7bff0420 79295d24 
[    4.118411] ---[ end trace 2a6f56e64fb66dea ]---
[    4.118724] WARNING: CPU: 0 PID: 2487 at arch/powerpc/kernel/eeh.c:357 eeh_check_failure+0x68/0xf0
[    4.118763] Modules linked in: nouveau(+) ast(+) i2c_algo_bit drm_kms_helper ahci syscopyarea sysfillrect libahci sysimgblt fb_sys_fops ttm libata drm mlx5_core(+) drm_panel_orientation_quirks tg3(+) ptp nvme pps_core nvme_core
[    4.118839] CPU: 0 PID: 2487 Comm: kworker/0:4 Tainted: G        W         5.2.0-rc6+ #1
[    4.118879] Workqueue: events work_for_cpu_fn
[    4.118914] NIP:  c000000000043f08 LR: c000000000043eec CTR: c0000000005c2430
[    4.118961] REGS: c000003fd78b72b0 TRAP: 0700   Tainted: G        W          (5.2.0-rc6+)
[    4.119001] MSR:  9000000000029033 <SF,HV,EE,ME,IR,DR,RI,LE>  CR: 84444028  XER: 00000000
[    4.119032] CFAR: c000000000074738 IRQMASK: 0 
[    4.119032] GPR00: 00000000ae012000 c000003fd78b7540 c00000000144a200 c000203fff654348 
[    4.119032] GPR04: c00a00008d3061e0 0000000000000000 c000003fd78b7564 0000000000000015 
[    4.119032] GPR08: c000203fff654348 0000000000000001 0000000000000001 4000000000000000 
[    4.119032] GPR12: 0000000000000005 c000000001890000 c0000000001510b8 c000003fefca4ec0 
[    4.119032] GPR16: 0000000400040000 0000000000000000 0000000000000001 0000000000000001 
[    4.119032] GPR20: c000003febbd50b0 0000000000000002 0000000000000000 0000000040000000 
[    4.119032] GPR24: 0000000040000000 0000000040000000 000000000000d600 c000003fc7c77000 
[    4.119032] GPR28: c000003fe6b32a80 000000000000e600 c000003fa9990000 c00a00008d3061e0 
[    4.119333] NIP [c000000000043f08] eeh_check_failure+0x68/0xf0
[    4.119357] LR [c000000000043eec] eeh_check_failure+0x4c/0xf0
[    4.119392] Call Trace:
[    4.119409] [c000003fd78b7540] [c000000000043f34] eeh_check_failure+0x94/0xf0 (unreliable)
[    4.119437] [c000003fd78b7580] [c0000000005c2530] ioread32+0x100/0x170
[    4.119511] [c000003fd78b75b0] [c00800000f0b7008] prom_read+0x78/0xf0 [nouveau]
[    4.119597] [c000003fd78b7600] [c00800000f0b5bb0] shadow_fetch.isra.1+0x90/0x120 [nouveau]
[    4.119675] [c000003fd78b7650] [c00800000f0b5cf8] shadow_image+0xb8/0x360 [nouveau]
[    4.119786] [c000003fd78b7700] [c00800000f0b6040] shadow_method+0xa0/0x1a0 [nouveau]
[    4.119880] [c000003fd78b7780] [c00800000f0b6338] nvbios_shadow+0x1f8/0x3f0 [nouveau]
[    4.119988] [c000003fd78b7910] [c00800000f0a23e8] nvkm_bios_new+0x98/0x530 [nouveau]
[    4.120067] [c000003fd78b79b0] [c00800000f134810] nvkm_device_ctor+0x1610/0x4120 [nouveau]
[    4.120142] [c000003fd78b7aa0] [c00800000f137cb0] nvkm_device_pci_new+0x180/0x3d0 [nouveau]
[    4.120212] [c000003fd78b7b80] [c00800000f1a13a0] nouveau_drm_probe+0x220/0x360 [nouveau]
[    4.120237] [c000003fd78b7bd0] [c0000000006112ec] local_pci_probe+0x6c/0x100
[    4.120271] [c000003fd78b7c50] [c0000000001430f8] work_for_cpu_fn+0x38/0x60
[    4.120311] [c000003fd78b7c80] [c000000000148118] process_one_work+0x1c8/0x4a0
[    4.120357] [c000003fd78b7d20] [c000000000148668] worker_thread+0x278/0x570
[    4.120396] [c000003fd78b7db0] [c000000000151210] kthread+0x160/0x1a0
[    4.120428] [c000003fd78b7e20] [c00000000000ba54] ret_from_kernel_thread+0x5c/0x68
[    4.120461] Instruction dump:
[    4.120500] e8690040 e92d1178 f9210028 39200000 48030631 60000000 2c230000 4182008c 
[    4.120533] 81410024 7d4a0034 554ad97e 694a0001 <0b0a0000> 7d201c28 7bff0420 79295d24 
[    4.120579] ---[ end trace 2a6f56e64fb66deb ]---
[    4.120851] WARNING: CPU: 0 PID: 2487 at arch/powerpc/kernel/eeh.c:357 eeh_check_failure+0x68/0xf0
[    4.120891] Modules linked in: nouveau(+) ast(+) i2c_algo_bit drm_kms_helper ahci syscopyarea sysfillrect libahci sysimgblt fb_sys_fops ttm libata drm mlx5_core(+) drm_panel_orientation_quirks tg3(+) ptp nvme pps_core nvme_core
