Return-Path: <linuxppc-dev-bounces+lists+linuxppc-dev=lfdr.de@lists.ozlabs.org>
X-Original-To: lists+linuxppc-dev@lfdr.de
Delivered-To: lists+linuxppc-dev@lfdr.de
Received: from lists.ozlabs.org (lists.ozlabs.org [203.11.71.2])
	by mail.lfdr.de (Postfix) with ESMTPS id 9B0EBFD8E0
	for <lists+linuxppc-dev@lfdr.de>; Fri, 15 Nov 2019 10:28:30 +0100 (CET)
Received: from lists.ozlabs.org (lists.ozlabs.org [IPv6:2401:3900:2:1::3])
	by lists.ozlabs.org (Postfix) with ESMTP id 47DtLz5mdgzF5rK
	for <lists+linuxppc-dev@lfdr.de>; Fri, 15 Nov 2019 20:28:27 +1100 (AEDT)
X-Original-To: linuxppc-dev@lists.ozlabs.org
Delivered-To: linuxppc-dev@lists.ozlabs.org
Authentication-Results: lists.ozlabs.org;
 spf=pass (sender SPF authorized) smtp.mailfrom=suse.de
 (client-ip=195.135.220.15; helo=mx1.suse.de; envelope-from=msuchanek@suse.de;
 receiver=<UNKNOWN>)
Authentication-Results: lists.ozlabs.org;
 dmarc=none (p=none dis=none) header.from=suse.de
Received: from mx1.suse.de (mx2.suse.de [195.135.220.15])
 (using TLSv1.2 with cipher ECDHE-RSA-AES256-GCM-SHA384 (256/256 bits))
 (No client certificate requested)
 by lists.ozlabs.org (Postfix) with ESMTPS id 47DsNT3CmqzF5y8
 for <linuxppc-dev@lists.ozlabs.org>; Fri, 15 Nov 2019 19:44:40 +1100 (AEDT)
X-Virus-Scanned: by amavisd-new at test-mx.suse.de
Received: from relay2.suse.de (unknown [195.135.220.254])
 by mx1.suse.de (Postfix) with ESMTP id 6DDB3AC6F;
 Fri, 15 Nov 2019 08:44:35 +0000 (UTC)
Date: Fri, 15 Nov 2019 09:44:34 +0100
From: Michal =?iso-8859-1?Q?Such=E1nek?= <msuchanek@suse.de>
To: Michael Ellerman <mpe@ellerman.id.au>
Subject: Re: WARN_ONCE does not warn once
Message-ID: <20191115084434.GJ11661@kitsune.suse.cz>
References: <20191114164655.GH11661@kitsune.suse.cz>
 <20191114194417.GI11661@kitsune.suse.cz>
 <875zjleolv.fsf@mpe.ellerman.id.au>
MIME-Version: 1.0
Content-Type: multipart/mixed; boundary="0OAP2g/MAC+5xKAE"
Content-Disposition: inline
Content-Transfer-Encoding: 8bit
In-Reply-To: <875zjleolv.fsf@mpe.ellerman.id.au>
User-Agent: Mutt/1.10.1 (2018-07-13)
X-Mailman-Approved-At: Fri, 15 Nov 2019 20:20:55 +1100
X-BeenThere: linuxppc-dev@lists.ozlabs.org
X-Mailman-Version: 2.1.29
Precedence: list
List-Id: Linux on PowerPC Developers Mail List <linuxppc-dev.lists.ozlabs.org>
List-Unsubscribe: <https://lists.ozlabs.org/options/linuxppc-dev>,
 <mailto:linuxppc-dev-request@lists.ozlabs.org?subject=unsubscribe>
List-Archive: <http://lists.ozlabs.org/pipermail/linuxppc-dev/>
List-Post: <mailto:linuxppc-dev@lists.ozlabs.org>
List-Help: <mailto:linuxppc-dev-request@lists.ozlabs.org?subject=help>
List-Subscribe: <https://lists.ozlabs.org/listinfo/linuxppc-dev>,
 <mailto:linuxppc-dev-request@lists.ozlabs.org?subject=subscribe>
Cc: linuxppc-dev@lists.ozlabs.org
Errors-To: linuxppc-dev-bounces+lists+linuxppc-dev=lfdr.de@lists.ozlabs.org
Sender: "Linuxppc-dev"
 <linuxppc-dev-bounces+lists+linuxppc-dev=lfdr.de@lists.ozlabs.org>


--0OAP2g/MAC+5xKAE
Content-Type: text/plain; charset=iso-8859-1
Content-Disposition: inline
Content-Transfer-Encoding: 8bit

On Fri, Nov 15, 2019 at 03:43:24PM +1100, Michael Ellerman wrote:
> Michal Suchánek <msuchanek@suse.de> writes:
> > On Thu, Nov 14, 2019 at 05:46:55PM +0100, Michal Suchánek wrote:
> >> Hello,
> >> 
> >> on powernv with 5.3.8 kernel I get flood of messages on boot.
> >> 
> >> The messages match WARN_ONCE(1, "opal: OPAL_CONSOLE_FLUSH missing.\n");
> >
> > Asking around it was pointed out that WARN_ONCE warns up to as many
> > times as you have CPUs.
> 
> Does it?
> 
> > Did not bother counting the messages but it may very well be the case it
> > is printed once for each CPU.
> 
> The way it's implemented is slightly racy, but I'd be surprised if every
> CPU hit that race all at once.

Printing a warn_once this early probably forces some peculiar timing.
grep  WARN.*__opal_flush_console dmesg.txt | wc -l gives exactly the
number of CPUs as shown by lscpu.

> 
> Can you give us the full dmesg?

Attaching.

Thanks

Michal

--0OAP2g/MAC+5xKAE
Content-Type: text/plain; charset=us-ascii
Content-Disposition: attachment; filename="dmesg.txt"

[    0.000000] Reserving 2048MB of memory at 128MB for crashkernel (System RAM: 131072MB)
[    0.000000] hash-mmu: Page sizes from device-tree:
[    0.000000] hash-mmu: base_shift=12: shift=12, sllp=0x0000, avpnm=0x00000000, tlbiel=1, penc=0
[    0.000000] hash-mmu: base_shift=12: shift=16, sllp=0x0000, avpnm=0x00000000, tlbiel=1, penc=7
[    0.000000] hash-mmu: base_shift=12: shift=24, sllp=0x0000, avpnm=0x00000000, tlbiel=1, penc=56
[    0.000000] hash-mmu: base_shift=16: shift=16, sllp=0x0110, avpnm=0x00000000, tlbiel=1, penc=1
[    0.000000] hash-mmu: base_shift=16: shift=24, sllp=0x0110, avpnm=0x00000000, tlbiel=1, penc=8
[    0.000000] hash-mmu: base_shift=24: shift=24, sllp=0x0100, avpnm=0x00000001, tlbiel=0, penc=0
[    0.000000] hash-mmu: base_shift=34: shift=34, sllp=0x0120, avpnm=0x000007ff, tlbiel=0, penc=3
[    0.000000] Page orders: linear mapping = 24, virtual = 16, io = 16, vmemmap = 24
[    0.000000] Using 1TB segments
[    0.000000] hash-mmu: Initializing hash mmu with SLB
[    0.000000] Linux version 5.3.8-11.gea9b07d-default (geeko@buildhost) (gcc version 7.4.1 20190905 [gcc-7-branch revision 275407] (SUSE Linux)) #1 SMP Tue Nov 12 18:12:29 UTC 2019 (ea9b07d)
[    0.000000] Found initrd at 0xc000000003470000:0xc000000003e59184
[    0.000000] Using PowerNV machine description
[    0.000000] printk: bootconsole [udbg0] enabled
[    0.000000] CPU maps initialized for 8 threads per core
[    0.000000]  (thread shift is 3)
[    0.000000] Allocated 5888 bytes for 160 pacas
[    0.000000] -----------------------------------------------------
[    0.000000] phys_mem_size     = 0x2000000000
[    0.000000] dcache_bsize      = 0x80
[    0.000000] icache_bsize      = 0x80
[    0.000000] cpu_features      = 0x000002ff8f5db1a7
[    0.000000]   possible        = 0x0001fbffcf5fb1a7
[    0.000000]   always          = 0x00000003800081a1
[    0.000000] cpu_user_features = 0xdc0065c2 0xef000000
[    0.000000] mmu_features      = 0x7c006001
[    0.000000] firmware_features = 0x0000000110000000
[    0.000000] hash-mmu: ppc64_pft_size    = 0x0
[    0.000000] hash-mmu: htab_hash_mask    = 0xfffff
[    0.000000] hash-mmu: kernel vmalloc start   = 0xc008000000000000
[    0.000000] hash-mmu: kernel IO start        = 0xc00a000000000000
[    0.000000] hash-mmu: kernel vmemmap start   = 0xc00c000000000000
[    0.000000] -----------------------------------------------------
[    0.000000] cma: Reserved 6560 MiB at 0x0000001e56000000
[    0.000000] numa:   NODE_DATA [mem 0xfffca8980-0xfffcaffff]
[    0.000000] numa:   NODE_DATA [mem 0x1fff4c0980-0x1fff4c7fff]
[    0.000000] numa:     NODE_DATA(1) on node 16
[    0.000000] numa:   NODE_DATA [mem 0x1fff4b9300-0x1fff4c097f]
[    0.000000] numa:   NODE_DATA [mem 0x1fff491c80-0x1fff4992ff]
[    0.000000] numa:     NODE_DATA(17) on node 16
[    0.000000] rfi-flush: fallback displacement flush available
[    0.000000] rfi-flush: patched 8 locations (fallback displacement flush)
[    0.000000] count-cache-flush: software flush disabled.
[    0.000000] stf-barrier: hwsync barrier available
[    0.000000] stf-barrier: patched 59 entry locations (hwsync barrier)
[    0.000000] stf-barrier: patched 8 exit locations (hwsync barrier)
[    0.000000] Initializing IODA2 PHB (/pciex@3fffe40000000)
[    0.000000] PCI host bridge /pciex@3fffe40000000 (primary) ranges:
[    0.000000]  MEM 0x00003fe000000000..0x00003fe07ffeffff -> 0x0000000080000000 
[    0.000000]  MEM 0x00003b0000000000..0x00003b0fffffffff -> 0x00003b0000000000 (M64 #0..15)
[    0.000000]  Using M64 #15 as default window
[    0.000000]   256 (255) PE's M32: 0x80000000 [segment=0x800000]
[    0.000000]                  M64: 0x1000000000 [segment=0x10000000]
[    0.000000]   Allocated bitmap for 2040 MSIs (base IRQ 0x800)
[    0.000000] Initializing IODA2 PHB (/pciex@3fffe40100000)
[    0.000000] PCI host bridge /pciex@3fffe40100000  ranges:
[    0.000000]  MEM 0x00003fe080000000..0x00003fe0fffeffff -> 0x0000000080000000 
[    0.000000]  MEM 0x00003b1000000000..0x00003b1fffffffff -> 0x00003b1000000000 (M64 #0..15)
[    0.000000]  Using M64 #15 as default window
[    0.000000]   256 (255) PE's M32: 0x80000000 [segment=0x800000]
[    0.000000]                  M64: 0x1000000000 [segment=0x10000000]
[    0.000000]   Allocated bitmap for 2040 MSIs (base IRQ 0x1000)
[    0.000000] Initializing IODA2 PHB (/pciex@3fffe40400000)
[    0.000000] PCI host bridge /pciex@3fffe40400000  ranges:
[    0.000000]  MEM 0x00003fe200000000..0x00003fe27ffeffff -> 0x0000000080000000 
[    0.000000]  MEM 0x00003b4000000000..0x00003b4fffffffff -> 0x00003b4000000000 (M64 #0..15)
[    0.000000]  Using M64 #15 as default window
[    0.000000]   256 (255) PE's M32: 0x80000000 [segment=0x800000]
[    0.000000]                  M64: 0x1000000000 [segment=0x10000000]
[    0.000000]   Allocated bitmap for 2040 MSIs (base IRQ 0x2800)
[    0.000000] Initializing IODA2 PHB (/pciex@3fffe40500000)
[    0.000000] PCI host bridge /pciex@3fffe40500000  ranges:
[    0.000000]  MEM 0x00003fe280000000..0x00003fe2fffeffff -> 0x0000000080000000 
[    0.000000]  MEM 0x00003b5000000000..0x00003b5fffffffff -> 0x00003b5000000000 (M64 #0..15)
[    0.000000]  Using M64 #15 as default window
[    0.000000]   256 (255) PE's M32: 0x80000000 [segment=0x800000]
[    0.000000]                  M64: 0x1000000000 [segment=0x10000000]
[    0.000000]   Allocated bitmap for 2040 MSIs (base IRQ 0x3000)
[    0.000000] Initializing IODA2 PHB (/pciex@3fffe42000000)
[    0.000000] PCI host bridge /pciex@3fffe42000000  ranges:
[    0.000000]  MEM 0x00003ff000000000..0x00003ff07ffeffff -> 0x0000000080000000 
[    0.000000]  MEM 0x00003d0000000000..0x00003d0fffffffff -> 0x00003d0000000000 (M64 #0..15)
[    0.000000]  Using M64 #15 as default window
[    0.000000]   256 (255) PE's M32: 0x80000000 [segment=0x800000]
[    0.000000]                  M64: 0x1000000000 [segment=0x10000000]
[    0.000000]   Allocated bitmap for 2040 MSIs (base IRQ 0x20800)
[    0.000000] Initializing IODA2 PHB (/pciex@3fffe42400000)
[    0.000000] PCI host bridge /pciex@3fffe42400000  ranges:
[    0.000000]  MEM 0x00003ff200000000..0x00003ff27ffeffff -> 0x0000000080000000 
[    0.000000]  MEM 0x00003d4000000000..0x00003d4fffffffff -> 0x00003d4000000000 (M64 #0..15)
[    0.000000]  Using M64 #15 as default window
[    0.000000]   256 (255) PE's M32: 0x80000000 [segment=0x800000]
[    0.000000]                  M64: 0x1000000000 [segment=0x10000000]
[    0.000000]   Allocated bitmap for 2040 MSIs (base IRQ 0x22800)
[    0.000000] Initializing IODA2 PHB (/pciex@3fffe42500000)
[    0.000000] PCI host bridge /pciex@3fffe42500000  ranges:
[    0.000000]  MEM 0x00003ff280000000..0x00003ff2fffeffff -> 0x0000000080000000 
[    0.000000]  MEM 0x00003d5000000000..0x00003d5fffffffff -> 0x00003d5000000000 (M64 #0..15)
[    0.000000]  Using M64 #15 as default window
[    0.000000]   256 (255) PE's M32: 0x80000000 [segment=0x800000]
[    0.000000]                  M64: 0x1000000000 [segment=0x10000000]
[    0.000000]   Allocated bitmap for 2040 MSIs (base IRQ 0x23000)
[    0.000000] OPAL nvram setup, 1048576 bytes
[    0.000000] barrier-nospec: using ORI speculation barrier
[    0.000000] barrier-nospec: patched 514 locations
[    0.000000] Top of RAM: 0x2000000000, Total RAM: 0x2000000000
[    0.000000] Memory hole size: 0MB
[    0.000000] Zone ranges:
[    0.000000]   Normal   [mem 0x0000000000000000-0x0000001fffffffff]
[    0.000000]   Device   empty
[    0.000000] Movable zone start for each node
[    0.000000] Early memory node ranges
[    0.000000]   node   0: [mem 0x0000000000000000-0x0000000fffffffff]
[    0.000000]   node  16: [mem 0x0000001000000000-0x0000001fffffffff]
[    0.000000] Initmem setup node 0 [mem 0x0000000000000000-0x0000000fffffffff]
[    0.000000] On node 0 totalpages: 1048576
[    0.000000]   Normal zone: 1024 pages used for memmap
[    0.000000]   Normal zone: 0 pages reserved
[    0.000000]   Normal zone: 1048576 pages, LIFO batch:3
[    0.000000] Could not find start_pfn for node 1
[    0.000000] Initmem setup node 1 [mem 0x0000000000000000-0x0000000000000000]
[    0.000000] On node 1 totalpages: 0
[    0.000000] Initmem setup node 16 [mem 0x0000001000000000-0x0000001fffffffff]
[    0.000000] On node 16 totalpages: 1048576
[    0.000000]   Normal zone: 1024 pages used for memmap
[    0.000000]   Normal zone: 0 pages reserved
[    0.000000]   Normal zone: 1048576 pages, LIFO batch:3
[    0.000000] Could not find start_pfn for node 17
[    0.000000] Initmem setup node 17 [mem 0x0000000000000000-0x0000000000000000]
[    0.000000] On node 17 totalpages: 0
[    0.000000] percpu: Embedded 11 pages/cpu s627608 r0 d93288 u1048576
[    0.000000] pcpu-alloc: s627608 r0 d93288 u1048576 alloc=1*1048576
[    0.000000] pcpu-alloc: [0] 000 [0] 001 [0] 002 [0] 003 
[    0.000000] pcpu-alloc: [0] 004 [0] 005 [0] 006 [0] 007 
[    0.000000] pcpu-alloc: [0] 008 [0] 009 [0] 010 [0] 011 
[    0.000000] pcpu-alloc: [0] 012 [0] 013 [0] 014 [0] 015 
[    0.000000] pcpu-alloc: [0] 016 [0] 017 [0] 018 [0] 019 
[    0.000000] pcpu-alloc: [0] 020 [0] 021 [0] 022 [0] 023 
[    0.000000] pcpu-alloc: [0] 024 [0] 025 [0] 026 [0] 027 
[    0.000000] pcpu-alloc: [0] 028 [0] 029 [0] 030 [0] 031 
[    0.000000] pcpu-alloc: [0] 032 [0] 033 [0] 034 [0] 035 
[    0.000000] pcpu-alloc: [0] 036 [0] 037 [0] 038 [0] 039 
[    0.000000] pcpu-alloc: [1] 040 [1] 041 [1] 042 [1] 043 
[    0.000000] pcpu-alloc: [1] 044 [1] 045 [1] 046 [1] 047 
[    0.000000] pcpu-alloc: [1] 048 [1] 049 [1] 050 [1] 051 
[    0.000000] pcpu-alloc: [1] 052 [1] 053 [1] 054 [1] 055 
[    0.000000] pcpu-alloc: [1] 056 [1] 057 [1] 058 [1] 059 
[    0.000000] pcpu-alloc: [1] 060 [1] 061 [1] 062 [1] 063 
[    0.000000] pcpu-alloc: [1] 064 [1] 065 [1] 066 [1] 067 
[    0.000000] pcpu-alloc: [1] 068 [1] 069 [1] 070 [1] 071 
[    0.000000] pcpu-alloc: [1] 072 [1] 073 [1] 074 [1] 075 
[    0.000000] pcpu-alloc: [1] 076 [1] 077 [1] 078 [1] 079 
[    0.000000] pcpu-alloc: [2] 080 [2] 081 [2] 082 [2] 083 
[    0.000000] pcpu-alloc: [2] 084 [2] 085 [2] 086 [2] 087 
[    0.000000] pcpu-alloc: [2] 088 [2] 089 [2] 090 [2] 091 
[    0.000000] pcpu-alloc: [2] 092 [2] 093 [2] 094 [2] 095 
[    0.000000] pcpu-alloc: [2] 096 [2] 097 [2] 098 [2] 099 
[    0.000000] pcpu-alloc: [2] 100 [2] 101 [2] 102 [2] 103 
[    0.000000] pcpu-alloc: [2] 104 [2] 105 [2] 106 [2] 107 
[    0.000000] pcpu-alloc: [2] 108 [2] 109 [2] 110 [2] 111 
[    0.000000] pcpu-alloc: [2] 112 [2] 113 [2] 114 [2] 115 
[    0.000000] pcpu-alloc: [2] 116 [2] 117 [2] 118 [2] 119 
[    0.000000] pcpu-alloc: [3] 120 [3] 121 [3] 122 [3] 123 
[    0.000000] pcpu-alloc: [3] 124 [3] 125 [3] 126 [3] 127 
[    0.000000] pcpu-alloc: [3] 128 [3] 129 [3] 130 [3] 131 
[    0.000000] pcpu-alloc: [3] 132 [3] 133 [3] 134 [3] 135 
[    0.000000] pcpu-alloc: [3] 136 [3] 137 [3] 138 [3] 139 
[    0.000000] pcpu-alloc: [3] 140 [3] 141 [3] 142 [3] 143 
[    0.000000] pcpu-alloc: [3] 144 [3] 145 [3] 146 [3] 147 
[    0.000000] pcpu-alloc: [3] 148 [3] 149 [3] 150 [3] 151 
[    0.000000] pcpu-alloc: [3] 152 [3] 153 [3] 154 [3] 155 
[    0.000000] pcpu-alloc: [3] 156 [3] 157 [3] 158 [3] 159 
[    0.000000] Built 4 zonelists, mobility grouping on.  Total pages: 2095104
[    0.000000] Policy zone: Normal
[    0.000000] Kernel command line: root=UUID=803b3392-d9e6-47d8-ac57-313cf2d39e0c  console=hvc0 showopts crashkernel=2048M xmon=off 
[    0.000000] printk: log_buf_len individual max cpu contribution: 4096 bytes
[    0.000000] printk: log_buf_len total cpu_extra contributions: 651264 bytes
[    0.000000] printk: log_buf_len min size: 524288 bytes
[    0.000000] printk: log_buf_len: 2097152 bytes
[    0.000000] printk: early log buf free: 512428(97%)
[    0.000000] mem auto-init: stack:off, heap alloc:off, heap free:off
[    0.000000] Memory: 0K/134217728K available (12416K kernel code, 1664K rwdata, 3584K rodata, 4736K init, 11638K bss, 2653120K reserved, 6717440K cma-reserved)
[    0.000000] SLUB: HWalign=128, Order=0-3, MinObjects=0, CPUs=160, Nodes=18
[    0.000000] ftrace: allocating 30761 entries in 12 pages
[    0.000000] rcu: Hierarchical RCU implementation.
[    0.000000] rcu: 	RCU event tracing is enabled.
[    0.000000] rcu: 	RCU restricting CPUs from NR_CPUS=2048 to nr_cpu_ids=160.
[    0.000000] 	Tasks RCU enabled.
[    0.000000] rcu: RCU calculated value of scheduler-enlistment delay is 10 jiffies.
[    0.000000] rcu: Adjusting geometry for rcu_fanout_leaf=16, nr_cpu_ids=160
[    0.000000] NR_IRQS: 512, nr_irqs: 512, preallocated irqs: 16
[    0.000000] ICS OPAL backend registered
[    0.000000] rcu: 	Offload RCU callbacks from CPUs: (none).
[    0.000000] time_init: decrementer frequency = 512.000000 MHz
[    0.000000] time_init: processor frequency   = 3458.000000 MHz
[    0.000002] clocksource: timebase: mask: 0xffffffffffffffff max_cycles: 0x761537d007, max_idle_ns: 440795202126 ns
[    0.001299] clocksource: timebase mult[1f40000] shift[24] registered
[    0.002027] clockevent: decrementer mult[83126e98] shift[32] cpu[0]
[    0.002092] ------------[ cut here ]------------
[    0.002094] opal: OPAL_CONSOLE_FLUSH missing.
[    0.002095] WARNING: CPU: 0 PID: 0 at ../arch/powerpc/platforms/powernv/opal.c:435 __opal_flush_console+0xfc/0x110
[    0.002096] Modules linked in:
[    0.002097] Supported: No, Unreleased kernel
[    0.002099] CPU: 0 PID: 0 Comm: swapper Not tainted 5.3.8-11.gea9b07d-default #1 SLE15-SP2 (unreleased)
[    0.002100] NIP:  c0000000000b9b9c LR: c0000000000b9b98 CTR: c000000000c06ca0
[    0.002101] REGS: c00000000158b8c0 TRAP: 0700   Not tainted  (5.3.8-11.gea9b07d-default)
[    0.002102] MSR:  9000000000021033 <SF,HV,ME,IR,DR,RI,LE>  CR: 28024222  XER: 20000000
[    0.002107] CFAR: c000000000132df0 IRQMASK: 1 
[    0.002109] GPR00: c0000000000b9b98 c00000000158bb50 c00000000158c600 0000000000000022 
[    0.002112] GPR04: c000000000e63b7a 0000000000000002 4f534e4f435f4c41 4853554c465f454c 
[    0.002115] GPR08: 676e697373696d20 0000000000000000 0000000000000027 9000000000001033 
[    0.002119] GPR12: c0000000001cc080 c000000002150000 0000000000000000 0000000003460600 
[    0.002122] GPR16: 000000002ffa0000 0000000000000000 c0000000014641e0 0000000000000000 
[    0.002125] GPR20: 0000000000000000 c000000001765738 c000000001763738 0000000000000001 
[    0.002129] GPR24: c0000000015c1ed8 c000000001763318 c000000001762dec 0000000000000001 
[    0.002132] GPR28: 0000000000000000 c000000002130d18 0000000000000000 0000000000000000 
[    0.002136] NIP [c0000000000b9b9c] __opal_flush_console+0xfc/0x110
[    0.002137] LR [c0000000000b9b98] __opal_flush_console+0xf8/0x110
[    0.002137] Call Trace:
[    0.002138] [c00000000158bb50] [c0000000000b9b98] __opal_flush_console+0xf8/0x110 (unreliable)
[    0.002140] [c00000000158bbd0] [c0000000000b9dbc] opal_flush_console+0x2c/0x60
[    0.002142] [c00000000158bc00] [c00000000080c180] udbg_opal_putc+0x80/0xd0
[    0.002144] [c00000000158bc50] [c000000000033660] udbg_write+0x90/0x140
[    0.002145] [c00000000158bc90] [c0000000001c888c] console_unlock+0x32c/0x820
[    0.002147] [c00000000158bd70] [c0000000001c9768] register_console+0x5d8/0x790
[    0.002148] [c00000000158be10] [c000000000fb9dcc] register_early_udbg_console+0x9c/0xb4
[    0.002150] [c00000000158be80] [c000000000fb99c8] setup_arch+0x78/0x39c
[    0.002151] [c00000000158bef0] [c000000000fb3c00] start_kernel+0xb4/0x6bc
[    0.002153] [c00000000158bf90] [c00000000000c4d4] start_here_common+0x1c/0x20
[    0.002154] Instruction dump:
[    0.002155] 60000000 3860fffe 4bffffa8 60000000 60000000 3c62ff8d 39200001 3d42fff6 
[    0.002160] 38637558 992afea8 480791f5 60000000 <0fe00000> 4bffff54 48079715 60000000 
[    0.002165] random: get_random_bytes called from print_oops_end_marker+0x6c/0xa0 with crng_init=0
[    0.002166] ---[ end trace 0000000000000000 ]---
[    0.002167] ------------[ cut here ]------------
[    0.002168] opal: OPAL_CONSOLE_FLUSH missing.
[    0.002169] WARNING: CPU: 0 PID: 0 at ../arch/powerpc/platforms/powernv/opal.c:435 __opal_flush_console+0xfc/0x110
[    0.002170] Modules linked in:
[    0.002171] Supported: No, Unreleased kernel
[    0.002172] CPU: 0 PID: 0 Comm: swapper Not tainted 5.3.8-11.gea9b07d-default #1 SLE15-SP2 (unreleased)
[    0.002173] NIP:  c0000000000b9b9c LR: c0000000000b9b98 CTR: c000000000c06ca0
[    0.002175] REGS: c00000000158b8c0 TRAP: 0700   Not tainted  (5.3.8-11.gea9b07d-default)
[    0.002175] MSR:  9000000000021033 <SF,HV,ME,IR,DR,RI,LE>  CR: 28024222  XER: 20000000
[    0.002181] CFAR: c000000000132df0 IRQMASK: 1 
[    0.002182] GPR00: c0000000000b9b98 c00000000158bb50 c00000000158c600 0000000000000022 
[    0.002185] GPR04: c000000000e63b7a 0000000000000002 4f534e4f435f4c41 4853554c465f454c 
[    0.002189] GPR08: 676e697373696d20 0000000000000000 0000000000000027 9000000000001033 
[    0.002192] GPR12: c0000000001cc080 c000000002150000 0000000000000000 0000000003460600 
[    0.002195] GPR16: 000000002ffa0000 0000000000000000 c0000000014641e0 0000000000000000 
[    0.002198] GPR20: 0000000000000000 c000000001765738 c000000001763738 0000000000000001 
[    0.002202] GPR24: c0000000015c1ed8 c000000001763318 c000000001762dec 0000000000000001 
[    0.002205] GPR28: 0000000000000000 c000000002130d18 0000000000000000 0000000000000000 
[    0.002209] NIP [c0000000000b9b9c] __opal_flush_console+0xfc/0x110
[    0.002210] LR [c0000000000b9b98] __opal_flush_console+0xf8/0x110
[    0.002210] Call Trace:
[    0.002211] [c00000000158bb50] [c0000000000b9b98] __opal_flush_console+0xf8/0x110 (unreliable)
[    0.002213] [c00000000158bbd0] [c0000000000b9dbc] opal_flush_console+0x2c/0x60
[    0.002215] [c00000000158bc00] [c00000000080c180] udbg_opal_putc+0x80/0xd0
[    0.002216] [c00000000158bc50] [c000000000033660] udbg_write+0x90/0x140
[    0.002218] [c00000000158bc90] [c0000000001c888c] console_unlock+0x32c/0x820
[    0.002219] [c00000000158bd70] [c0000000001c9768] register_console+0x5d8/0x790
[    0.002221] [c00000000158be10] [c000000000fb9dcc] register_early_udbg_console+0x9c/0xb4
[    0.002223] [c00000000158be80] [c000000000fb99c8] setup_arch+0x78/0x39c
[    0.002224] [c00000000158bef0] [c000000000fb3c00] start_kernel+0xb4/0x6bc
[    0.002226] [c00000000158bf90] [c00000000000c4d4] start_here_common+0x1c/0x20
[    0.002227] Instruction dump:
[    0.002228] 60000000 3860fffe 4bffffa8 60000000 60000000 3c62ff8d 39200001 3d42fff6 
[    0.002232] 38637558 992afea8 480791f5 60000000 <0fe00000> 4bffff54 48079715 60000000 
[    0.002238] random: get_random_bytes called from print_oops_end_marker+0x6c/0xa0 with crng_init=0
[    0.002238] ---[ end trace 0000000000000000 ]---
[    0.002240] ------------[ cut here ]------------
[    0.002240] opal: OPAL_CONSOLE_FLUSH missing.
[    0.002242] WARNING: CPU: 0 PID: 0 at ../arch/powerpc/platforms/powernv/opal.c:435 __opal_flush_console+0xfc/0x110
[    0.002242] Modules linked in:
[    0.002244] Supported: No, Unreleased kernel
[    0.002245] CPU: 0 PID: 0 Comm: swapper Not tainted 5.3.8-11.gea9b07d-default #1 SLE15-SP2 (unreleased)
[    0.002246] NIP:  c0000000000b9b9c LR: c0000000000b9b98 CTR: c000000000c06ca0
[    0.002247] REGS: c00000000158b8c0 TRAP: 0700   Not tainted  (5.3.8-11.gea9b07d-default)
[    0.002248] MSR:  9000000000021033 <SF,HV,ME,IR,DR,RI,LE>  CR: 28024222  XER: 20000000
[    0.002253] CFAR: c000000000132df0 IRQMASK: 1 
[    0.002255] GPR00: c0000000000b9b98 c00000000158bb50 c00000000158c600 0000000000000022 
[    0.002258] GPR04: c000000000e63b7a 0000000000000002 4f534e4f435f4c41 4853554c465f454c 
[    0.002261] GPR08: 676e697373696d20 0000000000000000 0000000000000027 9000000000001033 
[    0.002265] GPR12: c0000000001cc080 c000000002150000 0000000000000000 0000000003460600 
[    0.002268] GPR16: 000000002ffa0000 0000000000000000 c0000000014641e0 0000000000000000 
[    0.002271] GPR20: 0000000000000000 c000000001765738 c000000001763738 0000000000000001 
[    0.002274] GPR24: c0000000015c1ed8 c000000001763318 c000000001762dec 0000000000000001 
[    0.002278] GPR28: 0000000000000000 c000000002130d18 0000000000000000 0000000000000000 
[    0.002282] NIP [c0000000000b9b9c] __opal_flush_console+0xfc/0x110
[    0.002282] LR [c0000000000b9b98] __opal_flush_console+0xf8/0x110
[    0.002283] Call Trace:
[    0.002284] [c00000000158bb50] [c0000000000b9b98] __opal_flush_console+0xf8/0x110 (unreliable)
[    0.002286] [c00000000158bbd0] [c0000000000b9dbc] opal_flush_console+0x2c/0x60
[    0.002288] [c00000000158bc00] [c00000000080c180] udbg_opal_putc+0x80/0xd0
[    0.002289] [c00000000158bc50] [c000000000033660] udbg_write+0x90/0x140
[    0.002291] [c00000000158bc90] [c0000000001c888c] console_unlock+0x32c/0x820
[    0.002293] [c00000000158bd70] [c0000000001c9768] register_console+0x5d8/0x790
[    0.002294] [c00000000158be10] [c000000000fb9dcc] register_early_udbg_console+0x9c/0xb4
[    0.002296] [c00000000158be80] [c000000000fb99c8] setup_arch+0x78/0x39c
[    0.002297] [c00000000158bef0] [c000000000fb3c00] start_kernel+0xb4/0x6bc
[    0.002299] [c00000000158bf90] [c00000000000c4d4] start_here_common+0x1c/0x20
[    0.002300] Instruction dump:
[    0.002301] 60000000 3860fffe 4bffffa8 60000000 60000000 3c62ff8d 39200001 3d42fff6 
[    0.002305] 38637558 992afea8 480791f5 60000000 <0fe00000> 4bffff54 48079715 60000000 
[    0.002310] random: get_random_bytes called from print_oops_end_marker+0x6c/0xa0 with crng_init=0
[    0.002311] ---[ end trace 0000000000000000 ]---
[    0.002312] ------------[ cut here ]------------
[    0.002313] opal: OPAL_CONSOLE_FLUSH missing.
[    0.002315] WARNING: CPU: 0 PID: 0 at ../arch/powerpc/platforms/powernv/opal.c:435 __opal_flush_console+0xfc/0x110
[    0.002315] Modules linked in:
[    0.002316] Supported: No, Unreleased kernel
[    0.002318] CPU: 0 PID: 0 Comm: swapper Not tainted 5.3.8-11.gea9b07d-default #1 SLE15-SP2 (unreleased)
[    0.002319] NIP:  c0000000000b9b9c LR: c0000000000b9b98 CTR: c000000000c06ca0
[    0.002320] REGS: c00000000158b8c0 TRAP: 0700   Not tainted  (5.3.8-11.gea9b07d-default)
[    0.002321] MSR:  9000000000021033 <SF,HV,ME,IR,DR,RI,LE>  CR: 28024222  XER: 20000000
[    0.002326] CFAR: c000000000132df0 IRQMASK: 1 
[    0.002328] GPR00: c0000000000b9b98 c00000000158bb50 c00000000158c600 0000000000000022 
[    0.002331] GPR04: c000000000e63b7a 0000000000000002 4f534e4f435f4c41 4853554c465f454c 
[    0.002334] GPR08: 676e697373696d20 0000000000000000 0000000000000027 9000000000001033 
[    0.002337] GPR12: c0000000001cc080 c000000002150000 0000000000000000 0000000003460600 
[    0.002341] GPR16: 000000002ffa0000 0000000000000000 c0000000014641e0 0000000000000000 
[    0.002344] GPR20: 0000000000000000 c000000001765738 c000000001763738 0000000000000001 
[    0.002347] GPR24: c0000000015c1ed8 c000000001763318 c000000001762dec 0000000000000001 
[    0.002350] GPR28: 0000000000000000 c000000002130d18 0000000000000000 0000000000000000 
[    0.002354] NIP [c0000000000b9b9c] __opal_flush_console+0xfc/0x110
[    0.002355] LR [c0000000000b9b98] __opal_flush_console+0xf8/0x110
[    0.002356] Call Trace:
[    0.002357] [c00000000158bb50] [c0000000000b9b98] __opal_flush_console+0xf8/0x110 (unreliable)
[    0.002359] [c00000000158bbd0] [c0000000000b9dbc] opal_flush_console+0x2c/0x60
[    0.002360] [c00000000158bc00] [c00000000080c180] udbg_opal_putc+0x80/0xd0
[    0.002362] [c00000000158bc50] [c000000000033660] udbg_write+0x90/0x140
[    0.002363] [c00000000158bc90] [c0000000001c888c] console_unlock+0x32c/0x820
[    0.002365] [c00000000158bd70] [c0000000001c9768] register_console+0x5d8/0x790
[    0.002367] [c00000000158be10] [c000000000fb9dcc] register_early_udbg_console+0x9c/0xb4
[    0.002368] [c00000000158be80] [c000000000fb99c8] setup_arch+0x78/0x39c
[    0.002370] [c00000000158bef0] [c000000000fb3c00] start_kernel+0xb4/0x6bc
[    0.002371] [c00000000158bf90] [c00000000000c4d4] start_here_common+0x1c/0x20
[    0.002372] Instruction dump:
[    0.002373] 60000000 3860fffe 4bffffa8 60000000 60000000 3c62ff8d 39200001 3d42fff6 
[    0.002378] 38637558 992afea8 480791f5 60000000 <0fe00000> 4bffff54 48079715 60000000 
[    0.002383] random: get_random_bytes called from print_oops_end_marker+0x6c/0xa0 with crng_init=0
[    0.002384] ---[ end trace 0000000000000000 ]---
[    0.002385] ------------[ cut here ]------------
[    0.002386] opal: OPAL_CONSOLE_FLUSH missing.
[    0.002387] WARNING: CPU: 0 PID: 0 at ../arch/powerpc/platforms/powernv/opal.c:435 __opal_flush_console+0xfc/0x110
[    0.002388] Modules linked in:
[    0.002389] Supported: No, Unreleased kernel
[    0.002390] CPU: 0 PID: 0 Comm: swapper Not tainted 5.3.8-11.gea9b07d-default #1 SLE15-SP2 (unreleased)
[    0.002391] NIP:  c0000000000b9b9c LR: c0000000000b9b98 CTR: c000000000c06ca0
[    0.002392] REGS: c00000000158b8c0 TRAP: 0700   Not tainted  (5.3.8-11.gea9b07d-default)
[    0.002393] MSR:  9000000000021033 <SF,HV,ME,IR,DR,RI,LE>  CR: 28024222  XER: 20000000
[    0.002399] CFAR: c000000000132df0 IRQMASK: 1 
[    0.002400] GPR00: c0000000000b9b98 c00000000158bb50 c00000000158c600 0000000000000022 
[    0.002403] GPR04: c000000000e63b7a 0000000000000002 4f534e4f435f4c41 4853554c465f454c 
[    0.002407] GPR08: 676e697373696d20 0000000000000000 0000000000000027 9000000000001033 
[    0.002410] GPR12: c0000000001cc080 c000000002150000 0000000000000000 0000000003460600 
[    0.002413] GPR16: 000000002ffa0000 0000000000000000 c0000000014641e0 0000000000000000 
[    0.002416] GPR20: 0000000000000000 c000000001765738 c000000001763738 0000000000000001 
[    0.002420] GPR24: c0000000015c1ed8 c000000001763318 c000000001762dec 0000000000000001 
[    0.002423] GPR28: 0000000000000000 c000000002130d18 0000000000000000 0000000000000000 
[    0.002427] NIP [c0000000000b9b9c] __opal_flush_console+0xfc/0x110
[    0.002428] LR [c0000000000b9b98] __opal_flush_console+0xf8/0x110
[    0.002428] Call Trace:
[    0.002429] [c00000000158bb50] [c0000000000b9b98] __opal_flush_console+0xf8/0x110 (unreliable)
[    0.002431] [c00000000158bbd0] [c0000000000b9dbc] opal_flush_console+0x2c/0x60
[    0.002433] [c00000000158bc00] [c00000000080c180] udbg_opal_putc+0x80/0xd0
[    0.002434] [c00000000158bc50] [c000000000033660] udbg_write+0x90/0x140
[    0.002436] [c00000000158bc90] [c0000000001c888c] console_unlock+0x32c/0x820
[    0.002438] [c00000000158bd70] [c0000000001c9768] register_console+0x5d8/0x790
[    0.002439] [c00000000158be10] [c000000000fb9dcc] register_early_udbg_console+0x9c/0xb4
[    0.002441] [c00000000158be80] [c000000000fb99c8] setup_arch+0x78/0x39c
[    0.002442] [c00000000158bef0] [c000000000fb3c00] start_kernel+0xb4/0x6bc
[    0.002444] [c00000000158bf90] [c00000000000c4d4] start_here_common+0x1c/0x20
[    0.002445] Instruction dump:
[    0.002446] 60000000 3860fffe 4bffffa8 60000000 60000000 3c62ff8d 39200001 3d42fff6 
[    0.002450] 38637558 992afea8 480791f5 60000000 <0fe00000> 4bffff54 48079715 60000000 
[    0.002456] random: get_random_bytes called from print_oops_end_marker+0x6c/0xa0 with crng_init=0
[    0.002456] ---[ end trace 0000000000000000 ]---
[    0.002458] ------------[ cut here ]------------
[    0.002458] opal: OPAL_CONSOLE_FLUSH missing.
[    0.002460] WARNING: CPU: 0 PID: 0 at ../arch/powerpc/platforms/powernv/opal.c:435 __opal_flush_console+0xfc/0x110
[    0.002460] Modules linked in:
[    0.002462] Supported: No, Unreleased kernel
[    0.002463] CPU: 0 PID: 0 Comm: swapper Not tainted 5.3.8-11.gea9b07d-default #1 SLE15-SP2 (unreleased)
[    0.002464] NIP:  c0000000000b9b9c LR: c0000000000b9b98 CTR: c000000000c06ca0
[    0.002465] REGS: c00000000158b8c0 TRAP: 0700   Not tainted  (5.3.8-11.gea9b07d-default)
[    0.002466] MSR:  9000000000021033 <SF,HV,ME,IR,DR,RI,LE>  CR: 28024222  XER: 20000000
[    0.002471] CFAR: c000000000132df0 IRQMASK: 1 
[    0.002473] GPR00: c0000000000b9b98 c00000000158bb50 c00000000158c600 0000000000000022 
[    0.002476] GPR04: c000000000e63b7a 0000000000000002 4f534e4f435f4c41 4853554c465f454c 
[    0.002479] GPR08: 676e697373696d20 0000000000000000 0000000000000027 9000000000001033 
[    0.002483] GPR12: c0000000001cc080 c000000002150000 0000000000000000 0000000003460600 
[    0.002486] GPR16: 000000002ffa0000 0000000000000000 c0000000014641e0 0000000000000000 
[    0.002489] GPR20: 0000000000000000 c000000001765738 c000000001763738 0000000000000001 
[    0.002492] GPR24: c0000000015c1ed8 c000000001763318 c000000001762dec 0000000000000001 
[    0.002495] GPR28: 0000000000000000 c000000002130d18 0000000000000000 0000000000000000 
[    0.002499] NIP [c0000000000b9b9c] __opal_flush_console+0xfc/0x110
[    0.002500] LR [c0000000000b9b98] __opal_flush_console+0xf8/0x110
[    0.002501] Call Trace:
[    0.002502] [c00000000158bb50] [c0000000000b9b98] __opal_flush_console+0xf8/0x110 (unreliable)
[    0.002504] [c00000000158bbd0] [c0000000000b9dbc] opal_flush_console+0x2c/0x60
[    0.002505] [c00000000158bc00] [c00000000080c180] udbg_opal_putc+0x80/0xd0
[    0.002507] [c00000000158bc50] [c000000000033660] udbg_write+0x90/0x140
[    0.002508] [c00000000158bc90] [c0000000001c888c] console_unlock+0x32c/0x820
[    0.002510] [c00000000158bd70] [c0000000001c9768] register_console+0x5d8/0x790
[    0.002512] [c00000000158be10] [c000000000fb9dcc] register_early_udbg_console+0x9c/0xb4
[    0.002513] [c00000000158be80] [c000000000fb99c8] setup_arch+0x78/0x39c
[    0.002515] [c00000000158bef0] [c000000000fb3c00] start_kernel+0xb4/0x6bc
[    0.002516] [c00000000158bf90] [c00000000000c4d4] start_here_common+0x1c/0x20
[    0.002517] Instruction dump:
[    0.002518] 60000000 3860fffe 4bffffa8 60000000 60000000 3c62ff8d 39200001 3d42fff6 
[    0.002523] 38637558 992afea8 480791f5 60000000 <0fe00000> 4bffff54 48079715 60000000 
[    0.002528] random: get_random_bytes called from print_oops_end_marker+0x6c/0xa0 with crng_init=0
[    0.002529] ---[ end trace 0000000000000000 ]---
[    0.002530] ------------[ cut here ]------------
[    0.002531] opal: OPAL_CONSOLE_FLUSH missing.
[    0.002532] WARNING: CPU: 0 PID: 0 at ../arch/powerpc/platforms/powernv/opal.c:435 __opal_flush_console+0xfc/0x110
[    0.002533] Modules linked in:
[    0.002534] Supported: No, Unreleased kernel
[    0.002535] CPU: 0 PID: 0 Comm: swapper Not tainted 5.3.8-11.gea9b07d-default #1 SLE15-SP2 (unreleased)
[    0.002536] NIP:  c0000000000b9b9c LR: c0000000000b9b98 CTR: c000000000c06ca0
[    0.002538] REGS: c00000000158b8c0 TRAP: 0700   Not tainted  (5.3.8-11.gea9b07d-default)
[    0.002538] MSR:  9000000000021033 <SF,HV,ME,IR,DR,RI,LE>  CR: 28024222  XER: 20000000
[    0.002544] CFAR: c000000000132df0 IRQMASK: 1 
[    0.002545] GPR00: c0000000000b9b98 c00000000158bb50 c00000000158c600 0000000000000022 
[    0.002548] GPR04: c000000000e63b7a 0000000000000002 4f534e4f435f4c41 4853554c465f454c 
[    0.002552] GPR08: 676e697373696d20 0000000000000000 0000000000000027 9000000000001033 
[    0.002555] GPR12: c0000000001cc080 c000000002150000 0000000000000000 0000000003460600 
[    0.002558] GPR16: 000000002ffa0000 0000000000000000 c0000000014641e0 0000000000000000 
[    0.002562] GPR20: 0000000000000000 c000000001765738 c000000001763738 0000000000000001 
[    0.002565] GPR24: c0000000015c1ed8 c000000001763318 c000000001762dec 0000000000000001 
[    0.002568] GPR28: 0000000000000000 c000000002130d18 0000000000000000 0000000000000000 
[    0.002572] NIP [c0000000000b9b9c] __opal_flush_console+0xfc/0x110
[    0.002573] LR [c0000000000b9b98] __opal_flush_console+0xf8/0x110
[    0.002573] Call Trace:
[    0.002574] [c00000000158bb50] [c0000000000b9b98] __opal_flush_console+0xf8/0x110 (unreliable)
[    0.002576] [c00000000158bbd0] [c0000000000b9dbc] opal_flush_console+0x2c/0x60
[    0.002578] [c00000000158bc00] [c00000000080c180] udbg_opal_putc+0x80/0xd0
[    0.002580] [c00000000158bc50] [c000000000033660] udbg_write+0x90/0x140
[    0.002581] [c00000000158bc90] [c0000000001c888c] console_unlock+0x32c/0x820
[    0.002583] [c00000000158bd70] [c0000000001c9768] register_console+0x5d8/0x790
[    0.002584] [c00000000158be10] [c000000000fb9dcc] register_early_udbg_console+0x9c/0xb4
[    0.002586] [c00000000158be80] [c000000000fb99c8] setup_arch+0x78/0x39c
[    0.002587] [c00000000158bef0] [c000000000fb3c00] start_kernel+0xb4/0x6bc
[    0.002589] [c00000000158bf90] [c00000000000c4d4] start_here_common+0x1c/0x20
[    0.002590] Instruction dump:
[    0.002591] 60000000 3860fffe 4bffffa8 60000000 60000000 3c62ff8d 39200001 3d42fff6 
[    0.002596] 38637558 992afea8 480791f5 60000000 <0fe00000> 4bffff54 48079715 60000000 
[    0.002601] random: get_random_bytes called from print_oops_end_marker+0x6c/0xa0 with crng_init=0
[    0.002602] ---[ end trace 0000000000000000 ]---
[    0.002603] ------------[ cut here ]------------
[    0.002604] opal: OPAL_CONSOLE_FLUSH missing.
[    0.002605] WARNING: CPU: 0 PID: 0 at ../arch/powerpc/platforms/powernv/opal.c:435 __opal_flush_console+0xfc/0x110
[    0.002606] Modules linked in:
[    0.002607] Supported: No, Unreleased kernel
[    0.002608] CPU: 0 PID: 0 Comm: swapper Not tainted 5.3.8-11.gea9b07d-default #1 SLE15-SP2 (unreleased)
[    0.002609] NIP:  c0000000000b9b9c LR: c0000000000b9b98 CTR: c000000000c06ca0
[    0.002610] REGS: c00000000158b8c0 TRAP: 0700   Not tainted  (5.3.8-11.gea9b07d-default)
[    0.002611] MSR:  9000000000021033 <SF,HV,ME,IR,DR,RI,LE>  CR: 28024222  XER: 20000000
[    0.002616] CFAR: c000000000132df0 IRQMASK: 1 
[    0.002618] GPR00: c0000000000b9b98 c00000000158bb50 c00000000158c600 0000000000000022 
[    0.002621] GPR04: c000000000e63b7a 0000000000000002 4f534e4f435f4c41 4853554c465f454c 
[    0.002624] GPR08: 676e697373696d20 0000000000000000 0000000000000027 9000000000001033 
[    0.002627] GPR12: c0000000001cc080 c000000002150000 0000000000000000 0000000003460600 
[    0.002631] GPR16: 000000002ffa0000 0000000000000000 c0000000014641e0 0000000000000000 
[    0.002634] GPR20: 0000000000000000 c000000001765738 c000000001763738 0000000000000001 
[    0.002637] GPR24: c0000000015c1ed8 c000000001763318 c000000001762dec 0000000000000001 
[    0.002640] GPR28: 0000000000000000 c000000002130d18 0000000000000000 0000000000000000 
[    0.002644] NIP [c0000000000b9b9c] __opal_flush_console+0xfc/0x110
[    0.002645] LR [c0000000000b9b98] __opal_flush_console+0xf8/0x110
[    0.002646] Call Trace:
[    0.002647] [c00000000158bb50] [c0000000000b9b98] __opal_flush_console+0xf8/0x110 (unreliable)
[    0.002649] [c00000000158bbd0] [c0000000000b9dbc] opal_flush_console+0x2c/0x60
[    0.002650] [c00000000158bc00] [c00000000080c180] udbg_opal_putc+0x80/0xd0
[    0.002652] [c00000000158bc50] [c000000000033660] udbg_write+0x90/0x140
[    0.002653] [c00000000158bc90] [c0000000001c888c] console_unlock+0x32c/0x820
[    0.002655] [c00000000158bd70] [c0000000001c9768] register_console+0x5d8/0x790
[    0.002657] [c00000000158be10] [c000000000fb9dcc] register_early_udbg_console+0x9c/0xb4
[    0.002658] [c00000000158be80] [c000000000fb99c8] setup_arch+0x78/0x39c
[    0.002660] [c00000000158bef0] [c000000000fb3c00] start_kernel+0xb4/0x6bc
[    0.002661] [c00000000158bf90] [c00000000000c4d4] start_here_common+0x1c/0x20
[    0.002662] Instruction dump:
[    0.002663] 60000000 3860fffe 4bffffa8 60000000 60000000 3c62ff8d 39200001 3d42fff6 
[    0.002668] 38637558 992afea8 480791f5 60000000 <0fe00000> 4bffff54 48079715 60000000 
[    0.002673] random: get_random_bytes called from print_oops_end_marker+0x6c/0xa0 with crng_init=0
[    0.002674] ---[ end trace 0000000000000000 ]---
[    0.002675] ------------[ cut here ]------------
[    0.002676] opal: OPAL_CONSOLE_FLUSH missing.
[    0.002677] WARNING: CPU: 0 PID: 0 at ../arch/powerpc/platforms/powernv/opal.c:435 __opal_flush_console+0xfc/0x110
[    0.002678] Modules linked in:
[    0.002679] Supported: No, Unreleased kernel
[    0.002680] CPU: 0 PID: 0 Comm: swapper Not tainted 5.3.8-11.gea9b07d-default #1 SLE15-SP2 (unreleased)
[    0.002681] NIP:  c0000000000b9b9c LR: c0000000000b9b98 CTR: c000000000c06ca0
[    0.002683] REGS: c00000000158b8c0 TRAP: 0700   Not tainted  (5.3.8-11.gea9b07d-default)
[    0.002683] MSR:  9000000000021033 <SF,HV,ME,IR,DR,RI,LE>  CR: 28024222  XER: 20000000
[    0.002689] CFAR: c000000000132df0 IRQMASK: 1 
[    0.002690] GPR00: c0000000000b9b98 c00000000158bb50 c00000000158c600 0000000000000022 
[    0.002693] GPR04: c000000000e63b7a 0000000000000002 4f534e4f435f4c41 4853554c465f454c 
[    0.002697] GPR08: 676e697373696d20 0000000000000000 0000000000000027 9000000000001033 
[    0.002700] GPR12: c0000000001cc080 c000000002150000 0000000000000000 0000000003460600 
[    0.002703] GPR16: 000000002ffa0000 0000000000000000 c0000000014641e0 0000000000000000 
[    0.002707] GPR20: 0000000000000000 c000000001765738 c000000001763738 0000000000000001 
[    0.002710] GPR24: c0000000015c1ed8 c000000001763318 c000000001762dec 0000000000000001 
[    0.002713] GPR28: 0000000000000000 c000000002130d18 0000000000000000 0000000000000000 
[    0.002717] NIP [c0000000000b9b9c] __opal_flush_console+0xfc/0x110
[    0.002718] LR [c0000000000b9b98] __opal_flush_console+0xf8/0x110
[    0.002718] Call Trace:
[    0.002719] [c00000000158bb50] [c0000000000b9b98] __opal_flush_console+0xf8/0x110 (unreliable)
[    0.002722] [c00000000158bbd0] [c0000000000b9dbc] opal_flush_console+0x2c/0x60
[    0.002723] [c00000000158bc00] [c00000000080c180] udbg_opal_putc+0x80/0xd0
[    0.002725] [c00000000158bc50] [c000000000033660] udbg_write+0x90/0x140
[    0.002726] [c00000000158bc90] [c0000000001c888c] console_unlock+0x32c/0x820
[    0.002728] [c00000000158bd70] [c0000000001c9768] register_console+0x5d8/0x790
[    0.002729] [c00000000158be10] [c000000000fb9dcc] register_early_udbg_console+0x9c/0xb4
[    0.002731] [c00000000158be80] [c000000000fb99c8] setup_arch+0x78/0x39c
[    0.002732] [c00000000158bef0] [c000000000fb3c00] start_kernel+0xb4/0x6bc
[    0.002734] [c00000000158bf90] [c00000000000c4d4] start_here_common+0x1c/0x20
[    0.002735] Instruction dump:
[    0.002736] 60000000 3860fffe 4bffffa8 60000000 60000000 3c62ff8d 39200001 3d42fff6 
[    0.002741] 38637558 992afea8 480791f5 60000000 <0fe00000> 4bffff54 48079715 60000000 
[    0.002746] random: get_random_bytes called from print_oops_end_marker+0x6c/0xa0 with crng_init=0
[    0.002747] ---[ end trace 0000000000000000 ]---
[    0.002748] ------------[ cut here ]------------
[    0.002748] opal: OPAL_CONSOLE_FLUSH missing.
[    0.002750] WARNING: CPU: 0 PID: 0 at ../arch/powerpc/platforms/powernv/opal.c:435 __opal_flush_console+0xfc/0x110
[    0.002750] Modules linked in:
[    0.002752] Supported: No, Unreleased kernel
[    0.002753] CPU: 0 PID: 0 Comm: swapper Not tainted 5.3.8-11.gea9b07d-default #1 SLE15-SP2 (unreleased)
[    0.002754] NIP:  c0000000000b9b9c LR: c0000000000b9b98 CTR: c000000000c06ca0
[    0.002755] REGS: c00000000158b8c0 TRAP: 0700   Not tainted  (5.3.8-11.gea9b07d-default)
[    0.002756] MSR:  9000000000021033 <SF,HV,ME,IR,DR,RI,LE>  CR: 28024222  XER: 20000000
[    0.002761] CFAR: c000000000132df0 IRQMASK: 1 
[    0.002763] GPR00: c0000000000b9b98 c00000000158bb50 c00000000158c600 0000000000000022 
[    0.002766] GPR04: c000000000e63b7a 0000000000000002 4f534e4f435f4c41 4853554c465f454c 
[    0.002769] GPR08: 676e697373696d20 0000000000000000 0000000000000027 9000000000001033 
[    0.002772] GPR12: c0000000001cc080 c000000002150000 0000000000000000 0000000003460600 
[    0.002776] GPR16: 000000002ffa0000 0000000000000000 c0000000014641e0 0000000000000000 
[    0.002779] GPR20: 0000000000000000 c000000001765738 c000000001763738 0000000000000001 
[    0.002782] GPR24: c0000000015c1ed8 c000000001763318 c000000001762dec 0000000000000001 
[    0.002785] GPR28: 0000000000000000 c000000002130d18 0000000000000000 0000000000000000 
[    0.002789] NIP [c0000000000b9b9c] __opal_flush_console+0xfc/0x110
[    0.002790] LR [c0000000000b9b98] __opal_flush_console+0xf8/0x110
[    0.002791] Call Trace:
[    0.002792] [c00000000158bb50] [c0000000000b9b98] __opal_flush_console+0xf8/0x110 (unreliable)
[    0.002794] [c00000000158bbd0] [c0000000000b9dbc] opal_flush_console+0x2c/0x60
[    0.002795] [c00000000158bc00] [c00000000080c180] udbg_opal_putc+0x80/0xd0
[    0.002797] [c00000000158bc50] [c000000000033660] udbg_write+0x90/0x140
[    0.002798] [c00000000158bc90] [c0000000001c888c] console_unlock+0x32c/0x820
[    0.002800] [c00000000158bd70] [c0000000001c9768] register_console+0x5d8/0x790
[    0.002802] [c00000000158be10] [c000000000fb9dcc] register_early_udbg_console+0x9c/0xb4
[    0.002803] [c00000000158be80] [c000000000fb99c8] setup_arch+0x78/0x39c
[    0.002805] [c00000000158bef0] [c000000000fb3c00] start_kernel+0xb4/0x6bc
[    0.002806] [c00000000158bf90] [c00000000000c4d4] start_here_common+0x1c/0x20
[    0.002807] Instruction dump:
[    0.002808] 60000000 3860fffe 4bffffa8 60000000 60000000 3c62ff8d 39200001 3d42fff6 
[    0.002813] 38637558 992afea8 480791f5 60000000 <0fe00000> 4bffff54 48079715 60000000 
[    0.002818] random: get_random_bytes called from print_oops_end_marker+0x6c/0xa0 with crng_init=0
[    0.002819] ---[ end trace 0000000000000000 ]---
[    0.002820] ------------[ cut here ]------------
[    0.002821] opal: OPAL_CONSOLE_FLUSH missing.
[    0.002822] WARNING: CPU: 0 PID: 0 at ../arch/powerpc/platforms/powernv/opal.c:435 __opal_flush_console+0xfc/0x110
[    0.002823] Modules linked in:
[    0.002824] Supported: No, Unreleased kernel
[    0.002825] CPU: 0 PID: 0 Comm: swapper Not tainted 5.3.8-11.gea9b07d-default #1 SLE15-SP2 (unreleased)
[    0.002826] NIP:  c0000000000b9b9c LR: c0000000000b9b98 CTR: c000000000c06ca0
[    0.002827] REGS: c00000000158b8c0 TRAP: 0700   Not tainted  (5.3.8-11.gea9b07d-default)
[    0.002828] MSR:  9000000000021033 <SF,HV,ME,IR,DR,RI,LE>  CR: 28024222  XER: 20000000
[    0.002833] CFAR: c000000000132df0 IRQMASK: 1 
[    0.002835] GPR00: c0000000000b9b98 c00000000158bb50 c00000000158c600 0000000000000022 
[    0.002838] GPR04: c000000000e63b7a 0000000000000002 4f534e4f435f4c41 4853554c465f454c 
[    0.002842] GPR08: 676e697373696d20 0000000000000000 0000000000000027 9000000000001033 
[    0.002845] GPR12: c0000000001cc080 c000000002150000 0000000000000000 0000000003460600 
[    0.002848] GPR16: 000000002ffa0000 0000000000000000 c0000000014641e0 0000000000000000 
[    0.002851] GPR20: 0000000000000000 c000000001765738 c000000001763738 0000000000000001 
[    0.002855] GPR24: c0000000015c1ed8 c000000001763318 c000000001762dec 0000000000000001 
[    0.002858] GPR28: 0000000000000000 c000000002130d18 0000000000000000 0000000000000000 
[    0.002862] NIP [c0000000000b9b9c] __opal_flush_console+0xfc/0x110
[    0.002862] LR [c0000000000b9b98] __opal_flush_console+0xf8/0x110
[    0.002863] Call Trace:
[    0.002864] [c00000000158bb50] [c0000000000b9b98] __opal_flush_console+0xf8/0x110 (unreliable)
[    0.002866] [c00000000158bbd0] [c0000000000b9dbc] opal_flush_console+0x2c/0x60
[    0.002868] [c00000000158bc00] [c00000000080c180] udbg_opal_putc+0x80/0xd0
[    0.002869] [c00000000158bc50] [c000000000033660] udbg_write+0x90/0x140
[    0.002871] [c00000000158bc90] [c0000000001c888c] console_unlock+0x32c/0x820
[    0.002872] [c00000000158bd70] [c0000000001c9768] register_console+0x5d8/0x790
[    0.002874] [c00000000158be10] [c000000000fb9dcc] register_early_udbg_console+0x9c/0xb4
[    0.002876] [c00000000158be80] [c000000000fb99c8] setup_arch+0x78/0x39c
[    0.002877] [c00000000158bef0] [c000000000fb3c00] start_kernel+0xb4/0x6bc
[    0.002879] [c00000000158bf90] [c00000000000c4d4] start_here_common+0x1c/0x20
[    0.002880] Instruction dump:
[    0.002881] 60000000 3860fffe 4bffffa8 60000000 60000000 3c62ff8d 39200001 3d42fff6 
[    0.002885] 38637558 992afea8 480791f5 60000000 <0fe00000> 4bffff54 48079715 60000000 
[    0.002890] random: get_random_bytes called from print_oops_end_marker+0x6c/0xa0 with crng_init=0
[    0.002891] ---[ end trace 0000000000000000 ]---
[    0.002892] ------------[ cut here ]------------
[    0.002893] opal: OPAL_CONSOLE_FLUSH missing.
[    0.002895] WARNING: CPU: 0 PID: 0 at ../arch/powerpc/platforms/powernv/opal.c:435 __opal_flush_console+0xfc/0x110
[    0.002895] Modules linked in:
[    0.002896] Supported: No, Unreleased kernel
[    0.002898] CPU: 0 PID: 0 Comm: swapper Not tainted 5.3.8-11.gea9b07d-default #1 SLE15-SP2 (unreleased)
[    0.002899] NIP:  c0000000000b9b9c LR: c0000000000b9b98 CTR: c000000000c06ca0
[    0.002900] REGS: c00000000158b8c0 TRAP: 0700   Not tainted  (5.3.8-11.gea9b07d-default)
[    0.002901] MSR:  9000000000021033 <SF,HV,ME,IR,DR,RI,LE>  CR: 28024222  XER: 20000000
[    0.002906] CFAR: c000000000132df0 IRQMASK: 1 
[    0.002908] GPR00: c0000000000b9b98 c00000000158bb50 c00000000158c600 0000000000000022 
[    0.002911] GPR04: c000000000e63b7a 0000000000000002 4f534e4f435f4c41 4853554c465f454c 
[    0.002914] GPR08: 676e697373696d20 0000000000000000 0000000000000027 9000000000001033 
[    0.002917] GPR12: c0000000001cc080 c000000002150000 0000000000000000 0000000003460600 
[    0.002920] GPR16: 000000002ffa0000 0000000000000000 c0000000014641e0 0000000000000000 
[    0.002924] GPR20: 0000000000000000 c000000001765738 c000000001763738 0000000000000001 
[    0.002927] GPR24: c0000000015c1ed8 c000000001763318 c000000001762dec 0000000000000001 
[    0.002930] GPR28: 0000000000000000 c000000002130d18 0000000000000000 0000000000000000 
[    0.002934] NIP [c0000000000b9b9c] __opal_flush_console+0xfc/0x110
[    0.002935] LR [c0000000000b9b98] __opal_flush_console+0xf8/0x110
[    0.002935] Call Trace:
[    0.002936] [c00000000158bb50] [c0000000000b9b98] __opal_flush_console+0xf8/0x110 (unreliable)
[    0.002938] [c00000000158bbd0] [c0000000000b9dbc] opal_flush_console+0x2c/0x60
[    0.002940] [c00000000158bc00] [c00000000080c180] udbg_opal_putc+0x80/0xd0
[    0.002941] [c00000000158bc50] [c000000000033660] udbg_write+0x90/0x140
[    0.002943] [c00000000158bc90] [c0000000001c888c] console_unlock+0x32c/0x820
[    0.002944] [c00000000158bd70] [c0000000001c9768] register_console+0x5d8/0x790
[    0.002946] [c00000000158be10] [c000000000fb9dcc] register_early_udbg_console+0x9c/0xb4
[    0.002948] [c00000000158be80] [c000000000fb99c8] setup_arch+0x78/0x39c
[    0.002949] [c00000000158bef0] [c000000000fb3c00] start_kernel+0xb4/0x6bc
[    0.002951] [c00000000158bf90] [c00000000000c4d4] start_here_common+0x1c/0x20
[    0.002952] Instruction dump:
[    0.002953] 60000000 3860fffe 4bffffa8 60000000 60000000 3c62ff8d 39200001 3d42fff6 
[    0.002957] 38637558 992afea8 480791f5 60000000 <0fe00000> 4bffff54 48079715 60000000 
[    0.002962] random: get_random_bytes called from print_oops_end_marker+0x6c/0xa0 with crng_init=0
[    0.002963] ---[ end trace 0000000000000000 ]---
[    0.002964] ------------[ cut here ]------------
[    0.002965] opal: OPAL_CONSOLE_FLUSH missing.
[    0.002967] WARNING: CPU: 0 PID: 0 at ../arch/powerpc/platforms/powernv/opal.c:435 __opal_flush_console+0xfc/0x110
[    0.002967] Modules linked in:
[    0.002969] Supported: No, Unreleased kernel
[    0.002970] CPU: 0 PID: 0 Comm: swapper Not tainted 5.3.8-11.gea9b07d-default #1 SLE15-SP2 (unreleased)
[    0.002971] NIP:  c0000000000b9b9c LR: c0000000000b9b98 CTR: c000000000c06ca0
[    0.002972] REGS: c00000000158b8c0 TRAP: 0700   Not tainted  (5.3.8-11.gea9b07d-default)
[    0.002973] MSR:  9000000000021033 <SF,HV,ME,IR,DR,RI,LE>  CR: 28024222  XER: 20000000
[    0.002978] CFAR: c000000000132df0 IRQMASK: 1 
[    0.002980] GPR00: c0000000000b9b98 c00000000158bb50 c00000000158c600 0000000000000022 
[    0.002983] GPR04: c000000000e63b7a 0000000000000002 4f534e4f435f4c41 4853554c465f454c 
[    0.002986] GPR08: 676e697373696d20 0000000000000000 0000000000000027 9000000000001033 
[    0.002990] GPR12: c0000000001cc080 c000000002150000 0000000000000000 0000000003460600 
[    0.002993] GPR16: 000000002ffa0000 0000000000000000 c0000000014641e0 0000000000000000 
[    0.002996] GPR20: 0000000000000000 c000000001765738 c000000001763738 0000000000000001 
[    0.002999] GPR24: c0000000015c1ed8 c000000001763318 c000000001762dec 0000000000000001 
[    0.003003] GPR28: 0000000000000000 c000000002130d18 0000000000000000 0000000000000000 
[    0.003006] NIP [c0000000000b9b9c] __opal_flush_console+0xfc/0x110
[    0.003007] LR [c0000000000b9b98] __opal_flush_console+0xf8/0x110
[    0.003008] Call Trace:
[    0.003009] [c00000000158bb50] [c0000000000b9b98] __opal_flush_console+0xf8/0x110 (unreliable)
[    0.003011] [c00000000158bbd0] [c0000000000b9dbc] opal_flush_console+0x2c/0x60
[    0.003012] [c00000000158bc00] [c00000000080c180] udbg_opal_putc+0x80/0xd0
[    0.003014] [c00000000158bc50] [c000000000033660] udbg_write+0x90/0x140
[    0.003015] [c00000000158bc90] [c0000000001c888c] console_unlock+0x32c/0x820
[    0.003017] [c00000000158bd70] [c0000000001c9768] register_console+0x5d8/0x790
[    0.003019] [c00000000158be10] [c000000000fb9dcc] register_early_udbg_console+0x9c/0xb4
[    0.003020] [c00000000158be80] [c000000000fb99c8] setup_arch+0x78/0x39c
[    0.003022] [c00000000158bef0] [c000000000fb3c00] start_kernel+0xb4/0x6bc
[    0.003023] [c00000000158bf90] [c00000000000c4d4] start_here_common+0x1c/0x20
[    0.003024] Instruction dump:
[    0.003025] 60000000 3860fffe 4bffffa8 60000000 60000000 3c62ff8d 39200001 3d42fff6 
[    0.003030] 38637558 992afea8 480791f5 60000000 <0fe00000> 4bffff54 48079715 60000000 
[    0.003035] random: get_random_bytes called from print_oops_end_marker+0x6c/0xa0 with crng_init=0
[    0.003036] ---[ end trace 0000000000000000 ]---
[    0.003037] ------------[ cut here ]------------
[    0.003038] opal: OPAL_CONSOLE_FLUSH missing.
[    0.003039] WARNING: CPU: 0 PID: 0 at ../arch/powerpc/platforms/powernv/opal.c:435 __opal_flush_console+0xfc/0x110
[    0.003040] Modules linked in:
[    0.003041] Supported: No, Unreleased kernel
[    0.003042] CPU: 0 PID: 0 Comm: swapper Not tainted 5.3.8-11.gea9b07d-default #1 SLE15-SP2 (unreleased)
[    0.003044] NIP:  c0000000000b9b9c LR: c0000000000b9b98 CTR: c000000000c06ca0
[    0.003045] REGS: c00000000158b8c0 TRAP: 0700   Not tainted  (5.3.8-11.gea9b07d-default)
[    0.003045] MSR:  9000000000021033 <SF,HV,ME,IR,DR,RI,LE>  CR: 28024222  XER: 20000000
[    0.003051] CFAR: c000000000132df0 IRQMASK: 1 
[    0.003052] GPR00: c0000000000b9b98 c00000000158bb50 c00000000158c600 0000000000000022 
[    0.003056] GPR04: c000000000e63b7a 0000000000000002 4f534e4f435f4c41 4853554c465f454c 
[    0.003059] GPR08: 676e697373696d20 0000000000000000 0000000000000027 9000000000001033 
[    0.003062] GPR12: c0000000001cc080 c000000002150000 0000000000000000 0000000003460600 
[    0.003065] GPR16: 000000002ffa0000 0000000000000000 c0000000014641e0 0000000000000000 
[    0.003069] GPR20: 0000000000000000 c000000001765738 c000000001763738 0000000000000001 
[    0.003072] GPR24: c0000000015c1ed8 c000000001763318 c000000001762dec 0000000000000001 
[    0.003075] GPR28: 0000000000000000 c000000002130d18 0000000000000000 0000000000000000 
[    0.003079] NIP [c0000000000b9b9c] __opal_flush_console+0xfc/0x110
[    0.003080] LR [c0000000000b9b98] __opal_flush_console+0xf8/0x110
[    0.003081] Call Trace:
[    0.003082] [c00000000158bb50] [c0000000000b9b98] __opal_flush_console+0xf8/0x110 (unreliable)
[    0.003084] [c00000000158bbd0] [c0000000000b9dbc] opal_flush_console+0x2c/0x60
[    0.003085] [c00000000158bc00] [c00000000080c180] udbg_opal_putc+0x80/0xd0
[    0.003087] [c00000000158bc50] [c000000000033660] udbg_write+0x90/0x140
[    0.003088] [c00000000158bc90] [c0000000001c888c] console_unlock+0x32c/0x820
[    0.003090] [c00000000158bd70] [c0000000001c9768] register_console+0x5d8/0x790
[    0.003091] [c00000000158be10] [c000000000fb9dcc] register_early_udbg_console+0x9c/0xb4
[    0.003093] [c00000000158be80] [c000000000fb99c8] setup_arch+0x78/0x39c
[    0.003094] [c00000000158bef0] [c000000000fb3c00] start_kernel+0xb4/0x6bc
[    0.003096] [c00000000158bf90] [c00000000000c4d4] start_here_common+0x1c/0x20
[    0.003097] Instruction dump:
[    0.003098] 60000000 3860fffe 4bffffa8 60000000 60000000 3c62ff8d 39200001 3d42fff6 
[    0.003102] 38637558 992afea8 480791f5 60000000 <0fe00000> 4bffff54 48079715 60000000 
[    0.003108] random: get_random_bytes called from print_oops_end_marker+0x6c/0xa0 with crng_init=0
[    0.003108] ---[ end trace 0000000000000000 ]---
[    0.003110] ------------[ cut here ]------------
[    0.003110] opal: OPAL_CONSOLE_FLUSH missing.
[    0.003112] WARNING: CPU: 0 PID: 0 at ../arch/powerpc/platforms/powernv/opal.c:435 __opal_flush_console+0xfc/0x110
[    0.003112] Modules linked in:
[    0.003114] Supported: No, Unreleased kernel
[    0.003115] CPU: 0 PID: 0 Comm: swapper Not tainted 5.3.8-11.gea9b07d-default #1 SLE15-SP2 (unreleased)
[    0.003116] NIP:  c0000000000b9b9c LR: c0000000000b9b98 CTR: c000000000c06ca0
[    0.003117] REGS: c00000000158b8c0 TRAP: 0700   Not tainted  (5.3.8-11.gea9b07d-default)
[    0.003118] MSR:  9000000000021033 <SF,HV,ME,IR,DR,RI,LE>  CR: 28024222  XER: 20000000
[    0.003123] CFAR: c000000000132df0 IRQMASK: 1 
[    0.003125] GPR00: c0000000000b9b98 c00000000158bb50 c00000000158c600 0000000000000022 
[    0.003128] GPR04: c000000000e63b7a 0000000000000002 4f534e4f435f4c41 4853554c465f454c 
[    0.003132] GPR08: 676e697373696d20 0000000000000000 0000000000000027 9000000000001033 
[    0.003135] GPR12: c0000000001cc080 c000000002150000 0000000000000000 0000000003460600 
[    0.003138] GPR16: 000000002ffa0000 0000000000000000 c0000000014641e0 0000000000000000 
[    0.003141] GPR20: 0000000000000000 c000000001765738 c000000001763738 0000000000000001 
[    0.003144] GPR24: c0000000015c1ed8 c000000001763318 c000000001762dec 0000000000000001 
[    0.003148] GPR28: 0000000000000000 c000000002130d18 0000000000000000 0000000000000000 
[    0.003151] NIP [c0000000000b9b9c] __opal_flush_console+0xfc/0x110
[    0.003152] LR [c0000000000b9b98] __opal_flush_console+0xf8/0x110
[    0.003153] Call Trace:
[    0.003154] [c00000000158bb50] [c0000000000b9b98] __opal_flush_console+0xf8/0x110 (unreliable)
[    0.003156] [c00000000158bbd0] [c0000000000b9dbc] opal_flush_console+0x2c/0x60
[    0.003157] [c00000000158bc00] [c00000000080c180] udbg_opal_putc+0x80/0xd0
[    0.003159] [c00000000158bc50] [c000000000033660] udbg_write+0x90/0x140
[    0.003161] [c00000000158bc90] [c0000000001c888c] console_unlock+0x32c/0x820
[    0.003162] [c00000000158bd70] [c0000000001c9768] register_console+0x5d8/0x790
[    0.003164] [c00000000158be10] [c000000000fb9dcc] register_early_udbg_console+0x9c/0xb4
[    0.003165] [c00000000158be80] [c000000000fb99c8] setup_arch+0x78/0x39c
[    0.003167] [c00000000158bef0] [c000000000fb3c00] start_kernel+0xb4/0x6bc
[    0.003168] [c00000000158bf90] [c00000000000c4d4] start_here_common+0x1c/0x20
[    0.003170] Instruction dump:
[    0.003171] 60000000 3860fffe 4bffffa8 60000000 60000000 3c62ff8d 39200001 3d42fff6 
[    0.003175] 38637558 992afea8 480791f5 60000000 <0fe00000> 4bffff54 48079715 60000000 
[    0.003180] random: get_random_bytes called from print_oops_end_marker+0x6c/0xa0 with crng_init=0
[    0.003181] ---[ end trace 0000000000000000 ]---
[    0.003182] ------------[ cut here ]------------
[    0.003183] opal: OPAL_CONSOLE_FLUSH missing.
[    0.003185] WARNING: CPU: 0 PID: 0 at ../arch/powerpc/platforms/powernv/opal.c:435 __opal_flush_console+0xfc/0x110
[    0.003185] Modules linked in:
[    0.003186] Supported: No, Unreleased kernel
[    0.003188] CPU: 0 PID: 0 Comm: swapper Not tainted 5.3.8-11.gea9b07d-default #1 SLE15-SP2 (unreleased)
[    0.003189] NIP:  c0000000000b9b9c LR: c0000000000b9b98 CTR: c000000000c06ca0
[    0.003190] REGS: c00000000158b8c0 TRAP: 0700   Not tainted  (5.3.8-11.gea9b07d-default)
[    0.003191] MSR:  9000000000021033 <SF,HV,ME,IR,DR,RI,LE>  CR: 28024222  XER: 20000000
[    0.003196] CFAR: c000000000132df0 IRQMASK: 1 
[    0.003197] GPR00: c0000000000b9b98 c00000000158bb50 c00000000158c600 0000000000000022 
[    0.003201] GPR04: c000000000e63b7a 0000000000000002 4f534e4f435f4c41 4853554c465f454c 
[    0.003204] GPR08: 676e697373696d20 0000000000000000 0000000000000027 9000000000001033 
[    0.003207] GPR12: c0000000001cc080 c000000002150000 0000000000000000 0000000003460600 
[    0.003211] GPR16: 000000002ffa0000 0000000000000000 c0000000014641e0 0000000000000000 
[    0.003214] GPR20: 0000000000000000 c000000001765738 c000000001763738 0000000000000001 
[    0.003217] GPR24: c0000000015c1ed8 c000000001763318 c000000001762dec 0000000000000001 
[    0.003221] GPR28: 0000000000000000 c000000002130d18 0000000000000000 0000000000000000 
[    0.003224] NIP [c0000000000b9b9c] __opal_flush_console+0xfc/0x110
[    0.003225] LR [c0000000000b9b98] __opal_flush_console+0xf8/0x110
[    0.003226] Call Trace:
[    0.003227] [c00000000158bb50] [c0000000000b9b98] __opal_flush_console+0xf8/0x110 (unreliable)
[    0.003229] [c00000000158bbd0] [c0000000000b9dbc] opal_flush_console+0x2c/0x60
[    0.003230] [c00000000158bc00] [c00000000080c180] udbg_opal_putc+0x80/0xd0
[    0.003232] [c00000000158bc50] [c000000000033660] udbg_write+0x90/0x140
[    0.003233] [c00000000158bc90] [c0000000001c888c] console_unlock+0x32c/0x820
[    0.003235] [c00000000158bd70] [c0000000001c9768] register_console+0x5d8/0x790
[    0.003237] [c00000000158be10] [c000000000fb9dcc] register_early_udbg_console+0x9c/0xb4
[    0.003238] [c00000000158be80] [c000000000fb99c8] setup_arch+0x78/0x39c
[    0.003240] [c00000000158bef0] [c000000000fb3c00] start_kernel+0xb4/0x6bc
[    0.003241] [c00000000158bf90] [c00000000000c4d4] start_here_common+0x1c/0x20
[    0.003242] Instruction dump:
[    0.003243] 60000000 3860fffe 4bffffa8 60000000 60000000 3c62ff8d 39200001 3d42fff6 
[    0.003248] 38637558 992afea8 480791f5 60000000 <0fe00000> 4bffff54 48079715 60000000 
[    0.003253] random: get_random_bytes called from print_oops_end_marker+0x6c/0xa0 with crng_init=0
[    0.003254] ---[ end trace 0000000000000000 ]---
[    0.003255] ------------[ cut here ]------------
[    0.003256] opal: OPAL_CONSOLE_FLUSH missing.
[    0.003257] WARNING: CPU: 0 PID: 0 at ../arch/powerpc/platforms/powernv/opal.c:435 __opal_flush_console+0xfc/0x110
[    0.003258] Modules linked in:
[    0.003259] Supported: No, Unreleased kernel
[    0.003260] CPU: 0 PID: 0 Comm: swapper Not tainted 5.3.8-11.gea9b07d-default #1 SLE15-SP2 (unreleased)
[    0.003261] NIP:  c0000000000b9b9c LR: c0000000000b9b98 CTR: c000000000c06ca0
[    0.003263] REGS: c00000000158b8c0 TRAP: 0700   Not tainted  (5.3.8-11.gea9b07d-default)
[    0.003263] MSR:  9000000000021033 <SF,HV,ME,IR,DR,RI,LE>  CR: 28024222  XER: 20000000
[    0.003269] CFAR: c000000000132df0 IRQMASK: 1 
[    0.003270] GPR00: c0000000000b9b98 c00000000158bb50 c00000000158c600 0000000000000022 
[    0.003273] GPR04: c000000000e63b7a 0000000000000002 4f534e4f435f4c41 4853554c465f454c 
[    0.003277] GPR08: 676e697373696d20 0000000000000000 0000000000000027 9000000000001033 
[    0.003280] GPR12: c0000000001cc080 c000000002150000 0000000000000000 0000000003460600 
[    0.003283] GPR16: 000000002ffa0000 0000000000000000 c0000000014641e0 0000000000000000 
[    0.003287] GPR20: 0000000000000000 c000000001765738 c000000001763738 0000000000000001 
[    0.003290] GPR24: c0000000015c1ed8 c000000001763318 c000000001762dec 0000000000000001 
[    0.003293] GPR28: 0000000000000000 c000000002130d18 0000000000000000 0000000000000000 
[    0.003297] NIP [c0000000000b9b9c] __opal_flush_console+0xfc/0x110
[    0.003298] LR [c0000000000b9b98] __opal_flush_console+0xf8/0x110
[    0.003298] Call Trace:
[    0.003299] [c00000000158bb50] [c0000000000b9b98] __opal_flush_console+0xf8/0x110 (unreliable)
[    0.003301] [c00000000158bbd0] [c0000000000b9dbc] opal_flush_console+0x2c/0x60
[    0.003303] [c00000000158bc00] [c00000000080c180] udbg_opal_putc+0x80/0xd0
[    0.003305] [c00000000158bc50] [c000000000033660] udbg_write+0x90/0x140
[    0.003306] [c00000000158bc90] [c0000000001c888c] console_unlock+0x32c/0x820
[    0.003308] [c00000000158bd70] [c0000000001c9768] register_console+0x5d8/0x790
[    0.003309] [c00000000158be10] [c000000000fb9dcc] register_early_udbg_console+0x9c/0xb4
[    0.003311] [c00000000158be80] [c000000000fb99c8] setup_arch+0x78/0x39c
[    0.003312] [c00000000158bef0] [c000000000fb3c00] start_kernel+0xb4/0x6bc
[    0.003314] [c00000000158bf90] [c00000000000c4d4] start_here_common+0x1c/0x20
[    0.003315] Instruction dump:
[    0.003316] 60000000 3860fffe 4bffffa8 60000000 60000000 3c62ff8d 39200001 3d42fff6 
[    0.003320] 38637558 992afea8 480791f5 60000000 <0fe00000> 4bffff54 48079715 60000000 
[    0.003325] random: get_random_bytes called from print_oops_end_marker+0x6c/0xa0 with crng_init=0
[    0.003326] ---[ end trace 0000000000000000 ]---
[    0.003327] ------------[ cut here ]------------
[    0.003328] opal: OPAL_CONSOLE_FLUSH missing.
[    0.003330] WARNING: CPU: 0 PID: 0 at ../arch/powerpc/platforms/powernv/opal.c:435 __opal_flush_console+0xfc/0x110
[    0.003330] Modules linked in:
[    0.003331] Supported: No, Unreleased kernel
[    0.003333] CPU: 0 PID: 0 Comm: swapper Not tainted 5.3.8-11.gea9b07d-default #1 SLE15-SP2 (unreleased)
[    0.003334] NIP:  c0000000000b9b9c LR: c0000000000b9b98 CTR: c000000000c06ca0
[    0.003335] REGS: c00000000158b8c0 TRAP: 0700   Not tainted  (5.3.8-11.gea9b07d-default)
[    0.003336] MSR:  9000000000021033 <SF,HV,ME,IR,DR,RI,LE>  CR: 28024222  XER: 20000000
[    0.003341] CFAR: c000000000132df0 IRQMASK: 1 
[    0.003343] GPR00: c0000000000b9b98 c00000000158bb50 c00000000158c600 0000000000000022 
[    0.003346] GPR04: c000000000e63b7a 0000000000000002 4f534e4f435f4c41 4853554c465f454c 
[    0.003349] GPR08: 676e697373696d20 0000000000000000 0000000000000027 9000000000001033 
[    0.003352] GPR12: c0000000001cc080 c000000002150000 0000000000000000 0000000003460600 
[    0.003355] GPR16: 000000002ffa0000 0000000000000000 c0000000014641e0 0000000000000000 
[    0.003359] GPR20: 0000000000000000 c000000001765738 c000000001763738 0000000000000001 
[    0.003362] GPR24: c0000000015c1ed8 c000000001763318 c000000001762dec 0000000000000001 
[    0.003365] GPR28: 0000000000000000 c000000002130d18 0000000000000000 0000000000000000 
[    0.003369] NIP [c0000000000b9b9c] __opal_flush_console+0xfc/0x110
[    0.003370] LR [c0000000000b9b98] __opal_flush_console+0xf8/0x110
[    0.003370] Call Trace:
[    0.003371] [c00000000158bb50] [c0000000000b9b98] __opal_flush_console+0xf8/0x110 (unreliable)
[    0.003374] [c00000000158bbd0] [c0000000000b9dbc] opal_flush_console+0x2c/0x60
[    0.003375] [c00000000158bc00] [c00000000080c180] udbg_opal_putc+0x80/0xd0
[    0.003377] [c00000000158bc50] [c000000000033660] udbg_write+0x90/0x140
[    0.003378] [c00000000158bc90] [c0000000001c888c] console_unlock+0x32c/0x820
[    0.003380] [c00000000158bd70] [c0000000001c9768] register_console+0x5d8/0x790
[    0.003381] [c00000000158be10] [c000000000fb9dcc] register_early_udbg_console+0x9c/0xb4
[    0.003383] [c00000000158be80] [c000000000fb99c8] setup_arch+0x78/0x39c
[    0.003384] [c00000000158bef0] [c000000000fb3c00] start_kernel+0xb4/0x6bc
[    0.003386] [c00000000158bf90] [c00000000000c4d4] start_here_common+0x1c/0x20
[    0.003387] Instruction dump:
[    0.003388] 60000000 3860fffe 4bffffa8 60000000 60000000 3c62ff8d 39200001 3d42fff6 
[    0.003393] 38637558 992afea8 480791f5 60000000 <0fe00000> 4bffff54 48079715 60000000 
[    0.003398] random: get_random_bytes called from print_oops_end_marker+0x6c/0xa0 with crng_init=0
[    0.003399] ---[ end trace 0000000000000000 ]---
[    0.003400] ------------[ cut here ]------------
[    0.003401] opal: OPAL_CONSOLE_FLUSH missing.
[    0.003402] WARNING: CPU: 0 PID: 0 at ../arch/powerpc/platforms/powernv/opal.c:435 __opal_flush_console+0xfc/0x110
[    0.003403] Modules linked in:
[    0.003404] Supported: No, Unreleased kernel
[    0.003405] CPU: 0 PID: 0 Comm: swapper Not tainted 5.3.8-11.gea9b07d-default #1 SLE15-SP2 (unreleased)
[    0.003406] NIP:  c0000000000b9b9c LR: c0000000000b9b98 CTR: c000000000c06ca0
[    0.003407] REGS: c00000000158b8c0 TRAP: 0700   Not tainted  (5.3.8-11.gea9b07d-default)
[    0.003408] MSR:  9000000000021033 <SF,HV,ME,IR,DR,RI,LE>  CR: 28024222  XER: 20000000
[    0.003414] CFAR: c000000000132df0 IRQMASK: 1 
[    0.003415] GPR00: c0000000000b9b98 c00000000158bb50 c00000000158c600 0000000000000022 
[    0.003418] GPR04: c000000000e63b7a 0000000000000002 4f534e4f435f4c41 4853554c465f454c 
[    0.003421] GPR08: 676e697373696d20 0000000000000000 0000000000000027 9000000000001033 
[    0.003425] GPR12: c0000000001cc080 c000000002150000 0000000000000000 0000000003460600 
[    0.003428] GPR16: 000000002ffa0000 0000000000000000 c0000000014641e0 0000000000000000 
[    0.003431] GPR20: 0000000000000000 c000000001765738 c000000001763738 0000000000000001 
[    0.003435] GPR24: c0000000015c1ed8 c000000001763318 c000000001762dec 0000000000000001 
[    0.003438] GPR28: 0000000000000000 c000000002130d18 0000000000000000 0000000000000000 
[    0.003442] NIP [c0000000000b9b9c] __opal_flush_console+0xfc/0x110
[    0.003442] LR [c0000000000b9b98] __opal_flush_console+0xf8/0x110
[    0.003443] Call Trace:
[    0.003444] [c00000000158bb50] [c0000000000b9b98] __opal_flush_console+0xf8/0x110 (unreliable)
[    0.003446] [c00000000158bbd0] [c0000000000b9dbc] opal_flush_console+0x2c/0x60
[    0.003448] [c00000000158bc00] [c00000000080c180] udbg_opal_putc+0x80/0xd0
[    0.003449] [c00000000158bc50] [c000000000033660] udbg_write+0x90/0x140
[    0.003451] [c00000000158bc90] [c0000000001c888c] console_unlock+0x32c/0x820
[    0.003452] [c00000000158bd70] [c0000000001c9768] register_console+0x5d8/0x790
[    0.003454] [c00000000158be10] [c000000000fb9dcc] register_early_udbg_console+0x9c/0xb4
[    0.003455] [c00000000158be80] [c000000000fb99c8] setup_arch+0x78/0x39c
[    0.003457] [c00000000158bef0] [c000000000fb3c00] start_kernel+0xb4/0x6bc
[    0.003458] [c00000000158bf90] [c00000000000c4d4] start_here_common+0x1c/0x20
[    0.003460] Instruction dump:
[    0.003461] 60000000 3860fffe 4bffffa8 60000000 60000000 3c62ff8d 39200001 3d42fff6 
[    0.003465] 38637558 992afea8 480791f5 60000000 <0fe00000> 4bffff54 48079715 60000000 
[    0.003470] random: get_random_bytes called from print_oops_end_marker+0x6c/0xa0 with crng_init=0
[    0.003471] ---[ end trace 0000000000000000 ]---
[    0.003472] ------------[ cut here ]------------
[    0.003473] opal: OPAL_CONSOLE_FLUSH missing.
[    0.003475] WARNING: CPU: 0 PID: 0 at ../arch/powerpc/platforms/powernv/opal.c:435 __opal_flush_console+0xfc/0x110
[    0.003475] Modules linked in:
[    0.003477] Supported: No, Unreleased kernel
[    0.003478] CPU: 0 PID: 0 Comm: swapper Not tainted 5.3.8-11.gea9b07d-default #1 SLE15-SP2 (unreleased)
[    0.003479] NIP:  c0000000000b9b9c LR: c0000000000b9b98 CTR: c000000000c06ca0
[    0.003480] REGS: c00000000158b8c0 TRAP: 0700   Not tainted  (5.3.8-11.gea9b07d-default)
[    0.003481] MSR:  9000000000021033 <SF,HV,ME,IR,DR,RI,LE>  CR: 28024222  XER: 20000000
[    0.003486] CFAR: c000000000132df0 IRQMASK: 1 
[    0.003488] GPR00: c0000000000b9b98 c00000000158bb50 c00000000158c600 0000000000000022 
[    0.003491] GPR04: c000000000e63b7a 0000000000000002 4f534e4f435f4c41 4853554c465f454c 
[    0.003494] GPR08: 676e697373696d20 0000000000000000 0000000000000027 9000000000001033 
[    0.003497] GPR12: c0000000001cc080 c000000002150000 0000000000000000 0000000003460600 
[    0.003501] GPR16: 000000002ffa0000 0000000000000000 c0000000014641e0 0000000000000000 
[    0.003504] GPR20: 0000000000000000 c000000001765738 c000000001763738 0000000000000001 
[    0.003507] GPR24: c0000000015c1ed8 c000000001763318 c000000001762dec 0000000000000001 
[    0.003510] GPR28: 0000000000000000 c000000002130d18 0000000000000000 0000000000000000 
[    0.003514] NIP [c0000000000b9b9c] __opal_flush_console+0xfc/0x110
[    0.003515] LR [c0000000000b9b98] __opal_flush_console+0xf8/0x110
[    0.003515] Call Trace:
[    0.003517] [c00000000158bb50] [c0000000000b9b98] __opal_flush_console+0xf8/0x110 (unreliable)
[    0.003519] [c00000000158bbd0] [c0000000000b9dbc] opal_flush_console+0x2c/0x60
[    0.003520] [c00000000158bc00] [c00000000080c180] udbg_opal_putc+0x80/0xd0
[    0.003522] [c00000000158bc50] [c000000000033660] udbg_write+0x90/0x140
[    0.003523] [c00000000158bc90] [c0000000001c888c] console_unlock+0x32c/0x820
[    0.003525] [c00000000158bd70] [c0000000001c9768] register_console+0x5d8/0x790
[    0.003526] [c00000000158be10] [c000000000fb9dcc] register_early_udbg_console+0x9c/0xb4
[    0.003528] [c00000000158be80] [c000000000fb99c8] setup_arch+0x78/0x39c
[    0.003529] [c00000000158bef0] [c000000000fb3c00] start_kernel+0xb4/0x6bc
[    0.003531] [c00000000158bf90] [c00000000000c4d4] start_here_common+0x1c/0x20
[    0.003532] Instruction dump:
[    0.003533] 60000000 3860fffe 4bffffa8 60000000 60000000 3c62ff8d 39200001 3d42fff6 
[    0.003538] 38637558 992afea8 480791f5 60000000 <0fe00000> 4bffff54 48079715 60000000 
[    0.003543] random: get_random_bytes called from print_oops_end_marker+0x6c/0xa0 with crng_init=0
[    0.003544] ---[ end trace 0000000000000000 ]---
[    0.003545] ------------[ cut here ]------------
[    0.003546] opal: OPAL_CONSOLE_FLUSH missing.
[    0.003547] WARNING: CPU: 0 PID: 0 at ../arch/powerpc/platforms/powernv/opal.c:435 __opal_flush_console+0xfc/0x110
[    0.003548] Modules linked in:
[    0.003549] Supported: No, Unreleased kernel
[    0.003550] CPU: 0 PID: 0 Comm: swapper Not tainted 5.3.8-11.gea9b07d-default #1 SLE15-SP2 (unreleased)
[    0.003551] NIP:  c0000000000b9b9c LR: c0000000000b9b98 CTR: c000000000c06ca0
[    0.003553] REGS: c00000000158b8c0 TRAP: 0700   Not tainted  (5.3.8-11.gea9b07d-default)
[    0.003553] MSR:  9000000000021033 <SF,HV,ME,IR,DR,RI,LE>  CR: 28024222  XER: 20000000
[    0.003559] CFAR: c000000000132df0 IRQMASK: 1 
[    0.003560] GPR00: c0000000000b9b98 c00000000158bb50 c00000000158c600 0000000000000022 
[    0.003563] GPR04: c000000000e63b7a 0000000000000002 4f534e4f435f4c41 4853554c465f454c 
[    0.003567] GPR08: 676e697373696d20 0000000000000000 0000000000000027 9000000000001033 
[    0.003570] GPR12: c0000000001cc080 c000000002150000 0000000000000000 0000000003460600 
[    0.003573] GPR16: 000000002ffa0000 0000000000000000 c0000000014641e0 0000000000000000 
[    0.003577] GPR20: 0000000000000000 c000000001765738 c000000001763738 0000000000000001 
[    0.003580] GPR24: c0000000015c1ed8 c000000001763318 c000000001762dec 0000000000000001 
[    0.003583] GPR28: 0000000000000000 c000000002130d18 0000000000000000 0000000000000000 
[    0.003587] NIP [c0000000000b9b9c] __opal_flush_console+0xfc/0x110
[    0.003588] LR [c0000000000b9b98] __opal_flush_console+0xf8/0x110
[    0.003588] Call Trace:
[    0.003589] [c00000000158bb50] [c0000000000b9b98] __opal_flush_console+0xf8/0x110 (unreliable)
[    0.003591] [c00000000158bbd0] [c0000000000b9dbc] opal_flush_console+0x2c/0x60
[    0.003593] [c00000000158bc00] [c00000000080c180] udbg_opal_putc+0x80/0xd0
[    0.003594] [c00000000158bc50] [c000000000033660] udbg_write+0x90/0x140
[    0.003596] [c00000000158bc90] [c0000000001c888c] console_unlock+0x32c/0x820
[    0.003598] [c00000000158bd70] [c0000000001c9768] register_console+0x5d8/0x790
[    0.003599] [c00000000158be10] [c000000000fb9dcc] register_early_udbg_console+0x9c/0xb4
[    0.003601] [c00000000158be80] [c000000000fb99c8] setup_arch+0x78/0x39c
[    0.003602] [c00000000158bef0] [c000000000fb3c00] start_kernel+0xb4/0x6bc
[    0.003604] [c00000000158bf90] [c00000000000c4d4] start_here_common+0x1c/0x20
[    0.003605] Instruction dump:
[    0.003606] 60000000 3860fffe 4bffffa8 60000000 60000000 3c62ff8d 39200001 3d42fff6 
[    0.003610] 38637558 992afea8 480791f5 60000000 <0fe00000> 4bffff54 48079715 60000000 
[    0.003616] random: get_random_bytes called from print_oops_end_marker+0x6c/0xa0 with crng_init=0
[    0.003616] ---[ end trace 0000000000000000 ]---
[    0.003618] ------------[ cut here ]------------
[    0.003618] opal: OPAL_CONSOLE_FLUSH missing.
[    0.003620] WARNING: CPU: 0 PID: 0 at ../arch/powerpc/platforms/powernv/opal.c:435 __opal_flush_console+0xfc/0x110
[    0.003620] Modules linked in:
[    0.003622] Supported: No, Unreleased kernel
[    0.003623] CPU: 0 PID: 0 Comm: swapper Not tainted 5.3.8-11.gea9b07d-default #1 SLE15-SP2 (unreleased)
[    0.003624] NIP:  c0000000000b9b9c LR: c0000000000b9b98 CTR: c000000000c06ca0
[    0.003625] REGS: c00000000158b8c0 TRAP: 0700   Not tainted  (5.3.8-11.gea9b07d-default)
[    0.003626] MSR:  9000000000021033 <SF,HV,ME,IR,DR,RI,LE>  CR: 28024222  XER: 20000000
[    0.003631] CFAR: c000000000132df0 IRQMASK: 1 
[    0.003633] GPR00: c0000000000b9b98 c00000000158bb50 c00000000158c600 0000000000000022 
[    0.003636] GPR04: c000000000e63b7a 0000000000000002 4f534e4f435f4c41 4853554c465f454c 
[    0.003639] GPR08: 676e697373696d20 0000000000000000 0000000000000027 9000000000001033 
[    0.003642] GPR12: c0000000001cc080 c000000002150000 0000000000000000 0000000003460600 
[    0.003646] GPR16: 000000002ffa0000 0000000000000000 c0000000014641e0 0000000000000000 
[    0.003649] GPR20: 0000000000000000 c000000001765738 c000000001763738 0000000000000001 
[    0.003652] GPR24: c0000000015c1ed8 c000000001763318 c000000001762dec 0000000000000001 
[    0.003656] GPR28: 0000000000000000 c000000002130d18 0000000000000000 0000000000000000 
[    0.003659] NIP [c0000000000b9b9c] __opal_flush_console+0xfc/0x110
[    0.003660] LR [c0000000000b9b98] __opal_flush_console+0xf8/0x110
[    0.003661] Call Trace:
[    0.003662] [c00000000158bb50] [c0000000000b9b98] __opal_flush_console+0xf8/0x110 (unreliable)
[    0.003664] [c00000000158bbd0] [c0000000000b9dbc] opal_flush_console+0x2c/0x60
[    0.003665] [c00000000158bc00] [c00000000080c180] udbg_opal_putc+0x80/0xd0
[    0.003667] [c00000000158bc50] [c000000000033660] udbg_write+0x90/0x140
[    0.003668] [c00000000158bc90] [c0000000001c888c] console_unlock+0x32c/0x820
[    0.003670] [c00000000158bd70] [c0000000001c9768] register_console+0x5d8/0x790
[    0.003672] [c00000000158be10] [c000000000fb9dcc] register_early_udbg_console+0x9c/0xb4
[    0.003673] [c00000000158be80] [c000000000fb99c8] setup_arch+0x78/0x39c
[    0.003675] [c00000000158bef0] [c000000000fb3c00] start_kernel+0xb4/0x6bc
[    0.003676] [c00000000158bf90] [c00000000000c4d4] start_here_common+0x1c/0x20
[    0.003677] Instruction dump:
[    0.003678] 60000000 3860fffe 4bffffa8 60000000 60000000 3c62ff8d 39200001 3d42fff6 
[    0.003683] 38637558 992afea8 480791f5 60000000 <0fe00000> 4bffff54 48079715 60000000 
[    0.003688] random: get_random_bytes called from print_oops_end_marker+0x6c/0xa0 with crng_init=0
[    0.003689] ---[ end trace 0000000000000000 ]---
[    0.003690] ------------[ cut here ]------------
[    0.003691] opal: OPAL_CONSOLE_FLUSH missing.
[    0.003692] WARNING: CPU: 0 PID: 0 at ../arch/powerpc/platforms/powernv/opal.c:435 __opal_flush_console+0xfc/0x110
[    0.003693] Modules linked in:
[    0.003694] Supported: No, Unreleased kernel
[    0.003695] CPU: 0 PID: 0 Comm: swapper Not tainted 5.3.8-11.gea9b07d-default #1 SLE15-SP2 (unreleased)
[    0.003696] NIP:  c0000000000b9b9c LR: c0000000000b9b98 CTR: c000000000c06ca0
[    0.003698] REGS: c00000000158b8c0 TRAP: 0700   Not tainted  (5.3.8-11.gea9b07d-default)
[    0.003698] MSR:  9000000000021033 <SF,HV,ME,IR,DR,RI,LE>  CR: 28024222  XER: 20000000
[    0.003704] CFAR: c000000000132df0 IRQMASK: 1 
[    0.003705] GPR00: c0000000000b9b98 c00000000158bb50 c00000000158c600 0000000000000022 
[    0.003708] GPR04: c000000000e63b7a 0000000000000002 4f534e4f435f4c41 4853554c465f454c 
[    0.003712] GPR08: 676e697373696d20 0000000000000000 0000000000000027 9000000000001033 
[    0.003715] GPR12: c0000000001cc080 c000000002150000 0000000000000000 0000000003460600 
[    0.003718] GPR16: 000000002ffa0000 0000000000000000 c0000000014641e0 0000000000000000 
[    0.003721] GPR20: 0000000000000000 c000000001765738 c000000001763738 0000000000000001 
[    0.003725] GPR24: c0000000015c1ed8 c000000001763318 c000000001762dec 0000000000000001 
[    0.003728] GPR28: 0000000000000000 c000000002130d18 0000000000000000 0000000000000000 
[    0.003732] NIP [c0000000000b9b9c] __opal_flush_console+0xfc/0x110
[    0.003733] LR [c0000000000b9b98] __opal_flush_console+0xf8/0x110
[    0.003733] Call Trace:
[    0.003734] [c00000000158bb50] [c0000000000b9b98] __opal_flush_console+0xf8/0x110 (unreliable)
[    0.003736] [c00000000158bbd0] [c0000000000b9dbc] opal_flush_console+0x2c/0x60
[    0.003738] [c00000000158bc00] [c00000000080c180] udbg_opal_putc+0x80/0xd0
[    0.003739] [c00000000158bc50] [c000000000033660] udbg_write+0x90/0x140
[    0.003741] [c00000000158bc90] [c0000000001c888c] console_unlock+0x32c/0x820
[    0.003743] [c00000000158bd70] [c0000000001c9768] register_console+0x5d8/0x790
[    0.003744] [c00000000158be10] [c000000000fb9dcc] register_early_udbg_console+0x9c/0xb4
[    0.003746] [c00000000158be80] [c000000000fb99c8] setup_arch+0x78/0x39c
[    0.003747] [c00000000158bef0] [c000000000fb3c00] start_kernel+0xb4/0x6bc
[    0.003749] [c00000000158bf90] [c00000000000c4d4] start_here_common+0x1c/0x20
[    0.003750] Instruction dump:
[    0.003751] 60000000 3860fffe 4bffffa8 60000000 60000000 3c62ff8d 39200001 3d42fff6 
[    0.003756] 38637558 992afea8 480791f5 60000000 <0fe00000> 4bffff54 48079715 60000000 
[    0.003761] random: get_random_bytes called from print_oops_end_marker+0x6c/0xa0 with crng_init=0
[    0.003762] ---[ end trace 0000000000000000 ]---
[    0.003763] ------------[ cut here ]------------
[    0.003764] opal: OPAL_CONSOLE_FLUSH missing.
[    0.003765] WARNING: CPU: 0 PID: 0 at ../arch/powerpc/platforms/powernv/opal.c:435 __opal_flush_console+0xfc/0x110
[    0.003766] Modules linked in:
[    0.003767] Supported: No, Unreleased kernel
[    0.003768] CPU: 0 PID: 0 Comm: swapper Not tainted 5.3.8-11.gea9b07d-default #1 SLE15-SP2 (unreleased)
[    0.003769] NIP:  c0000000000b9b9c LR: c0000000000b9b98 CTR: c000000000c06ca0
[    0.003771] REGS: c00000000158b8c0 TRAP: 0700   Not tainted  (5.3.8-11.gea9b07d-default)
[    0.003771] MSR:  9000000000021033 <SF,HV,ME,IR,DR,RI,LE>  CR: 28024222  XER: 20000000
[    0.003777] CFAR: c000000000132df0 IRQMASK: 1 
[    0.003778] GPR00: c0000000000b9b98 c00000000158bb50 c00000000158c600 0000000000000022 
[    0.003781] GPR04: c000000000e63b7a 0000000000000002 4f534e4f435f4c41 4853554c465f454c 
[    0.003785] GPR08: 676e697373696d20 0000000000000000 0000000000000027 9000000000001033 
[    0.003788] GPR12: c0000000001cc080 c000000002150000 0000000000000000 0000000003460600 
[    0.003791] GPR16: 000000002ffa0000 0000000000000000 c0000000014641e0 0000000000000000 
[    0.003794] GPR20: 0000000000000000 c000000001765738 c000000001763738 0000000000000001 
[    0.003798] GPR24: c0000000015c1ed8 c000000001763318 c000000001762dec 0000000000000001 
[    0.003801] GPR28: 0000000000000000 c000000002130d18 0000000000000000 0000000000000000 
[    0.003805] NIP [c0000000000b9b9c] __opal_flush_console+0xfc/0x110
[    0.003806] LR [c0000000000b9b98] __opal_flush_console+0xf8/0x110
[    0.003806] Call Trace:
[    0.003807] [c00000000158bb50] [c0000000000b9b98] __opal_flush_console+0xf8/0x110 (unreliable)
[    0.003809] [c00000000158bbd0] [c0000000000b9dbc] opal_flush_console+0x2c/0x60
[    0.003811] [c00000000158bc00] [c00000000080c180] udbg_opal_putc+0x80/0xd0
[    0.003812] [c00000000158bc50] [c000000000033660] udbg_write+0x90/0x140
[    0.003814] [c00000000158bc90] [c0000000001c888c] console_unlock+0x32c/0x820
[    0.003816] [c00000000158bd70] [c0000000001c9768] register_console+0x5d8/0x790
[    0.003817] [c00000000158be10] [c000000000fb9dcc] register_early_udbg_console+0x9c/0xb4
[    0.003819] [c00000000158be80] [c000000000fb99c8] setup_arch+0x78/0x39c
[    0.003820] [c00000000158bef0] [c000000000fb3c00] start_kernel+0xb4/0x6bc
[    0.003822] [c00000000158bf90] [c00000000000c4d4] start_here_common+0x1c/0x20
[    0.003823] Instruction dump:
[    0.003824] 60000000 3860fffe 4bffffa8 60000000 60000000 3c62ff8d 39200001 3d42fff6 
[    0.003829] 38637558 992afea8 480791f5 60000000 <0fe00000> 4bffff54 48079715 60000000 
[    0.003834] random: get_random_bytes called from print_oops_end_marker+0x6c/0xa0 with crng_init=0
[    0.003835] ---[ end trace 0000000000000000 ]---
[    0.003836] ------------[ cut here ]------------
[    0.003836] opal: OPAL_CONSOLE_FLUSH missing.
[    0.003838] WARNING: CPU: 0 PID: 0 at ../arch/powerpc/platforms/powernv/opal.c:435 __opal_flush_console+0xfc/0x110
[    0.003839] Modules linked in:
[    0.003840] Supported: No, Unreleased kernel
[    0.003841] CPU: 0 PID: 0 Comm: swapper Not tainted 5.3.8-11.gea9b07d-default #1 SLE15-SP2 (unreleased)
[    0.003842] NIP:  c0000000000b9b9c LR: c0000000000b9b98 CTR: c000000000c06ca0
[    0.003843] REGS: c00000000158b8c0 TRAP: 0700   Not tainted  (5.3.8-11.gea9b07d-default)
[    0.003844] MSR:  9000000000021033 <SF,HV,ME,IR,DR,RI,LE>  CR: 28024222  XER: 20000000
[    0.003849] CFAR: c000000000132df0 IRQMASK: 1 
[    0.003851] GPR00: c0000000000b9b98 c00000000158bb50 c00000000158c600 0000000000000022 
[    0.003854] GPR04: c000000000e63b7a 0000000000000002 4f534e4f435f4c41 4853554c465f454c 
[    0.003857] GPR08: 676e697373696d20 0000000000000000 0000000000000027 9000000000001033 
[    0.003861] GPR12: c0000000001cc080 c000000002150000 0000000000000000 0000000003460600 
[    0.003864] GPR16: 000000002ffa0000 0000000000000000 c0000000014641e0 0000000000000000 
[    0.003867] GPR20: 0000000000000000 c000000001765738 c000000001763738 0000000000000001 
[    0.003870] GPR24: c0000000015c1ed8 c000000001763318 c000000001762dec 0000000000000001 
[    0.003874] GPR28: 0000000000000000 c000000002130d18 0000000000000000 0000000000000000 
[    0.003877] NIP [c0000000000b9b9c] __opal_flush_console+0xfc/0x110
[    0.003878] LR [c0000000000b9b98] __opal_flush_console+0xf8/0x110
[    0.003879] Call Trace:
[    0.003880] [c00000000158bb50] [c0000000000b9b98] __opal_flush_console+0xf8/0x110 (unreliable)
[    0.003882] [c00000000158bbd0] [c0000000000b9dbc] opal_flush_console+0x2c/0x60
[    0.003884] [c00000000158bc00] [c00000000080c180] udbg_opal_putc+0x80/0xd0
[    0.003885] [c00000000158bc50] [c000000000033660] udbg_write+0x90/0x140
[    0.003887] [c00000000158bc90] [c0000000001c888c] console_unlock+0x32c/0x820
[    0.003888] [c00000000158bd70] [c0000000001c9768] register_console+0x5d8/0x790
[    0.003890] [c00000000158be10] [c000000000fb9dcc] register_early_udbg_console+0x9c/0xb4
[    0.003892] [c00000000158be80] [c000000000fb99c8] setup_arch+0x78/0x39c
[    0.003893] [c00000000158bef0] [c000000000fb3c00] start_kernel+0xb4/0x6bc
[    0.003895] [c00000000158bf90] [c00000000000c4d4] start_here_common+0x1c/0x20
[    0.003896] Instruction dump:
[    0.003897] 60000000 3860fffe 4bffffa8 60000000 60000000 3c62ff8d 39200001 3d42fff6 
[    0.003901] 38637558 992afea8 480791f5 60000000 <0fe00000> 4bffff54 48079715 60000000 
[    0.003906] random: get_random_bytes called from print_oops_end_marker+0x6c/0xa0 with crng_init=0
[    0.003907] ---[ end trace 0000000000000000 ]---
[    0.003908] ------------[ cut here ]------------
[    0.003909] opal: OPAL_CONSOLE_FLUSH missing.
[    0.003910] WARNING: CPU: 0 PID: 0 at ../arch/powerpc/platforms/powernv/opal.c:435 __opal_flush_console+0xfc/0x110
[    0.003911] Modules linked in:
[    0.003912] Supported: No, Unreleased kernel
[    0.003914] CPU: 0 PID: 0 Comm: swapper Not tainted 5.3.8-11.gea9b07d-default #1 SLE15-SP2 (unreleased)
[    0.003915] NIP:  c0000000000b9b9c LR: c0000000000b9b98 CTR: c000000000c06ca0
[    0.003916] REGS: c00000000158b8c0 TRAP: 0700   Not tainted  (5.3.8-11.gea9b07d-default)
[    0.003916] MSR:  9000000000021033 <SF,HV,ME,IR,DR,RI,LE>  CR: 28024222  XER: 20000000
[    0.003922] CFAR: c000000000132df0 IRQMASK: 1 
[    0.003923] GPR00: c0000000000b9b98 c00000000158bb50 c00000000158c600 0000000000000022 
[    0.003927] GPR04: c000000000e63b7a 0000000000000002 4f534e4f435f4c41 4853554c465f454c 
[    0.003930] GPR08: 676e697373696d20 0000000000000000 0000000000000027 9000000000001033 
[    0.003933] GPR12: c0000000001cc080 c000000002150000 0000000000000000 0000000003460600 
[    0.003936] GPR16: 000000002ffa0000 0000000000000000 c0000000014641e0 0000000000000000 
[    0.003940] GPR20: 0000000000000000 c000000001765738 c000000001763738 0000000000000001 
[    0.003943] GPR24: c0000000015c1ed8 c000000001763318 c000000001762dec 0000000000000001 
[    0.003946] GPR28: 0000000000000000 c000000002130d18 0000000000000000 0000000000000000 
[    0.003950] NIP [c0000000000b9b9c] __opal_flush_console+0xfc/0x110
[    0.003951] LR [c0000000000b9b98] __opal_flush_console+0xf8/0x110
[    0.003951] Call Trace:
[    0.003952] [c00000000158bb50] [c0000000000b9b98] __opal_flush_console+0xf8/0x110 (unreliable)
[    0.003954] [c00000000158bbd0] [c0000000000b9dbc] opal_flush_console+0x2c/0x60
[    0.003956] [c00000000158bc00] [c00000000080c180] udbg_opal_putc+0x80/0xd0
[    0.003958] [c00000000158bc50] [c000000000033660] udbg_write+0x90/0x140
[    0.003959] [c00000000158bc90] [c0000000001c888c] console_unlock+0x32c/0x820
[    0.003961] [c00000000158bd70] [c0000000001c9768] register_console+0x5d8/0x790
[    0.003962] [c00000000158be10] [c000000000fb9dcc] register_early_udbg_console+0x9c/0xb4
[    0.003964] [c00000000158be80] [c000000000fb99c8] setup_arch+0x78/0x39c
[    0.003965] [c00000000158bef0] [c000000000fb3c00] start_kernel+0xb4/0x6bc
[    0.003967] [c00000000158bf90] [c00000000000c4d4] start_here_common+0x1c/0x20
[    0.003968] Instruction dump:
[    0.003969] 60000000 3860fffe 4bffffa8 60000000 60000000 3c62ff8d 39200001 3d42fff6 
[    0.003974] 38637558 992afea8 480791f5 60000000 <0fe00000> 4bffff54 48079715 60000000 
[    0.003979] random: get_random_bytes called from print_oops_end_marker+0x6c/0xa0 with crng_init=0
[    0.003980] ---[ end trace 0000000000000000 ]---
[    0.003981] ------------[ cut here ]------------
[    0.003982] opal: OPAL_CONSOLE_FLUSH missing.
[    0.003983] WARNING: CPU: 0 PID: 0 at ../arch/powerpc/platforms/powernv/opal.c:435 __opal_flush_console+0xfc/0x110
[    0.003983] Modules linked in:
[    0.003985] Supported: No, Unreleased kernel
[    0.003986] CPU: 0 PID: 0 Comm: swapper Not tainted 5.3.8-11.gea9b07d-default #1 SLE15-SP2 (unreleased)
[    0.003987] NIP:  c0000000000b9b9c LR: c0000000000b9b98 CTR: c000000000c06ca0
[    0.003988] REGS: c00000000158b8c0 TRAP: 0700   Not tainted  (5.3.8-11.gea9b07d-default)
[    0.003989] MSR:  9000000000021033 <SF,HV,ME,IR,DR,RI,LE>  CR: 28024222  XER: 20000000
[    0.003994] CFAR: c000000000132df0 IRQMASK: 1 
[    0.003996] GPR00: c0000000000b9b98 c00000000158bb50 c00000000158c600 0000000000000022 
[    0.003999] GPR04: c000000000e63b7a 0000000000000002 4f534e4f435f4c41 4853554c465f454c 
[    0.004002] GPR08: 676e697373696d20 0000000000000000 0000000000000027 9000000000001033 
[    0.004006] GPR12: c0000000001cc080 c000000002150000 0000000000000000 0000000003460600 
[    0.004009] GPR16: 000000002ffa0000 0000000000000000 c0000000014641e0 0000000000000000 
[    0.004012] GPR20: 0000000000000000 c000000001765738 c000000001763738 0000000000000001 
[    0.004015] GPR24: c0000000015c1ed8 c000000001763318 c000000001762dec 0000000000000001 
[    0.004019] GPR28: 0000000000000000 c000000002130d18 0000000000000000 0000000000000000 
[    0.004022] NIP [c0000000000b9b9c] __opal_flush_console+0xfc/0x110
[    0.004023] LR [c0000000000b9b98] __opal_flush_console+0xf8/0x110
[    0.004024] Call Trace:
[    0.004025] [c00000000158bb50] [c0000000000b9b98] __opal_flush_console+0xf8/0x110 (unreliable)
[    0.004027] [c00000000158bbd0] [c0000000000b9dbc] opal_flush_console+0x2c/0x60
[    0.004029] [c00000000158bc00] [c00000000080c180] udbg_opal_putc+0x80/0xd0
[    0.004030] [c00000000158bc50] [c000000000033660] udbg_write+0x90/0x140
[    0.004032] [c00000000158bc90] [c0000000001c888c] console_unlock+0x32c/0x820
[    0.004033] [c00000000158bd70] [c0000000001c9768] register_console+0x5d8/0x790
[    0.004035] [c00000000158be10] [c000000000fb9dcc] register_early_udbg_console+0x9c/0xb4
[    0.004036] [c00000000158be80] [c000000000fb99c8] setup_arch+0x78/0x39c
[    0.004038] [c00000000158bef0] [c000000000fb3c00] start_kernel+0xb4/0x6bc
[    0.004039] [c00000000158bf90] [c00000000000c4d4] start_here_common+0x1c/0x20
[    0.004040] Instruction dump:
[    0.004042] 60000000 3860fffe 4bffffa8 60000000 60000000 3c62ff8d 39200001 3d42fff6 
[    0.004046] 38637558 992afea8 480791f5 60000000 <0fe00000> 4bffff54 48079715 60000000 
[    0.004051] random: get_random_bytes called from print_oops_end_marker+0x6c/0xa0 with crng_init=0
[    0.004052] ---[ end trace 0000000000000000 ]---
[    0.004053] ------------[ cut here ]------------
[    0.004054] opal: OPAL_CONSOLE_FLUSH missing.
[    0.004055] WARNING: CPU: 0 PID: 0 at ../arch/powerpc/platforms/powernv/opal.c:435 __opal_flush_console+0xfc/0x110
[    0.004056] Modules linked in:
[    0.004057] Supported: No, Unreleased kernel
[    0.004059] CPU: 0 PID: 0 Comm: swapper Not tainted 5.3.8-11.gea9b07d-default #1 SLE15-SP2 (unreleased)
[    0.004060] NIP:  c0000000000b9b9c LR: c0000000000b9b98 CTR: c000000000c06ca0
[    0.004061] REGS: c00000000158b8c0 TRAP: 0700   Not tainted  (5.3.8-11.gea9b07d-default)
[    0.004061] MSR:  9000000000021033 <SF,HV,ME,IR,DR,RI,LE>  CR: 28024222  XER: 20000000
[    0.004067] CFAR: c000000000132df0 IRQMASK: 1 
[    0.004068] GPR00: c0000000000b9b98 c00000000158bb50 c00000000158c600 0000000000000022 
[    0.004071] GPR04: c000000000e63b7a 0000000000000002 4f534e4f435f4c41 4853554c465f454c 
[    0.004074] GPR08: 676e697373696d20 0000000000000000 0000000000000027 9000000000001033 
[    0.004078] GPR12: c0000000001cc080 c000000002150000 0000000000000000 0000000003460600 
[    0.004081] GPR16: 000000002ffa0000 0000000000000000 c0000000014641e0 0000000000000000 
[    0.004084] GPR20: 0000000000000000 c000000001765738 c000000001763738 0000000000000001 
[    0.004087] GPR24: c0000000015c1ed8 c000000001763318 c000000001762dec 0000000000000001 
[    0.004091] GPR28: 0000000000000000 c000000002130d18 0000000000000000 0000000000000000 
[    0.004095] NIP [c0000000000b9b9c] __opal_flush_console+0xfc/0x110
[    0.004095] LR [c0000000000b9b98] __opal_flush_console+0xf8/0x110
[    0.004096] Call Trace:
[    0.004097] [c00000000158bb50] [c0000000000b9b98] __opal_flush_console+0xf8/0x110 (unreliable)
[    0.004099] [c00000000158bbd0] [c0000000000b9dbc] opal_flush_console+0x2c/0x60
[    0.004101] [c00000000158bc00] [c00000000080c180] udbg_opal_putc+0x80/0xd0
[    0.004102] [c00000000158bc50] [c000000000033660] udbg_write+0x90/0x140
[    0.004104] [c00000000158bc90] [c0000000001c888c] console_unlock+0x32c/0x820
[    0.004105] [c00000000158bd70] [c0000000001c9768] register_console+0x5d8/0x790
[    0.004107] [c00000000158be10] [c000000000fb9dcc] register_early_udbg_console+0x9c/0xb4
[    0.004108] [c00000000158be80] [c000000000fb99c8] setup_arch+0x78/0x39c
[    0.004110] [c00000000158bef0] [c000000000fb3c00] start_kernel+0xb4/0x6bc
[    0.004111] [c00000000158bf90] [c00000000000c4d4] start_here_common+0x1c/0x20
[    0.004113] Instruction dump:
[    0.004114] 60000000 3860fffe 4bffffa8 60000000 60000000 3c62ff8d 39200001 3d42fff6 
[    0.004118] 38637558 992afea8 480791f5 60000000 <0fe00000> 4bffff54 48079715 60000000 
[    0.004123] random: get_random_bytes called from print_oops_end_marker+0x6c/0xa0 with crng_init=0
[    0.004124] ---[ end trace 0000000000000000 ]---
[    0.004125] ------------[ cut here ]------------
[    0.004126] opal: OPAL_CONSOLE_FLUSH missing.
[    0.004128] WARNING: CPU: 0 PID: 0 at ../arch/powerpc/platforms/powernv/opal.c:435 __opal_flush_console+0xfc/0x110
[    0.004128] Modules linked in:
[    0.004129] Supported: No, Unreleased kernel
[    0.004131] CPU: 0 PID: 0 Comm: swapper Not tainted 5.3.8-11.gea9b07d-default #1 SLE15-SP2 (unreleased)
[    0.004132] NIP:  c0000000000b9b9c LR: c0000000000b9b98 CTR: c000000000c06ca0
[    0.004133] REGS: c00000000158b8c0 TRAP: 0700   Not tainted  (5.3.8-11.gea9b07d-default)
[    0.004134] MSR:  9000000000021033 <SF,HV,ME,IR,DR,RI,LE>  CR: 28024222  XER: 20000000
[    0.004139] CFAR: c000000000132df0 IRQMASK: 1 
[    0.004140] GPR00: c0000000000b9b98 c00000000158bb50 c00000000158c600 0000000000000022 
[    0.004144] GPR04: c000000000e63b7a 0000000000000002 4f534e4f435f4c41 4853554c465f454c 
[    0.004147] GPR08: 676e697373696d20 0000000000000000 0000000000000027 9000000000001033 
[    0.004150] GPR12: c0000000001cc080 c000000002150000 0000000000000000 0000000003460600 
[    0.004154] GPR16: 000000002ffa0000 0000000000000000 c0000000014641e0 0000000000000000 
[    0.004157] GPR20: 0000000000000000 c000000001765738 c000000001763738 0000000000000001 
[    0.004160] GPR24: c0000000015c1ed8 c000000001763318 c000000001762dec 0000000000000001 
[    0.004163] GPR28: 0000000000000000 c000000002130d18 0000000000000000 0000000000000000 
[    0.004167] NIP [c0000000000b9b9c] __opal_flush_console+0xfc/0x110
[    0.004168] LR [c0000000000b9b98] __opal_flush_console+0xf8/0x110
[    0.004169] Call Trace:
[    0.004170] [c00000000158bb50] [c0000000000b9b98] __opal_flush_console+0xf8/0x110 (unreliable)
[    0.004172] [c00000000158bbd0] [c0000000000b9dbc] opal_flush_console+0x2c/0x60
[    0.004173] [c00000000158bc00] [c00000000080c180] udbg_opal_putc+0x80/0xd0
[    0.004175] [c00000000158bc50] [c000000000033660] udbg_write+0x90/0x140
[    0.004176] [c00000000158bc90] [c0000000001c888c] console_unlock+0x32c/0x820
[    0.004178] [c00000000158bd70] [c0000000001c9768] register_console+0x5d8/0x790
[    0.004179] [c00000000158be10] [c000000000fb9dcc] register_early_udbg_console+0x9c/0xb4
[    0.004181] [c00000000158be80] [c000000000fb99c8] setup_arch+0x78/0x39c
[    0.004183] [c00000000158bef0] [c000000000fb3c00] start_kernel+0xb4/0x6bc
[    0.004184] [c00000000158bf90] [c00000000000c4d4] start_here_common+0x1c/0x20
[    0.004185] Instruction dump:
[    0.004186] 60000000 3860fffe 4bffffa8 60000000 60000000 3c62ff8d 39200001 3d42fff6 
[    0.004191] 38637558 992afea8 480791f5 60000000 <0fe00000> 4bffff54 48079715 60000000 
[    0.004196] random: get_random_bytes called from print_oops_end_marker+0x6c/0xa0 with crng_init=0
[    0.004197] ---[ end trace 0000000000000000 ]---
[    0.004198] ------------[ cut here ]------------
[    0.004199] opal: OPAL_CONSOLE_FLUSH missing.
[    0.004200] WARNING: CPU: 0 PID: 0 at ../arch/powerpc/platforms/powernv/opal.c:435 __opal_flush_console+0xfc/0x110
[    0.004201] Modules linked in:
[    0.004202] Supported: No, Unreleased kernel
[    0.004203] CPU: 0 PID: 0 Comm: swapper Not tainted 5.3.8-11.gea9b07d-default #1 SLE15-SP2 (unreleased)
[    0.004204] NIP:  c0000000000b9b9c LR: c0000000000b9b98 CTR: c000000000c06ca0
[    0.004206] REGS: c00000000158b8c0 TRAP: 0700   Not tainted  (5.3.8-11.gea9b07d-default)
[    0.004206] MSR:  9000000000021033 <SF,HV,ME,IR,DR,RI,LE>  CR: 28024222  XER: 20000000
[    0.004212] CFAR: c000000000132df0 IRQMASK: 1 
[    0.004213] GPR00: c0000000000b9b98 c00000000158bb50 c00000000158c600 0000000000000022 
[    0.004216] GPR04: c000000000e63b7a 0000000000000002 4f534e4f435f4c41 4853554c465f454c 
[    0.004220] GPR08: 676e697373696d20 0000000000000000 0000000000000027 9000000000001033 
[    0.004223] GPR12: c0000000001cc080 c000000002150000 0000000000000000 0000000003460600 
[    0.004226] GPR16: 000000002ffa0000 0000000000000000 c0000000014641e0 0000000000000000 
[    0.004229] GPR20: 0000000000000000 c000000001765738 c000000001763738 0000000000000001 
[    0.004233] GPR24: c0000000015c1ed8 c000000001763318 c000000001762dec 0000000000000001 
[    0.004236] GPR28: 0000000000000000 c000000002130d18 0000000000000000 0000000000000000 
[    0.004240] NIP [c0000000000b9b9c] __opal_flush_console+0xfc/0x110
[    0.004241] LR [c0000000000b9b98] __opal_flush_console+0xf8/0x110
[    0.004241] Call Trace:
[    0.004242] [c00000000158bb50] [c0000000000b9b98] __opal_flush_console+0xf8/0x110 (unreliable)
