Return-Path: <linuxppc-dev-bounces+lists+linuxppc-dev=lfdr.de@lists.ozlabs.org>
X-Original-To: lists+linuxppc-dev@lfdr.de
Delivered-To: lists+linuxppc-dev@lfdr.de
Received: from lists.ozlabs.org (lists.ozlabs.org [203.11.71.2])
	by mail.lfdr.de (Postfix) with ESMTPS id 67154220A56
	for <lists+linuxppc-dev@lfdr.de>; Wed, 15 Jul 2020 12:42:58 +0200 (CEST)
Received: from bilbo.ozlabs.org (lists.ozlabs.org [IPv6:2401:3900:2:1::3])
	by lists.ozlabs.org (Postfix) with ESMTP id 4B6DVl15hBzDqqY
	for <lists+linuxppc-dev@lfdr.de>; Wed, 15 Jul 2020 20:42:55 +1000 (AEST)
X-Original-To: linuxppc-dev@lists.ozlabs.org
Delivered-To: linuxppc-dev@lists.ozlabs.org
Authentication-Results: lists.ozlabs.org; spf=pass (sender SPF authorized)
 smtp.mailfrom=kaod.org (client-ip=87.98.172.75; helo=4.mo2.mail-out.ovh.net;
 envelope-from=clg@kaod.org; receiver=<UNKNOWN>)
Authentication-Results: lists.ozlabs.org;
 dmarc=none (p=none dis=none) header.from=kaod.org
X-Greylist: delayed 2106 seconds by postgrey-1.36 at bilbo;
 Wed, 15 Jul 2020 20:41:21 AEST
Received: from 4.mo2.mail-out.ovh.net (4.mo2.mail-out.ovh.net [87.98.172.75])
 (using TLSv1.2 with cipher ECDHE-RSA-AES256-GCM-SHA384 (256/256
 bits)) (No client certificate requested)
 by lists.ozlabs.org (Postfix) with ESMTPS id 4B6DSx3BDNzDqcG
 for <linuxppc-dev@lists.ozlabs.org>; Wed, 15 Jul 2020 20:41:19 +1000 (AEST)
Received: from player687.ha.ovh.net (unknown [10.110.103.132])
 by mo2.mail-out.ovh.net (Postfix) with ESMTP id F200B1D5772
 for <linuxppc-dev@lists.ozlabs.org>; Wed, 15 Jul 2020 12:06:06 +0200 (CEST)
Received: from kaod.org (lfbn-tou-1-1163-216.w90-76.abo.wanadoo.fr
 [90.76.222.216]) (Authenticated sender: clg@kaod.org)
 by player687.ha.ovh.net (Postfix) with ESMTPSA id F0C57145168A5;
 Wed, 15 Jul 2020 10:06:01 +0000 (UTC)
Authentication-Results: garm.ovh; auth=pass
 (GARM-95G0010a883b7b-8c4b-4ebc-ba73-7f051c4b0d1e,D1878713575E7557A8ED5F979EF3ECB62B482302)
 smtp.auth=clg@kaod.org
Subject: Re: [PATCH 03/15] powerpc/powernv/pci: Add explicit tracking of the
 DMA setup state
To: Oliver O'Halloran <oohall@gmail.com>
References: <20200710052340.737567-1-oohall@gmail.com>
 <20200710052340.737567-4-oohall@gmail.com>
 <ee5a00db-badd-12fe-1c46-eaba5afc8dea@ozlabs.ru>
 <CAOSf1CESRPypebf6+rnkZkNmi6+xL4+QP1xgAS1szGsZDBcs8A@mail.gmail.com>
 <34f7eea2-4ace-9931-7b5f-98ec159f3532@ozlabs.ru>
 <CAOSf1CGhc1i64_DS18evMhwoXvMWyafOk3r2czUz49F6gERtfw@mail.gmail.com>
 <1da1c482-a720-d5ec-a39c-a4b4869352d5@ozlabs.ru>
 <5a1c3bd9-3a35-6e63-2f51-1626b178a7c8@kaod.org>
 <CAOSf1CHWLH3Km3bj1fFVLXvQu-vE=_K4VWZQLyUFfwCVJbJBuA@mail.gmail.com>
From: =?UTF-8?Q?C=c3=a9dric_Le_Goater?= <clg@kaod.org>
Message-ID: <431f117c-8d23-70e8-b40a-97dd04f3da5b@kaod.org>
Date: Wed, 15 Jul 2020 12:05:59 +0200
User-Agent: Mozilla/5.0 (X11; Linux x86_64; rv:68.0) Gecko/20100101
 Thunderbird/68.9.0
MIME-Version: 1.0
In-Reply-To: <CAOSf1CHWLH3Km3bj1fFVLXvQu-vE=_K4VWZQLyUFfwCVJbJBuA@mail.gmail.com>
Content-Type: text/plain; charset=utf-8
Content-Language: en-US
Content-Transfer-Encoding: 8bit
X-Ovh-Tracer-Id: 15352208183187508157
X-VR-SPAMSTATE: OK
X-VR-SPAMSCORE: -100
X-VR-SPAMCAUSE: gggruggvucftvghtrhhoucdtuddrgeduiedrfedvgddvhecutefuodetggdotefrodftvfcurfhrohhfihhlvgemucfqggfjpdevjffgvefmvefgnecuuegrihhlohhuthemucehtddtnecusecvtfgvtghiphhivghnthhsucdlqddutddtmdenucfjughrpefuvfhfhffkffgfgggjtgfgsehtkeertddtfeejnecuhfhrohhmpeevrogurhhitggpnfgvpgfiohgrthgvrhcuoegtlhhgsehkrghougdrohhrgheqnecuggftrfgrthhtvghrnhepfeffvddtudegieefudeugffhjefgieegieegleettdehgfeiieevueeihfegfefgnecukfhppedtrddtrddtrddtpdeltddrjeeirddvvddvrddvudeinecuvehluhhsthgvrhfuihiivgeptdenucfrrghrrghmpehmohguvgepshhmthhpqdhouhhtpdhhvghlohepphhlrgihvghrieekjedrhhgrrdhovhhhrdhnvghtpdhinhgvtheptddrtddrtddrtddpmhgrihhlfhhrohhmpegtlhhgsehkrghougdrohhrghdprhgtphhtthhopehlihhnuhigphhptgdquggvvheslhhishhtshdrohiilhgrsghsrdhorhhg
X-BeenThere: linuxppc-dev@lists.ozlabs.org
X-Mailman-Version: 2.1.29
Precedence: list
List-Id: Linux on PowerPC Developers Mail List <linuxppc-dev.lists.ozlabs.org>
List-Unsubscribe: <https://lists.ozlabs.org/options/linuxppc-dev>,
 <mailto:linuxppc-dev-request@lists.ozlabs.org?subject=unsubscribe>
List-Archive: <http://lists.ozlabs.org/pipermail/linuxppc-dev/>
List-Post: <mailto:linuxppc-dev@lists.ozlabs.org>
List-Help: <mailto:linuxppc-dev-request@lists.ozlabs.org?subject=help>
List-Subscribe: <https://lists.ozlabs.org/listinfo/linuxppc-dev>,
 <mailto:linuxppc-dev-request@lists.ozlabs.org?subject=subscribe>
Cc: Alexey Kardashevskiy <aik@ozlabs.ru>,
 linuxppc-dev <linuxppc-dev@lists.ozlabs.org>
Errors-To: linuxppc-dev-bounces+lists+linuxppc-dev=lfdr.de@lists.ozlabs.org
Sender: "Linuxppc-dev"
 <linuxppc-dev-bounces+lists+linuxppc-dev=lfdr.de@lists.ozlabs.org>

On 7/15/20 11:00 AM, Oliver O'Halloran wrote:
> On Wed, Jul 15, 2020 at 5:05 PM CÃ©dric Le Goater <clg@kaod.org> wrote:
>>
>> I could but can we fix the issue below before I reboot ?  I don't have a
>> console anymore on these boxes.
>>
>> Firmware is :
>> *snip*
> 
> Do you know when that started happening? I don't think anything
> console related has changed in a very long time, but we probably
> haven't tested it on p7 in even longer.
> 

5.0.16-100.fc28.ppc64 and 5.4.0-4-powerpc64 have the issue, 
4.16.0-1-powerpc64 doesn't. 

Anyhow, I gave the patchset a try. Here are the kernel logs.

PCI looks fine. System could boot but there are some others
errors.

C.

[    0.000000] hash-mmu: Page sizes from device-tree:
[    0.000000] hash-mmu: base_shift=12: shift=12, sllp=0x0000, avpnm=0x00000000, tlbiel=1, penc=0
[    0.000000] hash-mmu: base_shift=12: shift=16, sllp=0x0000, avpnm=0x00000000, tlbiel=1, penc=7
[    0.000000] hash-mmu: base_shift=12: shift=24, sllp=0x0000, avpnm=0x00000000, tlbiel=1, penc=56
[    0.000000] hash-mmu: base_shift=16: shift=16, sllp=0x0110, avpnm=0x00000000, tlbiel=1, penc=1
[    0.000000] hash-mmu: base_shift=16: shift=24, sllp=0x0110, avpnm=0x00000000, tlbiel=1, penc=8
[    0.000000] hash-mmu: base_shift=24: shift=24, sllp=0x0100, avpnm=0x00000001, tlbiel=0, penc=0
[    0.000000] hash-mmu: base_shift=34: shift=34, sllp=0x0120, avpnm=0x000007ff, tlbiel=0, penc=3
[    0.000000] Page orders: linear mapping = 24, virtual = 16, io = 16, vmemmap = 24
[    0.000000] Using 1TB segments
[    0.000000] hash-mmu: Initializing hash mmu with SLB
[    0.000000] Linux version 5.8.0-rc5+ (legoater@amure) (gcc (Debian 9.3.0-12) 9.3.0, GNU ld (GNU Binutils for Debian) 2.34) #121 SMP Wed Jul 15 08:36:42 CEST 2020
[    0.000000] Found initrd at 0xc000000003780000:0xc0000000057444ba
[    0.000000] Using PowerNV machine description
[    0.000000] random: get_random_bytes called from .print_oops_end_marker+0x38/0x80 with crng_init=0
[    0.000000] printk: bootconsole [udbg0] enabled
[    0.000000] CPU maps initialized for 4 threads per core
[    0.000000]  (thread shift is 2)
[    0.000000] Allocated 4800 bytes for 24 pacas
[    0.000000] -----------------------------------------------------
[    0.000000] phys_mem_size     = 0xa00000000
[    0.000000] dcache_bsize      = 0x80
[    0.000000] icache_bsize      = 0x80
[    0.000000] cpu_features      = 0x0000016fcf5cb1a3
[    0.000000]   possible        = 0x0007fbefffffb1af
[    0.000000]   always          = 0x00000000000001a0
[    0.000000] cpu_user_features = 0xdc0065c2 0x20000000
[    0.000000] mmu_features      = 0x7c006001
[    0.000000] firmware_features = 0x0000000110000000
[    0.000000] vmalloc start     = 0xc008000000000000
[    0.000000] IO start          = 0xc00a000000000000
[    0.000000] vmemmap start     = 0xc00c000000000000
[    0.000000] hash-mmu: ppc64_pft_size    = 0x0
[    0.000000] hash-mmu: htab_hash_mask    = 0x7ffff
[    0.000000] -----------------------------------------------------
[    0.000000] cma: Reserved 2048 MiB at 0x0000000978000000
[    0.000000] numa:   NODE_DATA [mem 0x9ffdcaf80-0x9ffdcffff]
[    0.000000] rfi-flush: fallback displacement flush available
[    0.000000] rfi-flush: patched 7 locations (fallback displacement flush)
[    0.000000] link-stack-flush: software flush disabled.
[    0.000000] count-cache-flush: software flush disabled.
[    0.000000] stf-barrier: fallback barrier available
[    0.000000] stf-barrier: patched 62 entry locations (fallback barrier)
[    0.000000] stf-barrier: patched 7 exit locations (fallback barrier)
[    0.000000] Probing IODA IO-Hub /io-hub@3efe00000000
[    0.000000] Initializing IODA1 PHB (/io-hub@3efe00000000/pciex@3efe00080000)
[    0.000000] PCI host bridge /io-hub@3efe00000000/pciex@3efe00080000 (primary) ranges:
[    0.000000]   IO 0x00003efe01000000..0x00003efe017fffff -> 0x0000000000000000
[    0.000000]  MEM 0x00003da080000000..0x00003da0fffeffff -> 0x0000000080000000 
[    0.000000] ioremap() called early from .pnv_pci_init_ioda_phb+0x380/0xc9c. Use early_ioremap() instead
[    0.000000]  MEM 0x00003da800000000..0x00003dafffffffff -> 0x00003da800000000 (M64 #0..15)
[    0.000000]  Using M64 #15 as default window
[    0.000000]   128 (127) PE's M32: 0x80000000 [segment=0x1000000]
[    0.000000]                  M64: 0x800000000 [segment=0x10000000]
[    0.000000]                   IO: 0x800000 [segment=0x10000]
[    0.000000]   Allocated bitmap for 256 MSIs (base IRQ 0x600)
[    0.000000] Initializing IODA1 PHB (/io-hub@3efe00000000/pciex@3efe00090000)
[    0.000000] PCI host bridge /io-hub@3efe00000000/pciex@3efe00090000  ranges:
[    0.000000]   IO 0x00003efe01800000..0x00003efe01ffffff -> 0x0000000000000000
[    0.000000]  MEM 0x00003da180000000..0x00003da1fffeffff -> 0x0000000080000000 
[    0.000000] ioremap() called early from .pnv_pci_init_ioda_phb+0x380/0xc9c. Use early_ioremap() instead
[    0.000000]  MEM 0x00003db000000000..0x00003db7ffffffff -> 0x00003db000000000 (M64 #0..15)
[    0.000000]  Using M64 #15 as default window
[    0.000000]   128 (127) PE's M32: 0x80000000 [segment=0x1000000]
[    0.000000]                  M64: 0x800000000 [segment=0x10000000]
[    0.000000]                   IO: 0x800000 [segment=0x10000]
[    0.000000]   Allocated bitmap for 256 MSIs (base IRQ 0xa00)
[    0.000000] Initializing IODA1 PHB (/io-hub@3efe00000000/pciex@3efe000a0000)
[    0.000000] PCI host bridge /io-hub@3efe00000000/pciex@3efe000a0000  ranges:
[    0.000000]   IO 0x00003efe02000000..0x00003efe027fffff -> 0x0000000000000000
[    0.000000]  MEM 0x00003da280000000..0x00003da2fffeffff -> 0x0000000080000000 
[    0.000000] ioremap() called early from .pnv_pci_init_ioda_phb+0x380/0xc9c. Use early_ioremap() instead
[    0.000000]  MEM 0x00003db800000000..0x00003dbfffffffff -> 0x00003db800000000 (M64 #0..15)
[    0.000000]  Using M64 #15 as default window
[    0.000000]   128 (127) PE's M32: 0x80000000 [segment=0x1000000]
[    0.000000]                  M64: 0x800000000 [segment=0x10000000]
[    0.000000]                   IO: 0x800000 [segment=0x10000]
[    0.000000]   Allocated bitmap for 256 MSIs (base IRQ 0xe00)
[    0.000000] Initializing IODA1 PHB (/io-hub@3efe00000000/pciex@3efe000b0000)
[    0.000000] PCI host bridge /io-hub@3efe00000000/pciex@3efe000b0000  ranges:
[    0.000000]   IO 0x00003efe02800000..0x00003efe02ffffff -> 0x0000000000000000
[    0.000000]  MEM 0x00003da380000000..0x00003da3fffeffff -> 0x0000000080000000 
[    0.000000] ioremap() called early from .pnv_pci_init_ioda_phb+0x380/0xc9c. Use early_ioremap() instead
[    0.000000]  MEM 0x00003dc000000000..0x00003dc7ffffffff -> 0x00003dc000000000 (M64 #0..15)
[    0.000000]  Using M64 #15 as default window
[    0.000000]   128 (127) PE's M32: 0x80000000 [segment=0x1000000]
[    0.000000]                  M64: 0x800000000 [segment=0x10000000]
[    0.000000]                   IO: 0x800000 [segment=0x10000]
[    0.000000]   Allocated bitmap for 256 MSIs (base IRQ 0x1200)
[    0.000000] Initializing IODA1 PHB (/io-hub@3efe00000000/pciex@3efe000c0000)
[    0.000000] PCI host bridge /io-hub@3efe00000000/pciex@3efe000c0000  ranges:
[    0.000000]   IO 0x00003efe03000000..0x00003efe037fffff -> 0x0000000000000000
[    0.000000]  MEM 0x00003da480000000..0x00003da4fffeffff -> 0x0000000080000000 
[    0.000000] ioremap() called early from .pnv_pci_init_ioda_phb+0x380/0xc9c. Use early_ioremap() instead
[    0.000000]  MEM 0x00003dc800000000..0x00003dcfffffffff -> 0x00003dc800000000 (M64 #0..15)
[    0.000000]  Using M64 #15 as default window
[    0.000000]   128 (127) PE's M32: 0x80000000 [segment=0x1000000]
[    0.000000]                  M64: 0x800000000 [segment=0x10000000]
[    0.000000]                   IO: 0x800000 [segment=0x10000]
[    0.000000]   Allocated bitmap for 256 MSIs (base IRQ 0x1600)
[    0.000000] Initializing IODA1 PHB (/io-hub@3efe00000000/pciex@3efe000d0000)
[    0.000000] PCI host bridge /io-hub@3efe00000000/pciex@3efe000d0000  ranges:
[    0.000000]   IO 0x00003efe03800000..0x00003efe03ffffff -> 0x0000000000000000
[    0.000000]  MEM 0x00003da580000000..0x00003da5fffeffff -> 0x0000000080000000 
[    0.000000] ioremap() called early from .pnv_pci_init_ioda_phb+0x380/0xc9c. Use early_ioremap() instead
[    0.000000]  MEM 0x00003dd000000000..0x00003dd7ffffffff -> 0x00003dd000000000 (M64 #0..15)
[    0.000000]  Using M64 #15 as default window
[    0.000000]   128 (127) PE's M32: 0x80000000 [segment=0x1000000]
[    0.000000]                  M64: 0x800000000 [segment=0x10000000]
[    0.000000]                   IO: 0x800000 [segment=0x10000]
[    0.000000]   Allocated bitmap for 256 MSIs (base IRQ 0x1a00)
[    0.000000] OPAL nvram setup, 1048576 bytes
[    0.000000] barrier-nospec: using ORI speculation barrier
[    0.000000] barrier-nospec: patched 376 locations
[    0.000000] Top of RAM: 0xa00000000, Total RAM: 0xa00000000
[    0.000000] Memory hole size: 0MB
[    0.000000] Zone ranges:
[    0.000000]   Normal   [mem 0x0000000000000000-0x00000009ffffffff]
[    0.000000] Movable zone start for each node
[    0.000000] Early memory node ranges
[    0.000000]   node   0: [mem 0x0000000000000000-0x00000009ffffffff]
[    0.000000] Initmem setup node 0 [mem 0x0000000000000000-0x00000009ffffffff]
[    0.000000] On node 0 totalpages: 655360
[    0.000000]   Normal zone: 640 pages used for memmap
[    0.000000]   Normal zone: 0 pages reserved
[    0.000000]   Normal zone: 655360 pages, LIFO batch:3
[    0.000000] percpu: Embedded 11 pages/cpu s632984 r0 d87912 u1048576
[    0.000000] pcpu-alloc: s632984 r0 d87912 u1048576 alloc=1*1048576
[    0.000000] pcpu-alloc: [0] 00 [0] 01 [0] 02 [0] 03 [0] 04 [0] 05 [0] 06 [0] 07 
[    0.000000] pcpu-alloc: [0] 08 [0] 09 [0] 10 [0] 11 [0] 12 [0] 13 [0] 14 [0] 15 
[    0.000000] pcpu-alloc: [0] 16 [0] 17 [0] 18 [0] 19 [0] 20 [0] 21 [0] 22 [0] 23 
[    0.000000] Built 1 zonelists, mobility grouping on.  Total pages: 654720
[    0.000000] Policy zone: Normal
[    0.000000] Kernel command line: root=/dev/mapper/vg--amure-root ro
[    0.000000] ------------[ cut here ]------------
[    0.000000] opal: OPAL_CONSOLE_FLUSH missing.
[    0.000000] WARNING: CPU: 0 PID: 0 at arch/powerpc/platforms/powernv/opal.c:528 .__opal_flush_console+0xfc/0x110
[    0.000000] Modules linked in:
[    0.000000] CPU: 0 PID: 0 Comm: swapper Not tainted 5.8.0-rc5+ #121
[    0.000000] NIP:  c0000000000d204c LR: c0000000000d2048 CTR: c0000000001f43f0
[    0.000000] REGS: c000000001683770 TRAP: 0700   Not tainted  (5.8.0-rc5+)
[    0.000000] MSR:  9000000000021032 <SF,HV,ME,IR,DR,RI>  CR: 28004242  XER: 20000000
[    0.000000] CFAR: c0000000001570b8 IRQMASK: 1 
[    0.000000] GPR00: c0000000000d2048 c000000001683a00 c000000001685e00 0000000000000022 
[    0.000000] GPR04: c000000000cc88ea 0000000000000002 414c5f434f4e534f 4c455f464c555348 
[    0.000000] GPR08: 206d697373696e67 c0000000016d5e00 0000000000000027 9000000000001032 
[    0.000000] GPR12: c0000000001f43f0 c000000001890000 0000000000000000 c000000001495c78 
[    0.000000] GPR16: c0000000017a33f0 c000000001482e08 0000000000000001 0000000000000000 
[    0.000000] GPR20: 0000000000000001 c000000001546700 0000000000000000 c0000000017a5da8 
[    0.000000] GPR24: 0000000000000001 c0000000017a3da8 c0000000017a3418 0000000000000001 
[    0.000000] GPR28: 0000000000000036 c000000001861718 0000000000000000 0000000000000000 
[    0.000000] NIP [c0000000000d204c] .__opal_flush_console+0xfc/0x110
[    0.000000] LR [c0000000000d2048] .__opal_flush_console+0xf8/0x110
[    0.000000] Call Trace:
[    0.000000] [c000000001683a00] [c0000000000d2048] .__opal_flush_console+0xf8/0x110 (unreliable)
[    0.000000] [c000000001683a90] [c0000000000d2574] .opal_flush_console+0x24/0x60
[    0.000000] [c000000001683b10] [c0000000007c3b60] .udbg_opal_putc+0xe0/0x140
[    0.000000] [c000000001683ba0] [c000000000026f10] .udbg_write+0x90/0x150
[    0.000000] [c000000001683c30] [c0000000001f35e8] .console_unlock+0x348/0x730
[    0.000000] [c000000001683d40] [c0000000001f3cb8] .register_console+0x208/0x420
[    0.000000] [c000000001683dd0] [c000000000e2a404] .register_early_udbg_console+0x8c/0xa4
[    0.000000] [c000000001683e50] [c000000000e29fd0] .setup_arch+0x78/0x3c4
[    0.000000] [c000000001683ed0] [c000000000e24270] .start_kernel+0x98/0x750
[    0.000000] [c000000001683f90] [c00000000000d42c] start_here_common+0x1c/0x3f0
[    0.000000] Instruction dump:
[    0.000000] 3be0fffe 4bffb141 60000000 4bffff90 60000000 3c62ff64 39200001 3d42ffea 
[    0.000000] 38632ac8 992af5b1 4808500d 60000000 <0fe00000> 4bffff50 48a7d07d 60000000 
[    0.000000] ---[ end trace 0000000000000000 ]---
[    0.000000] ------------[ cut here ]------------
[    0.000000] opal: OPAL_CONSOLE_FLUSH missing.
[    0.000000] WARNING: CPU: 0 PID: 0 at arch/powerpc/platforms/powernv/opal.c:528 .__opal_flush_console+0xfc/0x110
[    0.000000] Modules linked in:
[    0.000000] CPU: 0 PID: 0 Comm: swapper Not tainted 5.8.0-rc5+ #121
[    0.000000] NIP:  c0000000000d204c LR: c0000000000d2048 CTR: c0000000001f43f0
[    0.000000] REGS: c000000001683770 TRAP: 0700   Not tainted  (5.8.0-rc5+)
[    0.000000] MSR:  9000000000021032 <SF,HV,ME,IR,DR,RI>  CR: 28004242  XER: 20000000
[    0.000000] CFAR: c0000000001570b8 IRQMASK: 1 
[    0.000000] GPR00: c0000000000d2048 c000000001683a00 c000000001685e00 0000000000000022 
[    0.000000] GPR04: c000000000cc88ea 0000000000000002 414c5f434f4e534f 4c455f464c555348 
[    0.000000] GPR08: 206d697373696e67 c0000000016d5e00 0000000000000027 9000000000001032 
[    0.000000] GPR12: c0000000001f43f0 c000000001890000 0000000000000000 c000000001495c78 
[    0.000000] GPR16: c0000000017a33f0 c000000001482e08 0000000000000001 0000000000000000 
[    0.000000] GPR20: 0000000000000001 c000000001546700 0000000000000000 c0000000017a5da8 
[    0.000000] GPR24: 0000000000000001 c0000000017a3da8 c0000000017a3418 0000000000000001 
[    0.000000] GPR28: 0000000000000036 c000000001861718 0000000000000000 0000000000000000 
[    0.000000] NIP [c0000000000d204c] .__opal_flush_console+0xfc/0x110
[    0.000000] LR [c0000000000d2048] .__opal_flush_console+0xf8/0x110
[    0.000000] Call Trace:
[    0.000000] [c000000001683a00] [c0000000000d2048] .__opal_flush_console+0xf8/0x110 (unreliable)
[    0.000000] [c000000001683a90] [c0000000000d2574] .opal_flush_console+0x24/0x60
[    0.000000] [c000000001683b10] [c0000000007c3b60] .udbg_opal_putc+0xe0/0x140
[    0.000000] [c000000001683ba0] [c000000000026f10] .udbg_write+0x90/0x150
[    0.000000] [c000000001683c30] [c0000000001f35e8] .console_unlock+0x348/0x730
[    0.000000] [c000000001683d40] [c0000000001f3cb8] .register_console+0x208/0x420
[    0.000000] [c000000001683dd0] [c000000000e2a404] .register_early_udbg_console+0x8c/0xa4
[    0.000000] [c000000001683e50] [c000000000e29fd0] .setup_arch+0x78/0x3c4
[    0.000000] [c000000001683ed0] [c000000000e24270] .start_kernel+0x98/0x750
[    0.000000] [c000000001683f90] [c00000000000d42c] start_here_common+0x1c/0x3f0
[    0.000000] Instruction dump:
[    0.000000] 3be0fffe 4bffb141 60000000 4bffff90 60000000 3c62ff64 39200001 3d42ffea 
[    0.000000] 38632ac8 992af5b1 4808500d 60000000 <0fe00000> 4bffff50 48a7d07d 60000000 
[    0.000000] ---[ end trace 0000000000000000 ]---
[    0.000000] ------------[ cut here ]------------
[    0.000000] opal: OPAL_CONSOLE_FLUSH missing.
[    0.000000] WARNING: CPU: 0 PID: 0 at arch/powerpc/platforms/powernv/opal.c:528 .__opal_flush_console+0xfc/0x110
[    0.000000] Modules linked in:
[    0.000000] CPU: 0 PID: 0 Comm: swapper Not tainted 5.8.0-rc5+ #121
[    0.000000] NIP:  c0000000000d204c LR: c0000000000d2048 CTR: c0000000001f43f0
[    0.000000] REGS: c000000001683770 TRAP: 0700   Not tainted  (5.8.0-rc5+)
[    0.000000] MSR:  9000000000021032 <SF,HV,ME,IR,DR,RI>  CR: 28004242  XER: 20000000
[    0.000000] CFAR: c0000000001570b8 IRQMASK: 1 
[    0.000000] GPR00: c0000000000d2048 c000000001683a00 c000000001685e00 0000000000000022 
[    0.000000] GPR04: c000000000cc88ea 0000000000000002 414c5f434f4e534f 4c455f464c555348 
[    0.000000] GPR08: 206d697373696e67 c0000000016d5e00 0000000000000027 9000000000001032 
[    0.000000] GPR12: c0000000001f43f0 c000000001890000 0000000000000000 c000000001495c78 
[    0.000000] GPR16: c0000000017a33f0 c000000001482e08 0000000000000001 0000000000000000 
[    0.000000] GPR20: 0000000000000001 c000000001546700 0000000000000000 c0000000017a5da8 
[    0.000000] GPR24: 0000000000000001 c0000000017a3da8 c0000000017a3418 0000000000000001 
[    0.000000] GPR28: 0000000000000036 c000000001861718 0000000000000000 0000000000000000 
[    0.000000] NIP [c0000000000d204c] .__opal_flush_console+0xfc/0x110
[    0.000000] LR [c0000000000d2048] .__opal_flush_console+0xf8/0x110
[    0.000000] Call Trace:
[    0.000000] [c000000001683a00] [c0000000000d2048] .__opal_flush_console+0xf8/0x110 (unreliable)
[    0.000000] [c000000001683a90] [c0000000000d2574] .opal_flush_console+0x24/0x60
[    0.000000] [c000000001683b10] [c0000000007c3b60] .udbg_opal_putc+0xe0/0x140
[    0.000000] [c000000001683ba0] [c000000000026f10] .udbg_write+0x90/0x150
[    0.000000] [c000000001683c30] [c0000000001f35e8] .console_unlock+0x348/0x730
[    0.000000] [c000000001683d40] [c0000000001f3cb8] .register_console+0x208/0x420
[    0.000000] [c000000001683dd0] [c000000000e2a404] .register_early_udbg_console+0x8c/0xa4
[    0.000000] [c000000001683e50] [c000000000e29fd0] .setup_arch+0x78/0x3c4
[    0.000000] [c000000001683ed0] [c000000000e24270] .start_kernel+0x98/0x750
[    0.000000] [c000000001683f90] [c00000000000d42c] start_here_common+0x1c/0x3f0
[    0.000000] Instruction dump:
[    0.000000] 3be0fffe 4bffb141 60000000 4bffff90 60000000 3c62ff64 39200001 3d42ffea 
[    0.000000] 38632ac8 992af5b1 4808500d 60000000 <0fe00000> 4bffff50 48a7d07d 60000000 
[    0.000000] ---[ end trace 0000000000000000 ]---
[    0.000000] ------------[ cut here ]------------
[    0.000000] opal: OPAL_CONSOLE_FLUSH missing.
[    0.000000] WARNING: CPU: 0 PID: 0 at arch/powerpc/platforms/powernv/opal.c:528 .__opal_flush_console+0xfc/0x110
[    0.000000] Modules linked in:
[    0.000000] CPU: 0 PID: 0 Comm: swapper Not tainted 5.8.0-rc5+ #121
[    0.000000] NIP:  c0000000000d204c LR: c0000000000d2048 CTR: c0000000001f43f0
[    0.000000] REGS: c000000001683770 TRAP: 0700   Not tainted  (5.8.0-rc5+)
[    0.000000] MSR:  9000000000021032 <SF,HV,ME,IR,DR,RI>  CR: 28004242  XER: 20000000
[    0.000000] CFAR: c0000000001570b8 IRQMASK: 1 
[    0.000000] GPR00: c0000000000d2048 c000000001683a00 c000000001685e00 0000000000000022 
[    0.000000] GPR04: c000000000cc88ea 0000000000000002 414c5f434f4e534f 4c455f464c555348 
[    0.000000] GPR08: 206d697373696e67 c0000000016d5e00 0000000000000027 9000000000001032 
[    0.000000] GPR12: c0000000001f43f0 c000000001890000 0000000000000000 c000000001495c78 
[    0.000000] GPR16: c0000000017a33f0 c000000001482e08 0000000000000001 0000000000000000 
[    0.000000] GPR20: 0000000000000001 c000000001546700 0000000000000000 c0000000017a5da8 
[    0.000000] GPR24: 0000000000000001 c0000000017a3da8 c0000000017a3418 0000000000000001 
[    0.000000] GPR28: 0000000000000036 c000000001861718 0000000000000000 0000000000000000 
[    0.000000] NIP [c0000000000d204c] .__opal_flush_console+0xfc/0x110
[    0.000000] LR [c0000000000d2048] .__opal_flush_console+0xf8/0x110
[    0.000000] Call Trace:
[    0.000000] [c000000001683a00] [c0000000000d2048] .__opal_flush_console+0xf8/0x110 (unreliable)
[    0.000000] [c000000001683a90] [c0000000000d2574] .opal_flush_console+0x24/0x60
[    0.000000] [c000000001683b10] [c0000000007c3b60] .udbg_opal_putc+0xe0/0x140
[    0.000000] [c000000001683ba0] [c000000000026f10] .udbg_write+0x90/0x150
[    0.000000] [c000000001683c30] [c0000000001f35e8] .console_unlock+0x348/0x730
[    0.000000] [c000000001683d40] [c0000000001f3cb8] .register_console+0x208/0x420
[    0.000000] [c000000001683dd0] [c000000000e2a404] .register_early_udbg_console+0x8c/0xa4
[    0.000000] [c000000001683e50] [c000000000e29fd0] .setup_arch+0x78/0x3c4
[    0.000000] [c000000001683ed0] [c000000000e24270] .start_kernel+0x98/0x750
[    0.000000] [c000000001683f90] [c00000000000d42c] start_here_common+0x1c/0x3f0
[    0.000000] Instruction dump:
[    0.000000] 3be0fffe 4bffb141 60000000 4bffff90 60000000 3c62ff64 39200001 3d42ffea 
[    0.000000] 38632ac8 992af5b1 4808500d 60000000 <0fe00000> 4bffff50 48a7d07d 60000000 
[    0.000000] ---[ end trace 0000000000000000 ]---
[    0.000000] ------------[ cut here ]------------
[    0.000000] opal: OPAL_CONSOLE_FLUSH missing.
[    0.000000] WARNING: CPU: 0 PID: 0 at arch/powerpc/platforms/powernv/opal.c:528 .__opal_flush_console+0xfc/0x110
[    0.000000] Modules linked in:
[    0.000000] CPU: 0 PID: 0 Comm: swapper Not tainted 5.8.0-rc5+ #121
[    0.000000] NIP:  c0000000000d204c LR: c0000000000d2048 CTR: c0000000001f43f0
[    0.000000] REGS: c000000001683770 TRAP: 0700   Not tainted  (5.8.0-rc5+)
[    0.000000] MSR:  9000000000021032 <SF,HV,ME,IR,DR,RI>  CR: 28004242  XER: 20000000
[    0.000000] CFAR: c0000000001570b8 IRQMASK: 1 
[    0.000000] GPR00: c0000000000d2048 c000000001683a00 c000000001685e00 0000000000000022 
[    0.000000] GPR04: c000000000cc88ea 0000000000000002 414c5f434f4e534f 4c455f464c555348 
[    0.000000] GPR08: 206d697373696e67 c0000000016d5e00 0000000000000027 9000000000001032 
[    0.000000] GPR12: c0000000001f43f0 c000000001890000 0000000000000000 c000000001495c78 
[    0.000000] GPR16: c0000000017a33f0 c000000001482e08 0000000000000001 0000000000000000 
[    0.000000] GPR20: 0000000000000001 c000000001546700 0000000000000000 c0000000017a5da8 
[    0.000000] GPR24: 0000000000000001 c0000000017a3da8 c0000000017a3418 0000000000000001 
[    0.000000] GPR28: 0000000000000036 c000000001861718 0000000000000000 0000000000000000 
[    0.000000] NIP [c0000000000d204c] .__opal_flush_console+0xfc/0x110
[    0.000000] LR [c0000000000d2048] .__opal_flush_console+0xf8/0x110
[    0.000000] Call Trace:
[    0.000000] [c000000001683a00] [c0000000000d2048] .__opal_flush_console+0xf8/0x110 (unreliable)
[    0.000000] [c000000001683a90] [c0000000000d2574] .opal_flush_console+0x24/0x60
[    0.000000] [c000000001683b10] [c0000000007c3b60] .udbg_opal_putc+0xe0/0x140
[    0.000000] [c000000001683ba0] [c000000000026f10] .udbg_write+0x90/0x150
[    0.000000] [c000000001683c30] [c0000000001f35e8] .console_unlock+0x348/0x730
[    0.000000] [c000000001683d40] [c0000000001f3cb8] .register_console+0x208/0x420
[    0.000000] [c000000001683dd0] [c000000000e2a404] .register_early_udbg_console+0x8c/0xa4
[    0.000000] [c000000001683e50] [c000000000e29fd0] .setup_arch+0x78/0x3c4
[    0.000000] [c000000001683ed0] [c000000000e24270] .start_kernel+0x98/0x750
[    0.000000] [c000000001683f90] [c00000000000d42c] start_here_common+0x1c/0x3f0
[    0.000000] Instruction dump:
[    0.000000] 3be0fffe 4bffb141 60000000 4bffff90 60000000 3c62ff64 39200001 3d42ffea 
[    0.000000] 38632ac8 992af5b1 4808500d 60000000 <0fe00000> 4bffff50 48a7d07d 60000000 
[    0.000000] ---[ end trace 0000000000000000 ]---
[    0.000000] ------------[ cut here ]------------
[    0.000000] opal: OPAL_CONSOLE_FLUSH missing.
[    0.000000] WARNING: CPU: 0 PID: 0 at arch/powerpc/platforms/powernv/opal.c:528 .__opal_flush_console+0xfc/0x110
[    0.000000] Modules linked in:
[    0.000000] CPU: 0 PID: 0 Comm: swapper Not tainted 5.8.0-rc5+ #121
[    0.000000] NIP:  c0000000000d204c LR: c0000000000d2048 CTR: c0000000001f43f0
[    0.000000] REGS: c000000001683770 TRAP: 0700   Not tainted  (5.8.0-rc5+)
[    0.000000] MSR:  9000000000021032 <SF,HV,ME,IR,DR,RI>  CR: 28004242  XER: 20000000
[    0.000000] CFAR: c0000000001570b8 IRQMASK: 1 
[    0.000000] GPR00: c0000000000d2048 c000000001683a00 c000000001685e00 0000000000000022 
[    0.000000] GPR04: c000000000cc88ea 0000000000000002 414c5f434f4e534f 4c455f464c555348 
[    0.000000] GPR08: 206d697373696e67 c0000000016d5e00 0000000000000027 9000000000001032 
[    0.000000] GPR12: c0000000001f43f0 c000000001890000 0000000000000000 c000000001495c78 
[    0.000000] GPR16: c0000000017a33f0 c000000001482e08 0000000000000001 0000000000000000 
[    0.000000] GPR20: 0000000000000001 c000000001546700 0000000000000000 c0000000017a5da8 
[    0.000000] GPR24: 0000000000000001 c0000000017a3da8 c0000000017a3418 0000000000000001 
[    0.000000] GPR28: 0000000000000036 c000000001861718 0000000000000000 0000000000000000 
[    0.000000] NIP [c0000000000d204c] .__opal_flush_console+0xfc/0x110
[    0.000000] LR [c0000000000d2048] .__opal_flush_console+0xf8/0x110
[    0.000000] Call Trace:
[    0.000000] [c000000001683a00] [c0000000000d2048] .__opal_flush_console+0xf8/0x110 (unreliable)
[    0.000000] [c000000001683a90] [c0000000000d2574] .opal_flush_console+0x24/0x60
[    0.000000] [c000000001683b10] [c0000000007c3b60] .udbg_opal_putc+0xe0/0x140
[    0.000000] [c000000001683ba0] [c000000000026f10] .udbg_write+0x90/0x150
[    0.000000] [c000000001683c30] [c0000000001f35e8] .console_unlock+0x348/0x730
[    0.000000] [c000000001683d40] [c0000000001f3cb8] .register_console+0x208/0x420
[    0.000000] [c000000001683dd0] [c000000000e2a404] .register_early_udbg_console+0x8c/0xa4
[    0.000000] [c000000001683e50] [c000000000e29fd0] .setup_arch+0x78/0x3c4
[    0.000000] [c000000001683ed0] [c000000000e24270] .start_kernel+0x98/0x750
[    0.000000] [c000000001683f90] [c00000000000d42c] start_here_common+0x1c/0x3f0
[    0.000000] Instruction dump:
[    0.000000] 3be0fffe 4bffb141 60000000 4bffff90 60000000 3c62ff64 39200001 3d42ffea 
[    0.000000] 38632ac8 992af5b1 4808500d 60000000 <0fe00000> 4bffff50 48a7d07d 60000000 
[    0.000000] ---[ end trace 0000000000000000 ]---
[    0.000000] ------------[ cut here ]------------
[    0.000000] opal: OPAL_CONSOLE_FLUSH missing.
[    0.000000] WARNING: CPU: 0 PID: 0 at arch/powerpc/platforms/powernv/opal.c:528 .__opal_flush_console+0xfc/0x110
[    0.000000] Modules linked in:
[    0.000000] CPU: 0 PID: 0 Comm: swapper Not tainted 5.8.0-rc5+ #121
[    0.000000] NIP:  c0000000000d204c LR: c0000000000d2048 CTR: c0000000001f43f0
[    0.000000] REGS: c000000001683770 TRAP: 0700   Not tainted  (5.8.0-rc5+)
[    0.000000] MSR:  9000000000021032 <SF,HV,ME,IR,DR,RI>  CR: 28004242  XER: 20000000
[    0.000000] CFAR: c0000000001570b8 IRQMASK: 1 
[    0.000000] GPR00: c0000000000d2048 c000000001683a00 c000000001685e00 0000000000000022 
[    0.000000] GPR04: c000000000cc88ea 0000000000000002 414c5f434f4e534f 4c455f464c555348 
[    0.000000] GPR08: 206d697373696e67 c0000000016d5e00 0000000000000027 9000000000001032 
[    0.000000] GPR12: c0000000001f43f0 c000000001890000 0000000000000000 c000000001495c78 
[    0.000000] GPR16: c0000000017a33f0 c000000001482e08 0000000000000001 0000000000000000 
[    0.000000] GPR20: 0000000000000001 c000000001546700 0000000000000000 c0000000017a5da8 
[    0.000000] GPR24: 0000000000000001 c0000000017a3da8 c0000000017a3418 0000000000000001 
[    0.000000] GPR28: 0000000000000036 c000000001861718 0000000000000000 0000000000000000 
[    0.000000] NIP [c0000000000d204c] .__opal_flush_console+0xfc/0x110
[    0.000000] LR [c0000000000d2048] .__opal_flush_console+0xf8/0x110
[    0.000000] Call Trace:
[    0.000000] [c000000001683a00] [c0000000000d2048] .__opal_flush_console+0xf8/0x110 (unreliable)
[    0.000000] [c000000001683a90] [c0000000000d2574] .opal_flush_console+0x24/0x60
[    0.000000] [c000000001683b10] [c0000000007c3b60] .udbg_opal_putc+0xe0/0x140
[    0.000000] [c000000001683ba0] [c000000000026f10] .udbg_write+0x90/0x150
[    0.000000] [c000000001683c30] [c0000000001f35e8] .console_unlock+0x348/0x730
[    0.000000] [c000000001683d40] [c0000000001f3cb8] .register_console+0x208/0x420
[    0.000000] [c000000001683dd0] [c000000000e2a404] .register_early_udbg_console+0x8c/0xa4
[    0.000000] [c000000001683e50] [c000000000e29fd0] .setup_arch+0x78/0x3c4
[    0.000000] [c000000001683ed0] [c000000000e24270] .start_kernel+0x98/0x750
[    0.000000] [c000000001683f90] [c00000000000d42c] start_here_common+0x1c/0x3f0
[    0.000000] Instruction dump:
[    0.000000] 3be0fffe 4bffb141 60000000 4bffff90 60000000 3c62ff64 39200001 3d42ffea 
[    0.000000] 38632ac8 992af5b1 4808500d 60000000 <0fe00000> 4bffff50 48a7d07d 60000000 
[    0.000000] ---[ end trace 0000000000000000 ]---
[    0.000000] ------------[ cut here ]------------
[    0.000000] opal: OPAL_CONSOLE_FLUSH missing.
[    0.000000] WARNING: CPU: 0 PID: 0 at arch/powerpc/platforms/powernv/opal.c:528 .__opal_flush_console+0xfc/0x110
[    0.000000] Modules linked in:
[    0.000000] CPU: 0 PID: 0 Comm: swapper Not tainted 5.8.0-rc5+ #121
[    0.000000] NIP:  c0000000000d204c LR: c0000000000d2048 CTR: c0000000001f43f0
[    0.000000] REGS: c000000001683770 TRAP: 0700   Not tainted  (5.8.0-rc5+)
[    0.000000] MSR:  9000000000021032 <SF,HV,ME,IR,DR,RI>  CR: 28004242  XER: 20000000
[    0.000000] CFAR: c0000000001570b8 IRQMASK: 1 
[    0.000000] GPR00: c0000000000d2048 c000000001683a00 c000000001685e00 0000000000000022 
[    0.000000] GPR04: c000000000cc88ea 0000000000000002 414c5f434f4e534f 4c455f464c555348 
[    0.000000] GPR08: 206d697373696e67 c0000000016d5e00 0000000000000027 9000000000001032 
[    0.000000] GPR12: c0000000001f43f0 c000000001890000 0000000000000000 c000000001495c78 
[    0.000000] GPR16: c0000000017a33f0 c000000001482e08 0000000000000001 0000000000000000 
[    0.000000] GPR20: 0000000000000001 c000000001546700 0000000000000000 c0000000017a5da8 
[    0.000000] GPR24: 0000000000000001 c0000000017a3da8 c0000000017a3418 0000000000000001 
[    0.000000] GPR28: 0000000000000036 c000000001861718 0000000000000000 0000000000000000 
[    0.000000] NIP [c0000000000d204c] .__opal_flush_console+0xfc/0x110
[    0.000000] LR [c0000000000d2048] .__opal_flush_console+0xf8/0x110
[    0.000000] Call Trace:
[    0.000000] [c000000001683a00] [c0000000000d2048] .__opal_flush_console+0xf8/0x110 (unreliable)
[    0.000000] [c000000001683a90] [c0000000000d2574] .opal_flush_console+0x24/0x60
[    0.000000] [c000000001683b10] [c0000000007c3b60] .udbg_opal_putc+0xe0/0x140
[    0.000000] [c000000001683ba0] [c000000000026f10] .udbg_write+0x90/0x150
[    0.000000] [c000000001683c30] [c0000000001f35e8] .console_unlock+0x348/0x730
[    0.000000] [c000000001683d40] [c0000000001f3cb8] .register_console+0x208/0x420
[    0.000000] [c000000001683dd0] [c000000000e2a404] .register_early_udbg_console+0x8c/0xa4
[    0.000000] [c000000001683e50] [c000000000e29fd0] .setup_arch+0x78/0x3c4
[    0.000000] [c000000001683ed0] [c000000000e24270] .start_kernel+0x98/0x750
[    0.000000] [c000000001683f90] [c00000000000d42c] start_here_common+0x1c/0x3f0
[    0.000000] Instruction dump:
[    0.000000] 3be0fffe 4bffb141 60000000 4bffff90 60000000 3c62ff64 39200001 3d42ffea 
[    0.000000] 38632ac8 992af5b1 4808500d 60000000 <0fe00000> 4bffff50 48a7d07d 60000000 
[    0.000000] ---[ end trace 0000000000000000 ]---
[    0.000000] ------------[ cut here ]------------
[    0.000000] opal: OPAL_CONSOLE_FLUSH missing.
[    0.000000] WARNING: CPU: 0 PID: 0 at arch/powerpc/platforms/powernv/opal.c:528 .__opal_flush_console+0xfc/0x110
[    0.000000] Modules linked in:
[    0.000000] CPU: 0 PID: 0 Comm: swapper Not tainted 5.8.0-rc5+ #121
[    0.000000] NIP:  c0000000000d204c LR: c0000000000d2048 CTR: c0000000001f43f0
[    0.000000] REGS: c000000001683770 TRAP: 0700   Not tainted  (5.8.0-rc5+)
[    0.000000] MSR:  9000000000021032 <SF,HV,ME,IR,DR,RI>  CR: 28004242  XER: 20000000
[    0.000000] CFAR: c0000000001570b8 IRQMASK: 1 
[    0.000000] GPR00: c0000000000d2048 c000000001683a00 c000000001685e00 0000000000000022 
[    0.000000] GPR04: c000000000cc88ea 0000000000000002 414c5f434f4e534f 4c455f464c555348 
[    0.000000] GPR08: 206d697373696e67 c0000000016d5e00 0000000000000027 9000000000001032 
[    0.000000] GPR12: c0000000001f43f0 c000000001890000 0000000000000000 c000000001495c78 
[    0.000000] GPR16: c0000000017a33f0 c000000001482e08 0000000000000001 0000000000000000 
[    0.000000] GPR20: 0000000000000001 c000000001546700 0000000000000000 c0000000017a5da8 
[    0.000000] GPR24: 0000000000000001 c0000000017a3da8 c0000000017a3418 0000000000000001 
[    0.000000] GPR28: 0000000000000036 c000000001861718 0000000000000000 0000000000000000 
[    0.000000] NIP [c0000000000d204c] .__opal_flush_console+0xfc/0x110
[    0.000000] LR [c0000000000d2048] .__opal_flush_console+0xf8/0x110
[    0.000000] Call Trace:
[    0.000000] [c000000001683a00] [c0000000000d2048] .__opal_flush_console+0xf8/0x110 (unreliable)
[    0.000000] [c000000001683a90] [c0000000000d2574] .opal_flush_console+0x24/0x60
[    0.000000] [c000000001683b10] [c0000000007c3b60] .udbg_opal_putc+0xe0/0x140
[    0.000000] [c000000001683ba0] [c000000000026f10] .udbg_write+0x90/0x150
[    0.000000] [c000000001683c30] [c0000000001f35e8] .console_unlock+0x348/0x730
[    0.000000] [c000000001683d40] [c0000000001f3cb8] .register_console+0x208/0x420
[    0.000000] [c000000001683dd0] [c000000000e2a404] .register_early_udbg_console+0x8c/0xa4
[    0.000000] [c000000001683e50] [c000000000e29fd0] .setup_arch+0x78/0x3c4
[    0.000000] [c000000001683ed0] [c000000000e24270] .start_kernel+0x98/0x750
[    0.000000] [c000000001683f90] [c00000000000d42c] start_here_common+0x1c/0x3f0
[    0.000000] Instruction dump:
[    0.000000] 3be0fffe 4bffb141 60000000 4bffff90 60000000 3c62ff64 39200001 3d42ffea 
[    0.000000] 38632ac8 992af5b1 4808500d 60000000 <0fe00000> 4bffff50 48a7d07d 60000000 
[    0.000000] ---[ end trace 0000000000000000 ]---
[    0.000000] ------------[ cut here ]------------
[    0.000000] opal: OPAL_CONSOLE_FLUSH missing.
[    0.000000] WARNING: CPU: 0 PID: 0 at arch/powerpc/platforms/powernv/opal.c:528 .__opal_flush_console+0xfc/0x110
[    0.000000] Modules linked in:
[    0.000000] CPU: 0 PID: 0 Comm: swapper Not tainted 5.8.0-rc5+ #121
[    0.000000] NIP:  c0000000000d204c LR: c0000000000d2048 CTR: c0000000001f43f0
[    0.000000] REGS: c000000001683770 TRAP: 0700   Not tainted  (5.8.0-rc5+)
[    0.000000] MSR:  9000000000021032 <SF,HV,ME,IR,DR,RI>  CR: 28004242  XER: 20000000
[    0.000000] CFAR: c0000000001570b8 IRQMASK: 1 
[    0.000000] GPR00: c0000000000d2048 c000000001683a00 c000000001685e00 0000000000000022 
[    0.000000] GPR04: c000000000cc88ea 0000000000000002 414c5f434f4e534f 4c455f464c555348 
[    0.000000] GPR08: 206d697373696e67 c0000000016d5e00 0000000000000027 9000000000001032 
[    0.000000] GPR12: c0000000001f43f0 c000000001890000 0000000000000000 c000000001495c78 
[    0.000000] GPR16: c0000000017a33f0 c000000001482e08 0000000000000001 0000000000000000 
[    0.000000] GPR20: 0000000000000001 c000000001546700 0000000000000000 c0000000017a5da8 
[    0.000000] GPR24: 0000000000000001 c0000000017a3da8 c0000000017a3418 0000000000000001 
[    0.000000] GPR28: 0000000000000036 c000000001861718 0000000000000000 0000000000000000 
[    0.000000] NIP [c0000000000d204c] .__opal_flush_console+0xfc/0x110
[    0.000000] LR [c0000000000d2048] .__opal_flush_console+0xf8/0x110
[    0.000000] Call Trace:
[    0.000000] [c000000001683a00] [c0000000000d2048] .__opal_flush_console+0xf8/0x110 (unreliable)
[    0.000000] [c000000001683a90] [c0000000000d2574] .opal_flush_console+0x24/0x60
[    0.000000] [c000000001683b10] [c0000000007c3b60] .udbg_opal_putc+0xe0/0x140
[    0.000000] [c000000001683ba0] [c000000000026f10] .udbg_write+0x90/0x150
[    0.000000] [c000000001683c30] [c0000000001f35e8] .console_unlock+0x348/0x730
[    0.000000] [c000000001683d40] [c0000000001f3cb8] .register_console+0x208/0x420
[    0.000000] [c000000001683dd0] [c000000000e2a404] .register_early_udbg_console+0x8c/0xa4
[    0.000000] [c000000001683e50] [c000000000e29fd0] .setup_arch+0x78/0x3c4
[    0.000000] [c000000001683ed0] [c000000000e24270] .start_kernel+0x98/0x750
[    0.000000] [c000000001683f90] [c00000000000d42c] start_here_common+0x1c/0x3f0
[    0.000000] Instruction dump:
[    0.000000] 3be0fffe 4bffb141 60000000 4bffff90 60000000 3c62ff64 39200001 3d42ffea 
[    0.000000] 38632ac8 992af5b1 4808500d 60000000 <0fe00000> 4bffff50 48a7d07d 60000000 
[    0.000000] ---[ end trace 0000000000000000 ]---
[    0.000000] ------------[ cut here ]------------
[    0.000000] opal: OPAL_CONSOLE_FLUSH missing.
[    0.000000] WARNING: CPU: 0 PID: 0 at arch/powerpc/platforms/powernv/opal.c:528 .__opal_flush_console+0xfc/0x110
[    0.000000] Modules linked in:
[    0.000000] CPU: 0 PID: 0 Comm: swapper Not tainted 5.8.0-rc5+ #121
[    0.000000] NIP:  c0000000000d204c LR: c0000000000d2048 CTR: c0000000001f43f0
[    0.000000] REGS: c000000001683770 TRAP: 0700   Not tainted  (5.8.0-rc5+)
[    0.000000] MSR:  9000000000021032 <SF,HV,ME,IR,DR,RI>  CR: 28004242  XER: 20000000
[    0.000000] CFAR: c0000000001570b8 IRQMASK: 1 
[    0.000000] GPR00: c0000000000d2048 c000000001683a00 c000000001685e00 0000000000000022 
[    0.000000] GPR04: c000000000cc88ea 0000000000000002 414c5f434f4e534f 4c455f464c555348 
[    0.000000] GPR08: 206d697373696e67 c0000000016d5e00 0000000000000027 9000000000001032 
[    0.000000] GPR12: c0000000001f43f0 c000000001890000 0000000000000000 c000000001495c78 
[    0.000000] GPR16: c0000000017a33f0 c000000001482e08 0000000000000001 0000000000000000 
[    0.000000] GPR20: 0000000000000001 c000000001546700 0000000000000000 c0000000017a5da8 
[    0.000000] GPR24: 0000000000000001 c0000000017a3da8 c0000000017a3418 0000000000000001 
[    0.000000] GPR28: 0000000000000036 c000000001861718 0000000000000000 0000000000000000 
[    0.000000] NIP [c0000000000d204c] .__opal_flush_console+0xfc/0x110
[    0.000000] LR [c0000000000d2048] .__opal_flush_console+0xf8/0x110
[    0.000000] Call Trace:
[    0.000000] [c000000001683a00] [c0000000000d2048] .__opal_flush_console+0xf8/0x110 (unreliable)
[    0.000000] [c000000001683a90] [c0000000000d2574] .opal_flush_console+0x24/0x60
[    0.000000] [c000000001683b10] [c0000000007c3b60] .udbg_opal_putc+0xe0/0x140
[    0.000000] [c000000001683ba0] [c000000000026f10] .udbg_write+0x90/0x150
[    0.000000] [c000000001683c30] [c0000000001f35e8] .console_unlock+0x348/0x730
[    0.000000] [c000000001683d40] [c0000000001f3cb8] .register_console+0x208/0x420
[    0.000000] [c000000001683dd0] [c000000000e2a404] .register_early_udbg_console+0x8c/0xa4
[    0.000000] [c000000001683e50] [c000000000e29fd0] .setup_arch+0x78/0x3c4
[    0.000000] [c000000001683ed0] [c000000000e24270] .start_kernel+0x98/0x750
[    0.000000] [c000000001683f90] [c00000000000d42c] start_here_common+0x1c/0x3f0
[    0.000000] Instruction dump:
[    0.000000] 3be0fffe 4bffb141 60000000 4bffff90 60000000 3c62ff64 39200001 3d42ffea 
[    0.000000] 38632ac8 992af5b1 4808500d 60000000 <0fe00000> 4bffff50 48a7d07d 60000000 
[    0.000000] ---[ end trace 0000000000000000 ]---
[    0.000000] ------------[ cut here ]------------
[    0.000000] opal: OPAL_CONSOLE_FLUSH missing.
[    0.000000] WARNING: CPU: 0 PID: 0 at arch/powerpc/platforms/powernv/opal.c:528 .__opal_flush_console+0xfc/0x110
[    0.000000] Modules linked in:
[    0.000000] CPU: 0 PID: 0 Comm: swapper Not tainted 5.8.0-rc5+ #121
[    0.000000] NIP:  c0000000000d204c LR: c0000000000d2048 CTR: c0000000001f43f0
[    0.000000] REGS: c000000001683770 TRAP: 0700   Not tainted  (5.8.0-rc5+)
[    0.000000] MSR:  9000000000021032 <SF,HV,ME,IR,DR,RI>  CR: 28004242  XER: 20000000
[    0.000000] CFAR: c0000000001570b8 IRQMASK: 1 
[    0.000000] GPR00: c0000000000d2048 c000000001683a00 c000000001685e00 0000000000000022 
[    0.000000] GPR04: c000000000cc88ea 0000000000000002 414c5f434f4e534f 4c455f464c555348 
[    0.000000] GPR08: 206d697373696e67 c0000000016d5e00 0000000000000027 9000000000001032 
[    0.000000] GPR12: c0000000001f43f0 c000000001890000 0000000000000000 c000000001495c78 
[    0.000000] GPR16: c0000000017a33f0 c000000001482e08 0000000000000001 0000000000000000 
[    0.000000] GPR20: 0000000000000001 c000000001546700 0000000000000000 c0000000017a5da8 
[    0.000000] GPR24: 0000000000000001 c0000000017a3da8 c0000000017a3418 0000000000000001 
[    0.000000] GPR28: 0000000000000036 c000000001861718 0000000000000000 0000000000000000 
[    0.000000] NIP [c0000000000d204c] .__opal_flush_console+0xfc/0x110
[    0.000000] LR [c0000000000d2048] .__opal_flush_console+0xf8/0x110
[    0.000000] Call Trace:
[    0.000000] [c000000001683a00] [c0000000000d2048] .__opal_flush_console+0xf8/0x110 (unreliable)
[    0.000000] [c000000001683a90] [c0000000000d2574] .opal_flush_console+0x24/0x60
[    0.000000] [c000000001683b10] [c0000000007c3b60] .udbg_opal_putc+0xe0/0x140
[    0.000000] [c000000001683ba0] [c000000000026f10] .udbg_write+0x90/0x150
[    0.000000] [c000000001683c30] [c0000000001f35e8] .console_unlock+0x348/0x730
[    0.000000] [c000000001683d40] [c0000000001f3cb8] .register_console+0x208/0x420
[    0.000000] [c000000001683dd0] [c000000000e2a404] .register_early_udbg_console+0x8c/0xa4
[    0.000000] [c000000001683e50] [c000000000e29fd0] .setup_arch+0x78/0x3c4
[    0.000000] [c000000001683ed0] [c000000000e24270] .start_kernel+0x98/0x750
[    0.000000] [c000000001683f90] [c00000000000d42c] start_here_common+0x1c/0x3f0
[    0.000000] Instruction dump:
[    0.000000] 3be0fffe 4bffb141 60000000 4bffff90 60000000 3c62ff64 39200001 3d42ffea 
[    0.000000] 38632ac8 992af5b1 4808500d 60000000 <0fe00000> 4bffff50 48a7d07d 60000000 
[    0.000000] ---[ end trace 0000000000000000 ]---
[    0.000000] ------------[ cut here ]------------
[    0.000000] opal: OPAL_CONSOLE_FLUSH missing.
[    0.000000] WARNING: CPU: 0 PID: 0 at arch/powerpc/platforms/powernv/opal.c:528 .__opal_flush_console+0xfc/0x110
[    0.000000] Modules linked in:
[    0.000000] CPU: 0 PID: 0 Comm: swapper Not tainted 5.8.0-rc5+ #121
[    0.000000] NIP:  c0000000000d204c LR: c0000000000d2048 CTR: c0000000001f43f0
[    0.000000] REGS: c000000001683770 TRAP: 0700   Not tainted  (5.8.0-rc5+)
[    0.000000] MSR:  9000000000021032 <SF,HV,ME,IR,DR,RI>  CR: 28004242  XER: 20000000
[    0.000000] CFAR: c0000000001570b8 IRQMASK: 1 
[    0.000000] GPR00: c0000000000d2048 c000000001683a00 c000000001685e00 0000000000000022 
[    0.000000] GPR04: c000000000cc88ea 0000000000000002 414c5f434f4e534f 4c455f464c555348 
[    0.000000] GPR08: 206d697373696e67 c0000000016d5e00 0000000000000027 9000000000001032 
[    0.000000] GPR12: c0000000001f43f0 c000000001890000 0000000000000000 c000000001495c78 
[    0.000000] GPR16: c0000000017a33f0 c000000001482e08 0000000000000001 0000000000000000 
[    0.000000] GPR20: 0000000000000001 c000000001546700 0000000000000000 c0000000017a5da8 
[    0.000000] GPR24: 0000000000000001 c0000000017a3da8 c0000000017a3418 0000000000000001 
[    0.000000] GPR28: 0000000000000036 c000000001861718 0000000000000000 0000000000000000 
[    0.000000] NIP [c0000000000d204c] .__opal_flush_console+0xfc/0x110
[    0.000000] LR [c0000000000d2048] .__opal_flush_console+0xf8/0x110
[    0.000000] Call Trace:
[    0.000000] [c000000001683a00] [c0000000000d2048] .__opal_flush_console+0xf8/0x110 (unreliable)
[    0.000000] [c000000001683a90] [c0000000000d2574] .opal_flush_console+0x24/0x60
[    0.000000] [c000000001683b10] [c0000000007c3b60] .udbg_opal_putc+0xe0/0x140
[    0.000000] [c000000001683ba0] [c000000000026f10] .udbg_write+0x90/0x150
[    0.000000] [c000000001683c30] [c0000000001f35e8] .console_unlock+0x348/0x730
[    0.000000] [c000000001683d40] [c0000000001f3cb8] .register_console+0x208/0x420
[    0.000000] [c000000001683dd0] [c000000000e2a404] .register_early_udbg_console+0x8c/0xa4
[    0.000000] [c000000001683e50] [c000000000e29fd0] .setup_arch+0x78/0x3c4
[    0.000000] [c000000001683ed0] [c000000000e24270] .start_kernel+0x98/0x750
[    0.000000] [c000000001683f90] [c00000000000d42c] start_here_common+0x1c/0x3f0
[    0.000000] Instruction dump:
[    0.000000] 3be0fffe 4bffb141 60000000 4bffff90 60000000 3c62ff64 39200001 3d42ffea 
[    0.000000] 38632ac8 992af5b1 4808500d 60000000 <0fe00000> 4bffff50 48a7d07d 60000000 
[    0.000000] ---[ end trace 0000000000000000 ]---
[    0.000000] ------------[ cut here ]------------
[    0.000000] opal: OPAL_CONSOLE_FLUSH missing.
[    0.000000] WARNING: CPU: 0 PID: 0 at arch/powerpc/platforms/powernv/opal.c:528 .__opal_flush_console+0xfc/0x110
[    0.000000] Modules linked in:
[    0.000000] CPU: 0 PID: 0 Comm: swapper Not tainted 5.8.0-rc5+ #121
[    0.000000] NIP:  c0000000000d204c LR: c0000000000d2048 CTR: c0000000001f43f0
[    0.000000] REGS: c000000001683770 TRAP: 0700   Not tainted  (5.8.0-rc5+)
[    0.000000] MSR:  9000000000021032 <SF,HV,ME,IR,DR,RI>  CR: 28004242  XER: 20000000
[    0.000000] CFAR: c0000000001570b8 IRQMASK: 1 
[    0.000000] GPR00: c0000000000d2048 c000000001683a00 c000000001685e00 0000000000000022 
[    0.000000] GPR04: c000000000cc88ea 0000000000000002 414c5f434f4e534f 4c455f464c555348 
[    0.000000] GPR08: 206d697373696e67 c0000000016d5e00 0000000000000027 9000000000001032 
[    0.000000] GPR12: c0000000001f43f0 c000000001890000 0000000000000000 c000000001495c78 
[    0.000000] GPR16: c0000000017a33f0 c000000001482e08 0000000000000001 0000000000000000 
[    0.000000] GPR20: 0000000000000001 c000000001546700 0000000000000000 c0000000017a5da8 
[    0.000000] GPR24: 0000000000000001 c0000000017a3da8 c0000000017a3418 0000000000000001 
[    0.000000] GPR28: 0000000000000036 c000000001861718 0000000000000000 0000000000000000 
[    0.000000] NIP [c0000000000d204c] .__opal_flush_console+0xfc/0x110
[    0.000000] LR [c0000000000d2048] .__opal_flush_console+0xf8/0x110
[    0.000000] Call Trace:
[    0.000000] [c000000001683a00] [c0000000000d2048] .__opal_flush_console+0xf8/0x110 (unreliable)
[    0.000000] [c000000001683a90] [c0000000000d2574] .opal_flush_console+0x24/0x60
[    0.000000] [c000000001683b10] [c0000000007c3b60] .udbg_opal_putc+0xe0/0x140
[    0.000000] [c000000001683ba0] [c000000000026f10] .udbg_write+0x90/0x150
[    0.000000] [c000000001683c30] [c0000000001f35e8] .console_unlock+0x348/0x730
[    0.000000] [c000000001683d40] [c0000000001f3cb8] .register_console+0x208/0x420
[    0.000000] [c000000001683dd0] [c000000000e2a404] .register_early_udbg_console+0x8c/0xa4
[    0.000000] [c000000001683e50] [c000000000e29fd0] .setup_arch+0x78/0x3c4
[    0.000000] [c000000001683ed0] [c000000000e24270] .start_kernel+0x98/0x750
[    0.000000] [c000000001683f90] [c00000000000d42c] start_here_common+0x1c/0x3f0
[    0.000000] Instruction dump:
[    0.000000] 3be0fffe 4bffb141 60000000 4bffff90 60000000 3c62ff64 39200001 3d42ffea 
[    0.000000] 38632ac8 992af5b1 4808500d 60000000 <0fe00000> 4bffff50 48a7d07d 60000000 
[    0.000000] ---[ end trace 0000000000000000 ]---
[    0.000000] ------------[ cut here ]------------
[    0.000000] opal: OPAL_CONSOLE_FLUSH missing.
[    0.000000] WARNING: CPU: 0 PID: 0 at arch/powerpc/platforms/powernv/opal.c:528 .__opal_flush_console+0xfc/0x110
[    0.000000] Modules linked in:
[    0.000000] CPU: 0 PID: 0 Comm: swapper Not tainted 5.8.0-rc5+ #121
[    0.000000] NIP:  c0000000000d204c LR: c0000000000d2048 CTR: c0000000001f43f0
[    0.000000] REGS: c000000001683770 TRAP: 0700   Not tainted  (5.8.0-rc5+)
[    0.000000] MSR:  9000000000021032 <SF,HV,ME,IR,DR,RI>  CR: 28004242  XER: 20000000
[    0.000000] CFAR: c0000000001570b8 IRQMASK: 1 
[    0.000000] GPR00: c0000000000d2048 c000000001683a00 c000000001685e00 0000000000000022 
[    0.000000] GPR04: c000000000cc88ea 0000000000000002 414c5f434f4e534f 4c455f464c555348 
[    0.000000] GPR08: 206d697373696e67 c0000000016d5e00 0000000000000027 9000000000001032 
[    0.000000] GPR12: c0000000001f43f0 c000000001890000 0000000000000000 c000000001495c78 
[    0.000000] GPR16: c0000000017a33f0 c000000001482e08 0000000000000001 0000000000000000 
[    0.000000] GPR20: 0000000000000001 c000000001546700 0000000000000000 c0000000017a5da8 
[    0.000000] GPR24: 0000000000000001 c0000000017a3da8 c0000000017a3418 0000000000000001 
[    0.000000] GPR28: 0000000000000036 c000000001861718 0000000000000000 0000000000000000 
[    0.000000] NIP [c0000000000d204c] .__opal_flush_console+0xfc/0x110
[    0.000000] LR [c0000000000d2048] .__opal_flush_console+0xf8/0x110
[    0.000000] Call Trace:
[    0.000000] [c000000001683a00] [c0000000000d2048] .__opal_flush_console+0xf8/0x110 (unreliable)
[    0.000000] [c000000001683a90] [c0000000000d2574] .opal_flush_console+0x24/0x60
[    0.000000] [c000000001683b10] [c0000000007c3b60] .udbg_opal_putc+0xe0/0x140
[    0.000000] [c000000001683ba0] [c000000000026f10] .udbg_write+0x90/0x150
[    0.000000] [c000000001683c30] [c0000000001f35e8] .console_unlock+0x348/0x730
[    0.000000] [c000000001683d40] [c0000000001f3cb8] .register_console+0x208/0x420
[    0.000000] [c000000001683dd0] [c000000000e2a404] .register_early_udbg_console+0x8c/0xa4
[    0.000000] [c000000001683e50] [c000000000e29fd0] .setup_arch+0x78/0x3c4
[    0.000000] [c000000001683ed0] [c000000000e24270] .start_kernel+0x98/0x750
[    0.000000] [c000000001683f90] [c00000000000d42c] start_here_common+0x1c/0x3f0
[    0.000000] Instruction dump:
[    0.000000] 3be0fffe 4bffb141 60000000 4bffff90 60000000 3c62ff64 39200001 3d42ffea 
[    0.000000] 38632ac8 992af5b1 4808500d 60000000 <0fe00000> 4bffff50 48a7d07d 60000000 
[    0.000000] ---[ end trace 0000000000000000 ]---
[    0.000000] ------------[ cut here ]------------
[    0.000000] opal: OPAL_CONSOLE_FLUSH missing.
[    0.000000] WARNING: CPU: 0 PID: 0 at arch/powerpc/platforms/powernv/opal.c:528 .__opal_flush_console+0xfc/0x110
[    0.000000] Modules linked in:
[    0.000000] CPU: 0 PID: 0 Comm: swapper Not tainted 5.8.0-rc5+ #121
[    0.000000] NIP:  c0000000000d204c LR: c0000000000d2048 CTR: c0000000001f43f0
[    0.000000] REGS: c000000001683770 TRAP: 0700   Not tainted  (5.8.0-rc5+)
[    0.000000] MSR:  9000000000021032 <SF,HV,ME,IR,DR,RI>  CR: 28004242  XER: 20000000
[    0.000000] CFAR: c0000000001570b8 IRQMASK: 1 
[    0.000000] GPR00: c0000000000d2048 c000000001683a00 c000000001685e00 0000000000000022 
[    0.000000] GPR04: c000000000cc88ea 0000000000000002 414c5f434f4e534f 4c455f464c555348 
[    0.000000] GPR08: 206d697373696e67 c0000000016d5e00 0000000000000027 9000000000001032 
[    0.000000] GPR12: c0000000001f43f0 c000000001890000 0000000000000000 c000000001495c78 
[    0.000000] GPR16: c0000000017a33f0 c000000001482e08 0000000000000001 0000000000000000 
[    0.000000] GPR20: 0000000000000001 c000000001546700 0000000000000000 c0000000017a5da8 
[    0.000000] GPR24: 0000000000000001 c0000000017a3da8 c0000000017a3418 0000000000000001 
[    0.000000] GPR28: 0000000000000036 c000000001861718 0000000000000000 0000000000000000 
[    0.000000] NIP [c0000000000d204c] .__opal_flush_console+0xfc/0x110
[    0.000000] LR [c0000000000d2048] .__opal_flush_console+0xf8/0x110
[    0.000000] Call Trace:
[    0.000000] [c000000001683a00] [c0000000000d2048] .__opal_flush_console+0xf8/0x110 (unreliable)
[    0.000000] [c000000001683a90] [c0000000000d2574] .opal_flush_console+0x24/0x60
[    0.000000] [c000000001683b10] [c0000000007c3b60] .udbg_opal_putc+0xe0/0x140
[    0.000000] [c000000001683ba0] [c000000000026f10] .udbg_write+0x90/0x150
[    0.000000] [c000000001683c30] [c0000000001f35e8] .console_unlock+0x348/0x730
[    0.000000] [c000000001683d40] [c0000000001f3cb8] .register_console+0x208/0x420
[    0.000000] [c000000001683dd0] [c000000000e2a404] .register_early_udbg_console+0x8c/0xa4
[    0.000000] [c000000001683e50] [c000000000e29fd0] .setup_arch+0x78/0x3c4
[    0.000000] [c000000001683ed0] [c000000000e24270] .start_kernel+0x98/0x750
[    0.000000] [c000000001683f90] [c00000000000d42c] start_here_common+0x1c/0x3f0
[    0.000000] Instruction dump:
[    0.000000] 3be0fffe 4bffb141 60000000 4bffff90 60000000 3c62ff64 39200001 3d42ffea 
[    0.000000] 38632ac8 992af5b1 4808500d 60000000 <0fe00000> 4bffff50 48a7d07d 60000000 
[    0.000000] ---[ end trace 0000000000000000 ]---
[    0.000000] ------------[ cut here ]------------
[    0.000000] opal: OPAL_CONSOLE_FLUSH missing.
[    0.000000] WARNING: CPU: 0 PID: 0 at arch/powerpc/platforms/powernv/opal.c:528 .__opal_flush_console+0xfc/0x110
[    0.000000] Modules linked in:
[    0.000000] CPU: 0 PID: 0 Comm: swapper Not tainted 5.8.0-rc5+ #121
[    0.000000] NIP:  c0000000000d204c LR: c0000000000d2048 CTR: c0000000001f43f0
[    0.000000] REGS: c000000001683770 TRAP: 0700   Not tainted  (5.8.0-rc5+)
[    0.000000] MSR:  9000000000021032 <SF,HV,ME,IR,DR,RI>  CR: 28004242  XER: 20000000
[    0.000000] CFAR: c0000000001570b8 IRQMASK: 1 
[    0.000000] GPR00: c0000000000d2048 c000000001683a00 c000000001685e00 0000000000000022 
[    0.000000] GPR04: c000000000cc88ea 0000000000000002 414c5f434f4e534f 4c455f464c555348 
[    0.000000] GPR08: 206d697373696e67 c0000000016d5e00 0000000000000027 9000000000001032 
[    0.000000] GPR12: c0000000001f43f0 c000000001890000 0000000000000000 c000000001495c78 
[    0.000000] GPR16: c0000000017a33f0 c000000001482e08 0000000000000001 0000000000000000 
[    0.000000] GPR20: 0000000000000001 c000000001546700 0000000000000000 c0000000017a5da8 
[    0.000000] GPR24: 0000000000000001 c0000000017a3da8 c0000000017a3418 0000000000000001 
[    0.000000] GPR28: 0000000000000036 c000000001861718 0000000000000000 0000000000000000 
[    0.000000] NIP [c0000000000d204c] .__opal_flush_console+0xfc/0x110
[    0.000000] LR [c0000000000d2048] .__opal_flush_console+0xf8/0x110
[    0.000000] Call Trace:
[    0.000000] [c000000001683a00] [c0000000000d2048] .__opal_flush_console+0xf8/0x110 (unreliable)
[    0.000000] [c000000001683a90] [c0000000000d2574] .opal_flush_console+0x24/0x60
[    0.000000] [c000000001683b10] [c0000000007c3b60] .udbg_opal_putc+0xe0/0x140
[    0.000000] [c000000001683ba0] [c000000000026f10] .udbg_write+0x90/0x150
[    0.000000] [c000000001683c30] [c0000000001f35e8] .console_unlock+0x348/0x730
[    0.000000] [c000000001683d40] [c0000000001f3cb8] .register_console+0x208/0x420
[    0.000000] [c000000001683dd0] [c000000000e2a404] .register_early_udbg_console+0x8c/0xa4
[    0.000000] [c000000001683e50] [c000000000e29fd0] .setup_arch+0x78/0x3c4
[    0.000000] [c000000001683ed0] [c000000000e24270] .start_kernel+0x98/0x750
[    0.000000] [c000000001683f90] [c00000000000d42c] start_here_common+0x1c/0x3f0
[    0.000000] Instruction dump:
[    0.000000] 3be0fffe 4bffb141 60000000 4bffff90 60000000 3c62ff64 39200001 3d42ffea 
[    0.000000] 38632ac8 992af5b1 4808500d 60000000 <0fe00000> 4bffff50 48a7d07d 60000000 
[    0.000000] ---[ end trace 0000000000000000 ]---
[    0.000000] ------------[ cut here ]------------
[    0.000000] opal: OPAL_CONSOLE_FLUSH missing.
[    0.000000] WARNING: CPU: 0 PID: 0 at arch/powerpc/platforms/powernv/opal.c:528 .__opal_flush_console+0xfc/0x110
[    0.000000] Modules linked in:
[    0.000000] CPU: 0 PID: 0 Comm: swapper Not tainted 5.8.0-rc5+ #121
[    0.000000] NIP:  c0000000000d204c LR: c0000000000d2048 CTR: c0000000001f43f0
[    0.000000] REGS: c000000001683770 TRAP: 0700   Not tainted  (5.8.0-rc5+)
[    0.000000] MSR:  9000000000021032 <SF,HV,ME,IR,DR,RI>  CR: 28004242  XER: 20000000
[    0.000000] CFAR: c0000000001570b8 IRQMASK: 1 
[    0.000000] GPR00: c0000000000d2048 c000000001683a00 c000000001685e00 0000000000000022 
[    0.000000] GPR04: c000000000cc88ea 0000000000000002 414c5f434f4e534f 4c455f464c555348 
[    0.000000] GPR08: 206d697373696e67 c0000000016d5e00 0000000000000027 9000000000001032 
[    0.000000] GPR12: c0000000001f43f0 c000000001890000 0000000000000000 c000000001495c78 
[    0.000000] GPR16: c0000000017a33f0 c000000001482e08 0000000000000001 0000000000000000 
[    0.000000] GPR20: 0000000000000001 c000000001546700 0000000000000000 c0000000017a5da8 
[    0.000000] GPR24: 0000000000000001 c0000000017a3da8 c0000000017a3418 0000000000000001 
[    0.000000] GPR28: 0000000000000036 c000000001861718 0000000000000000 0000000000000000 
[    0.000000] NIP [c0000000000d204c] .__opal_flush_console+0xfc/0x110
[    0.000000] LR [c0000000000d2048] .__opal_flush_console+0xf8/0x110
[    0.000000] Call Trace:
[    0.000000] [c000000001683a00] [c0000000000d2048] .__opal_flush_console+0xf8/0x110 (unreliable)
[    0.000000] [c000000001683a90] [c0000000000d2574] .opal_flush_console+0x24/0x60
[    0.000000] [c000000001683b10] [c0000000007c3b60] .udbg_opal_putc+0xe0/0x140
[    0.000000] [c000000001683ba0] [c000000000026f10] .udbg_write+0x90/0x150
[    0.000000] [c000000001683c30] [c0000000001f35e8] .console_unlock+0x348/0x730
[    0.000000] [c000000001683d40] [c0000000001f3cb8] .register_console+0x208/0x420
[    0.000000] [c000000001683dd0] [c000000000e2a404] .register_early_udbg_console+0x8c/0xa4
[    0.000000] [c000000001683e50] [c000000000e29fd0] .setup_arch+0x78/0x3c4
[    0.000000] [c000000001683ed0] [c000000000e24270] .start_kernel+0x98/0x750
[    0.000000] [c000000001683f90] [c00000000000d42c] start_here_common+0x1c/0x3f0
[    0.000000] Instruction dump:
[    0.000000] 3be0fffe 4bffb141 60000000 4bffff90 60000000 3c62ff64 39200001 3d42ffea 
[    0.000000] 38632ac8 992af5b1 4808500d 60000000 <0fe00000> 4bffff50 48a7d07d 60000000 
[    0.000000] ---[ end trace 0000000000000000 ]---
[    0.000000] ------------[ cut here ]------------
[    0.000000] opal: OPAL_CONSOLE_FLUSH missing.
[    0.000000] WARNING: CPU: 0 PID: 0 at arch/powerpc/platforms/powernv/opal.c:528 .__opal_flush_console+0xfc/0x110
[    0.000000] Modules linked in:
[    0.000000] CPU: 0 PID: 0 Comm: swapper Not tainted 5.8.0-rc5+ #121
[    0.000000] NIP:  c0000000000d204c LR: c0000000000d2048 CTR: c0000000001f43f0
[    0.000000] REGS: c000000001683770 TRAP: 0700   Not tainted  (5.8.0-rc5+)
[    0.000000] MSR:  9000000000021032 <SF,HV,ME,IR,DR,RI>  CR: 28004242  XER: 20000000
[    0.000000] CFAR: c0000000001570b8 IRQMASK: 1 
[    0.000000] GPR00: c0000000000d2048 c000000001683a00 c000000001685e00 0000000000000022 
[    0.000000] GPR04: c000000000cc88ea 0000000000000002 414c5f434f4e534f 4c455f464c555348 
[    0.000000] GPR08: 206d697373696e67 c0000000016d5e00 0000000000000027 9000000000001032 
[    0.000000] GPR12: c0000000001f43f0 c000000001890000 0000000000000000 c000000001495c78 
[    0.000000] GPR16: c0000000017a33f0 c000000001482e08 0000000000000001 0000000000000000 
[    0.000000] GPR20: 0000000000000001 c000000001546700 0000000000000000 c0000000017a5da8 
[    0.000000] GPR24: 0000000000000001 c0000000017a3da8 c0000000017a3418 0000000000000001 
[    0.000000] GPR28: 0000000000000036 c000000001861718 0000000000000000 0000000000000000 
[    0.000000] NIP [c0000000000d204c] .__opal_flush_console+0xfc/0x110
[    0.000000] LR [c0000000000d2048] .__opal_flush_console+0xf8/0x110
[    0.000000] Call Trace:
[    0.000000] [c000000001683a00] [c0000000000d2048] .__opal_flush_console+0xf8/0x110 (unreliable)
[    0.000000] [c000000001683a90] [c0000000000d2574] .opal_flush_console+0x24/0x60
[    0.000000] [c000000001683b10] [c0000000007c3b60] .udbg_opal_putc+0xe0/0x140
[    0.000000] [c000000001683ba0] [c000000000026f10] .udbg_write+0x90/0x150
[    0.000000] [c000000001683c30] [c0000000001f35e8] .console_unlock+0x348/0x730
[    0.000000] [c000000001683d40] [c0000000001f3cb8] .register_console+0x208/0x420
[    0.000000] [c000000001683dd0] [c000000000e2a404] .register_early_udbg_console+0x8c/0xa4
[    0.000000] [c000000001683e50] [c000000000e29fd0] .setup_arch+0x78/0x3c4
[    0.000000] [c000000001683ed0] [c000000000e24270] .start_kernel+0x98/0x750
[    0.000000] [c000000001683f90] [c00000000000d42c] start_here_common+0x1c/0x3f0
[    0.000000] Instruction dump:
[    0.000000] 3be0fffe 4bffb141 60000000 4bffff90 60000000 3c62ff64 39200001 3d42ffea 
[    0.000000] 38632ac8 992af5b1 4808500d 60000000 <0fe00000> 4bffff50 48a7d07d 60000000 
[    0.000000] ---[ end trace 0000000000000000 ]---
[    0.000000] ------------[ cut here ]------------
[    0.000000] opal: OPAL_CONSOLE_FLUSH missing.
[    0.000000] WARNING: CPU: 0 PID: 0 at arch/powerpc/platforms/powernv/opal.c:528 .__opal_flush_console+0xfc/0x110
[    0.000000] Modules linked in:
[    0.000000] CPU: 0 PID: 0 Comm: swapper Not tainted 5.8.0-rc5+ #121
[    0.000000] NIP:  c0000000000d204c LR: c0000000000d2048 CTR: c0000000001f43f0
[    0.000000] REGS: c000000001683770 TRAP: 0700   Not tainted  (5.8.0-rc5+)
[    0.000000] MSR:  9000000000021032 <SF,HV,ME,IR,DR,RI>  CR: 28004242  XER: 20000000
[    0.000000] CFAR: c0000000001570b8 IRQMASK: 1 
[    0.000000] GPR00: c0000000000d2048 c000000001683a00 c000000001685e00 0000000000000022 
[    0.000000] GPR04: c000000000cc88ea 0000000000000002 414c5f434f4e534f 4c455f464c555348 
[    0.000000] GPR08: 206d697373696e67 c0000000016d5e00 0000000000000027 9000000000001032 
[    0.000000] GPR12: c0000000001f43f0 c000000001890000 0000000000000000 c000000001495c78 
[    0.000000] GPR16: c0000000017a33f0 c000000001482e08 0000000000000001 0000000000000000 
[    0.000000] GPR20: 0000000000000001 c000000001546700 0000000000000000 c0000000017a5da8 
[    0.000000] GPR24: 0000000000000001 c0000000017a3da8 c0000000017a3418 0000000000000001 
[    0.000000] GPR28: 0000000000000036 c000000001861718 0000000000000000 0000000000000000 
[    0.000000] NIP [c0000000000d204c] .__opal_flush_console+0xfc/0x110
[    0.000000] LR [c0000000000d2048] .__opal_flush_console+0xf8/0x110
[    0.000000] Call Trace:
[    0.000000] [c000000001683a00] [c0000000000d2048] .__opal_flush_console+0xf8/0x110 (unreliable)
[    0.000000] [c000000001683a90] [c0000000000d2574] .opal_flush_console+0x24/0x60
[    0.000000] [c000000001683b10] [c0000000007c3b60] .udbg_opal_putc+0xe0/0x140
[    0.000000] [c000000001683ba0] [c000000000026f10] .udbg_write+0x90/0x150
[    0.000000] [c000000001683c30] [c0000000001f35e8] .console_unlock+0x348/0x730
[    0.000000] [c000000001683d40] [c0000000001f3cb8] .register_console+0x208/0x420
[    0.000000] [c000000001683dd0] [c000000000e2a404] .register_early_udbg_console+0x8c/0xa4
[    0.000000] [c000000001683e50] [c000000000e29fd0] .setup_arch+0x78/0x3c4
[    0.000000] [c000000001683ed0] [c000000000e24270] .start_kernel+0x98/0x750
[    0.000000] [c000000001683f90] [c00000000000d42c] start_here_common+0x1c/0x3f0
[    0.000000] Instruction dump:
[    0.000000] 3be0fffe 4bffb141 60000000 4bffff90 60000000 3c62ff64 39200001 3d42ffea 
[    0.000000] 38632ac8 992af5b1 4808500d 60000000 <0fe00000> 4bffff50 48a7d07d 60000000 
[    0.000000] ---[ end trace 0000000000000000 ]---
[    0.000000] ------------[ cut here ]------------
[    0.000000] opal: OPAL_CONSOLE_FLUSH missing.
[    0.000000] WARNING: CPU: 0 PID: 0 at arch/powerpc/platforms/powernv/opal.c:528 .__opal_flush_console+0xfc/0x110
[    0.000000] Modules linked in:
[    0.000000] CPU: 0 PID: 0 Comm: swapper Not tainted 5.8.0-rc5+ #121
[    0.000000] NIP:  c0000000000d204c LR: c0000000000d2048 CTR: c0000000001f43f0
[    0.000000] REGS: c000000001683770 TRAP: 0700   Not tainted  (5.8.0-rc5+)
[    0.000000] MSR:  9000000000021032 <SF,HV,ME,IR,DR,RI>  CR: 28004242  XER: 20000000
[    0.000000] CFAR: c0000000001570b8 IRQMASK: 1 
[    0.000000] GPR00: c0000000000d2048 c000000001683a00 c000000001685e00 0000000000000022 
[    0.000000] GPR04: c000000000cc88ea 0000000000000002 414c5f434f4e534f 4c455f464c555348 
[    0.000000] GPR08: 206d697373696e67 c0000000016d5e00 0000000000000027 9000000000001032 
[    0.000000] GPR12: c0000000001f43f0 c000000001890000 0000000000000000 c000000001495c78 
[    0.000000] GPR16: c0000000017a33f0 c000000001482e08 0000000000000001 0000000000000000 
[    0.000000] GPR20: 0000000000000001 c000000001546700 0000000000000000 c0000000017a5da8 
[    0.000000] GPR24: 0000000000000001 c0000000017a3da8 c0000000017a3418 0000000000000001 
[    0.000000] GPR28: 0000000000000036 c000000001861718 0000000000000000 0000000000000000 
[    0.000000] NIP [c0000000000d204c] .__opal_flush_console+0xfc/0x110
[    0.000000] LR [c0000000000d2048] .__opal_flush_console+0xf8/0x110
[    0.000000] Call Trace:
[    0.000000] [c000000001683a00] [c0000000000d2048] .__opal_flush_console+0xf8/0x110 (unreliable)
[    0.000000] [c000000001683a90] [c0000000000d2574] .opal_flush_console+0x24/0x60
[    0.000000] [c000000001683b10] [c0000000007c3b60] .udbg_opal_putc+0xe0/0x140
[    0.000000] [c000000001683ba0] [c000000000026f10] .udbg_write+0x90/0x150
[    0.000000] [c000000001683c30] [c0000000001f35e8] .console_unlock+0x348/0x730
[    0.000000] [c000000001683d40] [c0000000001f3cb8] .register_console+0x208/0x420
[    0.000000] [c000000001683dd0] [c000000000e2a404] .register_early_udbg_console+0x8c/0xa4
[    0.000000] [c000000001683e50] [c000000000e29fd0] .setup_arch+0x78/0x3c4
[    0.000000] [c000000001683ed0] [c000000000e24270] .start_kernel+0x98/0x750
[    0.000000] [c000000001683f90] [c00000000000d42c] start_here_common+0x1c/0x3f0
[    0.000000] Instruction dump:
[    0.000000] 3be0fffe 4bffb141 60000000 4bffff90 60000000 3c62ff64 39200001 3d42ffea 
[    0.000000] 38632ac8 992af5b1 4808500d 60000000 <0fe00000> 4bffff50 48a7d07d 60000000 
[    0.000000] ---[ end trace 0000000000000000 ]---
[    0.000000] ------------[ cut here ]------------
[    0.000000] opal: OPAL_CONSOLE_FLUSH missing.
[    0.000000] WARNING: CPU: 0 PID: 0 at arch/powerpc/platforms/powernv/opal.c:528 .__opal_flush_console+0xfc/0x110
[    0.000000] Modules linked in:
[    0.000000] CPU: 0 PID: 0 Comm: swapper Not tainted 5.8.0-rc5+ #121
[    0.000000] NIP:  c0000000000d204c LR: c0000000000d2048 CTR: c0000000001f43f0
[    0.000000] REGS: c000000001683770 TRAP: 0700   Not tainted  (5.8.0-rc5+)
[    0.000000] MSR:  9000000000021032 <SF,HV,ME,IR,DR,RI>  CR: 28004242  XER: 20000000
[    0.000000] CFAR: c0000000001570b8 IRQMASK: 1 
[    0.000000] GPR00: c0000000000d2048 c000000001683a00 c000000001685e00 0000000000000022 
[    0.000000] GPR04: c000000000cc88ea 0000000000000002 414c5f434f4e534f 4c455f464c555348 
[    0.000000] GPR08: 206d697373696e67 c0000000016d5e00 0000000000000027 9000000000001032 
[    0.000000] GPR12: c0000000001f43f0 c000000001890000 0000000000000000 c000000001495c78 
[    0.000000] GPR16: c0000000017a33f0 c000000001482e08 0000000000000001 0000000000000000 
[    0.000000] GPR20: 0000000000000001 c000000001546700 0000000000000000 c0000000017a5da8 
[    0.000000] GPR24: 0000000000000001 c0000000017a3da8 c0000000017a3418 0000000000000001 
[    0.000000] GPR28: 0000000000000036 c000000001861718 0000000000000000 0000000000000000 
[    0.000000] NIP [c0000000000d204c] .__opal_flush_console+0xfc/0x110
[    0.000000] LR [c0000000000d2048] .__opal_flush_console+0xf8/0x110
[    0.000000] Call Trace:
[    0.000000] [c000000001683a00] [c0000000000d2048] .__opal_flush_console+0xf8/0x110 (unreliable)
[    0.000000] [c000000001683a90] [c0000000000d2574] .opal_flush_console+0x24/0x60
[    0.000000] [c000000001683b10] [c0000000007c3b60] .udbg_opal_putc+0xe0/0x140
[    0.000000] [c000000001683ba0] [c000000000026f10] .udbg_write+0x90/0x150
[    0.000000] [c000000001683c30] [c0000000001f35e8] .console_unlock+0x348/0x730
[    0.000000] [c000000001683d40] [c0000000001f3cb8] .register_console+0x208/0x420
[    0.000000] [c000000001683dd0] [c000000000e2a404] .register_early_udbg_console+0x8c/0xa4
[    0.000000] [c000000001683e50] [c000000000e29fd0] .setup_arch+0x78/0x3c4
[    0.000000] [c000000001683ed0] [c000000000e24270] .start_kernel+0x98/0x750
[    0.000000] [c000000001683f90] [c00000000000d42c] start_here_common+0x1c/0x3f0
[    0.000000] Instruction dump:
[    0.000000] 3be0fffe 4bffb141 60000000 4bffff90 60000000 3c62ff64 39200001 3d42ffea 
[    0.000000] 38632ac8 992af5b1 4808500d 60000000 <0fe00000> 4bffff50 48a7d07d 60000000 
[    0.000000] ---[ end trace 0000000000000000 ]---
[    0.000000] ------------[ cut here ]------------
[    0.000000] opal: OPAL_CONSOLE_FLUSH missing.
[    0.000000] WARNING: CPU: 0 PID: 0 at arch/powerpc/platforms/powernv/opal.c:528 .__opal_flush_console+0xfc/0x110
[    0.000000] Modules linked in:
[    0.000000] CPU: 0 PID: 0 Comm: swapper Not tainted 5.8.0-rc5+ #121
[    0.000000] NIP:  c0000000000d204c LR: c0000000000d2048 CTR: c0000000001f43f0
[    0.000000] REGS: c000000001683770 TRAP: 0700   Not tainted  (5.8.0-rc5+)
[    0.000000] MSR:  9000000000021032 <SF,HV,ME,IR,DR,RI>  CR: 28004242  XER: 20000000
[    0.000000] CFAR: c0000000001570b8 IRQMASK: 1 
[    0.000000] GPR00: c0000000000d2048 c000000001683a00 c000000001685e00 0000000000000022 
[    0.000000] GPR04: c000000000cc88ea 0000000000000002 414c5f434f4e534f 4c455f464c555348 
[    0.000000] GPR08: 206d697373696e67 c0000000016d5e00 0000000000000027 9000000000001032 
[    0.000000] GPR12: c0000000001f43f0 c000000001890000 0000000000000000 c000000001495c78 
[    0.000000] GPR16: c0000000017a33f0 c000000001482e08 0000000000000001 0000000000000000 
[    0.000000] GPR20: 0000000000000001 c000000001546700 0000000000000000 c0000000017a5da8 
[    0.000000] GPR24: 0000000000000001 c0000000017a3da8 c0000000017a3418 0000000000000001 
[    0.000000] GPR28: 0000000000000036 c000000001861718 0000000000000000 0000000000000000 
[    0.000000] NIP [c0000000000d204c] .__opal_flush_console+0xfc/0x110
[    0.000000] LR [c0000000000d2048] .__opal_flush_console+0xf8/0x110
[    0.000000] Call Trace:
[    0.000000] [c000000001683a00] [c0000000000d2048] .__opal_flush_console+0xf8/0x110 (unreliable)
[    0.000000] [c000000001683a90] [c0000000000d2574] .opal_flush_console+0x24/0x60
[    0.000000] [c000000001683b10] [c0000000007c3b60] .udbg_opal_putc+0xe0/0x140
[    0.000000] [c000000001683ba0] [c000000000026f10] .udbg_write+0x90/0x150
[    0.000000] [c000000001683c30] [c0000000001f35e8] .console_unlock+0x348/0x730
[    0.000000] [c000000001683d40] [c0000000001f3cb8] .register_console+0x208/0x420
[    0.000000] [c000000001683dd0] [c000000000e2a404] .register_early_udbg_console+0x8c/0xa4
[    0.000000] [c000000001683e50] [c000000000e29fd0] .setup_arch+0x78/0x3c4
[    0.000000] [c000000001683ed0] [c000000000e24270] .start_kernel+0x98/0x750
[    0.000000] [c000000001683f90] [c00000000000d42c] start_here_common+0x1c/0x3f0
[    0.000000] Instruction dump:
[    0.000000] 3be0fffe 4bffb141 60000000 4bffff90 60000000 3c62ff64 39200001 3d42ffea 
[    0.000000] 38632ac8 992af5b1 4808500d 60000000 <0fe00000> 4bffff50 48a7d07d 60000000 
[    0.000000] ---[ end trace 0000000000000000 ]---
[    0.000000] ------------[ cut here ]------------
[    0.000000] opal: OPAL_CONSOLE_FLUSH missing.
[    0.000000] WARNING: CPU: 0 PID: 0 at arch/powerpc/platforms/powernv/opal.c:528 .__opal_flush_console+0xfc/0x110
[    0.000000] Modules linked in:
[    0.000000] CPU: 0 PID: 0 Comm: swapper Not tainted 5.8.0-rc5+ #121
[    0.000000] NIP:  c0000000000d204c LR: c0000000000d2048 CTR: c0000000001f43f0
[    0.000000] REGS: c000000001683770 TRAP: 0700   Not tainted  (5.8.0-rc5+)
[    0.000000] MSR:  9000000000021032 <SF,HV,ME,IR,DR,RI>  CR: 28004242  XER: 20000000
[    0.000000] CFAR: c0000000001570b8 IRQMASK: 1 
[    0.000000] GPR00: c0000000000d2048 c000000001683a00 c000000001685e00 0000000000000022 
[    0.000000] GPR04: c000000000cc88ea 0000000000000002 414c5f434f4e534f 4c455f464c555348 
[    0.000000] GPR08: 206d697373696e67 c0000000016d5e00 0000000000000027 9000000000001032 
[    0.000000] GPR12: c0000000001f43f0 c000000001890000 0000000000000000 c000000001495c78 
[    0.000000] GPR16: c0000000017a33f0 c000000001482e08 0000000000000001 0000000000000000 
[    0.000000] GPR20: 0000000000000001 c000000001546700 0000000000000000 c0000000017a5da8 
[    0.000000] GPR24: 0000000000000001 c0000000017a3da8 c0000000017a3418 0000000000000001 
[    0.000000] GPR28: 0000000000000036 c000000001861718 0000000000000000 0000000000000000 
[    0.000000] NIP [c0000000000d204c] .__opal_flush_console+0xfc/0x110
[    0.000000] LR [c0000000000d2048] .__opal_flush_console+0xf8/0x110
[    0.000000] Call Trace:
[    0.000000] [c000000001683a00] [c0000000000d2048] .__opal_flush_console+0xf8/0x110 (unreliable)
[    0.000000] [c000000001683a90] [c0000000000d2574] .opal_flush_console+0x24/0x60
[    0.000000] [c000000001683b10] [c0000000007c3b60] .udbg_opal_putc+0xe0/0x140
[    0.000000] [c000000001683ba0] [c000000000026f10] .udbg_write+0x90/0x150
[    0.000000] [c000000001683c30] [c0000000001f35e8] .console_unlock+0x348/0x730
[    0.000000] [c000000001683d40] [c0000000001f3cb8] .register_console+0x208/0x420
[    0.000000] [c000000001683dd0] [c000000000e2a404] .register_early_udbg_console+0x8c/0xa4
[    0.000000] [c000000001683e50] [c000000000e29fd0] .setup_arch+0x78/0x3c4
[    0.000000] [c000000001683ed0] [c000000000e24270] .start_kernel+0x98/0x750
[    0.000000] [c000000001683f90] [c00000000000d42c] start_here_common+0x1c/0x3f0
[    0.000000] Instruction dump:
[    0.000000] 3be0fffe 4bffb141 60000000 4bffff90 60000000 3c62ff64 39200001 3d42ffea 
[    0.000000] 38632ac8 992af5b1 4808500d 60000000 <0fe00000> 4bffff50 48a7d07d 60000000 
[    0.000000] ---[ end trace 0000000000000000 ]---
[    0.000000] printk: log_buf_len individual max cpu contribution: 4096 bytes
[    0.000000] printk: log_buf_len total cpu_extra contributions: 94208 bytes
[    0.000000] printk: log_buf_len min size: 131072 bytes
[    0.000000] printk: log_buf_len: 262144 bytes
[    0.000000] printk: early log buf free: 57728(44%)
[    0.000000] Dentry cache hash table entries: 8388608 (order: 10, 67108864 bytes, linear)
[    0.000000] Inode-cache hash table entries: 4194304 (order: 9, 33554432 bytes, linear)
[    0.000000] mem auto-init: stack:off, heap alloc:off, heap free:off
[    0.000000] Memory: 39432768K/41943040K available (11648K kernel code, 2688K rwdata, 2752K rodata, 6528K init, 1425K bss, 413120K reserved, 2097152K cma-reserved)
[    0.000000] SLUB: HWalign=128, Order=0-3, MinObjects=0, CPUs=24, Nodes=1
[    0.000000] ftrace: allocating 29720 entries in 11 pages
[    0.000000] ftrace: allocated 11 pages with 3 groups
[    0.000000] rcu: Hierarchical RCU implementation.
[    0.000000] rcu: 	RCU restricting CPUs from NR_CPUS=2048 to nr_cpu_ids=24.
[    0.000000] 	Rude variant of Tasks RCU enabled.
[    0.000000] rcu: RCU calculated value of scheduler-enlistment delay is 25 jiffies.
[    0.000000] rcu: Adjusting geometry for rcu_fanout_leaf=16, nr_cpu_ids=24
[    0.000000] NR_IRQS: 512, nr_irqs: 512, preallocated irqs: 16
[    0.000000] ICS OPAL backend registered
[    0.000000] time_init: decrementer frequency = 512.000000 MHz
[    0.000000] time_init: processor frequency   = 3720.000000 MHz
[    0.000003] clocksource: timebase: mask: 0xffffffffffffffff max_cycles: 0x761537d007, max_idle_ns: 440795202126 ns
[    0.001375] clocksource: timebase mult[1f40000] shift[24] registered
[    0.002225] clockevent: decrementer mult[83126e98] shift[32] cpu[0]
[    0.002337] Console: colour dummy device 80x25
[    0.002931] printk: console [hvc0] enabled
[    0.003487] printk: bootconsole [udbg0] disabled
[    0.004257] pid_max: default: 32768 minimum: 301
[    0.004504] LSM: Security Framework initializing
[    0.310236] Yama: becoming mindful.
[    0.310301] AppArmor: AppArmor initialized
[    0.310318] TOMOYO Linux initialized
[    0.310551] Mount-cache hash table entries: 131072 (order: 4, 1048576 bytes, linear)
[    0.310723] Mountpoint-cache hash table entries: 131072 (order: 4, 1048576 bytes, linear)
[    0.312139] opal: Old firmware detected, OPAL handles HMIs.
[    0.312158] EEH: PowerNV platform initialized
[    0.312176] POWER7 performance monitor hardware support registered
[    0.312252] rcu: Hierarchical SRCU implementation.
[    0.313281] smp: Bringing up secondary CPUs ...
[    0.324899] smp: Brought up 1 node, 24 CPUs
[    0.324923] numa: Node 0 CPUs: 0-23
[    0.324943] Using standard scheduler topology
[    0.325205] Enabling Asymmetric SMT scheduling
[    0.328461] devtmpfs: initialized
[    0.342385] clocksource: jiffies: mask: 0xffffffff max_cycles: 0xffffffff, max_idle_ns: 7645041785100000 ns
[    0.342423] futex hash table entries: 8192 (order: 4, 1048576 bytes, linear)
[    0.649087] thermal_sys: Registered thermal governor 'fair_share'
[    0.649089] thermal_sys: Registered thermal governor 'step_wise'
[    0.649803] NET: Registered protocol family 16
[    0.650723] audit: initializing netlink subsys (disabled)
[    0.650997] audit: type=2000 audit(1594807024.344:1): state=initialized audit_enabled=0 res=1
[    0.652004] cpuidle: using governor ladder
[    0.652061] cpuidle: using governor menu
[    0.671390] PCI: Probing PCI hardware
[    0.672017] PCI host bridge to bus 0000:00
[    0.672165] pci_bus 0000:00: root bus resource [io  0x10000-0x80ffff] (bus address [0x0000-0x7fffff])
[    0.672193] pci_bus 0000:00: root bus resource [mem 0x3da080000000-0x3da0fffeffff] (bus address [0x80000000-0xfffeffff])
[    0.672220] pci_bus 0000:00: root bus resource [mem 0x3da800000000-0x3dafdfffffff 64bit pref]
[    0.672246] pci_bus 0000:00: root bus resource [bus 00-ff]
[    0.672269] pci_bus 0000:00: busn_res: [bus 00-ff] end is updated to ff
[    0.983212] pci 0000:00:00.0: [1014:03b9] type 01 class 0x060000
[    0.983386] pci 0000:00:00.0: enabling Extended Tags
[    0.983553] pci 0000:00:00.0: PME# supported from D0 D3hot D3cold
[    0.985880] pci 0000:01:00.0: [10b5:8624] type 01 class 0x060400
[    0.986000] pci 0000:01:00.0: reg 0x10: [mem 0x3da084000000-0x3da08401ffff]
[    0.986404] pci 0000:01:00.0: PME# supported from D0 D3hot D3cold
[    0.988796] pci 0000:00:00.0: PCI bridge to [bus 01-bf]
[    0.988833] pci 0000:00:00.0:   bridge window [io  0x20000-0x3ffff]
[    0.989226] pci 0000:02:04.0: [10b5:8624] type 01 class 0x060400
[    0.989698] pci 0000:02:04.0: PME# supported from D0 D3hot D3cold
[    0.990405] pci 0000:02:05.0: [10b5:8624] type 01 class 0x060400
[    0.990884] pci 0000:02:05.0: PME# supported from D0 D3hot D3cold
[    0.991606] pci 0000:02:06.0: [10b5:8624] type 01 class 0x060400
[    0.992074] pci 0000:02:06.0: PME# supported from D0 D3hot D3cold
[    1.320758] pci 0000:02:08.0: [10b5:8624] type 01 class 0x060400
[    1.321229] pci 0000:02:08.0: PME# supported from D0 D3hot D3cold
[    1.322017] pci 0000:02:09.0: [10b5:8624] type 01 class 0x060400
[    1.322491] pci 0000:02:09.0: PME# supported from D0 D3hot D3cold
[    1.324138] pci 0000:01:00.0: PCI bridge to [bus 02-bf]
[    1.324176] pci 0000:01:00.0:   bridge window [io  0x20000-0x3ffff]
[    1.325754] pci 0000:02:04.0: PCI bridge to [bus 20-3f]
[    1.327290] pci 0000:02:05.0: PCI bridge to [bus 40-5f]
[    1.327329] pci 0000:02:05.0:   bridge window [io  0x20000-0x2ffff]
[    1.327563] pci 0000:60:00.0: [1014:0339] type 00 class 0x010400
[    1.327666] pci 0000:60:00.0: reg 0x10: [mem 0x3da081000000-0x3da08103ffff 64bit]
[    1.327730] pci 0000:60:00.0: reg 0x18: [mem 0x3da086000000-0x3da086ffffff 64bit pref]
[    1.327828] pci 0000:60:00.0: reg 0x30: [mem 0x00000000-0x0001ffff pref]
[    1.328035] pci 0000:60:00.0: PME# supported from D0 D3hot D3cold
[    1.655368] pci 0000:60:00.0: 8.000 Gb/s available PCIe bandwidth, limited by 2.5 GT/s PCIe x4 link at 0000:02:06.0 (capable of 16.000 Gb/s with 2.5 GT/s PCIe x8 link)
[    1.657312] pci 0000:02:06.0: PCI bridge to [bus 60-7f]
[    1.657571] pci 0000:80:00.0: [10b5:8112] type 01 class 0x060400
[    1.657998] pci 0000:80:00.0: supports D1
[    1.658018] pci 0000:80:00.0: PME# supported from D0 D1 D3hot
[    1.658618] pci 0000:80:00.0: disabling ASPM on pre-1.1 PCIe device.  You can enable it with 'pcie_aspm=force'
[    1.660008] pci 0000:02:08.0: PCI bridge to [bus 80-9f]
[    1.660199] pci_bus 0000:90: extended config space not accessible
[    1.660352] pci 0000:90:01.0: [1033:0035] type 00 class 0x0c0310
[    1.660438] pci 0000:90:01.0: reg 0x10: [mem 0x3da082000000-0x3da082000fff]
[    1.660673] pci 0000:90:01.0: BAR0 [mem size 0x00001000]: requesting alignment to 0x10000
[    1.660796] pci 0000:90:01.0: supports D1 D2
[    1.993001] pci 0000:90:01.0: PME# supported from D0 D1 D2 D3hot
[    1.993524] pci 0000:90:01.1: [1033:0035] type 00 class 0x0c0310
[    1.993609] pci 0000:90:01.1: reg 0x10: [mem 0x3da082001000-0x3da082001fff]
[    1.993842] pci 0000:90:01.1: BAR0 [mem size 0x00001000]: requesting alignment to 0x10000
[    1.993966] pci 0000:90:01.1: supports D1 D2
[    1.993987] pci 0000:90:01.1: PME# supported from D0 D1 D2 D3hot
[    1.994506] pci 0000:90:01.2: [1033:00e0] type 00 class 0x0c0320
[    1.994591] pci 0000:90:01.2: reg 0x10: [mem 0x3da082002000-0x3da0820020ff]
[    1.994823] pci 0000:90:01.2: BAR0 [mem size 0x00000100]: requesting alignment to 0x10000
[    1.994946] pci 0000:90:01.2: supports D1 D2
[    1.994968] pci 0000:90:01.2: PME# supported from D0 D1 D2 D3hot
[    1.996752] pci 0000:80:00.0: PCI bridge to [bus 90-9f]
[    1.997025] pci 0000:a0:00.0: [8086:105e] type 00 class 0x020000
[    1.997121] pci 0000:a0:00.0: reg 0x10: [mem 0x3da083000000-0x3da08301ffff]
[    2.329069] pci 0000:a0:00.0: reg 0x14: [mem 0x3da083020000-0x3da08303ffff]
[    2.329117] pci 0000:a0:00.0: reg 0x18: [io  0x30000-0x3001f]
[    2.329239] pci 0000:a0:00.0: reg 0x30: [mem 0x00000000-0x0001ffff pref]
[    2.329461] pci 0000:a0:00.0: PME# supported from D0 D3hot D3cold
[    2.330114] pci 0000:a0:00.1: [8086:105e] type 00 class 0x020000
[    2.330211] pci 0000:a0:00.1: reg 0x10: [mem 0x3da083040000-0x3da08305ffff]
[    2.330258] pci 0000:a0:00.1: reg 0x14: [mem 0x3da083060000-0x3da08307ffff]
[    2.330307] pci 0000:a0:00.1: reg 0x18: [io  0x30020-0x3003f]
[    2.330429] pci 0000:a0:00.1: reg 0x30: [mem 0x00000000-0x0001ffff pref]
[    2.330651] pci 0000:a0:00.1: PME# supported from D0 D3hot D3cold
[    2.331209] pci 0000:a0:00.0: disabling ASPM on pre-1.1 PCIe device.  You can enable it with 'pcie_aspm=force'
[    2.332601] pci 0000:02:09.0: PCI bridge to [bus a0-bf]
[    2.332639] pci 0000:02:09.0:   bridge window [io  0x30000-0x3ffff]
[    2.665245] pci_bus 0000:00: busn_res: [bus 00-ff] end is updated to bf
[    2.665704] PCI host bridge to bus 0001:00
[    2.665726] pci_bus 0001:00: root bus resource [io  0x820000-0x101ffff] (bus address [0x0000-0x7fffff])
[    2.665752] pci_bus 0001:00: root bus resource [mem 0x3da180000000-0x3da1fffeffff] (bus address [0x80000000-0xfffeffff])
[    2.665780] pci_bus 0001:00: root bus resource [mem 0x3db000000000-0x3db7dfffffff 64bit pref]
[    2.665806] pci_bus 0001:00: root bus resource [bus 00-ff]
[    2.665828] pci_bus 0001:00: busn_res: [bus 00-ff] end is updated to ff
[    2.665888] pci 0001:00:00.0: [1014:03b9] type 01 class 0x060000
[    2.666053] pci 0001:00:00.0: enabling Extended Tags
[    2.666210] pci 0001:00:00.0: PME# supported from D0 D3hot D3cold
[    2.669662] pci 0001:00:00.0: PCI bridge to [bus 01]
[    2.669698] pci 0001:00:00.0:   bridge window [io  0x830000-0x83ffff]
[    2.669770] pci_bus 0001:00: busn_res: [bus 00-ff] end is updated to 01
[    3.001559] PCI host bridge to bus 0002:00
[    3.001581] pci_bus 0002:00: root bus resource [io  0x1030000-0x182ffff] (bus address [0x0000-0x7fffff])
[    3.001608] pci_bus 0002:00: root bus resource [mem 0x3da280000000-0x3da2fffeffff] (bus address [0x80000000-0xfffeffff])
[    3.001635] pci_bus 0002:00: root bus resource [mem 0x3db800000000-0x3dbfdfffffff 64bit pref]
[    3.001660] pci_bus 0002:00: root bus resource [bus 00-ff]
[    3.001682] pci_bus 0002:00: busn_res: [bus 00-ff] end is updated to ff
[    3.001742] pci 0002:00:00.0: [1014:03b9] type 01 class 0x060000
[    3.001907] pci 0002:00:00.0: enabling Extended Tags
[    3.002066] pci 0002:00:00.0: PME# supported from D0 D3hot D3cold
[    3.005509] pci 0002:00:00.0: PCI bridge to [bus 01]
[    3.005545] pci 0002:00:00.0:   bridge window [io  0x1040000-0x104ffff]
[    3.005617] pci_bus 0002:00: busn_res: [bus 00-ff] end is updated to 01
[    3.006174] PCI host bridge to bus 0003:00
[    3.340046] pci_bus 0003:00: root bus resource [io  0x1840000-0x203ffff] (bus address [0x0000-0x7fffff])
[    3.340073] pci_bus 0003:00: root bus resource [mem 0x3da380000000-0x3da3fffeffff] (bus address [0x80000000-0xfffeffff])
[    3.340099] pci_bus 0003:00: root bus resource [mem 0x3dc000000000-0x3dc7dfffffff 64bit pref]
[    3.340124] pci_bus 0003:00: root bus resource [bus 00-ff]
[    3.340145] pci_bus 0003:00: busn_res: [bus 00-ff] end is updated to ff
[    3.340205] pci 0003:00:00.0: [1014:03b9] type 01 class 0x060000
[    3.340370] pci 0003:00:00.0: enabling Extended Tags
[    3.340528] pci 0003:00:00.0: PME# supported from D0 D3hot D3cold
[    3.344021] pci 0003:00:00.0: PCI bridge to [bus 01]
[    3.344063] pci 0003:00:00.0:   bridge window [io  0x1850000-0x185ffff]
[    3.344136] pci_bus 0003:00: busn_res: [bus 00-ff] end is updated to 01
[    3.344743] PCI host bridge to bus 0004:00
[    3.344765] pci_bus 0004:00: root bus resource [io  0x2050000-0x284ffff] (bus address [0x0000-0x7fffff])
[    3.676788] pci_bus 0004:00: root bus resource [mem 0x3da480000000-0x3da4fffeffff] (bus address [0x80000000-0xfffeffff])
[    3.676815] pci_bus 0004:00: root bus resource [mem 0x3dc800000000-0x3dcfdfffffff 64bit pref]
[    3.676840] pci_bus 0004:00: root bus resource [bus 00-ff]
[    3.676862] pci_bus 0004:00: busn_res: [bus 00-ff] end is updated to ff
[    3.676922] pci 0004:00:00.0: [1014:03b9] type 01 class 0x060000
[    3.677087] pci 0004:00:00.0: enabling Extended Tags
[    3.677246] pci 0004:00:00.0: PME# supported from D0 D3hot D3cold
[    3.680790] pci 0004:00:00.0: PCI bridge to [bus 01]
[    3.680826] pci 0004:00:00.0:   bridge window [io  0x2060000-0x206ffff]
[    3.680897] pci_bus 0004:00: busn_res: [bus 00-ff] end is updated to 01
[    3.681582] PCI host bridge to bus 0005:00
[    3.681604] pci_bus 0005:00: root bus resource [io  0x2860000-0x305ffff] (bus address [0x0000-0x7fffff])
[    3.681630] pci_bus 0005:00: root bus resource [mem 0x3da580000000-0x3da5fffeffff] (bus address [0x80000000-0xfffeffff])
[    3.945376] pci_bus 0005:00: root bus resource [mem 0x3dd000000000-0x3dd7dfffffff 64bit pref]
[    3.945401] pci_bus 0005:00: root bus resource [bus 00-ff]
[    3.945423] pci_bus 0005:00: busn_res: [bus 00-ff] end is updated to ff
[    3.945483] pci 0005:00:00.0: [1014:03b9] type 01 class 0x060000
[    3.945648] pci 0005:00:00.0: enabling Extended Tags
[    3.945807] pci 0005:00:00.0: PME# supported from D0 D3hot D3cold
[    3.948218] pci 0005:01:00.0: [10df:f100] type 00 class 0x0c0400
[    3.948323] pci 0005:01:00.0: reg 0x10: [mem 0x3da580008000-0x3da580008fff 64bit]
[    3.948384] pci 0005:01:00.0: reg 0x18: [mem 0x3da580000000-0x3da580003fff 64bit]
[    3.948432] pci 0005:01:00.0: reg 0x20: [io  0x2870000-0x28700ff]
[    3.948502] pci 0005:01:00.0: reg 0x30: [mem 0x00000000-0x0003ffff pref]
[    3.948547] pci 0005:01:00.0: enabling Extended Tags
[    4.281583] pci 0005:01:00.0: BAR0 [mem size 0x00001000 64bit]: requesting alignment to 0x10000
[    4.281610] pci 0005:01:00.0: BAR2 [mem size 0x00004000 64bit]: requesting alignment to 0x10000
[    4.281923] pci 0005:01:00.0: 16.000 Gb/s available PCIe bandwidth, limited by 2.5 GT/s PCIe x8 link at 0005:00:00.0 (capable of 32.000 Gb/s with 5.0 GT/s PCIe x8 link)
[    4.282721] pci 0005:01:00.1: [10df:f100] type 00 class 0x0c0400
[    4.282825] pci 0005:01:00.1: reg 0x10: [mem 0x3da580009000-0x3da580009fff 64bit]
[    4.282887] pci 0005:01:00.1: reg 0x18: [mem 0x3da580004000-0x3da580007fff 64bit]
[    4.282936] pci 0005:01:00.1: reg 0x20: [io  0x2870100-0x28701ff]
[    4.283006] pci 0005:01:00.1: reg 0x30: [mem 0x00000000-0x0003ffff pref]
[    4.283052] pci 0005:01:00.1: enabling Extended Tags
[    4.283099] pci 0005:01:00.1: BAR0 [mem size 0x00001000 64bit]: requesting alignment to 0x10000
[    4.283125] pci 0005:01:00.1: BAR2 [mem size 0x00004000 64bit]: requesting alignment to 0x10000
[    4.622376] pci 0005:00:00.0: PCI bridge to [bus 01]
[    4.622414] pci 0005:00:00.0:   bridge window [io  0x2870000-0x287ffff]
[    4.622485] pci_bus 0005:00: busn_res: [bus 00-ff] end is updated to 01
[    4.622529] pci 0000:02:05.0: bridge window [io  0x10000-0xffff] to [bus 40-5f] add_size 10000
[    4.622556] pci 0000:02:05.0: bridge window [mem 0x10000000-0x0fffffff 64bit pref] to [bus 40-5f] add_size 10000000 add_align 10000000
[    4.622585] pci 0000:02:05.0: bridge window [mem 0x01000000-0x00ffffff] to [bus 40-5f] add_size 1000000 add_align 1000000
[    4.622621] pci 0000:02:09.0: bridge window [mem 0x10000000-0x0fffffff 64bit pref] to [bus a0-bf] add_size 10000000 add_align 10000000
[    4.622652] pci 0000:01:00.0: bridge window [io  0x10000-0x1ffff] to [bus 02-bf] add_size 10000
[    4.622679] pci 0000:01:00.0: bridge window [mem 0x10000000-0x3fffffff 64bit pref] to [bus 02-bf] add_size 20000000 add_align 10000000
[    4.959330] pci 0000:01:00.0: bridge window [mem 0x01000000-0x04ffffff] to [bus 02-bf] add_size 1000000 add_align 1000000
[    4.959358] pci 0000:00:00.0: bridge window [io  0x10000-0x1ffff] to [bus 01-bf] add_size 10000
[    4.959385] pci 0000:00:00.0: bridge window [mem 0x10000000-0x3fffffff 64bit pref] to [bus 01-bf] add_size 20000000 add_align 10000000
[    4.959414] pci 0000:00:00.0: bridge window [mem 0x01000000-0x05ffffff] to [bus 01-bf] add_size 1000000 add_align 1000000
[    4.959447] pci 0000:00:00.0: BAR 15: assigned [mem 0x3da800000000-0x3da84fffffff 64bit pref]
[    4.959472] pci 0000:00:00.0: BAR 14: assigned [mem 0x3da080000000-0x3da085ffffff]
[    4.959497] pci 0000:00:00.0: BAR 13: assigned [io  0x20000-0x3ffff]
[    4.959524] pci 0000:01:00.0: BAR 15: assigned [mem 0x3da800000000-0x3da84fffffff 64bit pref]
[    4.959550] pci 0000:01:00.0: BAR 14: assigned [mem 0x3da080000000-0x3da084ffffff]
[    4.959574] pci 0000:01:00.0: BAR 0: assigned [mem 0x3da085000000-0x3da08501ffff]
[    5.294386] pci 0000:01:00.0: BAR 13: assigned [io  0x20000-0x3ffff]
[    5.294417] pci 0000:02:05.0: BAR 15: assigned [mem 0x3da800000000-0x3da80fffffff 64bit pref]
[    5.294442] pci 0000:02:06.0: BAR 15: assigned [mem 0x3da810000000-0x3da81fffffff 64bit pref]
[    5.294468] pci 0000:02:09.0: BAR 15: assigned [mem 0x3da820000000-0x3da82fffffff 64bit pref]
[    5.294493] pci 0000:02:05.0: BAR 14: assigned [mem 0x3da080000000-0x3da080ffffff]
[    5.294518] pci 0000:02:06.0: BAR 14: assigned [mem 0x3da081000000-0x3da081ffffff]
[    5.294542] pci 0000:02:08.0: BAR 14: assigned [mem 0x3da082000000-0x3da082ffffff]
[    5.294566] pci 0000:02:09.0: BAR 14: assigned [mem 0x3da083000000-0x3da083ffffff]
[    5.294590] pci 0000:02:05.0: BAR 13: assigned [io  0x20000-0x2ffff]
[    5.294612] pci 0000:02:09.0: BAR 13: assigned [io  0x30000-0x3ffff]
[    5.294637] pci 0000:02:04.0: PCI bridge to [bus 20-3f]
[    5.294686] pci 0000:02:05.0: PCI bridge to [bus 40-5f]
[    5.630937] pci 0000:02:05.0:   bridge window [io  0x20000-0x2ffff]
[    5.630969] pci 0000:02:05.0:   bridge window [mem 0x3da080000000-0x3da080ffffff]
[    5.631000] pci 0000:02:05.0:   bridge window [mem 0x3da800000000-0x3da80fffffff 64bit pref]
[    5.631039] pci 0000:60:00.0: BAR 2: assigned [mem 0x3da810000000-0x3da810ffffff 64bit pref]
[    5.631091] pci 0000:60:00.0: BAR 0: assigned [mem 0x3da081000000-0x3da08103ffff 64bit]
[    5.631140] pci 0000:60:00.0: BAR 6: assigned [mem 0x3da081040000-0x3da08105ffff pref]
[    5.631166] pci 0000:02:06.0: PCI bridge to [bus 60-7f]
[    5.631196] pci 0000:02:06.0:   bridge window [mem 0x3da081000000-0x3da081ffffff]
[    5.631226] pci 0000:02:06.0:   bridge window [mem 0x3da810000000-0x3da81fffffff 64bit pref]
[    5.631264] pci 0000:80:00.0: BAR 14: assigned [mem 0x3da082000000-0x3da082ffffff]
[    5.631291] pci 0000:90:01.0: BAR 0: assigned [mem 0x3da082000000-0x3da082000fff]
[    5.631325] pci 0000:90:01.1: BAR 0: assigned [mem 0x3da082010000-0x3da082010fff]
[    5.967728] pci 0000:90:01.2: BAR 0: assigned [mem 0x3da082020000-0x3da0820200ff]
[    5.967763] pci 0000:80:00.0: PCI bridge to [bus 90-9f]
[    5.967795] pci 0000:80:00.0:   bridge window [mem 0x3da082000000-0x3da082ffffff]
[    5.967840] pci 0000:02:08.0: PCI bridge to [bus 80-9f]
[    5.967871] pci 0000:02:08.0:   bridge window [mem 0x3da082000000-0x3da082ffffff]
[    5.967916] pci 0000:a0:00.0: BAR 0: assigned [mem 0x3da083000000-0x3da08301ffff]
[    5.967949] pci 0000:a0:00.0: BAR 1: assigned [mem 0x3da083020000-0x3da08303ffff]
[    5.967981] pci 0000:a0:00.0: BAR 6: assigned [mem 0x3da083040000-0x3da08305ffff pref]
[    5.968006] pci 0000:a0:00.1: BAR 0: assigned [mem 0x3da083060000-0x3da08307ffff]
[    5.968037] pci 0000:a0:00.1: BAR 1: assigned [mem 0x3da083080000-0x3da08309ffff]
[    5.968070] pci 0000:a0:00.1: BAR 6: assigned [mem 0x3da0830a0000-0x3da0830bffff pref]
[    6.305053] pci 0000:a0:00.0: BAR 2: assigned [io  0x30000-0x3001f]
[    6.305084] pci 0000:a0:00.1: BAR 2: assigned [io  0x30020-0x3003f]
[    6.305115] pci 0000:02:09.0: PCI bridge to [bus a0-bf]
[    6.305141] pci 0000:02:09.0:   bridge window [io  0x30000-0x3ffff]
[    6.305172] pci 0000:02:09.0:   bridge window [mem 0x3da083000000-0x3da083ffffff]
[    6.305202] pci 0000:02:09.0:   bridge window [mem 0x3da820000000-0x3da82fffffff 64bit pref]
[    6.305239] pci 0000:01:00.0: PCI bridge to [bus 02-bf]
[    6.305264] pci 0000:01:00.0:   bridge window [io  0x10000-0x80ffff]
[    6.305296] pci 0000:01:00.0:   bridge window [mem 0x3da080000000-0x3da0ffefffff]
[    6.305326] pci 0000:01:00.0:   bridge window [mem 0x3da800000000-0x3dafdff0ffff 64bit pref]
[    6.305363] pci 0000:00:00.0: PCI bridge to [bus 01-bf]
[    6.305387] pci 0000:00:00.0:   bridge window [io  0x10000-0x80ffff]
[    6.305419] pci 0000:00:00.0:   bridge window [mem 0x3da080000000-0x3da0ffefffff]
[    6.643340] pci 0000:00:00.0:   bridge window [mem 0x3da800000000-0x3dafdff0ffff 64bit pref]
[    6.643378] pci_bus 0000:00: resource 4 [io  0x10000-0x80ffff]
[    6.643400] pci_bus 0000:00: resource 5 [mem 0x3da080000000-0x3da0fffeffff]
[    6.643422] pci_bus 0000:00: resource 6 [mem 0x3da800000000-0x3dafdfffffff 64bit pref]
[    6.643447] pci_bus 0000:01: resource 0 [io  0x10000-0x80ffff]
[    6.643470] pci_bus 0000:01: resource 1 [mem 0x3da080000000-0x3da0ffefffff]
[    6.643494] pci_bus 0000:01: resource 2 [mem 0x3da800000000-0x3dafdff0ffff 64bit pref]
[    6.643517] pci_bus 0000:02: resource 0 [io  0x10000-0x80ffff]
[    6.643540] pci_bus 0000:02: resource 1 [mem 0x3da080000000-0x3da0ffefffff]
[    6.643562] pci_bus 0000:02: resource 2 [mem 0x3da800000000-0x3dafdff0ffff 64bit pref]
[    6.643586] pci_bus 0000:40: resource 0 [io  0x20000-0x2ffff]
[    6.643608] pci_bus 0000:40: resource 1 [mem 0x3da080000000-0x3da080ffffff]
[    6.643631] pci_bus 0000:40: resource 2 [mem 0x3da800000000-0x3da80fffffff 64bit pref]
[    6.984394] pci_bus 0000:60: resource 1 [mem 0x3da081000000-0x3da081ffffff]
[    6.984416] pci_bus 0000:60: resource 2 [mem 0x3da810000000-0x3da81fffffff 64bit pref]
[    6.984440] pci_bus 0000:80: resource 1 [mem 0x3da082000000-0x3da082ffffff]
[    6.984462] pci_bus 0000:90: resource 1 [mem 0x3da082000000-0x3da082ffffff]
[    6.984484] pci_bus 0000:a0: resource 0 [io  0x30000-0x3ffff]
[    6.984506] pci_bus 0000:a0: resource 1 [mem 0x3da083000000-0x3da083ffffff]
[    6.984528] pci_bus 0000:a0: resource 2 [mem 0x3da820000000-0x3da82fffffff 64bit pref]
[    6.984554] pci 0001:00:00.0: bridge window [io  0x10000-0xffff] to [bus 01] add_size 10000
[    6.984579] pci 0001:00:00.0: bridge window [mem 0x10000000-0x0fffffff 64bit pref] to [bus 01] add_size 10000000 add_align 10000000
[    6.984608] pci 0001:00:00.0: bridge window [mem 0x01000000-0x00ffffff] to [bus 01] add_size 1000000 add_align 1000000
[    7.352620] pci 0001:00:00.0: BAR 15: assigned [mem 0x3db000000000-0x3db00fffffff 64bit pref]
[    7.352646] pci 0001:00:00.0: BAR 14: assigned [mem 0x3da180000000-0x3da180ffffff]
