Return-Path: <linuxppc-dev-bounces+lists+linuxppc-dev=lfdr.de@lists.ozlabs.org>
X-Original-To: lists+linuxppc-dev@lfdr.de
Delivered-To: lists+linuxppc-dev@lfdr.de
Received: from lists.ozlabs.org (lists.ozlabs.org [112.213.38.117])
	by mail.lfdr.de (Postfix) with ESMTPS id 426A2688B1A
	for <lists+linuxppc-dev@lfdr.de>; Fri,  3 Feb 2023 00:48:06 +0100 (CET)
Received: from boromir.ozlabs.org (localhost [IPv6:::1])
	by lists.ozlabs.org (Postfix) with ESMTP id 4P7FpX1GyDz3f7F
	for <lists+linuxppc-dev@lfdr.de>; Fri,  3 Feb 2023 10:48:04 +1100 (AEDT)
Authentication-Results: lists.ozlabs.org;
	dkim=pass (2048-bit key; secure) header.d=mailbox.org header.i=@mailbox.org header.a=rsa-sha256 header.s=mail20150812 header.b=k6I/bCIY;
	dkim-atps=neutral
X-Original-To: linuxppc-dev@lists.ozlabs.org
Delivered-To: linuxppc-dev@lists.ozlabs.org
Authentication-Results: lists.ozlabs.org; spf=pass (sender SPF authorized) smtp.mailfrom=mailbox.org (client-ip=2001:67c:2050:0:465::201; helo=mout-p-201.mailbox.org; envelope-from=erhard_f@mailbox.org; receiver=<UNKNOWN>)
Authentication-Results: lists.ozlabs.org;
	dkim=pass (2048-bit key; secure) header.d=mailbox.org header.i=@mailbox.org header.a=rsa-sha256 header.s=mail20150812 header.b=k6I/bCIY;
	dkim-atps=neutral
Received: from mout-p-201.mailbox.org (mout-p-201.mailbox.org [IPv6:2001:67c:2050:0:465::201])
	(using TLSv1.3 with cipher TLS_AES_256_GCM_SHA384 (256/256 bits)
	 key-exchange X25519 server-signature RSA-PSS (2048 bits) server-digest SHA256)
	(No client certificate requested)
	by lists.ozlabs.org (Postfix) with ESMTPS id 4P7FnT1b8Xz3cCP
	for <linuxppc-dev@lists.ozlabs.org>; Fri,  3 Feb 2023 10:47:05 +1100 (AEDT)
Received: from smtp1.mailbox.org (smtp1.mailbox.org [10.196.197.1])
	(using TLSv1.3 with cipher TLS_AES_256_GCM_SHA384 (256/256 bits)
	 key-exchange ECDHE (P-384) server-signature RSA-PSS (4096 bits) server-digest SHA256)
	(No client certificate requested)
	by mout-p-201.mailbox.org (Postfix) with ESMTPS id 4P7Fn91g3Mz9sT6
	for <linuxppc-dev@lists.ozlabs.org>; Fri,  3 Feb 2023 00:46:53 +0100 (CET)
DKIM-Signature: v=1; a=rsa-sha256; c=relaxed/relaxed; d=mailbox.org; s=mail20150812;
	t=1675381613;
	h=from:from:reply-to:subject:subject:date:date:message-id:message-id:
	 to:to:cc:mime-version:mime-version:content-type:content-type;
	bh=A/m/EBieU1hzildTcdoFn/COnSRZ84Jnl4UmCb7opww=;
	b=k6I/bCIYG2istAYAdYwAyrUKYi5s1NNFdqbVApeH/T8EUufTeBz6A4HG8qWWK4PfobdweP
	5TkO3olZvE74AX5UpACoLqJBBGt8WBIgxajO/aktJw9WuQB2NaPkKlk90JB/VyWYcoT6HT
	2qICuxKMutMkPAg+XHyFzWfTKU9vW7wgw2qcqxPmH4P59f7rqaKXC4EzZT5vUiaVku9YqQ
	HtE9dexVrLLyl0hKPhB5Gv0vFrcyoUilzyfHnwexTEIRzx31qebx0fqCqYnbaXsKWknaia
	DTn5aLY9emAR4BJ1fo8Xv9rBWZnRVTSAAAwFcLTPeeO1ol2GIzVs5H9UHZRP7A==
Date: Fri, 3 Feb 2023 00:46:49 +0100
From: "Erhard F." <erhard_f@mailbox.org>
To: linuxppc-dev@lists.ozlabs.org
Subject: Bug: Write fault blocked by KUAP! (kernel 6.2-rc6, Talos II)
Message-ID: <20230203004649.1f59dbd4@yea>
MIME-Version: 1.0
Content-Type: multipart/mixed; boundary="MP_/EyRktFZsbJFrBw2uLsf1xDm"
X-MBO-RS-ID: c603b47e0faeef4ddfc
X-MBO-RS-META: dm488e7hqqc6y77dfq3bnft4g7owcsy6
X-BeenThere: linuxppc-dev@lists.ozlabs.org
X-Mailman-Version: 2.1.29
Precedence: list
List-Id: Linux on PowerPC Developers Mail List <linuxppc-dev.lists.ozlabs.org>
List-Unsubscribe: <https://lists.ozlabs.org/options/linuxppc-dev>,
 <mailto:linuxppc-dev-request@lists.ozlabs.org?subject=unsubscribe>
List-Archive: <http://lists.ozlabs.org/pipermail/linuxppc-dev/>
List-Post: <mailto:linuxppc-dev@lists.ozlabs.org>
List-Help: <mailto:linuxppc-dev-request@lists.ozlabs.org?subject=help>
List-Subscribe: <https://lists.ozlabs.org/listinfo/linuxppc-dev>,
 <mailto:linuxppc-dev-request@lists.ozlabs.org?subject=subscribe>
Errors-To: linuxppc-dev-bounces+lists+linuxppc-dev=lfdr.de@lists.ozlabs.org
Sender: "Linuxppc-dev" <linuxppc-dev-bounces+lists+linuxppc-dev=lfdr.de@lists.ozlabs.org>

--MP_/EyRktFZsbJFrBw2uLsf1xDm
Content-Type: text/plain; charset=US-ASCII
Content-Transfer-Encoding: 7bit
Content-Disposition: inline

Happened during boot:

[...]
Creating 6 MTD partitions on "flash@0":
0x000000000000-0x000004000000 : "PNOR"
0x000001b21000-0x000003921000 : "BOOTKERNEL"
0x000003a44000-0x000003a68000 : "CAPP"
0x000003a88000-0x000003a89000 : "VERSION"
0x000003a89000-0x000003ac9000 : "IMA_CATALOG"
0x000003e10000-0x000004000000 : "BOOTKERNFW"
BTRFS info: devid 1 device path /dev/root changed to /dev/nvme0n1p3 scanned by systemd-udevd (387)
Kernel attempted to write user page (aa55c280000) - exploit attempt? (uid: 0)
------------[ cut here ]------------
Bug: Write fault blocked by KUAP!
WARNING: CPU: 11 PID: 404 at arch/powerpc/mm/fault.c:228 ___do_page_fault+0x794/0x920
Modules linked in: drm_ttm_helper ttm drm_display_helper ofpart ghash_generic(+) drm_kms_helper vmx_crypto(+) powernv_flash ibmpowernv gf128mul syscopyarea sysfillrect hwmon mtd at24(+) sysimgblt usb_common regmap_i2c opal_prd pkcs8_key_parser zram zsmalloc powernv_cpufreq drm fuse drm_panel_orientation_quirks backlight configfs
CPU: 11 PID: 404 Comm: systemd-udevd Tainted: G                T  6.2.0-rc6-P9 #2
Hardware name: T2P9D01 REV 1.01 POWER9 0x4e1202 opal:skiboot-bc106a0 PowerNV
NIP:  c0000000000579c4 LR: c0000000000579c0 CTR: 0000000000000000
REGS: c000000023b57280 TRAP: 0700   Tainted: G                T   (6.2.0-rc6-P9)
MSR:  9000000000029032 <SF,HV,EE,ME,IR,DR,RI>  CR: 44242242  XER: 00000000
CFAR: c0000000000b6d54 IRQMASK: 3 
GPR00: 0000000000000000 c000000023b57520 c000000000e7cc00 0000000000000000 
GPR04: 0000000000000000 0000000000000000 0000000000000000 0000000000000000 
GPR08: 0000000000000000 0000000000000000 0000000000000000 0000000000000000 
GPR12: 0000000000000000 c0000007fbfdcf00 aaaaaaaaaaaaaaab c00800000ce2ed98 
GPR16: c00800000ce44d00 c00800000ce33fd8 c00800000bd97d08 c00800000bd29c80 
GPR20: c00800000bd97e48 c00800000bd98f48 000000000002dd98 c000000023545500 
GPR24: 00000aa55c27fffc 00000aa55c27f000 0000000002000000 c000000023545500 
GPR28: 0000000000000300 c000000000d80470 00000aa55c280000 c000000023b57630 
NIP [c0000000000579c4] ___do_page_fault+0x794/0x920
LR [c0000000000579c0] ___do_page_fault+0x790/0x920
Call Trace:
[c000000023b57520] [c0000000000579c0] ___do_page_fault+0x790/0x920 (unreliable)
[c000000023b575d0] [c000000000057bac] do_page_fault+0x5c/0x170
[c000000023b57600] [c0000000000088d8] data_access_common_virt+0x198/0x1f0
--- interrupt: 300 at __patch_instruction+0x50/0x70
NIP:  c000000000064670 LR: c000000000064c2c CTR: c000000000048ee0
REGS: c000000023b57630 TRAP: 0300   Tainted: G                T   (6.2.0-rc6-P9)
MSR:  900000000280b032 <SF,HV,VEC,VSX,EE,FP,ME,IR,DR,RI>  CR: 24222244  XER: 00000000
CFAR: c00000000006462c DAR: 00000aa55c280000 DSISR: 42000000 IRQMASK: 1 
GPR00: 0000000000000000 c000000023b578d0 c000000000e7cc00 c00800000ce33ffc 
GPR04: 041ae13000000000 00000aa55c27fffc 0000000000000000 0000000000000000 
GPR08: 0000000000000000 00000000041ae130 0000000000000001 0000000000000000 
GPR12: 0000000000000000 c0000007fbfdcf00 aaaaaaaaaaaaaaab c00800000ce2ed98 
GPR16: c00800000ce44d00 c00800000ce33fd8 c00800000bd97d08 c00800000bd29c80 
GPR20: c00800000bd97e48 c00800000bd98f48 000000000002dd98 c000000023545500 
GPR24: 00000aa55c27fffc 00000aa55c27f000 041ae13000000000 c0000000012e1400 
GPR28: 0000000000000000 c00800000ce33ffc c000000004a813f8 00000000000251bd 
NIP [c000000000064670] __patch_instruction+0x50/0x70
LR [c000000000064c2c] patch_instruction+0x13c/0x280
--- interrupt: 300
[c000000023b578d0] [c000000000064bd8] patch_instruction+0xe8/0x280 (unreliable)
[c000000023b57950] [c000000000049314] apply_relocate_add+0x9f4/0xb50
[c000000023b57a70] [c000000000172cbc] load_module+0x20fc/0x2a00
[c000000023b57c00] [c0000000001738c8] __do_sys_finit_module+0xc8/0x180
[c000000023b57ce0] [c00000000002ae90] system_call_exception+0x130/0x2d0
[c000000023b57e50] [c00000000000c070] system_call_vectored_common+0xf0/0x280
--- interrupt: 3000 at 0x3fffa31d5a28
NIP:  00003fffa31d5a28 LR: 0000000000000000 CTR: 0000000000000000
REGS: c000000023b57e80 TRAP: 3000   Tainted: G                T   (6.2.0-rc6-P9)
MSR:  900000000280f032 <SF,HV,VEC,VSX,EE,PR,FP,ME,IR,DR,RI>  CR: 48222244  XER: 00000000
IRQMASK: 0 
GPR00: 0000000000000161 00003ffff9bf99f0 00003fffa32d7200 000000000000000d 
GPR04: 00003fffa3375029 0000000000000000 000000000000000d 0000000000000000 
GPR08: 0000000000000000 0000000000000000 0000000000000000 0000000000000000 
GPR12: 0000000000000000 00003fffa379c7e0 0000000000000000 000000012cb4a805 
GPR16: 0000000040000000 0000000020000000 000000012cb4bcc9 00003fffa366da07 
GPR20: 0000000000000000 000000015a588320 0000000020000000 0000000000000000 
GPR24: 0000000020000000 0000000000000000 0000000000000000 000000015a561eb0 
GPR28: 00003fffa3375029 0000000000020000 0000000000000000 000000015a58cc20 
NIP [00003fffa31d5a28] 0x3fffa31d5a28
LR [0000000000000000] 0x0
--- interrupt: 3000
Code: e87f0100 48094161 60000000 2c230000 4182fefc 418e00b8 3c82ffee 388442a8 3c62ffee 38634398 4805f315 60000000 <0fe00000> fb210078 60000000 e93d0650 
---[ end trace 0000000000000000 ]---
BTRFS: device label g5_sta devid 1 transid 55729 /dev/nvme0n1p5 scanned by systemd-udevd (467)
BTRFS: device label g4_musl devid 1 transid 64188 /dev/nvme0n1p8 scanned by systemd-udevd (425)
BTRFS: device label aux_p9 devid 1 transid 155143 /dev/nvme0n1p9 scanned by systemd-udevd (472)
BTRFS: device label g5_musl devid 1 transid 71824 /dev/nvme0n1p6 scanned by systemd-udevd (402)
[...]

Regards,
Erhard

--MP_/EyRktFZsbJFrBw2uLsf1xDm
Content-Type: text/plain
Content-Transfer-Encoding: 7bit
Content-Disposition: attachment; filename=dmesg_62-rc6_p9.txt

Feb 03 00:24:02 T1000 kernel: entry-flush: disabled on command line.
Feb 03 00:24:02 T1000 kernel: uaccess-flush: disabled on command line.
Feb 03 00:24:02 T1000 kernel: dt-cpu-ftrs: setup for ISA 3000
Feb 03 00:24:02 T1000 kernel: dt-cpu-ftrs: not enabling: mmu-hash-v3 (disabled or unsupported by kernel)
Feb 03 00:24:02 T1000 kernel: dt-cpu-ftrs: final cpu/mmu features = 0x0001f86b8f5fb187 0x20005040
Feb 03 00:24:02 T1000 kernel: radix-mmu: Page sizes from device-tree:
Feb 03 00:24:02 T1000 kernel: radix-mmu: Page size shift = 12 AP=0x0
Feb 03 00:24:02 T1000 kernel: radix-mmu: Page size shift = 16 AP=0x5
Feb 03 00:24:02 T1000 kernel: radix-mmu: Page size shift = 21 AP=0x1
Feb 03 00:24:02 T1000 kernel: radix-mmu: Page size shift = 30 AP=0x2
Feb 03 00:24:02 T1000 kernel: Activating Kernel Userspace Access Prevention
Feb 03 00:24:02 T1000 kernel: Activating Kernel Userspace Execution Prevention
Feb 03 00:24:02 T1000 kernel: radix-mmu: Mapped 0x0000000000000000-0x00000000010bc000 with 4.00 KiB pages (exec)
Feb 03 00:24:02 T1000 kernel: radix-mmu: Mapped 0x00000000010bc000-0x0000000800000000 with 4.00 KiB pages
Feb 03 00:24:02 T1000 kernel: radix-mmu: Mapped 0x0000200000000000-0x0000200800000000 with 4.00 KiB pages
Feb 03 00:24:02 T1000 kernel: radix-mmu: Initializing Radix MMU
Feb 03 00:24:02 T1000 kernel: Linux version 6.2.0-rc6-P9 (root@T1000) (gcc (Gentoo 12.2.1_p20230121-r1 p10) 12.2.1 20230121, GNU ld (Gentoo 2.39 p5) 2.39.0) #2 SMP Mon Jan 30 12:44:04 CET 2023
Feb 03 00:24:02 T1000 kernel: OPAL: Found memory mapped LPC bus on chip 0
Feb 03 00:24:02 T1000 kernel: ISA: Non-PCI bridge is /lpcm-opb@6030000000000/lpc@0
Feb 03 00:24:02 T1000 kernel: Hardware name: T2P9D01 REV 1.01 POWER9 0x4e1202 opal:skiboot-bc106a0 PowerNV
Feb 03 00:24:02 T1000 kernel: CPU maps initialized for 4 threads per core
Feb 03 00:24:02 T1000 kernel:  (thread shift is 2)
Feb 03 00:24:02 T1000 kernel: Allocated 1024 bytes for 32 pacas
Feb 03 00:24:02 T1000 kernel: -----------------------------------------------------
Feb 03 00:24:02 T1000 kernel: phys_mem_size     = 0x1000000000
Feb 03 00:24:02 T1000 kernel: dcache_bsize      = 0x80
Feb 03 00:24:02 T1000 kernel: icache_bsize      = 0x80
Feb 03 00:24:02 T1000 kernel: cpu_features      = 0x0001f86b8f5fb187
Feb 03 00:24:02 T1000 kernel:   possible        = 0x000ffbfbffffb18f
Feb 03 00:24:02 T1000 kernel:   always          = 0x0000000000000180
Feb 03 00:24:02 T1000 kernel: cpu_user_features = 0xdc0065c2 0xaef00000
Feb 03 00:24:02 T1000 kernel: mmu_features      = 0x20005640
Feb 03 00:24:02 T1000 kernel: firmware_features = 0x0000000010000000
Feb 03 00:24:02 T1000 kernel: vmalloc start     = 0xc008000000000000
Feb 03 00:24:02 T1000 kernel: IO start          = 0xc00a000000000000
Feb 03 00:24:02 T1000 kernel: vmemmap start     = 0xc00c000000000000
Feb 03 00:24:02 T1000 kernel: -----------------------------------------------------
Feb 03 00:24:02 T1000 kernel: numa:   NODE_DATA [mem 0x7fbe8e200-0x7fbe9377f]
Feb 03 00:24:02 T1000 kernel: numa:   NODE_DATA [mem 0x2007fa2b2a80-0x2007fa2b7fff]
Feb 03 00:24:02 T1000 kernel: rfi-flush: mttrig type flush available
Feb 03 00:24:02 T1000 kernel: rfi-flush: patched 10 locations (mttrig type flush)
Feb 03 00:24:02 T1000 kernel: count-cache-flush: flush disabled.
Feb 03 00:24:02 T1000 kernel: link-stack-flush: flush disabled.
Feb 03 00:24:02 T1000 kernel: stf-barrier: eieio barrier available
Feb 03 00:24:02 T1000 kernel: stf-barrier: patched 59 entry locations (eieio barrier)
Feb 03 00:24:02 T1000 kernel: stf-barrier: patched 10 exit locations (eieio barrier)
Feb 03 00:24:02 T1000 kernel: OPAL nvram setup, 589824 bytes
Feb 03 00:24:02 T1000 kernel: barrier-nospec: using ORI speculation barrier
Feb 03 00:24:02 T1000 kernel: barrier-nospec: patched 253 locations
Feb 03 00:24:02 T1000 kernel: Top of RAM: 0x200800000000, Total RAM: 0x1000000000
Feb 03 00:24:02 T1000 kernel: Memory hole size: 33521664MB
Feb 03 00:24:02 T1000 kernel: Zone ranges:
Feb 03 00:24:02 T1000 kernel:   Normal   [mem 0x0000000000000000-0x00002007ffffffff]
Feb 03 00:24:02 T1000 kernel: Movable zone start for each node
Feb 03 00:24:02 T1000 kernel: Early memory node ranges
Feb 03 00:24:02 T1000 kernel:   node   0: [mem 0x0000000000000000-0x00000007ffffffff]
Feb 03 00:24:02 T1000 kernel:   node   8: [mem 0x0000200000000000-0x00002007ffffffff]
Feb 03 00:24:02 T1000 kernel: Initmem setup node 0 [mem 0x0000000000000000-0x00000007ffffffff]
Feb 03 00:24:02 T1000 kernel: Initmem setup node 8 [mem 0x0000200000000000-0x00002007ffffffff]
Feb 03 00:24:02 T1000 kernel: percpu: Embedded 19 pages/cpu s38584 r0 d39240 u77824
Feb 03 00:24:02 T1000 kernel: pcpu-alloc: s38584 r0 d39240 u77824 alloc=19*4096
Feb 03 00:24:02 T1000 kernel: pcpu-alloc: [0] 00 [0] 01 [0] 02 [0] 03 [0] 04 [0] 05 [0] 06 [0] 07 
Feb 03 00:24:02 T1000 kernel: pcpu-alloc: [0] 08 [0] 09 [0] 10 [0] 11 [0] 12 [0] 13 [0] 14 [0] 15 
Feb 03 00:24:02 T1000 kernel: pcpu-alloc: [1] 16 [1] 17 [1] 18 [1] 19 [1] 20 [1] 21 [1] 22 [1] 23 
Feb 03 00:24:02 T1000 kernel: pcpu-alloc: [1] 24 [1] 25 [1] 26 [1] 27 [1] 28 [1] 29 [1] 30 [1] 31 
Feb 03 00:24:02 T1000 kernel: Fallback order for Node 0: 0 8 
Feb 03 00:24:02 T1000 kernel: Fallback order for Node 8: 8 0 
Feb 03 00:24:02 T1000 kernel: Built 2 zonelists, mobility grouping on.  Total pages: 16515072
Feb 03 00:24:02 T1000 kernel: Policy zone: Normal
Feb 03 00:24:02 T1000 kernel: Kernel command line: root=/dev/nvme0n1p3 no_entry_flush no_uaccess_flush ast.modeset=0 zswap.max_pool_percent=20 slub_debug=FZP page_poison=1 netconsole=6666@192.168.178.6/eth0,6666@192.168.178.3/70:85:C2:30:EC:01
Feb 03 00:24:02 T1000 kernel: random: crng init done
Feb 03 00:24:02 T1000 kernel: printk: log_buf_len individual max cpu contribution: 8192 bytes
Feb 03 00:24:02 T1000 kernel: printk: log_buf_len total cpu_extra contributions: 253952 bytes
Feb 03 00:24:02 T1000 kernel: printk: log_buf_len min size: 65536 bytes
Feb 03 00:24:02 T1000 kernel: printk: log_buf_len: 524288 bytes
Feb 03 00:24:02 T1000 kernel: printk: early log buf free: 61104(93%)
Feb 03 00:24:02 T1000 kernel: mem auto-init: stack:all(pattern), heap alloc:off, heap free:off
Feb 03 00:24:02 T1000 kernel: Memory: 0K/67108864K available (12448K kernel code, 1008K rwdata, 3936K rodata, 752K init, 986K bss, 1435692K reserved, 0K cma-reserved)
Feb 03 00:24:02 T1000 kernel: **********************************************************
Feb 03 00:24:02 T1000 kernel: **   NOTICE NOTICE NOTICE NOTICE NOTICE NOTICE NOTICE   **
Feb 03 00:24:02 T1000 kernel: **                                                      **
Feb 03 00:24:02 T1000 kernel: ** This system shows unhashed kernel memory addresses   **
Feb 03 00:24:02 T1000 kernel: ** via the console, logs, and other interfaces. This    **
Feb 03 00:24:02 T1000 kernel: ** might reduce the security of your system.            **
Feb 03 00:24:02 T1000 kernel: **                                                      **
Feb 03 00:24:02 T1000 kernel: ** If you see this message and you are not debugging    **
Feb 03 00:24:02 T1000 kernel: ** the kernel, report this immediately to your system   **
Feb 03 00:24:02 T1000 kernel: ** administrator!                                       **
Feb 03 00:24:02 T1000 kernel: **                                                      **
Feb 03 00:24:02 T1000 kernel: **   NOTICE NOTICE NOTICE NOTICE NOTICE NOTICE NOTICE   **
Feb 03 00:24:02 T1000 kernel: **********************************************************
Feb 03 00:24:02 T1000 kernel: SLUB: HWalign=128, Order=0-3, MinObjects=0, CPUs=32, Nodes=9
Feb 03 00:24:02 T1000 kernel: rcu: Hierarchical RCU implementation.
Feb 03 00:24:02 T1000 kernel:         Tracing variant of Tasks RCU enabled.
Feb 03 00:24:02 T1000 kernel: rcu: RCU calculated value of scheduler-enlistment delay is 30 jiffies.
Feb 03 00:24:02 T1000 kernel: NR_IRQS: 512, nr_irqs: 512, preallocated irqs: 16
Feb 03 00:24:02 T1000 kernel: xive: Interrupt handling initialized with native backend
Feb 03 00:24:02 T1000 kernel: xive: Using priority 7 for all interrupts
Feb 03 00:24:02 T1000 kernel: xive: Using 4kB queues
Feb 03 00:24:02 T1000 kernel: rcu: srcu_init: Setting srcu_struct sizes based on contention.
Feb 03 00:24:02 T1000 kernel: time_init: decrementer frequency = 512.000000 MHz
Feb 03 00:24:02 T1000 kernel: time_init: processor frequency   = 2700.000000 MHz
Feb 03 00:24:02 T1000 kernel: time_init: 56 bit decrementer (max: 7fffffffffffff)
Feb 03 00:24:02 T1000 kernel: clocksource: timebase: mask: 0xffffffffffffffff max_cycles: 0x761537d007, max_idle_ns: 440795202126 ns
Feb 03 00:24:02 T1000 kernel: clocksource: timebase mult[1f40000] shift[24] registered
Feb 03 00:24:02 T1000 kernel: clockevent: decrementer mult[83126f] shift[24] cpu[0]
Feb 03 00:24:02 T1000 kernel: kfence: initialized - using 2097152 bytes for 255 objects at 0xc0002007f868e000-0xc0002007f888e000
Feb 03 00:24:02 T1000 kernel: Console: colour dummy device 80x25
Feb 03 00:24:02 T1000 kernel: printk: console [tty0] enabled
Feb 03 00:24:02 T1000 kernel: mempolicy: Enabling automatic NUMA balancing. Configure with numa_balancing= or the kernel.numa_balancing sysctl
Feb 03 00:24:02 T1000 kernel: pid_max: default: 32768 minimum: 301
Feb 03 00:24:02 T1000 kernel: LSM: initializing lsm=capability,yama
Feb 03 00:24:02 T1000 kernel: Yama: becoming mindful.
Feb 03 00:24:02 T1000 kernel: Dentry cache hash table entries: 8388608 (order: 14, 67108864 bytes, vmalloc hugepage)
Feb 03 00:24:02 T1000 kernel: Inode-cache hash table entries: 4194304 (order: 13, 33554432 bytes, vmalloc hugepage)
Feb 03 00:24:02 T1000 kernel: Mount-cache hash table entries: 131072 (order: 8, 1048576 bytes, vmalloc)
Feb 03 00:24:02 T1000 kernel: Mountpoint-cache hash table entries: 131072 (order: 8, 1048576 bytes, vmalloc)
Feb 03 00:24:02 T1000 kernel: cblist_init_generic: Setting adjustable number of callback queues.
Feb 03 00:24:02 T1000 kernel: cblist_init_generic: Setting shift to 5 and lim to 1.
Feb 03 00:24:02 T1000 kernel: POWER9 performance monitor hardware support registered
Feb 03 00:24:02 T1000 kernel: rcu: Hierarchical SRCU implementation.
Feb 03 00:24:02 T1000 kernel: rcu:         Max phase no-delay instances is 1000.
Feb 03 00:24:02 T1000 kernel: smp: Bringing up secondary CPUs ...
Feb 03 00:24:02 T1000 kernel: smp: Brought up 2 nodes, 32 CPUs
Feb 03 00:24:02 T1000 kernel: numa: Node 0 CPUs: 0-15
Feb 03 00:24:02 T1000 kernel: numa: Node 8 CPUs: 16-31
Feb 03 00:24:02 T1000 kernel: node 0 deferred pages initialised in 3154ms
Feb 03 00:24:02 T1000 kernel: node 8 deferred pages initialised in 3264ms
Feb 03 00:24:02 T1000 kernel: devtmpfs: initialized
Feb 03 00:24:02 T1000 kernel: Initializing IODA2 PHB (/pciex@600c3c0000000)
Feb 03 00:24:02 T1000 kernel: PCI host bridge /pciex@600c3c0000000 (primary) ranges:
Feb 03 00:24:02 T1000 kernel:  MEM 0x000600c000000000..0x000600c07ffeffff -> 0x0000000080000000 
Feb 03 00:24:02 T1000 kernel:  MEM 0x0006000000000000..0x0006003fffffffff -> 0x0006000000000000 (M64 #1..31)
Feb 03 00:24:02 T1000 kernel:  Using M64 #31 as default window
Feb 03 00:24:02 T1000 kernel:   512 (511) PE's M32: 0x80000000 [segment=0x400000]
Feb 03 00:24:02 T1000 kernel:                  M64: 0x4000000000 [segment=0x20000000]
Feb 03 00:24:02 T1000 kernel:   Allocated bitmap for 4088 MSIs (base IRQ 0xfe000)
Feb 03 00:24:02 T1000 kernel: Initializing IODA2 PHB (/pciex@600c3c0100000)
Feb 03 00:24:02 T1000 kernel: PCI host bridge /pciex@600c3c0100000  ranges:
Feb 03 00:24:02 T1000 kernel:  MEM 0x000600c080000000..0x000600c0fffeffff -> 0x0000000080000000 
Feb 03 00:24:02 T1000 kernel:  MEM 0x0006004000000000..0x0006007fffffffff -> 0x0006004000000000 (M64 #1..15)
Feb 03 00:24:02 T1000 kernel:  Using M64 #15 as default window
Feb 03 00:24:02 T1000 kernel:   256 (255) PE's M32: 0x80000000 [segment=0x800000]
Feb 03 00:24:02 T1000 kernel:                  M64: 0x4000000000 [segment=0x40000000]
Feb 03 00:24:02 T1000 kernel:   Allocated bitmap for 2040 MSIs (base IRQ 0xfd800)
Feb 03 00:24:02 T1000 kernel: Initializing IODA2 PHB (/pciex@600c3c0200000)
Feb 03 00:24:02 T1000 kernel: PCI host bridge /pciex@600c3c0200000  ranges:
Feb 03 00:24:02 T1000 kernel:  MEM 0x000600c100000000..0x000600c17ffeffff -> 0x0000000080000000 
Feb 03 00:24:02 T1000 kernel:  MEM 0x0006008000000000..0x000600bfffffffff -> 0x0006008000000000 (M64 #1..15)
Feb 03 00:24:02 T1000 kernel:  Using M64 #15 as default window
Feb 03 00:24:02 T1000 kernel:   256 (255) PE's M32: 0x80000000 [segment=0x800000]
Feb 03 00:24:02 T1000 kernel:                  M64: 0x4000000000 [segment=0x40000000]
Feb 03 00:24:02 T1000 kernel:   Allocated bitmap for 2040 MSIs (base IRQ 0xfd000)
Feb 03 00:24:02 T1000 kernel: Initializing IODA2 PHB (/pciex@600c3c0300000)
Feb 03 00:24:02 T1000 kernel: PCI host bridge /pciex@600c3c0300000  ranges:
Feb 03 00:24:02 T1000 kernel:  MEM 0x000600c180000000..0x000600c1fffeffff -> 0x0000000080000000 
Feb 03 00:24:02 T1000 kernel:  MEM 0x0006020000000000..0x0006023fffffffff -> 0x0006020000000000 (M64 #1..31)
Feb 03 00:24:02 T1000 kernel:  Using M64 #31 as default window
Feb 03 00:24:02 T1000 kernel:   512 (511) PE's M32: 0x80000000 [segment=0x400000]
Feb 03 00:24:02 T1000 kernel:                  M64: 0x4000000000 [segment=0x20000000]
Feb 03 00:24:02 T1000 kernel:   Allocated bitmap for 4088 MSIs (base IRQ 0xfc000)
Feb 03 00:24:02 T1000 kernel: Initializing IODA2 PHB (/pciex@600c3c0400000)
Feb 03 00:24:02 T1000 kernel: PCI host bridge /pciex@600c3c0400000  ranges:
Feb 03 00:24:02 T1000 kernel:  MEM 0x000600c200000000..0x000600c27ffeffff -> 0x0000000080000000 
Feb 03 00:24:02 T1000 kernel:  MEM 0x0006024000000000..0x0006027fffffffff -> 0x0006024000000000 (M64 #1..15)
Feb 03 00:24:02 T1000 kernel:  Using M64 #15 as default window
Feb 03 00:24:02 T1000 kernel:   256 (255) PE's M32: 0x80000000 [segment=0x800000]
Feb 03 00:24:02 T1000 kernel:                  M64: 0x4000000000 [segment=0x40000000]
Feb 03 00:24:02 T1000 kernel:   Allocated bitmap for 2040 MSIs (base IRQ 0xfb800)
Feb 03 00:24:02 T1000 kernel: Initializing IODA2 PHB (/pciex@600c3c0500000)
Feb 03 00:24:02 T1000 kernel: PCI host bridge /pciex@600c3c0500000  ranges:
Feb 03 00:24:02 T1000 kernel:  MEM 0x000600c280000000..0x000600c2fffeffff -> 0x0000000080000000 
Feb 03 00:24:02 T1000 kernel:  MEM 0x0006028000000000..0x000602bfffffffff -> 0x0006028000000000 (M64 #1..15)
Feb 03 00:24:02 T1000 kernel:  Using M64 #15 as default window
Feb 03 00:24:02 T1000 kernel:   256 (255) PE's M32: 0x80000000 [segment=0x800000]
Feb 03 00:24:02 T1000 kernel:                  M64: 0x4000000000 [segment=0x40000000]
Feb 03 00:24:02 T1000 kernel:   Allocated bitmap for 2040 MSIs (base IRQ 0xfb000)
Feb 03 00:24:02 T1000 kernel: Initializing IODA2 PHB (/pciex@620c3c0000000)
Feb 03 00:24:02 T1000 kernel: PCI host bridge /pciex@620c3c0000000  ranges:
Feb 03 00:24:02 T1000 kernel:  MEM 0x000620c000000000..0x000620c07ffeffff -> 0x0000000080000000 
Feb 03 00:24:02 T1000 kernel:  MEM 0x0006200000000000..0x0006203fffffffff -> 0x0006200000000000 (M64 #1..31)
Feb 03 00:24:02 T1000 kernel:  Using M64 #31 as default window
Feb 03 00:24:02 T1000 kernel:   512 (511) PE's M32: 0x80000000 [segment=0x400000]
Feb 03 00:24:02 T1000 kernel:                  M64: 0x4000000000 [segment=0x20000000]
Feb 03 00:24:02 T1000 kernel:   Allocated bitmap for 4088 MSIs (base IRQ 0x1fe000)
Feb 03 00:24:02 T1000 kernel: Initializing IODA2 PHB (/pciex@620c3c0100000)
Feb 03 00:24:02 T1000 kernel: PCI host bridge /pciex@620c3c0100000  ranges:
Feb 03 00:24:02 T1000 kernel:  MEM 0x000620c080000000..0x000620c0fffeffff -> 0x0000000080000000 
Feb 03 00:24:02 T1000 kernel:  MEM 0x0006204000000000..0x0006207fffffffff -> 0x0006204000000000 (M64 #1..15)
Feb 03 00:24:02 T1000 kernel:  Using M64 #15 as default window
Feb 03 00:24:02 T1000 kernel:   256 (255) PE's M32: 0x80000000 [segment=0x800000]
Feb 03 00:24:02 T1000 kernel:                  M64: 0x4000000000 [segment=0x40000000]
Feb 03 00:24:02 T1000 kernel:   Allocated bitmap for 2040 MSIs (base IRQ 0x1fd800)
Feb 03 00:24:02 T1000 kernel: Initializing IODA2 PHB (/pciex@620c3c0200000)
Feb 03 00:24:02 T1000 kernel: PCI host bridge /pciex@620c3c0200000  ranges:
Feb 03 00:24:02 T1000 kernel:  MEM 0x000620c100000000..0x000620c17ffeffff -> 0x0000000080000000 
Feb 03 00:24:02 T1000 kernel:  MEM 0x0006208000000000..0x000620bfffffffff -> 0x0006208000000000 (M64 #1..15)
Feb 03 00:24:02 T1000 kernel:  Using M64 #15 as default window
Feb 03 00:24:02 T1000 kernel:   256 (255) PE's M32: 0x80000000 [segment=0x800000]
Feb 03 00:24:02 T1000 kernel:                  M64: 0x4000000000 [segment=0x40000000]
Feb 03 00:24:02 T1000 kernel:   Allocated bitmap for 2040 MSIs (base IRQ 0x1fd000)
Feb 03 00:24:02 T1000 kernel: Initializing IODA2 PHB (/pciex@620c3c0300000)
Feb 03 00:24:02 T1000 kernel: PCI host bridge /pciex@620c3c0300000  ranges:
Feb 03 00:24:02 T1000 kernel:  MEM 0x000620c180000000..0x000620c1fffeffff -> 0x0000000080000000 
Feb 03 00:24:02 T1000 kernel:  MEM 0x0006220000000000..0x0006223fffffffff -> 0x0006220000000000 (M64 #1..31)
Feb 03 00:24:02 T1000 kernel:  Using M64 #31 as default window
Feb 03 00:24:02 T1000 kernel:   512 (511) PE's M32: 0x80000000 [segment=0x400000]
Feb 03 00:24:02 T1000 kernel:                  M64: 0x4000000000 [segment=0x20000000]
Feb 03 00:24:02 T1000 kernel:   Allocated bitmap for 4088 MSIs (base IRQ 0x1fc000)
Feb 03 00:24:02 T1000 kernel: clocksource: jiffies: mask: 0xffffffff max_cycles: 0xffffffff, max_idle_ns: 6370867519511994 ns
Feb 03 00:24:02 T1000 kernel: futex hash table entries: 8192 (order: 8, 1048576 bytes, vmalloc)
Feb 03 00:24:02 T1000 kernel: prandom: seed boundary self test passed
Feb 03 00:24:02 T1000 kernel: prandom: 100 self tests passed
Feb 03 00:24:02 T1000 kernel: NET: Registered PF_NETLINK/PF_ROUTE protocol family
Feb 03 00:24:02 T1000 kernel: cpuidle: using governor menu
Feb 03 00:24:02 T1000 kernel: EEH: PowerNV platform initialized
Feb 03 00:24:02 T1000 kernel: PCI: Probing PCI hardware
Feb 03 00:24:02 T1000 kernel: PCI host bridge to bus 0000:00
Feb 03 00:24:02 T1000 kernel: pci_bus 0000:00: root bus resource [mem 0x600c000000000-0x600c07ffeffff] (bus address [0x80000000-0xfffeffff])
Feb 03 00:24:02 T1000 kernel: pci_bus 0000:00: root bus resource [mem 0x6000000000000-0x6003fbfffffff 64bit pref]
Feb 03 00:24:02 T1000 kernel: pci_bus 0000:00: root bus resource [bus 00-ff]
Feb 03 00:24:02 T1000 kernel: pci_bus 0000:00: busn_res: [bus 00-ff] end is updated to ff
Feb 03 00:24:02 T1000 kernel: pci 0000:00:00.0: [1014:04c1] type 01 class 0x060400
Feb 03 00:24:02 T1000 kernel: pci 0000:00:00.0: PME# supported from D0 D3hot D3cold
Feb 03 00:24:02 T1000 kernel: pci 0000:00:00.0: PCI bridge to [bus 01]
Feb 03 00:24:02 T1000 kernel: pci 0000:00:00.0:   bridge window [io  0x0000-0x0fff]
Feb 03 00:24:02 T1000 kernel: pci_bus 0000:00: busn_res: [bus 00-ff] end is updated to 01
Feb 03 00:24:02 T1000 kernel: PCI host bridge to bus 0001:00
Feb 03 00:24:02 T1000 kernel: pci_bus 0001:00: root bus resource [mem 0x600c080000000-0x600c0fffeffff] (bus address [0x80000000-0xfffeffff])
Feb 03 00:24:02 T1000 kernel: pci_bus 0001:00: root bus resource [mem 0x6004000000000-0x6007f7fffffff 64bit pref]
Feb 03 00:24:02 T1000 kernel: pci_bus 0001:00: root bus resource [bus 00-ff]
Feb 03 00:24:02 T1000 kernel: pci_bus 0001:00: busn_res: [bus 00-ff] end is updated to ff
Feb 03 00:24:02 T1000 kernel: pci 0001:00:00.0: [1014:04c1] type 01 class 0x060400
Feb 03 00:24:02 T1000 kernel: pci 0001:00:00.0: PME# supported from D0 D3hot D3cold
Feb 03 00:24:02 T1000 kernel: pci 0001:01:00.0: [1987:5008] type 00 class 0x010802
Feb 03 00:24:02 T1000 kernel: pci 0001:01:00.0: reg 0x10: [mem 0x600c080000000-0x600c080003fff 64bit]
Feb 03 00:24:02 T1000 kernel: pci 0001:00:00.0: PCI bridge to [bus 01]
Feb 03 00:24:02 T1000 kernel: pci 0001:00:00.0:   bridge window [io  0x0000-0x0fff]
Feb 03 00:24:02 T1000 kernel: pci_bus 0001:00: busn_res: [bus 00-ff] end is updated to 01
Feb 03 00:24:02 T1000 kernel: PCI host bridge to bus 0002:00
Feb 03 00:24:02 T1000 kernel: pci_bus 0002:00: root bus resource [mem 0x600c100000000-0x600c17ffeffff] (bus address [0x80000000-0xfffeffff])
Feb 03 00:24:02 T1000 kernel: pci_bus 0002:00: root bus resource [mem 0x6008000000000-0x600bf7fffffff 64bit pref]
Feb 03 00:24:02 T1000 kernel: pci_bus 0002:00: root bus resource [bus 00-ff]
Feb 03 00:24:02 T1000 kernel: pci_bus 0002:00: busn_res: [bus 00-ff] end is updated to ff
Feb 03 00:24:02 T1000 kernel: pci 0002:00:00.0: [1014:04c1] type 01 class 0x060400
Feb 03 00:24:02 T1000 kernel: pci 0002:00:00.0: PME# supported from D0 D3hot D3cold
Feb 03 00:24:02 T1000 kernel: pci 0002:00:00.0: PCI bridge to [bus 01]
Feb 03 00:24:02 T1000 kernel: pci 0002:00:00.0:   bridge window [io  0x0000-0x0fff]
Feb 03 00:24:02 T1000 kernel: pci_bus 0002:00: busn_res: [bus 00-ff] end is updated to 01
Feb 03 00:24:02 T1000 kernel: PCI host bridge to bus 0003:00
Feb 03 00:24:02 T1000 kernel: pci_bus 0003:00: root bus resource [mem 0x600c180000000-0x600c1fffeffff] (bus address [0x80000000-0xfffeffff])
Feb 03 00:24:02 T1000 kernel: pci_bus 0003:00: root bus resource [mem 0x6020000000000-0x6023fbfffffff 64bit pref]
Feb 03 00:24:02 T1000 kernel: pci_bus 0003:00: root bus resource [bus 00-ff]
Feb 03 00:24:02 T1000 kernel: pci_bus 0003:00: busn_res: [bus 00-ff] end is updated to ff
Feb 03 00:24:02 T1000 kernel: pci 0003:00:00.0: [1014:04c1] type 01 class 0x060400
Feb 03 00:24:02 T1000 kernel: pci 0003:00:00.0: PME# supported from D0 D3hot D3cold
Feb 03 00:24:02 T1000 kernel: pci 0003:01:00.0: [104c:8241] type 00 class 0x0c0330
Feb 03 00:24:02 T1000 kernel: pci 0003:01:00.0: reg 0x10: [mem 0x600c180000000-0x600c18000ffff 64bit]
Feb 03 00:24:02 T1000 kernel: pci 0003:01:00.0: reg 0x18: [mem 0x600c180010000-0x600c180011fff 64bit]
Feb 03 00:24:02 T1000 kernel: pci 0003:01:00.0: supports D1 D2
Feb 03 00:24:02 T1000 kernel: pci 0003:01:00.0: PME# supported from D0 D1 D2 D3hot
Feb 03 00:24:02 T1000 kernel: pci 0003:00:00.0: PCI bridge to [bus 01]
Feb 03 00:24:02 T1000 kernel: pci 0003:00:00.0:   bridge window [io  0x0000-0x0fff]
Feb 03 00:24:02 T1000 kernel: pci_bus 0003:00: busn_res: [bus 00-ff] end is updated to 01
Feb 03 00:24:02 T1000 kernel: PCI host bridge to bus 0004:00
Feb 03 00:24:02 T1000 kernel: pci_bus 0004:00: root bus resource [mem 0x600c200000000-0x600c27ffeffff] (bus address [0x80000000-0xfffeffff])
Feb 03 00:24:02 T1000 kernel: pci_bus 0004:00: root bus resource [mem 0x6024000000000-0x6027f7fffffff 64bit pref]
Feb 03 00:24:02 T1000 kernel: pci_bus 0004:00: root bus resource [bus 00-ff]
Feb 03 00:24:02 T1000 kernel: pci_bus 0004:00: busn_res: [bus 00-ff] end is updated to ff
Feb 03 00:24:02 T1000 kernel: pci 0004:00:00.0: [1014:04c1] type 01 class 0x060400
Feb 03 00:24:02 T1000 kernel: pci 0004:00:00.0: PME# supported from D0 D3hot D3cold
Feb 03 00:24:02 T1000 kernel: pci 0004:01:00.0: [14e4:1657] type 00 class 0x020000
Feb 03 00:24:02 T1000 kernel: pci 0004:01:00.0: reg 0x10: [mem 0x6024000000000-0x602400000ffff 64bit pref]
Feb 03 00:24:02 T1000 kernel: pci 0004:01:00.0: reg 0x18: [mem 0x6024000010000-0x602400001ffff 64bit pref]
Feb 03 00:24:02 T1000 kernel: pci 0004:01:00.0: reg 0x20: [mem 0x6024000020000-0x602400002ffff 64bit pref]
Feb 03 00:24:02 T1000 kernel: pci 0004:01:00.0: PME# supported from D0 D3hot D3cold
Feb 03 00:24:02 T1000 kernel: pci 0004:01:00.0: 8.000 Gb/s available PCIe bandwidth, limited by 5.0 GT/s PCIe x2 link at 0004:00:00.0 (capable of 16.000 Gb/s with 5.0 GT/s PCIe x4 link)
Feb 03 00:24:02 T1000 kernel: pci 0004:01:00.1: [14e4:1657] type 00 class 0x020000
Feb 03 00:24:02 T1000 kernel: pci 0004:01:00.1: reg 0x10: [mem 0x6024000030000-0x602400003ffff 64bit pref]
Feb 03 00:24:02 T1000 kernel: pci 0004:01:00.1: reg 0x18: [mem 0x6024000040000-0x602400004ffff 64bit pref]
Feb 03 00:24:02 T1000 kernel: pci 0004:01:00.1: reg 0x20: [mem 0x6024000050000-0x602400005ffff 64bit pref]
Feb 03 00:24:02 T1000 kernel: pci 0004:01:00.1: PME# supported from D0 D3hot D3cold
Feb 03 00:24:02 T1000 kernel: pci 0004:00:00.0: PCI bridge to [bus 01]
Feb 03 00:24:02 T1000 kernel: pci 0004:00:00.0:   bridge window [io  0x0000-0x0fff]
Feb 03 00:24:02 T1000 kernel: pci_bus 0004:00: busn_res: [bus 00-ff] end is updated to 01
Feb 03 00:24:02 T1000 kernel: PCI host bridge to bus 0005:00
Feb 03 00:24:02 T1000 kernel: pci_bus 0005:00: root bus resource [mem 0x600c280000000-0x600c2fffeffff] (bus address [0x80000000-0xfffeffff])
Feb 03 00:24:02 T1000 kernel: pci_bus 0005:00: root bus resource [mem 0x6028000000000-0x602bf7fffffff 64bit pref]
Feb 03 00:24:02 T1000 kernel: pci_bus 0005:00: root bus resource [bus 00-ff]
Feb 03 00:24:02 T1000 kernel: pci_bus 0005:00: busn_res: [bus 00-ff] end is updated to ff
Feb 03 00:24:02 T1000 kernel: pci 0005:00:00.0: [1014:04c1] type 01 class 0x060400
Feb 03 00:24:02 T1000 kernel: pci 0005:00:00.0: PME# supported from D0 D3hot D3cold
Feb 03 00:24:02 T1000 kernel: pci 0005:01:00.0: [1a03:1150] type 01 class 0x060400
Feb 03 00:24:02 T1000 kernel: pci 0005:01:00.0: supports D1 D2
Feb 03 00:24:02 T1000 kernel: pci 0005:01:00.0: PME# supported from D0 D1 D2 D3hot D3cold
Feb 03 00:24:02 T1000 kernel: pci 0005:00:00.0: PCI bridge to [bus 01-02]
Feb 03 00:24:02 T1000 kernel: pci 0005:00:00.0:   bridge window [io  0x0000-0x0fff]
Feb 03 00:24:02 T1000 kernel: pci_bus 0005:02: extended config space not accessible
Feb 03 00:24:02 T1000 kernel: pci 0005:02:00.0: [1a03:2000] type 00 class 0x030000
Feb 03 00:24:02 T1000 kernel: pci 0005:02:00.0: reg 0x10: [mem 0x600c280000000-0x600c280ffffff]
Feb 03 00:24:02 T1000 kernel: pci 0005:02:00.0: reg 0x14: [mem 0x600c281000000-0x600c28101ffff]
Feb 03 00:24:02 T1000 kernel: pci 0005:02:00.0: reg 0x18: [io  0x0000-0x007f]
Feb 03 00:24:02 T1000 kernel: pci 0005:02:00.0: supports D1 D2
Feb 03 00:24:02 T1000 kernel: pci 0005:02:00.0: PME# supported from D0 D1 D2 D3hot D3cold
Feb 03 00:24:02 T1000 kernel: pci 0005:01:00.0: PCI bridge to [bus 02]
Feb 03 00:24:02 T1000 kernel: pci_bus 0005:00: busn_res: [bus 00-ff] end is updated to 02
Feb 03 00:24:02 T1000 kernel: PCI host bridge to bus 0030:00
Feb 03 00:24:02 T1000 kernel: pci_bus 0030:00: root bus resource [mem 0x620c000000000-0x620c07ffeffff] (bus address [0x80000000-0xfffeffff])
Feb 03 00:24:02 T1000 kernel: pci_bus 0030:00: root bus resource [mem 0x6200000000000-0x6203fbfffffff 64bit pref]
Feb 03 00:24:02 T1000 kernel: pci_bus 0030:00: root bus resource [bus 00-ff]
Feb 03 00:24:02 T1000 kernel: pci_bus 0030:00: busn_res: [bus 00-ff] end is updated to ff
Feb 03 00:24:02 T1000 kernel: pci 0030:00:00.0: [1014:04c1] type 01 class 0x060400
Feb 03 00:24:02 T1000 kernel: pci 0030:00:00.0: PME# supported from D0 D3hot D3cold
Feb 03 00:24:02 T1000 kernel: pci 0030:01:00.0: [1002:5d4f] type 00 class 0x030000
Feb 03 00:24:02 T1000 kernel: pci 0030:01:00.0: reg 0x10: [mem 0x6200000000000-0x6200007ffffff 64bit pref]
Feb 03 00:24:02 T1000 kernel: pci 0030:01:00.0: reg 0x18: [mem 0x620c000020000-0x620c00002ffff 64bit]
Feb 03 00:24:02 T1000 kernel: pci 0030:01:00.0: reg 0x20: [io  0x0000-0x00ff]
Feb 03 00:24:02 T1000 kernel: pci 0030:01:00.0: reg 0x30: [mem 0x620c000000000-0x620c00001ffff pref]
Feb 03 00:24:02 T1000 kernel: pci 0030:01:00.0: supports D1 D2
Feb 03 00:24:02 T1000 kernel: pci 0030:01:00.1: [1002:5d6f] type 00 class 0x038000
Feb 03 00:24:02 T1000 kernel: pci 0030:01:00.1: reg 0x10: [mem 0x620c000030000-0x620c00003ffff 64bit]
Feb 03 00:24:02 T1000 kernel: pci 0030:01:00.1: supports D1 D2
Feb 03 00:24:02 T1000 kernel: pci 0030:01:00.0: disabling ASPM on pre-1.1 PCIe device.  You can enable it with 'pcie_aspm=force'
Feb 03 00:24:02 T1000 kernel: pci 0030:00:00.0: PCI bridge to [bus 01]
Feb 03 00:24:02 T1000 kernel: pci 0030:00:00.0:   bridge window [io  0x0000-0x0fff]
Feb 03 00:24:02 T1000 kernel: pci_bus 0030:00: busn_res: [bus 00-ff] end is updated to 01
Feb 03 00:24:02 T1000 kernel: PCI host bridge to bus 0031:00
Feb 03 00:24:02 T1000 kernel: pci_bus 0031:00: root bus resource [mem 0x620c080000000-0x620c0fffeffff] (bus address [0x80000000-0xfffeffff])
Feb 03 00:24:02 T1000 kernel: pci_bus 0031:00: root bus resource [mem 0x6204000000000-0x6207f7fffffff 64bit pref]
Feb 03 00:24:02 T1000 kernel: pci_bus 0031:00: root bus resource [bus 00-ff]
Feb 03 00:24:02 T1000 kernel: pci_bus 0031:00: busn_res: [bus 00-ff] end is updated to ff
Feb 03 00:24:02 T1000 kernel: pci 0031:00:00.0: [1014:04c1] type 01 class 0x060400
Feb 03 00:24:02 T1000 kernel: pci 0031:00:00.0: PME# supported from D0 D3hot D3cold
Feb 03 00:24:02 T1000 kernel: pci 0031:00:00.0: PCI bridge to [bus 01]
Feb 03 00:24:02 T1000 kernel: pci 0031:00:00.0:   bridge window [io  0x0000-0x0fff]
Feb 03 00:24:02 T1000 kernel: pci_bus 0031:00: busn_res: [bus 00-ff] end is updated to 01
Feb 03 00:24:02 T1000 kernel: PCI host bridge to bus 0032:00
Feb 03 00:24:02 T1000 kernel: pci_bus 0032:00: root bus resource [mem 0x620c100000000-0x620c17ffeffff] (bus address [0x80000000-0xfffeffff])
Feb 03 00:24:02 T1000 kernel: pci_bus 0032:00: root bus resource [mem 0x6208000000000-0x620bf7fffffff 64bit pref]
Feb 03 00:24:02 T1000 kernel: pci_bus 0032:00: root bus resource [bus 00-ff]
Feb 03 00:24:02 T1000 kernel: pci_bus 0032:00: busn_res: [bus 00-ff] end is updated to ff
Feb 03 00:24:02 T1000 kernel: pci 0032:00:00.0: [1014:04c1] type 01 class 0x060400
Feb 03 00:24:02 T1000 kernel: pci 0032:00:00.0: PME# supported from D0 D3hot D3cold
Feb 03 00:24:02 T1000 kernel: pci 0032:00:00.0: PCI bridge to [bus 01]
Feb 03 00:24:02 T1000 kernel: pci 0032:00:00.0:   bridge window [io  0x0000-0x0fff]
Feb 03 00:24:02 T1000 kernel: pci_bus 0032:00: busn_res: [bus 00-ff] end is updated to 01
Feb 03 00:24:02 T1000 kernel: PCI host bridge to bus 0033:00
Feb 03 00:24:02 T1000 kernel: pci_bus 0033:00: root bus resource [mem 0x620c180000000-0x620c1fffeffff] (bus address [0x80000000-0xfffeffff])
Feb 03 00:24:02 T1000 kernel: pci_bus 0033:00: root bus resource [mem 0x6220000000000-0x6223fbfffffff 64bit pref]
Feb 03 00:24:02 T1000 kernel: pci_bus 0033:00: root bus resource [bus 00-ff]
Feb 03 00:24:02 T1000 kernel: pci_bus 0033:00: busn_res: [bus 00-ff] end is updated to ff
Feb 03 00:24:02 T1000 kernel: pci 0033:00:00.0: [1014:04c1] type 01 class 0x060400
Feb 03 00:24:02 T1000 kernel: pci 0033:00:00.0: PME# supported from D0 D3hot D3cold
Feb 03 00:24:02 T1000 kernel: pci 0033:00:00.0: PCI bridge to [bus 01]
Feb 03 00:24:02 T1000 kernel: pci 0033:00:00.0:   bridge window [io  0x0000-0x0fff]
Feb 03 00:24:02 T1000 kernel: pci_bus 0033:00: busn_res: [bus 00-ff] end is updated to 01
Feb 03 00:24:02 T1000 kernel: pci 0000:00:00.0: PCI bridge to [bus 01]
Feb 03 00:24:02 T1000 kernel: pci_bus 0000:00: resource 4 [mem 0x600c000000000-0x600c07ffeffff]
Feb 03 00:24:02 T1000 kernel: pci_bus 0000:00: resource 5 [mem 0x6000000000000-0x6003fbfffffff 64bit pref]
Feb 03 00:24:02 T1000 kernel: pci 0001:00:00.0: BAR 8: assigned [mem 0x600c080000000-0x600c0807fffff]
Feb 03 00:24:02 T1000 kernel: pci 0001:01:00.0: BAR 0: assigned [mem 0x600c080000000-0x600c080003fff 64bit]
Feb 03 00:24:02 T1000 kernel: pci 0001:00:00.0: PCI bridge to [bus 01]
Feb 03 00:24:02 T1000 kernel: pci 0001:00:00.0:   bridge window [mem 0x600c080000000-0x600c0ffefffff]
Feb 03 00:24:02 T1000 kernel: pci_bus 0001:00: resource 4 [mem 0x600c080000000-0x600c0fffeffff]
Feb 03 00:24:02 T1000 kernel: pci_bus 0001:00: resource 5 [mem 0x6004000000000-0x6007f7fffffff 64bit pref]
Feb 03 00:24:02 T1000 kernel: pci_bus 0001:01: resource 1 [mem 0x600c080000000-0x600c0ffefffff]
Feb 03 00:24:02 T1000 kernel: pci 0002:00:00.0: PCI bridge to [bus 01]
Feb 03 00:24:02 T1000 kernel: pci_bus 0002:00: resource 4 [mem 0x600c100000000-0x600c17ffeffff]
Feb 03 00:24:02 T1000 kernel: pci_bus 0002:00: resource 5 [mem 0x6008000000000-0x600bf7fffffff 64bit pref]
Feb 03 00:24:02 T1000 kernel: pci 0003:00:00.0: BAR 8: assigned [mem 0x600c180000000-0x600c1803fffff]
Feb 03 00:24:02 T1000 kernel: pci 0003:01:00.0: BAR 0: assigned [mem 0x600c180000000-0x600c18000ffff 64bit]
Feb 03 00:24:02 T1000 kernel: pci 0003:01:00.0: BAR 2: assigned [mem 0x600c180010000-0x600c180011fff 64bit]
Feb 03 00:24:02 T1000 kernel: pci 0003:00:00.0: PCI bridge to [bus 01]
Feb 03 00:24:02 T1000 kernel: pci 0003:00:00.0:   bridge window [mem 0x600c180000000-0x600c1ffefffff]
Feb 03 00:24:02 T1000 kernel: pci_bus 0003:00: resource 4 [mem 0x600c180000000-0x600c1fffeffff]
Feb 03 00:24:02 T1000 kernel: pci_bus 0003:00: resource 5 [mem 0x6020000000000-0x6023fbfffffff 64bit pref]
Feb 03 00:24:02 T1000 kernel: pci_bus 0003:01: resource 1 [mem 0x600c180000000-0x600c1ffefffff]
Feb 03 00:24:02 T1000 kernel: pci 0004:00:00.0: BAR 9: assigned [mem 0x6024000000000-0x602403fffffff 64bit pref]
Feb 03 00:24:02 T1000 kernel: pci 0004:01:00.0: BAR 0: assigned [mem 0x6024000000000-0x602400000ffff 64bit pref]
Feb 03 00:24:02 T1000 kernel: pci 0004:01:00.0: BAR 2: assigned [mem 0x6024000010000-0x602400001ffff 64bit pref]
Feb 03 00:24:02 T1000 kernel: pci 0004:01:00.0: BAR 4: assigned [mem 0x6024000020000-0x602400002ffff 64bit pref]
Feb 03 00:24:02 T1000 kernel: pci 0004:01:00.1: BAR 0: assigned [mem 0x6024000030000-0x602400003ffff 64bit pref]
Feb 03 00:24:02 T1000 kernel: pci 0004:01:00.1: BAR 2: assigned [mem 0x6024000040000-0x602400004ffff 64bit pref]
Feb 03 00:24:02 T1000 kernel: pci 0004:01:00.1: BAR 4: assigned [mem 0x6024000050000-0x602400005ffff 64bit pref]
Feb 03 00:24:02 T1000 kernel: pci 0004:00:00.0: PCI bridge to [bus 01]
Feb 03 00:24:02 T1000 kernel: pci 0004:00:00.0:   bridge window [mem 0x6024000000000-0x6027f7fffffff 64bit pref]
Feb 03 00:24:02 T1000 kernel: pci_bus 0004:00: resource 4 [mem 0x600c200000000-0x600c27ffeffff]
Feb 03 00:24:02 T1000 kernel: pci_bus 0004:00: resource 5 [mem 0x6024000000000-0x6027f7fffffff 64bit pref]
Feb 03 00:24:02 T1000 kernel: pci_bus 0004:01: resource 2 [mem 0x6024000000000-0x6027f7fffffff 64bit pref]
Feb 03 00:24:02 T1000 kernel: pci 0005:00:00.0: BAR 8: assigned [mem 0x600c280000000-0x600c2817fffff]
Feb 03 00:24:02 T1000 kernel: pci 0005:01:00.0: BAR 8: assigned [mem 0x600c280000000-0x600c2817fffff]
Feb 03 00:24:02 T1000 kernel: pci 0005:01:00.0: BAR 7: no space for [io  size 0x1000]
Feb 03 00:24:02 T1000 kernel: pci 0005:01:00.0: BAR 7: failed to assign [io  size 0x1000]
Feb 03 00:24:02 T1000 kernel: pci 0005:02:00.0: BAR 0: assigned [mem 0x600c280000000-0x600c280ffffff]
Feb 03 00:24:02 T1000 kernel: pci 0005:02:00.0: BAR 1: assigned [mem 0x600c281000000-0x600c28101ffff]
Feb 03 00:24:02 T1000 kernel: pci 0005:02:00.0: BAR 2: no space for [io  size 0x0080]
Feb 03 00:24:02 T1000 kernel: pci 0005:02:00.0: BAR 2: failed to assign [io  size 0x0080]
Feb 03 00:24:02 T1000 kernel: pci 0005:01:00.0: PCI bridge to [bus 02]
Feb 03 00:24:02 T1000 kernel: pci 0005:01:00.0:   bridge window [mem 0x600c280000000-0x600c2ffefffff]
Feb 03 00:24:02 T1000 kernel: pci 0005:00:00.0: PCI bridge to [bus 01-02]
Feb 03 00:24:02 T1000 kernel: pci 0005:00:00.0:   bridge window [mem 0x600c280000000-0x600c2ffefffff]
Feb 03 00:24:02 T1000 kernel: pci_bus 0005:00: Some PCI device resources are unassigned, try booting with pci=realloc
Feb 03 00:24:02 T1000 kernel: pci_bus 0005:00: resource 4 [mem 0x600c280000000-0x600c2fffeffff]
Feb 03 00:24:02 T1000 kernel: pci_bus 0005:00: resource 5 [mem 0x6028000000000-0x602bf7fffffff 64bit pref]
Feb 03 00:24:02 T1000 kernel: pci_bus 0005:01: resource 1 [mem 0x600c280000000-0x600c2ffefffff]
Feb 03 00:24:02 T1000 kernel: pci_bus 0005:02: resource 1 [mem 0x600c280000000-0x600c2ffefffff]
Feb 03 00:24:02 T1000 kernel: pci 0030:00:00.0: BAR 9: assigned [mem 0x6200000000000-0x620001fffffff 64bit pref]
Feb 03 00:24:02 T1000 kernel: pci 0030:00:00.0: BAR 8: assigned [mem 0x620c000000000-0x620c0003fffff]
Feb 03 00:24:02 T1000 kernel: pci 0030:01:00.0: BAR 0: assigned [mem 0x6200000000000-0x6200007ffffff 64bit pref]
Feb 03 00:24:02 T1000 kernel: pci 0030:01:00.0: BAR 6: assigned [mem 0x620c000000000-0x620c00001ffff pref]
Feb 03 00:24:02 T1000 kernel: pci 0030:01:00.0: BAR 2: assigned [mem 0x620c000020000-0x620c00002ffff 64bit]
Feb 03 00:24:02 T1000 kernel: pci 0030:01:00.1: BAR 0: assigned [mem 0x620c000030000-0x620c00003ffff 64bit]
Feb 03 00:24:02 T1000 kernel: pci 0030:01:00.0: BAR 4: no space for [io  size 0x0100]
Feb 03 00:24:02 T1000 kernel: pci 0030:01:00.0: BAR 4: failed to assign [io  size 0x0100]
Feb 03 00:24:02 T1000 kernel: pci 0030:00:00.0: PCI bridge to [bus 01]
Feb 03 00:24:02 T1000 kernel: pci 0030:00:00.0:   bridge window [mem 0x620c000000000-0x620c07fefffff]
Feb 03 00:24:02 T1000 kernel: pci 0030:00:00.0:   bridge window [mem 0x6200000000000-0x6203fbff0ffff 64bit pref]
Feb 03 00:24:02 T1000 kernel: pci_bus 0030:00: Some PCI device resources are unassigned, try booting with pci=realloc
Feb 03 00:24:02 T1000 kernel: pci_bus 0030:00: resource 4 [mem 0x620c000000000-0x620c07ffeffff]
Feb 03 00:24:02 T1000 kernel: pci_bus 0030:00: resource 5 [mem 0x6200000000000-0x6203fbfffffff 64bit pref]
Feb 03 00:24:02 T1000 kernel: pci_bus 0030:01: resource 1 [mem 0x620c000000000-0x620c07fefffff]
Feb 03 00:24:02 T1000 kernel: pci_bus 0030:01: resource 2 [mem 0x6200000000000-0x6203fbff0ffff 64bit pref]
Feb 03 00:24:02 T1000 kernel: pci 0031:00:00.0: PCI bridge to [bus 01]
Feb 03 00:24:02 T1000 kernel: pci_bus 0031:00: resource 4 [mem 0x620c080000000-0x620c0fffeffff]
Feb 03 00:24:02 T1000 kernel: pci_bus 0031:00: resource 5 [mem 0x6204000000000-0x6207f7fffffff 64bit pref]
Feb 03 00:24:02 T1000 kernel: pci 0032:00:00.0: PCI bridge to [bus 01]
Feb 03 00:24:02 T1000 kernel: pci_bus 0032:00: resource 4 [mem 0x620c100000000-0x620c17ffeffff]
Feb 03 00:24:02 T1000 kernel: pci_bus 0032:00: resource 5 [mem 0x6208000000000-0x620bf7fffffff 64bit pref]
Feb 03 00:24:02 T1000 kernel: pci 0033:00:00.0: PCI bridge to [bus 01]
Feb 03 00:24:02 T1000 kernel: pci_bus 0033:00: resource 4 [mem 0x620c180000000-0x620c1fffeffff]
Feb 03 00:24:02 T1000 kernel: pci_bus 0033:00: resource 5 [mem 0x6220000000000-0x6223fbfffffff 64bit pref]
Feb 03 00:24:02 T1000 kernel: pci_bus 0000:00: Configuring PE for bus
Feb 03 00:24:02 T1000 kernel: pci 0000:00     : [PE# 1fe] Secondary bus 0x0000000000000000 associated with PE#1fe
Feb 03 00:24:02 T1000 kernel: pci 0000:00:00.0: Configured PE#1fe
Feb 03 00:24:02 T1000 kernel: pci_bus 0001:00: Configuring PE for bus
Feb 03 00:24:02 T1000 kernel: pci 0001:00     : [PE# fe] Secondary bus 0x0000000000000000 associated with PE#fe
Feb 03 00:24:02 T1000 kernel: pci 0001:00:00.0: Configured PE#fe
Feb 03 00:24:02 T1000 kernel: pci_bus 0001:01: Configuring PE for bus
Feb 03 00:24:02 T1000 kernel: pci 0001:01     : [PE# fd] Secondary bus 0x0000000000000001 associated with PE#fd
Feb 03 00:24:02 T1000 kernel: pci 0001:01:00.0: Configured PE#fd
Feb 03 00:24:02 T1000 kernel: pci 0001:01     : [PE# fd] Setting up 32-bit TCE table at 0..80000000
Feb 03 00:24:02 T1000 kernel: IOMMU table initialized, virtual merging enabled
Feb 03 00:24:02 T1000 kernel: pci 0001:01     : [PE# fd] Setting up window#0 0..7fffffffff pg=1000
Feb 03 00:24:02 T1000 kernel: pci 0001:01     : [PE# fd] Enabling 64-bit DMA bypass
Feb 03 00:24:02 T1000 kernel: pci 0001:01:00.0: Adding to iommu group 0
Feb 03 00:24:02 T1000 kernel: pci_bus 0002:00: Configuring PE for bus
Feb 03 00:24:02 T1000 kernel: pci 0002:00     : [PE# fe] Secondary bus 0x0000000000000000 associated with PE#fe
Feb 03 00:24:02 T1000 kernel: pci 0002:00:00.0: Configured PE#fe
Feb 03 00:24:02 T1000 kernel: pci_bus 0003:00: Configuring PE for bus
Feb 03 00:24:02 T1000 kernel: pci 0003:00     : [PE# 1fe] Secondary bus 0x0000000000000000 associated with PE#1fe
Feb 03 00:24:02 T1000 kernel: pci 0003:00:00.0: Configured PE#1fe
Feb 03 00:24:02 T1000 kernel: pci_bus 0003:01: Configuring PE for bus
Feb 03 00:24:02 T1000 kernel: pci 0003:01     : [PE# 1fd] Secondary bus 0x0000000000000001 associated with PE#1fd
Feb 03 00:24:02 T1000 kernel: pci 0003:01:00.0: Configured PE#1fd
Feb 03 00:24:02 T1000 kernel: pci 0003:01     : [PE# 1fd] Setting up 32-bit TCE table at 0..80000000
Feb 03 00:24:02 T1000 kernel: pci 0003:01     : [PE# 1fd] Setting up window#0 0..7fffffffff pg=1000
Feb 03 00:24:02 T1000 kernel: pci 0003:01     : [PE# 1fd] Enabling 64-bit DMA bypass
Feb 03 00:24:02 T1000 kernel: pci 0003:01:00.0: Adding to iommu group 1
Feb 03 00:24:02 T1000 kernel: pci_bus 0004:00: Configuring PE for bus
Feb 03 00:24:02 T1000 kernel: pci 0004:00     : [PE# fe] Secondary bus 0x0000000000000000 associated with PE#fe
Feb 03 00:24:02 T1000 kernel: pci 0004:00:00.0: Configured PE#fe
Feb 03 00:24:02 T1000 kernel: pci_bus 0004:01: Configuring PE for bus
Feb 03 00:24:02 T1000 kernel: pci 0004:01     : [PE# 00] Secondary bus 0x0000000000000001 associated with PE#0
Feb 03 00:24:02 T1000 kernel: pci 0004:01:00.0: Configured PE#0
Feb 03 00:24:02 T1000 kernel: pci 0004:01     : [PE# 00] Setting up 32-bit TCE table at 0..80000000
Feb 03 00:24:02 T1000 kernel: pci 0004:01     : [PE# 00] Setting up window#0 0..7fffffffff pg=1000
Feb 03 00:24:02 T1000 kernel: pci 0004:01     : [PE# 00] Enabling 64-bit DMA bypass
Feb 03 00:24:02 T1000 kernel: pci 0004:01:00.0: Adding to iommu group 2
Feb 03 00:24:02 T1000 kernel: pci 0004:01:00.1: Added to existing PE#0
Feb 03 00:24:02 T1000 kernel: pci 0004:01:00.1: Adding to iommu group 2
Feb 03 00:24:02 T1000 kernel: pci_bus 0005:00: Configuring PE for bus
Feb 03 00:24:02 T1000 kernel: pci 0005:00     : [PE# fe] Secondary bus 0x0000000000000000 associated with PE#fe
Feb 03 00:24:02 T1000 kernel: pci 0005:00:00.0: Configured PE#fe
Feb 03 00:24:02 T1000 kernel: pci_bus 0005:01: Configuring PE for bus
Feb 03 00:24:02 T1000 kernel: pci 0005:01     : [PE# fd] Secondary bus 0x0000000000000001 associated with PE#fd
Feb 03 00:24:02 T1000 kernel: pci 0005:01:00.0: Configured PE#fd
Feb 03 00:24:02 T1000 kernel: pci_bus 0005:02: Configuring PE for bus
Feb 03 00:24:02 T1000 kernel: pci 0005:02     : [PE# fc] Secondary bus 0x0000000000000002..0x0000000000000002 associated with PE#fc
Feb 03 00:24:02 T1000 kernel: pci 0005:02:00.0: Configured PE#fc
Feb 03 00:24:02 T1000 kernel: pci 0005:02     : [PE# fc] Setting up 32-bit TCE table at 0..80000000
Feb 03 00:24:02 T1000 kernel: pci 0005:02     : [PE# fc] Setting up window#0 0..7fffffffff pg=1000
Feb 03 00:24:02 T1000 kernel: pci 0005:02     : [PE# fc] Enabling 64-bit DMA bypass
Feb 03 00:24:02 T1000 kernel: pci 0005:02:00.0: Adding to iommu group 3
Feb 03 00:24:02 T1000 kernel: pci_bus 0030:00: Configuring PE for bus
Feb 03 00:24:02 T1000 kernel: pci 0030:00     : [PE# 1fe] Secondary bus 0x0000000000000000 associated with PE#1fe
Feb 03 00:24:02 T1000 kernel: pci 0030:00:00.0: Configured PE#1fe
Feb 03 00:24:02 T1000 kernel: pci_bus 0030:01: Configuring PE for bus
Feb 03 00:24:02 T1000 kernel: pci 0030:01     : [PE# 00] Secondary bus 0x0000000000000001 associated with PE#0
Feb 03 00:24:02 T1000 kernel: pci 0030:01:00.0: Configured PE#0
Feb 03 00:24:02 T1000 kernel: pci 0030:01     : [PE# 00] Setting up 32-bit TCE table at 0..80000000
Feb 03 00:24:02 T1000 kernel: pci 0030:01     : [PE# 00] Setting up window#0 0..7fffffffff pg=1000
Feb 03 00:24:02 T1000 kernel: pci 0030:01     : [PE# 00] Enabling 64-bit DMA bypass
Feb 03 00:24:02 T1000 kernel: pci 0030:01:00.0: Adding to iommu group 4
Feb 03 00:24:02 T1000 kernel: pci 0030:01:00.1: Added to existing PE#0
Feb 03 00:24:02 T1000 kernel: pci 0030:01:00.1: Adding to iommu group 4
Feb 03 00:24:02 T1000 kernel: pci_bus 0031:00: Configuring PE for bus
Feb 03 00:24:02 T1000 kernel: pci 0031:00     : [PE# fe] Secondary bus 0x0000000000000000 associated with PE#fe
Feb 03 00:24:02 T1000 kernel: pci 0031:00:00.0: Configured PE#fe
Feb 03 00:24:02 T1000 kernel: pci_bus 0032:00: Configuring PE for bus
Feb 03 00:24:02 T1000 kernel: pci 0032:00     : [PE# fe] Secondary bus 0x0000000000000000 associated with PE#fe
Feb 03 00:24:02 T1000 kernel: pci 0032:00:00.0: Configured PE#fe
Feb 03 00:24:02 T1000 kernel: pci_bus 0033:00: Configuring PE for bus
Feb 03 00:24:02 T1000 kernel: pci 0033:00     : [PE# 1fe] Secondary bus 0x0000000000000000 associated with PE#1fe
Feb 03 00:24:02 T1000 kernel: pci 0033:00:00.0: Configured PE#1fe
Feb 03 00:24:02 T1000 kernel: pci 0001:00:00.0: enabling device (0101 -> 0103)
Feb 03 00:24:02 T1000 kernel: pci 0003:00:00.0: enabling device (0101 -> 0103)
Feb 03 00:24:02 T1000 kernel: pci 0004:00:00.0: enabling device (0101 -> 0103)
Feb 03 00:24:02 T1000 kernel: pci 0005:00:00.0: enabling device (0101 -> 0103)
Feb 03 00:24:02 T1000 kernel: pci 0005:01:00.0: enabling device (0141 -> 0143)
Feb 03 00:24:02 T1000 kernel: pci 0030:00:00.0: enabling device (0101 -> 0103)
Feb 03 00:24:02 T1000 kernel: EEH: Capable adapter found: recovery enabled.
Feb 03 00:24:02 T1000 kernel: PCI: Probing PCI hardware done
Feb 03 00:24:02 T1000 kernel: cpuidle-powernv: Default stop: psscr = 0x0000000000000330,mask=0x00000000003003ff
Feb 03 00:24:02 T1000 kernel: cpuidle-powernv: Deepest stop: psscr = 0x0000000000300375,mask=0x00000000003003ff
Feb 03 00:24:02 T1000 kernel: cpuidle-powernv: First stop level that may lose SPRs = 0x4
Feb 03 00:24:02 T1000 kernel: cpuidle-powernv: First stop level that may lose timebase = 0x10
Feb 03 00:24:02 T1000 kernel: HugeTLB: registered 2.00 MiB page size, pre-allocated 0 pages
Feb 03 00:24:02 T1000 kernel: HugeTLB: 0 KiB vmemmap can be freed for a 2.00 MiB page
Feb 03 00:24:02 T1000 kernel: HugeTLB: registered 1.00 GiB page size, pre-allocated 0 pages
Feb 03 00:24:02 T1000 kernel: HugeTLB: 0 KiB vmemmap can be freed for a 1.00 GiB page
Feb 03 00:24:02 T1000 kernel: raid6: vpermxor8 gen()  9130 MB/s
Feb 03 00:24:02 T1000 kernel: raid6: vpermxor4 gen()  8796 MB/s
Feb 03 00:24:02 T1000 kernel: raid6: vpermxor2 gen()  7620 MB/s
Feb 03 00:24:02 T1000 kernel: raid6: vpermxor1 gen()  6197 MB/s
Feb 03 00:24:02 T1000 kernel: raid6: altivecx8 gen()  5233 MB/s
Feb 03 00:24:02 T1000 kernel: raid6: altivecx4 gen()  5787 MB/s
Feb 03 00:24:02 T1000 kernel: raid6: altivecx2 gen()  4894 MB/s
Feb 03 00:24:02 T1000 kernel: raid6: altivecx1 gen()  4166 MB/s
Feb 03 00:24:02 T1000 kernel: raid6: int64x8  gen()  2693 MB/s
Feb 03 00:24:02 T1000 kernel: raid6: int64x4  gen()  3319 MB/s
Feb 03 00:24:02 T1000 kernel: raid6: int64x2  gen()  2872 MB/s
Feb 03 00:24:02 T1000 kernel: raid6: int64x1  gen()  2228 MB/s
Feb 03 00:24:02 T1000 kernel: raid6: using algorithm vpermxor8 gen() 9130 MB/s
Feb 03 00:24:02 T1000 kernel: raid6: using intx1 recovery algorithm
Feb 03 00:24:02 T1000 kernel: iommu: Default domain type: Translated 
Feb 03 00:24:02 T1000 kernel: iommu: DMA domain TLB invalidation policy: strict mode 
Feb 03 00:24:02 T1000 kernel: pci 0005:02:00.0: vgaarb: setting as boot VGA device
Feb 03 00:24:02 T1000 kernel: pci 0005:02:00.0: vgaarb: bridge control possible
Feb 03 00:24:02 T1000 kernel: pci 0005:02:00.0: vgaarb: VGA device added: decodes=io+mem,owns=none,locks=none
Feb 03 00:24:02 T1000 kernel: pci 0030:01:00.0: vgaarb: bridge control possible
Feb 03 00:24:02 T1000 kernel: pci 0030:01:00.0: vgaarb: VGA device added: decodes=io+mem,owns=none,locks=none
Feb 03 00:24:02 T1000 kernel: vgaarb: loaded
Feb 03 00:24:02 T1000 kernel: clocksource: Switched to clocksource timebase
Feb 03 00:24:02 T1000 kernel: NET: Registered PF_INET protocol family
Feb 03 00:24:02 T1000 kernel: IP idents hash table entries: 262144 (order: 9, 2097152 bytes, vmalloc)
Feb 03 00:24:02 T1000 kernel: tcp_listen_portaddr_hash hash table entries: 32768 (order: 8, 1048576 bytes, vmalloc)
Feb 03 00:24:02 T1000 kernel: Table-perturb hash table entries: 65536 (order: 6, 262144 bytes, vmalloc)
Feb 03 00:24:02 T1000 kernel: TCP established hash table entries: 524288 (order: 10, 4194304 bytes, vmalloc hugepage)
Feb 03 00:24:02 T1000 kernel: TCP bind hash table entries: 65536 (order: 10, 4194304 bytes, vmalloc hugepage)
Feb 03 00:24:02 T1000 kernel: TCP: Hash tables configured (established 524288 bind 65536)
Feb 03 00:24:02 T1000 kernel: UDP hash table entries: 32768 (order: 9, 3145728 bytes, vmalloc)
Feb 03 00:24:02 T1000 kernel: UDP-Lite hash table entries: 32768 (order: 9, 3145728 bytes, vmalloc)
Feb 03 00:24:02 T1000 kernel: NET: Registered PF_UNIX/PF_LOCAL protocol family
Feb 03 00:24:02 T1000 kernel: pci 0003:01:00.0: enabling device (0140 -> 0142)
Feb 03 00:24:02 T1000 kernel: PCI: CLS 0 bytes, default 128
Feb 03 00:24:02 T1000 kernel: alg: extra crypto tests enabled.  This is intended for developer use only.
Feb 03 00:24:02 T1000 kernel: crc-vpmsum_test begins, 10000 iterations
Feb 03 00:24:02 T1000 kernel: crc-vpmsum_test done, completed 10000 iterations
Feb 03 00:24:02 T1000 kernel: Initialise system trusted keyrings
Feb 03 00:24:02 T1000 kernel: workingset: timestamp_bits=38 max_order=24 bucket_order=0
Feb 03 00:24:02 T1000 kernel: NET: Registered PF_ALG protocol family
Feb 03 00:24:02 T1000 kernel: xor: measuring software checksum speed
Feb 03 00:24:02 T1000 kernel:    8regs           :  7424 MB/sec
Feb 03 00:24:02 T1000 kernel:    8regs_prefetch  :  6349 MB/sec
Feb 03 00:24:02 T1000 kernel:    32regs          :  7461 MB/sec
Feb 03 00:24:02 T1000 kernel:    32regs_prefetch :  6388 MB/sec
Feb 03 00:24:02 T1000 kernel:    altivec         :  8512 MB/sec
Feb 03 00:24:02 T1000 kernel: xor: using function: altivec (8512 MB/sec)
Feb 03 00:24:02 T1000 kernel: Key type asymmetric registered
Feb 03 00:24:02 T1000 kernel: Asymmetric key parser 'x509' registered
Feb 03 00:24:02 T1000 kernel: Block layer SCSI generic (bsg) driver version 0.4 loaded (major 251)
Feb 03 00:24:02 T1000 kernel: io scheduler kyber registered
Feb 03 00:24:02 T1000 kernel: io scheduler bfq registered
Feb 03 00:24:02 T1000 kernel: IPMI message handler: version 39.2
Feb 03 00:24:02 T1000 kernel: ipmi device interface
Feb 03 00:24:02 T1000 kernel: ipmi-powernv ibm,opal:ipmi: IPMI message handler: Found new BMC (man_id: 0x00cb06, prod_id: 0x0001, dev_id: 0x00)
Feb 03 00:24:02 T1000 kernel: hvc0: raw protocol on /ibm,opal/consoles/serial@0
Feb 03 00:24:02 T1000 kernel: hvc0: No interrupts property, using OPAL event
Feb 03 00:24:02 T1000 kernel: nvme nvme0: pci function 0001:01:00.0
Feb 03 00:24:02 T1000 kernel: nvme 0001:01:00.0: enabling device (0140 -> 0142)
Feb 03 00:24:02 T1000 kernel: tg3 0004:01:00.0: enabling device (0140 -> 0142)
Feb 03 00:24:02 T1000 kernel: tg3 0004:01:00.0 eth0: Tigon3 [partno(BCM95719) rev 5719001] (PCI Express) MAC address 2c:09:4d:00:02:fe
Feb 03 00:24:02 T1000 kernel: tg3 0004:01:00.0 eth0: attached PHY is 5719C (10/100/1000Base-T Ethernet) (WireSpeed[1], EEE[1])
Feb 03 00:24:02 T1000 kernel: tg3 0004:01:00.0 eth0: RXcsums[1] LinkChgREG[0] MIirq[0] ASF[1] TSOcap[1]
Feb 03 00:24:02 T1000 kernel: tg3 0004:01:00.0 eth0: dma_rwctrl[00000000] dma_mask[64-bit]
Feb 03 00:24:02 T1000 kernel: tg3 0004:01:00.1: enabling device (0140 -> 0142)
Feb 03 00:24:02 T1000 kernel: nvme nvme0: 8/0/0 default/read/poll queues
Feb 03 00:24:02 T1000 kernel: tg3 0004:01:00.1 eth1: Tigon3 [partno(BCM95719) rev 5719001] (PCI Express) MAC address 2c:09:4d:00:02:ff
Feb 03 00:24:02 T1000 kernel: tg3 0004:01:00.1 eth1: attached PHY is 5719C (10/100/1000Base-T Ethernet) (WireSpeed[1], EEE[1])
Feb 03 00:24:02 T1000 kernel: tg3 0004:01:00.1 eth1: RXcsums[1] LinkChgREG[0] MIirq[0] ASF[1] TSOcap[1]
Feb 03 00:24:02 T1000 kernel: tg3 0004:01:00.1 eth1: dma_rwctrl[00000000] dma_mask[64-bit]
Feb 03 00:24:02 T1000 kernel:  nvme0n1: p1 p2 p3 p4 p5 p6 p7 p8 p9
Feb 03 00:24:02 T1000 kernel: rtc-opal opal-rtc: registered as rtc0
Feb 03 00:24:02 T1000 kernel: i2c_dev: i2c /dev entries driver
Feb 03 00:24:02 T1000 kernel: powernv_idle_driver registered
Feb 03 00:24:02 T1000 kernel: NET: Registered PF_INET6 protocol family
Feb 03 00:24:02 T1000 kernel: Segment Routing with IPv6
Feb 03 00:24:02 T1000 kernel: In-situ OAM (IOAM) with IPv6
Feb 03 00:24:02 T1000 kernel: NET: Registered PF_PACKET protocol family
Feb 03 00:24:02 T1000 kernel: drmem: No dynamic reconfiguration memory found
Feb 03 00:24:02 T1000 kernel: registered taskstats version 1
Feb 03 00:24:02 T1000 kernel: Loading compiled-in X.509 certificates
Feb 03 00:24:02 T1000 kernel: zswap: loaded using pool zstd/z3fold
Feb 03 00:24:02 T1000 kernel: debug_vm_pgtable: [debug_vm_pgtable         ]: Validating architecture page table helpers
Feb 03 00:24:02 T1000 kernel: Btrfs loaded, crc32c=crc32c-vpmsum, zoned=no, fsverity=no
Feb 03 00:24:02 T1000 kernel: netpoll: netconsole: local port 6666
Feb 03 00:24:02 T1000 kernel: netpoll: netconsole: local IPv4 address 192.168.178.6
Feb 03 00:24:02 T1000 kernel: netpoll: netconsole: interface 'eth0'
Feb 03 00:24:02 T1000 kernel: netpoll: netconsole: remote port 6666
Feb 03 00:24:02 T1000 kernel: netpoll: netconsole: remote IPv4 address 192.168.178.3
Feb 03 00:24:02 T1000 kernel: netpoll: netconsole: remote ethernet address 70:85:c2:30:ec:01
Feb 03 00:24:02 T1000 kernel: netpoll: netconsole: device eth0 not up yet, forcing it
Feb 03 00:24:02 T1000 kernel: tg3 0004:01:00.0 eth0: Link is up at 1000 Mbps, full duplex
Feb 03 00:24:02 T1000 kernel: tg3 0004:01:00.0 eth0: Flow control is on for TX and on for RX
Feb 03 00:24:02 T1000 kernel: tg3 0004:01:00.0 eth0: EEE is disabled
Feb 03 00:24:02 T1000 kernel: netpoll: netconsole: carrier detect appears untrustworthy, waiting 4 seconds
Feb 03 00:24:02 T1000 kernel: IPv6: ADDRCONF(NETDEV_CHANGE): eth0: link becomes ready
Feb 03 00:24:02 T1000 kernel: printk: console [netcon0] enabled
Feb 03 00:24:02 T1000 kernel: netconsole: network logging started
Feb 03 00:24:02 T1000 kernel: BTRFS: device label p9 devid 1 transid 180683 /dev/root scanned by swapper/0 (1)
Feb 03 00:24:02 T1000 kernel: BTRFS info (device nvme0n1p3): using xxhash64 (xxhash64-generic) checksum algorithm
Feb 03 00:24:02 T1000 kernel: BTRFS info (device nvme0n1p3): using free space tree
Feb 03 00:24:02 T1000 kernel: BTRFS info (device nvme0n1p3): enabling ssd optimizations
Feb 03 00:24:02 T1000 kernel: BTRFS info (device nvme0n1p3): auto enabling async discard
Feb 03 00:24:02 T1000 kernel: VFS: Mounted root (btrfs filesystem) readonly on device 0:16.
Feb 03 00:24:02 T1000 kernel: Freeing unused kernel image (initmem) memory: 752K
Feb 03 00:24:02 T1000 kernel: Checked W+X mappings: passed, no W+X pages found
Feb 03 00:24:02 T1000 kernel: rodata_test: all tests were successful
Feb 03 00:24:02 T1000 kernel: kallsyms_selftest: start
Feb 03 00:24:02 T1000 kernel: Run /sbin/init as init process
Feb 03 00:24:02 T1000 kernel:   with arguments:
Feb 03 00:24:02 T1000 kernel:     /sbin/init
Feb 03 00:24:02 T1000 kernel:   with environment:
Feb 03 00:24:02 T1000 kernel:     HOME=/
Feb 03 00:24:02 T1000 kernel:     TERM=linux
Feb 03 00:24:02 T1000 systemd[1]: systemd 252 running in system mode (+PAM -AUDIT -SELINUX -APPARMOR +IMA +SMACK +SECCOMP -GCRYPT -GNUTLS +OPENSSL +ACL +BLKID -CURL +ELFUTILS -FIDO2 +IDN2 -IDN -IPTC +KMOD +LIBCRYPTSETUP +LIBFDISK +PCRE2 -PWQUALITY -P11KIT -QRENCODE -TPM2 -BZIP2 -LZ4 -XZ -ZLIB +ZSTD -BPF_FRAMEWORK -XKBCOMMON +UTMP +SYSVINIT default-hierarchy=unified)
Feb 03 00:24:02 T1000 systemd[1]: Detected architecture ppc64.
Feb 03 00:24:02 T1000 systemd[1]: Hostname set to <T1000>.
Feb 03 00:24:02 T1000 systemd-gpt-auto-generator[315]: File system behind root file system is reported by btrfs to be backed by pseudo-device /dev/root, which is not a valid userspace accessible device node. Cannot determine correct backing block device.
Feb 03 00:24:02 T1000 systemd[306]: /lib/systemd/system-generators/systemd-gpt-auto-generator failed with exit status 1.
Feb 03 00:24:02 T1000 systemd[1]: Queued start job for default target graphical.target.
Feb 03 00:24:02 T1000 systemd[1]: Created slice system-getty.slice.
Feb 03 00:24:02 T1000 systemd[1]: Created slice system-modprobe.slice.
Feb 03 00:24:02 T1000 systemd[1]: Created slice system-serial\x2dgetty.slice.
Feb 03 00:24:02 T1000 systemd[1]: Created slice system-systemd\x2dfsck.slice.
Feb 03 00:24:02 T1000 systemd[1]: Created slice system-vncserver.slice.
Feb 03 00:24:02 T1000 systemd[1]: Created slice user.slice.
Feb 03 00:24:02 T1000 systemd[1]: Started systemd-ask-password-console.path.
Feb 03 00:24:02 T1000 systemd[1]: Started systemd-ask-password-wall.path.
Feb 03 00:24:02 T1000 systemd[1]: proc-sys-fs-binfmt_misc.automount was skipped because of an unmet condition check (ConditionPathExists=/proc/sys/fs/binfmt_misc).
Feb 03 00:24:02 T1000 systemd[1]: Reached target cryptsetup.target.
Feb 03 00:24:02 T1000 systemd[1]: Reached target integritysetup.target.
Feb 03 00:24:02 T1000 systemd[1]: Reached target paths.target.
Feb 03 00:24:02 T1000 systemd[1]: Reached target remote-fs.target.
Feb 03 00:24:02 T1000 systemd[1]: Reached target slices.target.
Feb 03 00:24:02 T1000 systemd[1]: Reached target veritysetup.target.
Feb 03 00:24:02 T1000 systemd[1]: Listening on systemd-coredump.socket.
Feb 03 00:24:02 T1000 systemd[1]: Listening on systemd-initctl.socket.
Feb 03 00:24:02 T1000 systemd[1]: systemd-journald-audit.socket was skipped because of an unmet condition check (ConditionSecurity=audit).
Feb 03 00:24:02 T1000 systemd[1]: Listening on systemd-journald-dev-log.socket.
Feb 03 00:24:02 T1000 systemd[1]: Listening on systemd-journald.socket.
Feb 03 00:24:02 T1000 systemd[1]: Listening on systemd-networkd.socket.
Feb 03 00:24:02 T1000 systemd[1]: Listening on systemd-udevd-control.socket.
Feb 03 00:24:02 T1000 systemd[1]: Listening on systemd-udevd-kernel.socket.
Feb 03 00:24:02 T1000 systemd[1]: Mounting dev-hugepages.mount...
Feb 03 00:24:02 T1000 systemd[1]: Mounting dev-mqueue.mount...
Feb 03 00:24:02 T1000 systemd[1]: Mounting sys-kernel-debug.mount...
Feb 03 00:24:02 T1000 systemd[1]: sys-kernel-tracing.mount was skipped because of an unmet condition check (ConditionPathExists=/sys/kernel/tracing).
Feb 03 00:24:02 T1000 systemd[1]: Starting kmod-static-nodes.service...
Feb 03 00:24:02 T1000 systemd[1]: Starting modprobe@configfs.service...
Feb 03 00:24:02 T1000 systemd[1]: Starting modprobe@drm.service...
Feb 03 00:24:02 T1000 systemd[1]: Starting modprobe@fuse.service...
Feb 03 00:24:02 T1000 systemd[1]: Starting systemd-fsck-root.service...
Feb 03 00:24:02 T1000 systemd[1]: Starting systemd-journald.service...
Feb 03 00:24:02 T1000 systemd[1]: Starting systemd-modules-load.service...
Feb 03 00:24:02 T1000 systemd[1]: systemd-repart.service was skipped because no trigger condition checks were met.
Feb 03 00:24:02 T1000 systemd[1]: Starting systemd-udev-trigger.service...
Feb 03 00:24:02 T1000 kernel: fuse: init (API version 7.38)
Feb 03 00:24:02 T1000 systemd[1]: Starting zram_var_tmp.service...
Feb 03 00:24:02 T1000 systemd[1]: Mounted dev-hugepages.mount.
Feb 03 00:24:02 T1000 systemd[1]: Mounted dev-mqueue.mount.
Feb 03 00:24:02 T1000 systemd[1]: Mounted sys-kernel-debug.mount.
Feb 03 00:24:02 T1000 systemd[1]: Finished kmod-static-nodes.service.
Feb 03 00:24:02 T1000 systemd[1]: modprobe@configfs.service: Deactivated successfully.
Feb 03 00:24:02 T1000 systemd[1]: Finished modprobe@configfs.service.
Feb 03 00:24:02 T1000 kernel: powernv-cpufreq: cpufreq pstate min 0x63 nominal 0x42 max 0x0
Feb 03 00:24:02 T1000 kernel: powernv-cpufreq: Workload Optimized Frequency is enabled in the platform
Feb 03 00:24:02 T1000 systemd[1]: modprobe@drm.service: Deactivated successfully.
Feb 03 00:24:02 T1000 systemd[1]: Finished modprobe@drm.service.
Feb 03 00:24:02 T1000 systemd[1]: modprobe@fuse.service: Deactivated successfully.
Feb 03 00:24:02 T1000 systemd[1]: Finished modprobe@fuse.service.
Feb 03 00:24:02 T1000 systemd[1]: Finished systemd-fsck-root.service.
Feb 03 00:24:02 T1000 kernel: zram: Added device: zram0
Feb 03 00:24:02 T1000 kernel: zram: Added device: zram1
Feb 03 00:24:02 T1000 systemd[1]: Mounting sys-fs-fuse-connections.mount...
Feb 03 00:24:02 T1000 kernel: zram: Added device: zram2
Feb 03 00:24:02 T1000 kernel: Asymmetric key parser 'pkcs8' registered
Feb 03 00:24:02 T1000 systemd[1]: Mounting sys-kernel-config.mount...
Feb 03 00:24:02 T1000 systemd[1]: Starting systemd-remount-fs.service...
Feb 03 00:24:02 T1000 systemd[1]: Finished systemd-modules-load.service.
Feb 03 00:24:02 T1000 systemd[1]: Mounted sys-fs-fuse-connections.mount.
Feb 03 00:24:02 T1000 systemd[1]: Starting systemd-sysctl.service...
Feb 03 00:24:02 T1000 systemd[1]: Mounted sys-kernel-config.mount.
Feb 03 00:24:02 T1000 systemd[1]: Finished systemd-sysctl.service.
Feb 03 00:24:02 T1000 kernel: zram1: detected capacity change from 0 to 100663296
Feb 03 00:24:02 T1000 systemd[1]: Finished systemd-udev-trigger.service.
Feb 03 00:24:02 T1000 systemd[1]: Started systemd-journald.service.
Feb 03 00:24:02 T1000 kernel: kallsyms_selftest:  ---------------------------------------------------------
Feb 03 00:24:02 T1000 kernel: kallsyms_selftest: | nr_symbols | compressed size | original size | ratio(%) |
Feb 03 00:24:02 T1000 kernel: kallsyms_selftest: |---------------------------------------------------------|
Feb 03 00:24:02 T1000 kernel: kallsyms_selftest: |      31254 |        347119   |       587899  |  59.4    |
Feb 03 00:24:02 T1000 kernel: kallsyms_selftest:  ---------------------------------------------------------
Feb 03 00:24:03 T1000 kernel: BTRFS info (device nvme0n1p3: state M): use zstd compression, level 1
Feb 03 00:24:03 T1000 systemd-journald[335]: Received client request to flush runtime journal.
Feb 03 00:24:03 T1000 kernel: kallsyms_selftest: kallsyms_lookup_name() looked up 31254 symbols
Feb 03 00:24:03 T1000 kernel: kallsyms_selftest: The time spent on each symbol is (ns): min=1224, max=20426, avg=7813
Feb 03 00:24:03 T1000 kernel: kallsyms_selftest: kallsyms_on_each_symbol() traverse all: 4259688 ns
Feb 03 00:24:03 T1000 kernel: kallsyms_selftest: kallsyms_on_each_match_symbol() traverse all: 9652 ns
Feb 03 00:24:03 T1000 kernel: kallsyms_selftest: finish
Feb 03 00:24:03 T1000 kernel: BTRFS: device label var_tmp_dir devid 1 transid 6 /dev/zram1 scanned by mkfs.btrfs (352)
Feb 03 00:24:03 T1000 kernel: BTRFS info (device zram1): using crc32c (crc32c-vpmsum) checksum algorithm
Feb 03 00:24:03 T1000 kernel: BTRFS info (device zram1): setting nodatasum
Feb 03 00:24:03 T1000 kernel: BTRFS info (device zram1): using free space tree
Feb 03 00:24:03 T1000 kernel: BTRFS info (device zram1): enabling ssd optimizations
Feb 03 00:24:03 T1000 kernel: BTRFS info (device zram1): auto enabling async discard
Feb 03 00:24:03 T1000 kernel: BTRFS info (device zram1): checking UUID tree
Feb 03 00:24:03 T1000 kernel: tg3 0004:01:00.1 enP4p1s0f1: renamed from eth1
Feb 03 00:24:03 T1000 kernel: at24 0-0050: 65536 byte 24c512 EEPROM, writable, 1 bytes/write
Feb 03 00:24:03 T1000 kernel: 6 fixed-partitions partitions found on MTD device flash@0
Feb 03 00:24:03 T1000 kernel: Creating 6 MTD partitions on "flash@0":
Feb 03 00:24:03 T1000 kernel: 0x000000000000-0x000004000000 : "PNOR"
Feb 03 00:24:03 T1000 kernel: 0x000001b21000-0x000003921000 : "BOOTKERNEL"
Feb 03 00:24:03 T1000 kernel: 0x000003a44000-0x000003a68000 : "CAPP"
Feb 03 00:24:03 T1000 kernel: 0x000003a88000-0x000003a89000 : "VERSION"
Feb 03 00:24:03 T1000 kernel: 0x000003a89000-0x000003ac9000 : "IMA_CATALOG"
Feb 03 00:24:03 T1000 kernel: 0x000003e10000-0x000004000000 : "BOOTKERNFW"
Feb 03 00:24:03 T1000 kernel: BTRFS info: devid 1 device path /dev/root changed to /dev/nvme0n1p3 scanned by systemd-udevd (387)
Feb 03 00:24:03 T1000 kernel: Kernel attempted to write user page (aa55c280000) - exploit attempt? (uid: 0)
Feb 03 00:24:03 T1000 kernel: ------------[ cut here ]------------
Feb 03 00:24:03 T1000 kernel: Bug: Write fault blocked by KUAP!
Feb 03 00:24:03 T1000 kernel: WARNING: CPU: 11 PID: 404 at arch/powerpc/mm/fault.c:228 ___do_page_fault+0x794/0x920
Feb 03 00:24:03 T1000 kernel: Modules linked in: drm_ttm_helper ttm drm_display_helper ofpart ghash_generic(+) drm_kms_helper vmx_crypto(+) powernv_flash ibmpowernv gf128mul syscopyarea sysfillrect hwmon mtd at24(+) sysimgblt usb_common regmap_i2c opal_prd pkcs8_key_parser zram zsmalloc powernv_cpufreq drm fuse drm_panel_orientation_quirks backlight configfs
Feb 03 00:24:03 T1000 kernel: CPU: 11 PID: 404 Comm: systemd-udevd Tainted: G                T  6.2.0-rc6-P9 #2
Feb 03 00:24:03 T1000 kernel: Hardware name: T2P9D01 REV 1.01 POWER9 0x4e1202 opal:skiboot-bc106a0 PowerNV
Feb 03 00:24:03 T1000 kernel: NIP:  c0000000000579c4 LR: c0000000000579c0 CTR: 0000000000000000
Feb 03 00:24:03 T1000 kernel: REGS: c000000023b57280 TRAP: 0700   Tainted: G                T   (6.2.0-rc6-P9)
Feb 03 00:24:03 T1000 kernel: MSR:  9000000000029032 <SF,HV,EE,ME,IR,DR,RI>  CR: 44242242  XER: 00000000
Feb 03 00:24:03 T1000 kernel: CFAR: c0000000000b6d54 IRQMASK: 3 
                              GPR00: 0000000000000000 c000000023b57520 c000000000e7cc00 0000000000000000 
                              GPR04: 0000000000000000 0000000000000000 0000000000000000 0000000000000000 
                              GPR08: 0000000000000000 0000000000000000 0000000000000000 0000000000000000 
                              GPR12: 0000000000000000 c0000007fbfdcf00 aaaaaaaaaaaaaaab c00800000ce2ed98 
                              GPR16: c00800000ce44d00 c00800000ce33fd8 c00800000bd97d08 c00800000bd29c80 
                              GPR20: c00800000bd97e48 c00800000bd98f48 000000000002dd98 c000000023545500 
                              GPR24: 00000aa55c27fffc 00000aa55c27f000 0000000002000000 c000000023545500 
                              GPR28: 0000000000000300 c000000000d80470 00000aa55c280000 c000000023b57630 
Feb 03 00:24:03 T1000 kernel: NIP [c0000000000579c4] ___do_page_fault+0x794/0x920
Feb 03 00:24:03 T1000 kernel: LR [c0000000000579c0] ___do_page_fault+0x790/0x920
Feb 03 00:24:03 T1000 kernel: Call Trace:
Feb 03 00:24:03 T1000 kernel: [c000000023b57520] [c0000000000579c0] ___do_page_fault+0x790/0x920 (unreliable)
Feb 03 00:24:03 T1000 kernel: [c000000023b575d0] [c000000000057bac] do_page_fault+0x5c/0x170
Feb 03 00:24:03 T1000 kernel: [c000000023b57600] [c0000000000088d8] data_access_common_virt+0x198/0x1f0
Feb 03 00:24:03 T1000 kernel: --- interrupt: 300 at __patch_instruction+0x50/0x70
Feb 03 00:24:03 T1000 kernel: NIP:  c000000000064670 LR: c000000000064c2c CTR: c000000000048ee0
Feb 03 00:24:03 T1000 kernel: REGS: c000000023b57630 TRAP: 0300   Tainted: G                T   (6.2.0-rc6-P9)
Feb 03 00:24:03 T1000 kernel: MSR:  900000000280b032 <SF,HV,VEC,VSX,EE,FP,ME,IR,DR,RI>  CR: 24222244  XER: 00000000
Feb 03 00:24:03 T1000 kernel: CFAR: c00000000006462c DAR: 00000aa55c280000 DSISR: 42000000 IRQMASK: 1 
                              GPR00: 0000000000000000 c000000023b578d0 c000000000e7cc00 c00800000ce33ffc 
                              GPR04: 041ae13000000000 00000aa55c27fffc 0000000000000000 0000000000000000 
                              GPR08: 0000000000000000 00000000041ae130 0000000000000001 0000000000000000 
                              GPR12: 0000000000000000 c0000007fbfdcf00 aaaaaaaaaaaaaaab c00800000ce2ed98 
                              GPR16: c00800000ce44d00 c00800000ce33fd8 c00800000bd97d08 c00800000bd29c80 
                              GPR20: c00800000bd97e48 c00800000bd98f48 000000000002dd98 c000000023545500 
                              GPR24: 00000aa55c27fffc 00000aa55c27f000 041ae13000000000 c0000000012e1400 
                              GPR28: 0000000000000000 c00800000ce33ffc c000000004a813f8 00000000000251bd 
Feb 03 00:24:03 T1000 kernel: NIP [c000000000064670] __patch_instruction+0x50/0x70
Feb 03 00:24:03 T1000 kernel: LR [c000000000064c2c] patch_instruction+0x13c/0x280
Feb 03 00:24:03 T1000 kernel: --- interrupt: 300
Feb 03 00:24:03 T1000 kernel: [c000000023b578d0] [c000000000064bd8] patch_instruction+0xe8/0x280 (unreliable)
Feb 03 00:24:03 T1000 kernel: [c000000023b57950] [c000000000049314] apply_relocate_add+0x9f4/0xb50
Feb 03 00:24:03 T1000 kernel: [c000000023b57a70] [c000000000172cbc] load_module+0x20fc/0x2a00
Feb 03 00:24:03 T1000 kernel: [c000000023b57c00] [c0000000001738c8] __do_sys_finit_module+0xc8/0x180
Feb 03 00:24:03 T1000 kernel: [c000000023b57ce0] [c00000000002ae90] system_call_exception+0x130/0x2d0
Feb 03 00:24:03 T1000 kernel: [c000000023b57e50] [c00000000000c070] system_call_vectored_common+0xf0/0x280
Feb 03 00:24:03 T1000 kernel: --- interrupt: 3000 at 0x3fffa31d5a28
Feb 03 00:24:03 T1000 kernel: NIP:  00003fffa31d5a28 LR: 0000000000000000 CTR: 0000000000000000
Feb 03 00:24:03 T1000 kernel: REGS: c000000023b57e80 TRAP: 3000   Tainted: G                T   (6.2.0-rc6-P9)
Feb 03 00:24:03 T1000 kernel: MSR:  900000000280f032 <SF,HV,VEC,VSX,EE,PR,FP,ME,IR,DR,RI>  CR: 48222244  XER: 00000000
Feb 03 00:24:03 T1000 kernel: IRQMASK: 0 
                              GPR00: 0000000000000161 00003ffff9bf99f0 00003fffa32d7200 000000000000000d 
                              GPR04: 00003fffa3375029 0000000000000000 000000000000000d 0000000000000000 
                              GPR08: 0000000000000000 0000000000000000 0000000000000000 0000000000000000 
                              GPR12: 0000000000000000 00003fffa379c7e0 0000000000000000 000000012cb4a805 
                              GPR16: 0000000040000000 0000000020000000 000000012cb4bcc9 00003fffa366da07 
                              GPR20: 0000000000000000 000000015a588320 0000000020000000 0000000000000000 
                              GPR24: 0000000020000000 0000000000000000 0000000000000000 000000015a561eb0 
                              GPR28: 00003fffa3375029 0000000000020000 0000000000000000 000000015a58cc20 
Feb 03 00:24:03 T1000 kernel: NIP [00003fffa31d5a28] 0x3fffa31d5a28
Feb 03 00:24:03 T1000 kernel: LR [0000000000000000] 0x0
Feb 03 00:24:03 T1000 kernel: --- interrupt: 3000
Feb 03 00:24:03 T1000 kernel: Code: e87f0100 48094161 60000000 2c230000 4182fefc 418e00b8 3c82ffee 388442a8 3c62ffee 38634398 4805f315 60000000 <0fe00000> fb210078 60000000 e93d0650 
Feb 03 00:24:03 T1000 kernel: ---[ end trace 0000000000000000 ]---
Feb 03 00:24:03 T1000 kernel: BTRFS: device label g5_sta devid 1 transid 55729 /dev/nvme0n1p5 scanned by systemd-udevd (467)
Feb 03 00:24:03 T1000 kernel: BTRFS: device label g4_musl devid 1 transid 64188 /dev/nvme0n1p8 scanned by systemd-udevd (425)
Feb 03 00:24:03 T1000 kernel: BTRFS: device label aux_p9 devid 1 transid 155143 /dev/nvme0n1p9 scanned by systemd-udevd (472)
Feb 03 00:24:03 T1000 kernel: BTRFS: device label g5_musl devid 1 transid 71824 /dev/nvme0n1p6 scanned by systemd-udevd (402)
Feb 03 00:24:03 T1000 kernel: at24 2-0050: 16384 byte 24c128 EEPROM, writable, 1 bytes/write
Feb 03 00:24:03 T1000 kernel: at24 3-0050: 256 byte spd EEPROM, read-only
Feb 03 00:24:03 T1000 kernel: at24 3-0052: 256 byte spd EEPROM, read-only
Feb 03 00:24:03 T1000 kernel: at24 4-0054: 256 byte spd EEPROM, read-only
Feb 03 00:24:03 T1000 kernel: at24 4-0056: 256 byte spd EEPROM, read-only
Feb 03 00:24:03 T1000 kernel: at24 5-0050: 65536 byte 24c512 EEPROM, writable, 1 bytes/write
Feb 03 00:24:03 T1000 kernel: cfg80211: Loading compiled-in X.509 certificates for regulatory database
Feb 03 00:24:03 T1000 kernel: cfg80211: Loaded X.509 cert 'sforshee: 00b28ddf47aef9cea7'
Feb 03 00:24:03 T1000 kernel: at24 7-0050: 256 byte spd EEPROM, read-only
Feb 03 00:24:03 T1000 kernel: at24 7-0052: 256 byte spd EEPROM, read-only
Feb 03 00:24:03 T1000 kernel: at24 8-0054: 256 byte spd EEPROM, read-only
Feb 03 00:24:03 T1000 kernel: at24 8-0056: 256 byte spd EEPROM, read-only
Feb 03 00:24:03 T1000 kernel: [drm] radeon kernel modesetting enabled.
Feb 03 00:24:03 T1000 kernel: radeon 0030:01:00.0: enabling device (0140 -> 0142)
Feb 03 00:24:03 T1000 kernel: [drm] initializing kernel modesetting (R423 0x1002:0x5D4F 0x174B:0x1600 0x00).
Feb 03 00:24:03 T1000 kernel: [drm:radeon_device_init [radeon]] *ERROR* Unable to find PCI I/O BAR
Feb 03 00:24:03 T1000 kernel: radeon 0030:01:00.0: Invalid PCI ROM header signature: expecting 0xaa55, got 0x0000
Feb 03 00:24:03 T1000 kernel: [drm:radeon_atombios_init [radeon]] *ERROR* Unable to find PCI I/O BAR; using MMIO for ATOM IIO
Feb 03 00:24:03 T1000 kernel: ATOM BIOS: RADEON
Feb 03 00:24:03 T1000 kernel: [drm] Generation 2 PCI interface, using max accessible memory
Feb 03 00:24:03 T1000 kernel: radeon 0030:01:00.0: VRAM: 256M 0x0006200000000000 - 0x000620000FFFFFFF (256M used)
Feb 03 00:24:03 T1000 kernel: radeon 0030:01:00.0: GTT: 512M 0x0006200010000000 - 0x000620002FFFFFFF
Feb 03 00:24:03 T1000 kernel: [drm] Detected VRAM RAM=256M, BAR=128M
Feb 03 00:24:03 T1000 kernel: [drm] RAM width 256bits DDR
Feb 03 00:24:03 T1000 kernel: radeon 0030:01:00.0: dma_iommu_get_required_mask: returning bypass mask 0xfffffffffffffff
Feb 03 00:24:03 T1000 kernel: [drm] radeon: 256M of VRAM memory ready
Feb 03 00:24:03 T1000 kernel: [drm] radeon: 512M of GTT memory ready.
Feb 03 00:24:03 T1000 kernel: [drm] GART: num cpu pages 131072, num gpu pages 131072
Feb 03 00:24:03 T1000 kernel: [drm] PCIE GART of 512M enabled (table at 0x0000000000040000).
Feb 03 00:24:03 T1000 kernel: [drm] radeon: 3 quad pipes, 1 z pipes initialized.
Feb 03 00:24:03 T1000 kernel: radeon 0030:01:00.0: WB enabled
Feb 03 00:24:03 T1000 kernel: radeon 0030:01:00.0: fence driver on ring 0 use gpu addr 0x0006200010000000
Feb 03 00:24:03 T1000 kernel: radeon 0030:01:00.0: radeon: MSI limited to 32-bit
Feb 03 00:24:03 T1000 kernel: radeon 0030:01:00.0: radeon: using MSI.
Feb 03 00:24:03 T1000 kernel: [drm] radeon: irq initialized.
Feb 03 00:24:03 T1000 kernel: [drm] Loading R400 Microcode
Feb 03 00:24:03 T1000 kernel: [drm] radeon: ring at 0x0006200010001000
Feb 03 00:24:03 T1000 kernel: [drm] ring test succeeded in 1 usecs
Feb 03 00:24:03 T1000 kernel: [drm] ib test succeeded in 0 usecs
Feb 03 00:24:03 T1000 kernel: Stack Depot allocating hash table of 1048576 entries with kvcalloc
Feb 03 00:24:03 T1000 kernel: [drm] Radeon Display Connectors
Feb 03 00:24:03 T1000 kernel: [drm] Connector 0:
Feb 03 00:24:03 T1000 kernel: [drm]   VGA-1
Feb 03 00:24:03 T1000 kernel: [drm]   DDC: 0x64 0x64 0x64 0x64 0x64 0x64 0x64 0x64
Feb 03 00:24:03 T1000 kernel: [drm]   Encoders:
Feb 03 00:24:03 T1000 kernel: [drm]     CRT1: INTERNAL_DAC1
Feb 03 00:24:03 T1000 kernel: [drm] Connector 1:
Feb 03 00:24:03 T1000 kernel: [drm]   SVIDEO-1
Feb 03 00:24:03 T1000 kernel: [drm]   Encoders:
Feb 03 00:24:03 T1000 kernel: [drm]     TV1: INTERNAL_DAC2
Feb 03 00:24:03 T1000 kernel: [drm] Connector 2:
Feb 03 00:24:03 T1000 kernel: [drm]   DVI-I-1
Feb 03 00:24:03 T1000 kernel: [drm]   HPD1
Feb 03 00:24:03 T1000 kernel: [drm]   DDC: 0x68 0x68 0x68 0x68 0x68 0x68 0x68 0x68
Feb 03 00:24:03 T1000 kernel: [drm]   Encoders:
Feb 03 00:24:03 T1000 kernel: [drm]     CRT2: INTERNAL_DAC2
Feb 03 00:24:03 T1000 kernel: [drm]     DFP1: INTERNAL_TMDS1
Feb 03 00:24:03 T1000 kernel: Adding 16777212k swap on /dev/nvme0n1p4.  Priority:-2 extents:1 across:16777212k SSFS
Feb 03 00:24:03 T1000 kernel: EXT4-fs (nvme0n1p2): mounting ext2 file system using the ext4 subsystem
Feb 03 00:24:03 T1000 kernel: EXT4-fs (nvme0n1p2): mounted filesystem 4913eef4-b406-4b09-ad17-549fbf0a775e without journal. Quota mode: disabled.
Feb 03 00:24:03 T1000 kernel: [drm] fb mappable at 0x62000000C0000
Feb 03 00:24:03 T1000 kernel: [drm] vram apper at 0x6200000000000
Feb 03 00:24:03 T1000 kernel: [drm] size 8294400
Feb 03 00:24:03 T1000 kernel: [drm] fb depth is 24
Feb 03 00:24:03 T1000 kernel: [drm]    pitch is 7680
Feb 03 00:24:03 T1000 kernel: Console: switching to colour frame buffer device 240x67
Feb 03 00:24:03 T1000 kernel: radeon 0030:01:00.0: [drm] fb0: radeondrmfb frame buffer device
Feb 03 00:24:03 T1000 kernel: [drm] Initialized radeon 2.50.0 20080528 for 0030:01:00.0 on minor 0
Feb 03 00:24:04 T1000 kernel: radeon 0030:01:00.0: vgaarb: changed VGA decodes: olddecodes=io+mem,decodes=none:owns=none

--MP_/EyRktFZsbJFrBw2uLsf1xDm
Content-Type: application/octet-stream; name=config_62-rc6_p9
Content-Transfer-Encoding: base64
Content-Disposition: attachment; filename=config_62-rc6_p9

IwojIEF1dG9tYXRpY2FsbHkgZ2VuZXJhdGVkIGZpbGU7IERPIE5PVCBFRElULgojIExpbnV4L3Bv
d2VycGMgNi4yLjAtcmM2IEtlcm5lbCBDb25maWd1cmF0aW9uCiMKQ09ORklHX0NDX1ZFUlNJT05f
VEVYVD0iZ2NjIChHZW50b28gMTIuMi4xX3AyMDIzMDEyMS1yMSBwMTApIDEyLjIuMSAyMDIzMDEy
MSIKQ09ORklHX0NDX0lTX0dDQz15CkNPTkZJR19HQ0NfVkVSU0lPTj0xMjAyMDEKQ09ORklHX0NM
QU5HX1ZFUlNJT049MApDT05GSUdfQVNfSVNfR05VPXkKQ09ORklHX0FTX1ZFUlNJT049MjM5MDAK
Q09ORklHX0xEX0lTX0JGRD15CkNPTkZJR19MRF9WRVJTSU9OPTIzOTAwCkNPTkZJR19MTERfVkVS
U0lPTj0wCkNPTkZJR19DQ19DQU5fTElOSz15CkNPTkZJR19DQ19DQU5fTElOS19TVEFUSUM9eQpD
T05GSUdfQ0NfSEFTX0FTTV9HT1RPX09VVFBVVD15CkNPTkZJR19DQ19IQVNfQVNNX0dPVE9fVElF
RF9PVVRQVVQ9eQpDT05GSUdfQ0NfSEFTX0FTTV9JTkxJTkU9eQpDT05GSUdfQ0NfSEFTX05PX1BS
T0ZJTEVfRk5fQVRUUj15CkNPTkZJR19QQUhPTEVfVkVSU0lPTj0wCkNPTkZJR19JUlFfV09SSz15
CkNPTkZJR19CVUlMRFRJTUVfVEFCTEVfU09SVD15CkNPTkZJR19USFJFQURfSU5GT19JTl9UQVNL
PXkKCiMKIyBHZW5lcmFsIHNldHVwCiMKQ09ORklHX0lOSVRfRU5WX0FSR19MSU1JVD0zMgojIENP
TkZJR19DT01QSUxFX1RFU1QgaXMgbm90IHNldAojIENPTkZJR19XRVJST1IgaXMgbm90IHNldApD
T05GSUdfTE9DQUxWRVJTSU9OPSItUDkiCiMgQ09ORklHX0xPQ0FMVkVSU0lPTl9BVVRPIGlzIG5v
dCBzZXQKQ09ORklHX0JVSUxEX1NBTFQ9IiIKQ09ORklHX0hBVkVfS0VSTkVMX0daSVA9eQpDT05G
SUdfSEFWRV9LRVJORUxfWFo9eQpDT05GSUdfS0VSTkVMX0daSVA9eQojIENPTkZJR19LRVJORUxf
WFogaXMgbm90IHNldApDT05GSUdfREVGQVVMVF9JTklUPSIiCkNPTkZJR19ERUZBVUxUX0hPU1RO
QU1FPSIobm9uZSkiCkNPTkZJR19TWVNWSVBDPXkKQ09ORklHX1NZU1ZJUENfU1lTQ1RMPXkKQ09O
RklHX1NZU1ZJUENfQ09NUEFUPXkKQ09ORklHX1BPU0lYX01RVUVVRT15CkNPTkZJR19QT1NJWF9N
UVVFVUVfU1lTQ1RMPXkKQ09ORklHX1dBVENIX1FVRVVFPXkKQ09ORklHX0NST1NTX01FTU9SWV9B
VFRBQ0g9eQojIENPTkZJR19VU0VMSUIgaXMgbm90IHNldAojIENPTkZJR19BVURJVCBpcyBub3Qg
c2V0CkNPTkZJR19IQVZFX0FSQ0hfQVVESVRTWVNDQUxMPXkKCiMKIyBJUlEgc3Vic3lzdGVtCiMK
Q09ORklHX0dFTkVSSUNfSVJRX1NIT1c9eQpDT05GSUdfR0VORVJJQ19JUlFfU0hPV19MRVZFTD15
CkNPTkZJR19HRU5FUklDX0lSUV9NSUdSQVRJT049eQpDT05GSUdfR0VORVJJQ19JUlFfSU5KRUNU
SU9OPXkKQ09ORklHX0hBUkRJUlFTX1NXX1JFU0VORD15CkNPTkZJR19JUlFfRE9NQUlOPXkKQ09O
RklHX0lSUV9ET01BSU5fSElFUkFSQ0hZPXkKQ09ORklHX0dFTkVSSUNfTVNJX0lSUT15CkNPTkZJ
R19JUlFfRk9SQ0VEX1RIUkVBRElORz15CkNPTkZJR19TUEFSU0VfSVJRPXkKQ09ORklHX0dFTkVS
SUNfSVJRX0RFQlVHRlM9eQojIGVuZCBvZiBJUlEgc3Vic3lzdGVtCgpDT05GSUdfR0VORVJJQ19U
SU1FX1ZTWVNDQUxMPXkKQ09ORklHX0dFTkVSSUNfQ0xPQ0tFVkVOVFM9eQpDT05GSUdfQVJDSF9I
QVNfVElDS19CUk9BRENBU1Q9eQpDT05GSUdfR0VORVJJQ19DTE9DS0VWRU5UU19CUk9BRENBU1Q9
eQpDT05GSUdfR0VORVJJQ19DTU9TX1VQREFURT15CkNPTkZJR19DT05URVhUX1RSQUNLSU5HPXkK
Q09ORklHX0NPTlRFWFRfVFJBQ0tJTkdfSURMRT15CgojCiMgVGltZXJzIHN1YnN5c3RlbQojCkNP
TkZJR19USUNLX09ORVNIT1Q9eQpDT05GSUdfTk9fSFpfQ09NTU9OPXkKIyBDT05GSUdfSFpfUEVS
SU9ESUMgaXMgbm90IHNldApDT05GSUdfTk9fSFpfSURMRT15CiMgQ09ORklHX05PX0haX0ZVTEwg
aXMgbm90IHNldAojIENPTkZJR19OT19IWiBpcyBub3Qgc2V0CkNPTkZJR19ISUdIX1JFU19USU1F
UlM9eQojIGVuZCBvZiBUaW1lcnMgc3Vic3lzdGVtCgpDT05GSUdfQlBGPXkKQ09ORklHX0hBVkVf
RUJQRl9KSVQ9eQoKIwojIEJQRiBzdWJzeXN0ZW0KIwpDT05GSUdfQlBGX1NZU0NBTEw9eQojIENP
TkZJR19CUEZfSklUIGlzIG5vdCBzZXQKQ09ORklHX0JQRl9VTlBSSVZfREVGQVVMVF9PRkY9eQoj
IENPTkZJR19CUEZfUFJFTE9BRCBpcyBub3Qgc2V0CiMgZW5kIG9mIEJQRiBzdWJzeXN0ZW0KCkNP
TkZJR19QUkVFTVBUX1ZPTFVOVEFSWV9CVUlMRD15CiMgQ09ORklHX1BSRUVNUFRfTk9ORSBpcyBu
b3Qgc2V0CkNPTkZJR19QUkVFTVBUX1ZPTFVOVEFSWT15CiMgQ09ORklHX1BSRUVNUFQgaXMgbm90
IHNldAojIENPTkZJR19TQ0hFRF9DT1JFIGlzIG5vdCBzZXQKCiMKIyBDUFUvVGFzayB0aW1lIGFu
ZCBzdGF0cyBhY2NvdW50aW5nCiMKQ09ORklHX1ZJUlRfQ1BVX0FDQ09VTlRJTkc9eQojIENPTkZJ
R19USUNLX0NQVV9BQ0NPVU5USU5HIGlzIG5vdCBzZXQKQ09ORklHX1ZJUlRfQ1BVX0FDQ09VTlRJ
TkdfTkFUSVZFPXkKIyBDT05GSUdfVklSVF9DUFVfQUNDT1VOVElOR19HRU4gaXMgbm90IHNldApD
T05GSUdfQlNEX1BST0NFU1NfQUNDVD15CkNPTkZJR19CU0RfUFJPQ0VTU19BQ0NUX1YzPXkKQ09O
RklHX1RBU0tTVEFUUz15CkNPTkZJR19UQVNLX0RFTEFZX0FDQ1Q9eQpDT05GSUdfVEFTS19YQUND
VD15CkNPTkZJR19UQVNLX0lPX0FDQ09VTlRJTkc9eQojIENPTkZJR19QU0kgaXMgbm90IHNldAoj
IGVuZCBvZiBDUFUvVGFzayB0aW1lIGFuZCBzdGF0cyBhY2NvdW50aW5nCgpDT05GSUdfQ1BVX0lT
T0xBVElPTj15CgojCiMgUkNVIFN1YnN5c3RlbQojCkNPTkZJR19UUkVFX1JDVT15CiMgQ09ORklH
X1JDVV9FWFBFUlQgaXMgbm90IHNldApDT05GSUdfU1JDVT15CkNPTkZJR19UUkVFX1NSQ1U9eQpD
T05GSUdfTkVFRF9TUkNVX05NSV9TQUZFPXkKQ09ORklHX1RBU0tTX1JDVV9HRU5FUklDPXkKQ09O
RklHX1RBU0tTX1RSQUNFX1JDVT15CkNPTkZJR19SQ1VfU1RBTExfQ09NTU9OPXkKQ09ORklHX1JD
VV9ORUVEX1NFR0NCTElTVD15CiMgZW5kIG9mIFJDVSBTdWJzeXN0ZW0KCkNPTkZJR19JS0NPTkZJ
Rz15CkNPTkZJR19JS0NPTkZJR19QUk9DPXkKIyBDT05GSUdfSUtIRUFERVJTIGlzIG5vdCBzZXQK
Q09ORklHX0xPR19CVUZfU0hJRlQ9MTYKQ09ORklHX0xPR19DUFVfTUFYX0JVRl9TSElGVD0xMwpD
T05GSUdfUFJJTlRLX1NBRkVfTE9HX0JVRl9TSElGVD0xMwojIENPTkZJR19QUklOVEtfSU5ERVgg
aXMgbm90IHNldAoKIwojIFNjaGVkdWxlciBmZWF0dXJlcwojCiMgZW5kIG9mIFNjaGVkdWxlciBm
ZWF0dXJlcwoKQ09ORklHX0FSQ0hfU1VQUE9SVFNfTlVNQV9CQUxBTkNJTkc9eQpDT05GSUdfQ0Nf
SEFTX0lOVDEyOD15CkNPTkZJR19DQ19JTVBMSUNJVF9GQUxMVEhST1VHSD0iLVdpbXBsaWNpdC1m
YWxsdGhyb3VnaD01IgpDT05GSUdfR0NDMTFfTk9fQVJSQVlfQk9VTkRTPXkKQ09ORklHX0dDQzEy
X05PX0FSUkFZX0JPVU5EUz15CkNPTkZJR19DQ19OT19BUlJBWV9CT1VORFM9eQpDT05GSUdfTlVN
QV9CQUxBTkNJTkc9eQpDT05GSUdfTlVNQV9CQUxBTkNJTkdfREVGQVVMVF9FTkFCTEVEPXkKQ09O
RklHX0NHUk9VUFM9eQpDT05GSUdfUEFHRV9DT1VOVEVSPXkKIyBDT05GSUdfQ0dST1VQX0ZBVk9S
X0RZTk1PRFMgaXMgbm90IHNldApDT05GSUdfTUVNQ0c9eQpDT05GSUdfTUVNQ0dfS01FTT15CkNP
TkZJR19CTEtfQ0dST1VQPXkKQ09ORklHX0NHUk9VUF9XUklURUJBQ0s9eQpDT05GSUdfQ0dST1VQ
X1NDSEVEPXkKQ09ORklHX0ZBSVJfR1JPVVBfU0NIRUQ9eQojIENPTkZJR19DRlNfQkFORFdJRFRI
IGlzIG5vdCBzZXQKIyBDT05GSUdfUlRfR1JPVVBfU0NIRUQgaXMgbm90IHNldApDT05GSUdfQ0dS
T1VQX1BJRFM9eQojIENPTkZJR19DR1JPVVBfUkRNQSBpcyBub3Qgc2V0CiMgQ09ORklHX0NHUk9V
UF9GUkVFWkVSIGlzIG5vdCBzZXQKIyBDT05GSUdfQ0dST1VQX0hVR0VUTEIgaXMgbm90IHNldApD
T05GSUdfQ1BVU0VUUz15CkNPTkZJR19QUk9DX1BJRF9DUFVTRVQ9eQojIENPTkZJR19DR1JPVVBf
REVWSUNFIGlzIG5vdCBzZXQKQ09ORklHX0NHUk9VUF9DUFVBQ0NUPXkKIyBDT05GSUdfQ0dST1VQ
X1BFUkYgaXMgbm90IHNldApDT05GSUdfQ0dST1VQX0JQRj15CiMgQ09ORklHX0NHUk9VUF9NSVND
IGlzIG5vdCBzZXQKIyBDT05GSUdfQ0dST1VQX0RFQlVHIGlzIG5vdCBzZXQKQ09ORklHX1NPQ0tf
Q0dST1VQX0RBVEE9eQpDT05GSUdfTkFNRVNQQUNFUz15CkNPTkZJR19VVFNfTlM9eQpDT05GSUdf
VElNRV9OUz15CkNPTkZJR19JUENfTlM9eQpDT05GSUdfVVNFUl9OUz15CkNPTkZJR19QSURfTlM9
eQpDT05GSUdfTkVUX05TPXkKQ09ORklHX0NIRUNLUE9JTlRfUkVTVE9SRT15CkNPTkZJR19TQ0hF
RF9BVVRPR1JPVVA9eQojIENPTkZJR19TWVNGU19ERVBSRUNBVEVEIGlzIG5vdCBzZXQKIyBDT05G
SUdfUkVMQVkgaXMgbm90IHNldAojIENPTkZJR19CTEtfREVWX0lOSVRSRCBpcyBub3Qgc2V0CiMg
Q09ORklHX0JPT1RfQ09ORklHIGlzIG5vdCBzZXQKQ09ORklHX0lOSVRSQU1GU19QUkVTRVJWRV9N
VElNRT15CkNPTkZJR19DQ19PUFRJTUlaRV9GT1JfUEVSRk9STUFOQ0U9eQojIENPTkZJR19DQ19P
UFRJTUlaRV9GT1JfU0laRSBpcyBub3Qgc2V0CkNPTkZJR19IQVZFX0xEX0RFQURfQ09ERV9EQVRB
X0VMSU1JTkFUSU9OPXkKIyBDT05GSUdfTERfREVBRF9DT0RFX0RBVEFfRUxJTUlOQVRJT04gaXMg
bm90IHNldApDT05GSUdfTERfT1JQSEFOX1dBUk49eQpDT05GSUdfTERfT1JQSEFOX1dBUk5fTEVW
RUw9Indhcm4iCkNPTkZJR19TWVNDVEw9eQpDT05GSUdfU1lTQ1RMX0VYQ0VQVElPTl9UUkFDRT15
CkNPTkZJR19FWFBFUlQ9eQpDT05GSUdfTVVMVElVU0VSPXkKIyBDT05GSUdfU0dFVE1BU0tfU1lT
Q0FMTCBpcyBub3Qgc2V0CiMgQ09ORklHX1NZU0ZTX1NZU0NBTEwgaXMgbm90IHNldApDT05GSUdf
RkhBTkRMRT15CkNPTkZJR19QT1NJWF9USU1FUlM9eQpDT05GSUdfUFJJTlRLPXkKQ09ORklHX0JV
Rz15CkNPTkZJR19FTEZfQ09SRT15CkNPTkZJR19CQVNFX0ZVTEw9eQpDT05GSUdfRlVURVg9eQpD
T05GSUdfRlVURVhfUEk9eQpDT05GSUdfRVBPTEw9eQpDT05GSUdfU0lHTkFMRkQ9eQpDT05GSUdf
VElNRVJGRD15CkNPTkZJR19FVkVOVEZEPXkKQ09ORklHX1NITUVNPXkKQ09ORklHX0FJTz15CkNP
TkZJR19JT19VUklORz15CkNPTkZJR19BRFZJU0VfU1lTQ0FMTFM9eQpDT05GSUdfTUVNQkFSUklF
Uj15CkNPTkZJR19LQUxMU1lNUz15CkNPTkZJR19LQUxMU1lNU19TRUxGVEVTVD15CiMgQ09ORklH
X0tBTExTWU1TX0FMTCBpcyBub3Qgc2V0CkNPTkZJR19LQUxMU1lNU19CQVNFX1JFTEFUSVZFPXkK
Q09ORklHX0FSQ0hfSEFTX01FTUJBUlJJRVJfQ0FMTEJBQ0tTPXkKQ09ORklHX0FSQ0hfSEFTX01F
TUJBUlJJRVJfU1lOQ19DT1JFPXkKQ09ORklHX0tDTVA9eQpDT05GSUdfUlNFUT15CiMgQ09ORklH
X0RFQlVHX1JTRVEgaXMgbm90IHNldAojIENPTkZJR19FTUJFRERFRCBpcyBub3Qgc2V0CkNPTkZJ
R19IQVZFX1BFUkZfRVZFTlRTPXkKIyBDT05GSUdfUEMxMDQgaXMgbm90IHNldAoKIwojIEtlcm5l
bCBQZXJmb3JtYW5jZSBFdmVudHMgQW5kIENvdW50ZXJzCiMKQ09ORklHX1BFUkZfRVZFTlRTPXkK
IyBlbmQgb2YgS2VybmVsIFBlcmZvcm1hbmNlIEV2ZW50cyBBbmQgQ291bnRlcnMKCkNPTkZJR19T
WVNURU1fREFUQV9WRVJJRklDQVRJT049eQojIENPTkZJR19QUk9GSUxJTkcgaXMgbm90IHNldAoj
IGVuZCBvZiBHZW5lcmFsIHNldHVwCgpDT05GSUdfUFBDNjQ9eQoKIwojIFByb2Nlc3NvciBzdXBw
b3J0CiMKQ09ORklHX1BQQ19CT09LM1NfNjQ9eQojIENPTkZJR19QUENfQk9PSzNFXzY0IGlzIG5v
dCBzZXQKIyBDT05GSUdfR0VORVJJQ19DUFUgaXMgbm90IHNldAojIENPTkZJR19DRUxMX0NQVSBp
cyBub3Qgc2V0CiMgQ09ORklHX1BQQ185NzBfQ1BVIGlzIG5vdCBzZXQKIyBDT05GSUdfUE9XRVI2
X0NQVSBpcyBub3Qgc2V0CiMgQ09ORklHX1BPV0VSN19DUFUgaXMgbm90IHNldAojIENPTkZJR19Q
T1dFUjhfQ1BVIGlzIG5vdCBzZXQKQ09ORklHX1BPV0VSOV9DUFU9eQojIENPTkZJR19QT1dFUjEw
X0NQVSBpcyBub3Qgc2V0CkNPTkZJR19UQVJHRVRfQ1BVX0JPT0w9eQpDT05GSUdfVEFSR0VUX0NQ
VT0icG93ZXI5IgpDT05GSUdfUFBDX0JPT0szUz15CkNPTkZJR19QUENfRlBVX1JFR1M9eQpDT05G
SUdfUFBDX0ZQVT15CkNPTkZJR19BTFRJVkVDPXkKQ09ORklHX1ZTWD15CiMgQ09ORklHX1BQQ182
NFNfSEFTSF9NTVUgaXMgbm90IHNldApDT05GSUdfUFBDX1JBRElYX01NVT15CkNPTkZJR19QUENf
UkFESVhfTU1VX0RFRkFVTFQ9eQpDT05GSUdfUFBDX0tVRVA9eQpDT05GSUdfUFBDX0tVQVA9eQoj
IENPTkZJR19QUENfS1VBUF9ERUJVRyBpcyBub3Qgc2V0CkNPTkZJR19QUENfUEtFWT15CkNPTkZJ
R19QUENfSEFWRV9QTVVfU1VQUE9SVD15CkNPTkZJR19QTVVfU1lTRlM9eQpDT05GSUdfUFBDX1BF
UkZfQ1RSUz15CkNPTkZJR19GT1JDRV9TTVA9eQpDT05GSUdfU01QPXkKQ09ORklHX05SX0NQVVM9
MzIKQ09ORklHX1BQQ19ET09SQkVMTD15CiMgZW5kIG9mIFByb2Nlc3NvciBzdXBwb3J0CgpDT05G
SUdfVkRTTzMyPXkKQ09ORklHX0NQVV9CSUdfRU5ESUFOPXkKIyBDT05GSUdfQ1BVX0xJVFRMRV9F
TkRJQU4gaXMgbm90IHNldApDT05GSUdfUFBDNjRfRUxGX0FCSV9WMj15CkNPTkZJR19DQ19IQVNf
RUxGVjI9eQpDT05GSUdfNjRCSVQ9eQpDT05GSUdfTU1VPXkKQ09ORklHX0FSQ0hfTU1BUF9STkRf
QklUU19NQVg9MzMKQ09ORklHX0FSQ0hfTU1BUF9STkRfQklUU19NSU49MTgKQ09ORklHX0FSQ0hf
TU1BUF9STkRfQ09NUEFUX0JJVFNfTUFYPTE3CkNPTkZJR19BUkNIX01NQVBfUk5EX0NPTVBBVF9C
SVRTX01JTj0xMQpDT05GSUdfTlJfSVJRUz01MTIKQ09ORklHX05NSV9JUEk9eQpDT05GSUdfUFBD
X1dBVENIRE9HPXkKQ09ORklHX1NUQUNLVFJBQ0VfU1VQUE9SVD15CkNPTkZJR19MT0NLREVQX1NV
UFBPUlQ9eQpDT05GSUdfR0VORVJJQ19IV0VJR0hUPXkKQ09ORklHX1BQQz15CkNPTkZJR19QUENf
TE9OR19ET1VCTEVfMTI4PXkKQ09ORklHX1BQQ19CQVJSSUVSX05PU1BFQz15CkNPTkZJR19QUENf
SEFTX0xCQVJYX0xIQVJYPXkKQ09ORklHX0VBUkxZX1BSSU5USz15CkNPTkZJR19QQU5JQ19USU1F
T1VUPTQwCkNPTkZJR19DT01QQVQ9eQpDT05GSUdfU0NIRURfT01JVF9GUkFNRV9QT0lOVEVSPXkK
Q09ORklHX0FSQ0hfTUFZX0hBVkVfUENfRkRDPXkKQ09ORklHX1BQQ19VREJHXzE2NTUwPXkKQ09O
RklHX0FVRElUX0FSQ0g9eQpDT05GSUdfR0VORVJJQ19CVUc9eQpDT05GSUdfR0VORVJJQ19CVUdf
UkVMQVRJVkVfUE9JTlRFUlM9eQpDT05GSUdfRVBBUFJfQk9PVD15CkNPTkZJR19BUkNIX0hJQkVS
TkFUSU9OX1BPU1NJQkxFPXkKQ09ORklHX0FSQ0hfU1VTUEVORF9OT05aRVJPX0NQVT15CkNPTkZJ
R19BUkNIX0hBU19BRERfUEFHRVM9eQpDT05GSUdfQVJDSF9TVVBQT1JUU19VUFJPQkVTPXkKQ09O
RklHX1BQQ19EQVdSPXkKQ09ORklHX1BHVEFCTEVfTEVWRUxTPTQKQ09ORklHX1BQQ19NU0lfQklU
TUFQPXkKQ09ORklHX1BQQ19YSUNTPXkKQ09ORklHX1BQQ19JQ1BfTkFUSVZFPXkKQ09ORklHX1BQ
Q19YSVZFPXkKQ09ORklHX1BQQ19YSVZFX05BVElWRT15CgojCiMgUGxhdGZvcm0gc3VwcG9ydAoj
CkNPTkZJR19QUENfUE9XRVJOVj15CkNPTkZJR19PUEFMX1BSRD1tCiMgQ09ORklHX1NDT01fREVC
VUdGUyBpcyBub3Qgc2V0CiMgQ09ORklHX1BQQ19QU0VSSUVTIGlzIG5vdCBzZXQKIyBDT05GSUdf
UFBDX1BNQUMgaXMgbm90IHNldAojIENPTkZJR19QUENfTUFQTEUgaXMgbm90IHNldAojIENPTkZJ
R19QUENfUEFTRU1JIGlzIG5vdCBzZXQKIyBDT05GSUdfUFBDX1BTMyBpcyBub3Qgc2V0CiMgQ09O
RklHX1BQQ19JQk1fQ0VMTF9CTEFERSBpcyBub3Qgc2V0CiMgQ09ORklHX0tWTV9HVUVTVCBpcyBu
b3Qgc2V0CiMgQ09ORklHX0VQQVBSX1BBUkFWSVJUIGlzIG5vdCBzZXQKIyBDT05GSUdfUFBDX09G
X0JPT1RfVFJBTVBPTElORSBpcyBub3Qgc2V0CkNPTkZJR19QUENfRFRfQ1BVX0ZUUlM9eQpDT05G
SUdfUFBDX1NNUF9NVVhFRF9JUEk9eQpDT05GSUdfRUVIPXkKQ09ORklHX1BQQ19QN19OQVA9eQpD
T05GSUdfUFBDX0JPT0szU19JRExFPXkKQ09ORklHX1BQQ19JTkRJUkVDVF9QSU89eQoKIwojIENQ
VSBGcmVxdWVuY3kgc2NhbGluZwojCkNPTkZJR19DUFVfRlJFUT15CkNPTkZJR19DUFVfRlJFUV9H
T1ZfQVRUUl9TRVQ9eQpDT05GSUdfQ1BVX0ZSRVFfR09WX0NPTU1PTj15CiMgQ09ORklHX0NQVV9G
UkVRX1NUQVQgaXMgbm90IHNldAojIENPTkZJR19DUFVfRlJFUV9ERUZBVUxUX0dPVl9QRVJGT1JN
QU5DRSBpcyBub3Qgc2V0CiMgQ09ORklHX0NQVV9GUkVRX0RFRkFVTFRfR09WX1BPV0VSU0FWRSBp
cyBub3Qgc2V0CiMgQ09ORklHX0NQVV9GUkVRX0RFRkFVTFRfR09WX1VTRVJTUEFDRSBpcyBub3Qg
c2V0CkNPTkZJR19DUFVfRlJFUV9ERUZBVUxUX0dPVl9PTkRFTUFORD15CiMgQ09ORklHX0NQVV9G
UkVRX0RFRkFVTFRfR09WX0NPTlNFUlZBVElWRSBpcyBub3Qgc2V0CiMgQ09ORklHX0NQVV9GUkVR
X0RFRkFVTFRfR09WX1NDSEVEVVRJTCBpcyBub3Qgc2V0CkNPTkZJR19DUFVfRlJFUV9HT1ZfUEVS
Rk9STUFOQ0U9eQojIENPTkZJR19DUFVfRlJFUV9HT1ZfUE9XRVJTQVZFIGlzIG5vdCBzZXQKIyBD
T05GSUdfQ1BVX0ZSRVFfR09WX1VTRVJTUEFDRSBpcyBub3Qgc2V0CkNPTkZJR19DUFVfRlJFUV9H
T1ZfT05ERU1BTkQ9eQojIENPTkZJR19DUFVfRlJFUV9HT1ZfQ09OU0VSVkFUSVZFIGlzIG5vdCBz
ZXQKIyBDT05GSUdfQ1BVX0ZSRVFfR09WX1NDSEVEVVRJTCBpcyBub3Qgc2V0CgojCiMgQ1BVIGZy
ZXF1ZW5jeSBzY2FsaW5nIGRyaXZlcnMKIwpDT05GSUdfUE9XRVJOVl9DUFVGUkVRPW0KIyBlbmQg
b2YgQ1BVIEZyZXF1ZW5jeSBzY2FsaW5nCgojCiMgQ1BVSWRsZSBkcml2ZXIKIwoKIwojIENQVSBJ
ZGxlCiMKQ09ORklHX0NQVV9JRExFPXkKIyBDT05GSUdfQ1BVX0lETEVfR09WX0xBRERFUiBpcyBu
b3Qgc2V0CkNPTkZJR19DUFVfSURMRV9HT1ZfTUVOVT15CiMgQ09ORklHX0NQVV9JRExFX0dPVl9U
RU8gaXMgbm90IHNldAoKIwojIFBPV0VSUEMgQ1BVIElkbGUgRHJpdmVycwojCkNPTkZJR19QT1dF
Uk5WX0NQVUlETEU9eQojIGVuZCBvZiBQT1dFUlBDIENQVSBJZGxlIERyaXZlcnMKIyBlbmQgb2Yg
Q1BVIElkbGUKIyBlbmQgb2YgQ1BVSWRsZSBkcml2ZXIKCiMgQ09ORklHX0dFTl9SVEMgaXMgbm90
IHNldAojIGVuZCBvZiBQbGF0Zm9ybSBzdXBwb3J0CgojCiMgS2VybmVsIG9wdGlvbnMKIwojIENP
TkZJR19IWl8xMDAgaXMgbm90IHNldAojIENPTkZJR19IWl8yNTAgaXMgbm90IHNldApDT05GSUdf
SFpfMzAwPXkKIyBDT05GSUdfSFpfMTAwMCBpcyBub3Qgc2V0CkNPTkZJR19IWj0zMDAKQ09ORklH
X1NDSEVEX0hSVElDSz15CkNPTkZJR19QUENfVFJBTlNBQ1RJT05BTF9NRU09eQojIENPTkZJR19M
RF9IRUFEX1NUVUJfQ0FUQ0ggaXMgbm90IHNldApDT05GSUdfSE9UUExVR19DUFU9eQojIENPTkZJ
R19QUENfUVVFVUVEX1NQSU5MT0NLUyBpcyBub3Qgc2V0CkNPTkZJR19BUkNIX0NQVV9QUk9CRV9S
RUxFQVNFPXkKIyBDT05GSUdfUFBDNjRfU1VQUE9SVFNfTUVNT1JZX0ZBSUxVUkUgaXMgbm90IHNl
dApDT05GSUdfS0VYRUM9eQpDT05GSUdfS0VYRUNfRklMRT15CkNPTkZJR19BUkNIX0hBU19LRVhF
Q19QVVJHQVRPUlk9eQpDT05GSUdfUFBDNjRfQklHX0VORElBTl9FTEZfQUJJX1YyPXkKIyBDT05G
SUdfUkVMT0NBVEFCTEUgaXMgbm90IHNldAojIENPTkZJR19DUkFTSF9EVU1QIGlzIG5vdCBzZXQK
IyBDT05GSUdfRkFfRFVNUCBpcyBub3Qgc2V0CkNPTkZJR19QUkVTRVJWRV9GQV9EVU1QPXkKQ09O
RklHX09QQUxfQ09SRT15CkNPTkZJR19JUlFfQUxMX0NQVVM9eQpDT05GSUdfTlVNQT15CkNPTkZJ
R19OT0RFU19TSElGVD04CkNPTkZJR19IQVZFX01FTU9SWUxFU1NfTk9ERVM9eQpDT05GSUdfQVJD
SF9TRUxFQ1RfTUVNT1JZX01PREVMPXkKQ09ORklHX0FSQ0hfU1BBUlNFTUVNX0VOQUJMRT15CkNP
TkZJR19BUkNIX1NQQVJTRU1FTV9ERUZBVUxUPXkKQ09ORklHX0lMTEVHQUxfUE9JTlRFUl9WQUxV
RT0weDVkZWFkYmVlZjAwMDAwMDAKQ09ORklHX1BQQ180S19QQUdFUz15CiMgQ09ORklHX1BQQ182
NEtfUEFHRVMgaXMgbm90IHNldApDT05GSUdfUEFHRV9TSVpFXzRLQj15CkNPTkZJR19QUENfUEFH
RV9TSElGVD0xMgpDT05GSUdfVEhSRUFEX1NISUZUPTE0CkNPTkZJR19EQVRBX1NISUZUPTI0CkNP
TkZJR19BUkNIX0ZPUkNFX01BWF9PUkRFUj0xMwojIENPTkZJR19QUENfUFJPVF9TQU9fTFBBUiBp
cyBub3Qgc2V0CkNPTkZJR19TQ0hFRF9TTVQ9eQpDT05GSUdfUFBDX0RFTk9STUFMSVNBVElPTj15
CkNPTkZJR19DTURMSU5FPSIiCkNPTkZJR19FWFRSQV9UQVJHRVRTPSIiCiMgQ09ORklHX0hJQkVS
TkFUSU9OIGlzIG5vdCBzZXQKQ09ORklHX1BNPXkKIyBDT05GSUdfUE1fREVCVUcgaXMgbm90IHNl
dAojIENPTkZJR19XUV9QT1dFUl9FRkZJQ0lFTlRfREVGQVVMVCBpcyBub3Qgc2V0CiMgQ09ORklH
X0VORVJHWV9NT0RFTCBpcyBub3Qgc2V0CiMgZW5kIG9mIEtlcm5lbCBvcHRpb25zCgpDT05GSUdf
SVNBX0RNQV9BUEk9eQoKIwojIEJ1cyBvcHRpb25zCiMKQ09ORklHX0dFTkVSSUNfSVNBX0RNQT15
CiMgQ09ORklHX0ZTTF9MQkMgaXMgbm90IHNldAojIGVuZCBvZiBCdXMgb3B0aW9ucwoKQ09ORklH
X1BBR0VfT0ZGU0VUPTB4YzAwMDAwMDAwMDAwMDAwMApDT05GSUdfS0VSTkVMX1NUQVJUPTB4YzAw
MDAwMDAwMDAwMDAwMApDT05GSUdfUEhZU0lDQUxfU1RBUlQ9MHgwMDAwMDAwMAojIENPTkZJR19W
