Return-Path: <linuxppc-dev-bounces+lists+linuxppc-dev=lfdr.de@lists.ozlabs.org>
X-Original-To: lists+linuxppc-dev@lfdr.de
Delivered-To: lists+linuxppc-dev@lfdr.de
Received: from lists.ozlabs.org (lists.ozlabs.org [IPv6:2404:9400:2:0:216:3eff:fee1:b9f1])
	by mail.lfdr.de (Postfix) with ESMTPS id 94E6A94D85E
	for <lists+linuxppc-dev@lfdr.de>; Fri,  9 Aug 2024 23:16:48 +0200 (CEST)
Authentication-Results: lists.ozlabs.org;
	dkim=pass (2048-bit key; secure) header.d=mailbox.org header.i=@mailbox.org header.a=rsa-sha256 header.s=mail20150812 header.b=WdMGwUxS;
	dkim-atps=neutral
Received: from boromir.ozlabs.org (localhost [IPv6:::1])
	by lists.ozlabs.org (Postfix) with ESMTP id 4WgcDG3lPyz300C
	for <lists+linuxppc-dev@lfdr.de>; Sat, 10 Aug 2024 07:16:46 +1000 (AEST)
X-Original-To: linuxppc-dev@lists.ozlabs.org
Delivered-To: linuxppc-dev@lists.ozlabs.org
Authentication-Results: lists.ozlabs.org; dmarc=pass (p=reject dis=none) header.from=mailbox.org
Authentication-Results: lists.ozlabs.org;
	dkim=pass (2048-bit key; secure) header.d=mailbox.org header.i=@mailbox.org header.a=rsa-sha256 header.s=mail20150812 header.b=WdMGwUxS;
	dkim-atps=neutral
Authentication-Results: lists.ozlabs.org; spf=pass (sender SPF authorized) smtp.mailfrom=mailbox.org (client-ip=80.241.56.172; helo=mout-p-202.mailbox.org; envelope-from=erhard_f@mailbox.org; receiver=lists.ozlabs.org)
Received: from mout-p-202.mailbox.org (mout-p-202.mailbox.org [80.241.56.172])
	(using TLSv1.3 with cipher TLS_AES_256_GCM_SHA384 (256/256 bits)
	 key-exchange X25519 server-signature RSA-PSS (2048 bits) server-digest SHA256)
	(No client certificate requested)
	by lists.ozlabs.org (Postfix) with ESMTPS id 4WgcCS08kJz2yWr
	for <linuxppc-dev@lists.ozlabs.org>; Sat, 10 Aug 2024 07:16:03 +1000 (AEST)
Received: from smtp1.mailbox.org (smtp1.mailbox.org [10.196.197.1])
	(using TLSv1.3 with cipher TLS_AES_256_GCM_SHA384 (256/256 bits)
	 key-exchange X25519 server-signature RSA-PSS (4096 bits) server-digest SHA256)
	(No client certificate requested)
	by mout-p-202.mailbox.org (Postfix) with ESMTPS id 4WgcC12WjSz9ssb;
	Fri,  9 Aug 2024 23:15:41 +0200 (CEST)
DKIM-Signature: v=1; a=rsa-sha256; c=relaxed/relaxed; d=mailbox.org; s=mail20150812;
	t=1723238141;
	h=from:from:reply-to:subject:subject:date:date:message-id:message-id:
	 to:to:cc:cc:mime-version:mime-version:content-type:content-type;
	bh=YLJ24l/ddx46UV4mM0bxYlgHqJt2Z81D7JLbdeVXiig=;
	b=WdMGwUxS65iVngD74tVNyWvs0w0kOZ7vjWHMCFhkZUhlm53zrmC5hwmlcWktYOwUEP+5DN
	0zN1KP7l0lSd8QoBmkpHxWFSL9dOdtTkDqsjKddWGkO7WTODavdG//3xbaiaBujcLif7Zf
	jsMxfVd45VGM1S3sDYSCEjqkmiUnzM7TW/K/2QIrDCoM1yBtWTH8n8DarfmOPz1NFVD6+h
	XXyfKbF/dDRBT3bDnSIjS1eyWGXuzCod3jy1U9Ip6i87a+pYawdntZc7tPNhI9uj/tJUsX
	wcNNKM5qR/iuXXPkAMwUVHdBAce1SxVAuP+M7ILUQPm/PJbLAHzNAokpQhD3Xw==
Date: Fri, 9 Aug 2024 23:15:37 +0200
From: Erhard Furtner <erhard_f@mailbox.org>
To: linux-mm@kvack.org
Subject: OVERFLOW_KUNIT_TEST fails with BUG: KASAN: stack-out-of-bounds in
 string_nocheck+0x168/0x1c8 (kernel 6.11-rc2, PowerMac G4 DP)
Message-ID: <20240809231537.7c9ee7ea@yea>
MIME-Version: 1.0
Content-Type: multipart/mixed; boundary="MP_/_xpNTj4Ql8TXPxg/k=dTREm"
X-MBO-RS-META: tdrmoifisftr7ztfduku7msca9e4rxam
X-MBO-RS-ID: a684588197f5e4eaa8e
X-BeenThere: linuxppc-dev@lists.ozlabs.org
X-Mailman-Version: 2.1.29
Precedence: list
List-Id: Linux on PowerPC Developers Mail List <linuxppc-dev.lists.ozlabs.org>
List-Unsubscribe: <https://lists.ozlabs.org/options/linuxppc-dev>,
 <mailto:linuxppc-dev-request@lists.ozlabs.org?subject=unsubscribe>
List-Archive: <http://lists.ozlabs.org/pipermail/linuxppc-dev/>
List-Post: <mailto:linuxppc-dev@lists.ozlabs.org>
List-Help: <mailto:linuxppc-dev-request@lists.ozlabs.org?subject=help>
List-Subscribe: <https://lists.ozlabs.org/listinfo/linuxppc-dev>,
 <mailto:linuxppc-dev-request@lists.ozlabs.org?subject=subscribe>
Cc: linuxppc-dev@lists.ozlabs.org
Errors-To: linuxppc-dev-bounces+lists+linuxppc-dev=lfdr.de@lists.ozlabs.org
Sender: "Linuxppc-dev" <linuxppc-dev-bounces+lists+linuxppc-dev=lfdr.de@lists.ozlabs.org>

--MP_/_xpNTj4Ql8TXPxg/k=dTREm
Content-Type: text/plain; charset=US-ASCII
Content-Transfer-Encoding: 7bit
Content-Disposition: inline

Greetings!

When KASAN is enabled the Overflow KUnit test fails:

[...]
    ok 16 shift_nonsense_test
    # overflow_allocation_test: 11 allocation overflow tests finished
==================================================================
BUG: KASAN: stack-out-of-bounds in string_nocheck+0x168/0x1c8
Read of size 1 at addr c976be40 by task kunit_try_catch/1843

CPU: 0 UID: 0 PID: 1843 Comm: kunit_try_catch Tainted: G                 N 6.11.0-rc2-PMacG4 #1
Tainted: [N]=TEST
Hardware name: PowerMac3,6 7455 0x80010303 PowerMac
Call Trace:
[c992fb80] [c16651c0] dump_stack_lvl+0x80/0xac (unreliable)
[c992fba0] [c04e0420] print_report+0xdc/0x504
[c992fc00] [c04e01d8] kasan_report+0xf8/0x108
[c992fc80] [c16ae4c8] string_nocheck+0x168/0x1c8
[c992fcf0] [c16b37a4] string+0xa8/0xbc
[c992fd60] [c16b8134] vsnprintf+0x868/0x1750
[c992fdf0] [c0b8490c] kvasprintf+0xa4/0x13c
[c992fe60] [c0b84c3c] kasprintf+0xb4/0xc8
[c992fed0] [c0f4c954] module_remove_driver+0x1f0/0x2fc
[c992ff00] [c0f21628] bus_remove_driver+0x1d0/0x240
[c992ff30] [bfd0cd40] kunit_put_resource+0x128/0x134 [kunit]
[c992ff50] [bfd0a120] kunit_cleanup+0x140/0x144 [kunit]
[c992ff90] [bfd10d64] kunit_generic_run_threadfn_adapter+0xf8/0x148 [kunit]
[c992ffc0] [c00f57e0] kthread+0x36c/0x37c
[c992fff0] [c0028304] start_kernel_thread+0x10/0x14

The buggy address belongs to the physical page:
page: refcount:0 mapcount:0 mapping:00000000 index:0x0 pfn:0x976b
flags: 0x0(zone=0)
raw: 00000000 00000000 eef2bb10 00000000 00000000 00000000 ffffffff 00000000
raw: 00000000
page dumped because: kasan: bad access detected

Memory state around the buggy address:
 c976bd00: 00 00 00 00 00 00 00 00 00 00 00 00 00 00 00 00
 c976bd80: 00 00 00 00 00 00 00 00 00 00 00 00 00 00 00 00
>c976be00: 00 00 00 00 00 00 00 00 f1 f1 f1 f1 04 f2 04 f2
                                   ^
 c976be80: 00 04 f3 f3 00 00 00 00 00 00 00 00 00 00 00 00
 c976bf00: 00 00 f1 f1 f1 f1 00 f3 f3 f3 00 00 00 00 00 00
==================================================================
Disabling lock debugging due to kernel taint
    not ok 17 overflow_allocation_test
    # overflow_size_helpers_test: 43 overflow size helper tests finished
    ok 18 overflow_size_helpers_test
    # overflows_type_test: 378 overflows_type() tests finished
    ok 19 overflows_type_test
    # same_type_test: 0 __same_type() tests finished
    ok 20 same_type_test
    # castable_to_type_test: 75 castable_to_type() tests finished
    ok 21 castable_to_type_test
    ok 22 DEFINE_FLEX_test
# overflow: pass:21 fail:1 skip:0 total:22
# Totals: pass:21 fail:1 skip:0 total:22
not ok 1 overflow


This is reproducible on my machine and always happens when running the test via 'modprobe -v overflow_kunit'. Without KASAN enabled (but KFENCE) overflow_allocation_test passes.

Kernel .config and full dmesg attached.

Regards,
Erhard

--MP_/_xpNTj4Ql8TXPxg/k=dTREm
Content-Type: text/plain
Content-Transfer-Encoding: 7bit
Content-Disposition: attachment; filename=dmesg_611-rc2_g4.txt

[    0.000000] Total memory = 2048MB; using 4096kB for hash table
[    0.000000] Activating Kernel Userspace Access Protection
[    0.000000] Activating Kernel Userspace Execution Prevention
[    0.000000] Linux version 6.11.0-rc2-PMacG4 (root@T1000) (gcc (Gentoo 14.2.0 p4) 14.2.0, GNU ld (Gentoo 2.42 p3) 2.42.0) #1 SMP Fri Aug  9 14:46:18 CEST 2024
[    0.000000] KASAN init done
[    0.000000] ioremap() called early from pmac_feature_init+0x11b4/0x1210. Use early_ioremap() instead
[    0.000000] Found UniNorth memory controller & host bridge @ 0xf8000000 revision: 0x24
[    0.000000] Mapped at 0xf53bf000
[    0.000000] ioremap() called early from probe_one_macio+0x1b0/0x6e8. Use early_ioremap() instead
[    0.000000] Found a Keylargo mac-io controller, rev: 3, mapped at 0x(ptrval)
[    0.000000] PowerMac motherboard: PowerMac G4 Windtunnel
[    0.000000] ioremap() called early from btext_map+0x5c/0x7c. Use early_ioremap() instead
[    0.000000] Hardware name: PowerMac3,6 7455 0x80010303 PowerMac
[    0.000000] printk: legacy bootconsole [udbg0] enabled
[    0.000000] CPU maps initialized for 1 thread per core
[    0.000000]  (thread shift is 0)
[    0.000000] -----------------------------------------------------
[    0.000000] phys_mem_size     = 0x80000000
[    0.000000] dcache_bsize      = 0x20
[    0.000000] icache_bsize      = 0x20
[    0.000000] cpu_features      = 0x000000002514600a
[    0.000000]   possible        = 0x00000000277de00a
[    0.000000]   always          = 0x0000000001000000
[    0.000000] cpu_user_features = 0x9c000001 0x00000000
[    0.000000] mmu_features      = 0x00010201
[    0.000000] Hash_size         = 0x400000
[    0.000000] Hash_mask         = 0xffff
[    0.000000] -----------------------------------------------------
[    0.000000] ioremap() called early from pmac_setup_arch+0x1e8/0x6c0. Use early_ioremap() instead
[    0.000000] ioremap() called early from find_via_pmu+0x4c8/0x5b8. Use early_ioremap() instead
[    0.000000] ioremap() called early from find_via_pmu+0x1b0/0x5b8. Use early_ioremap() instead
[    0.000000] via-pmu: Server Mode is disabled
[    0.000000] PMU driver v2 initialized for Core99, firmware: 0c
[    0.000000] ioremap() called early from pmac_nvram_init+0x48c/0xeb0. Use early_ioremap() instead
[    0.000000] nvram: Checking bank 0...
[    0.000000] nvram: gen0=3441, gen1=3442
[    0.000000] nvram: Active bank is: 1
[    0.000000] nvram: OF partition at 0x410
[    0.000000] nvram: XP partition at 0x1020
[    0.000000] nvram: NR partition at 0x1120
[    0.000000] Top of RAM: 0x80000000, Total RAM: 0x80000000
[    0.000000] Memory hole size: 0MB
[    0.000000] Zone ranges:
[    0.000000]   DMA      [mem 0x0000000000000000-0x000000002fffffff]
[    0.000000]   Normal   empty
[    0.000000]   HighMem  [mem 0x0000000030000000-0x000000007fffffff]
[    0.000000] Movable zone start for each node
[    0.000000] Early memory node ranges
[    0.000000]   node   0: [mem 0x0000000000000000-0x000000007fffffff]
[    0.000000] Initmem setup node 0 [mem 0x0000000000000000-0x000000007fffffff]
[    0.000000] percpu: Embedded 14 pages/cpu s28600 r8192 d20552 u57344
[    0.000000] pcpu-alloc: s28600 r8192 d20552 u57344 alloc=14*4096
[    0.000000] pcpu-alloc: [0] 0 [0] 1 
[    0.000000] Kernel command line: ro root=/dev/sda5 slub_debug=FZ page_poison=1 debug_pagealloc=on netconsole=6666@192.168.2.8/eth0,6666@192.168.2.3/A8:A1:59:16:4F:EA debug 
[    0.000000] Dentry cache hash table entries: 131072 (order: 7, 524288 bytes, linear)
[    0.000000] Inode-cache hash table entries: 65536 (order: 6, 262144 bytes, linear)
[    0.000000] Built 1 zonelists, mobility grouping on.  Total pages: 524288
[    0.000000] mem auto-init: stack:all(pattern), heap alloc:off, heap free:off
[    0.000000] stackdepot: allocating hash table via alloc_large_system_hash
[    0.000000] stackdepot hash table entries: 1048576 (order: 11, 8388608 bytes, linear)
[    0.000000] Kernel virtual memory layout:
[    0.000000]   * 0xf6000000..0xfec00000  : kasan shadow mem
[    0.000000]   * 0xf5bbf000..0xf5fff000  : fixmap
[    0.000000]   * 0xf5400000..0xf5800000  : highmem PTEs
[    0.000000]   * 0xf529b000..0xf5400000  : early ioremap
[    0.000000]   * 0xf1000000..0xf5298000  : vmalloc & ioremap
[    0.000000]   * 0xb0000000..0xc0000000  : modules
[    0.000000] **********************************************************
[    0.000000] **   NOTICE NOTICE NOTICE NOTICE NOTICE NOTICE NOTICE   **
[    0.000000] **                                                      **
[    0.000000] ** This system shows unhashed kernel memory addresses   **
[    0.000000] ** via the console, logs, and other interfaces. This    **
[    0.000000] ** might reduce the security of your system.            **
[    0.000000] **                                                      **
[    0.000000] ** If you see this message and you are not debugging    **
[    0.000000] ** the kernel, report this immediately to your system   **
[    0.000000] ** administrator!                                       **
[    0.000000] **                                                      **
[    0.000000] **   NOTICE NOTICE NOTICE NOTICE NOTICE NOTICE NOTICE   **
[    0.000000] **********************************************************
[    0.000000] SLUB: HWalign=32, Order=0-3, MinObjects=0, CPUs=2, Nodes=1
[    0.000000] rcu: Hierarchical RCU implementation.
[    0.000000] 	Tracing variant of Tasks RCU enabled.
[    0.000000] rcu: RCU calculated value of scheduler-enlistment delay is 30 jiffies.
[    0.000000] RCU Tasks Trace: Setting shift to 1 and lim to 1 rcu_task_cb_adjust=1.
[    0.000000] NR_IRQS: 512, nr_irqs: 512, preallocated irqs: 16
[    0.000000] mpic: Resetting
[    0.000000] mpic: Setting up MPIC " MPIC 1   " version 1.2 at 80040000, max 2 CPUs
[    0.000000] mpic: ISU size: 64, shift: 6, mask: 3f
[    0.000000] mpic: Initializing for 64 sources
[    0.000000] rcu: srcu_init: Setting srcu_struct sizes based on contention.
[    0.000000] time_init: decrementer frequency = 41.658676 MHz
[    0.000000] time_init: processor frequency   = 1416.666661 MHz
[    0.000010] clocksource: timebase: mask: 0xffffffffffffffff max_cycles: 0x99b9699db, max_idle_ns: 440795204297 ns
[    0.000520] clocksource: timebase mult[18012db2] shift[24] registered
[    0.000836] clockevent: decrementer mult[aaa249b] shift[32] cpu[0]
[    0.002809] Console: colour dummy device 80x25
[    0.003097] printk: legacy console [tty0] enabled
[    0.003375] printk: legacy bootconsole [udbg0] disabled
[    0.004916] pid_max: default: 4096 minimum: 301
[    0.010243] LSM: initializing lsm=capability,yama
[    0.010339] Yama: becoming mindful.
[    0.012122] Mount-cache hash table entries: 2048 (order: 1, 8192 bytes, linear)
[    0.012291] Mountpoint-cache hash table entries: 2048 (order: 1, 8192 bytes, linear)
[    0.025756] PowerMac SMP probe found 2 cpus
[    0.026466] KeyWest i2c @0xf8001003 irq 42 /uni-n@f8000000/i2c@f8001000
[    0.026578]  channel 0 bus <multibus>
[    0.026630]  channel 1 bus <multibus>
[    0.026931] KeyWest i2c @0x80018000 irq 26 /pci@f2000000/mac-io@17/i2c@18000
[    0.027027]  channel 0 bus <multibus>
[    0.027152] PMU i2c /pci@f2000000/mac-io@17/via-pmu@16000/pmu-i2c
[    0.027237]  channel 1 bus <multibus>
[    0.027285]  channel 2 bus <multibus>
[    0.027349] pmf: no parser for command 17 !
[    0.027489] Processor timebase sync using GPIO 0x73
[    0.027525] mpic: requesting IPIs...
[    0.028189] CPU0: L2CR is 80000000
[    0.028235] CPU0: L3CR is 9c030000
[    0.034951] MPC7450 family performance monitor hardware support registered
[    0.035694] rcu: Hierarchical SRCU implementation.
[    0.035757] rcu: 	Max phase no-delay instances is 1000.
[    0.037706] Timer migration: 1 hierarchy levels; 8 children per group; 1 crossnode level
[    0.039837] smp: Bringing up secondary CPUs ...
[84919682.552480] CPU1: L2CR was 0
[84919682.552586] CPU1: L2CR set to 80000000
[84919682.552603] CPU1: L3CR was 0
[84919682.552756] CPU1: L3CR set to 9c030000
[    0.046269] smp: Brought up 1 node, 2 CPUs
[    0.048485] Memory: 1930408K/2097152K available (23376K kernel code, 2032K rwdata, 5296K rodata, 1624K init, 408K bss, 163736K reserved, 0K cma-reserved, 1212416K highmem)
[    0.052177] devtmpfs: initialized
[    0.054833] Duplicate name in PowerPC,G4@0, renamed to "l2-cache#1"
[    0.055295] Duplicate name in l2-cache#1, renamed to "l2-cache#1"
[    0.056802] Duplicate name in PowerPC,G4@1, renamed to "l2-cache#1"
[    0.057347] Duplicate name in l2-cache#1, renamed to "l2-cache#1"
[    0.075516] Duplicate name in gpio@50, renamed to "gpio5@6f#1"
[    0.075862] Duplicate name in gpio@50, renamed to "gpio6@70#1"
[    0.076474] Duplicate name in gpio@50, renamed to "gpio11@75#1"
[    0.076840] Duplicate name in gpio@50, renamed to "extint-gpio15@67#1"
[    0.104607] Found UniNorth PCI host bridge at 0x00000000f0000000. Firmware bus number: 0->0
[    0.104734] PCI host bridge /pci@f0000000  ranges:
[    0.104833]  MEM 0x00000000f1000000..0x00000000f1ffffff -> 0x00000000f1000000 
[    0.104907]   IO 0x00000000f0000000..0x00000000f07fffff -> 0x0000000000000000
[    0.121122]  MEM 0x0000000090000000..0x00000000afffffff -> 0x0000000090000000 
[    0.121485] Found UniNorth PCI host bridge at 0x00000000f2000000. Firmware bus number: 0->0
[    0.121549] PCI host bridge /pci@f2000000 (primary) ranges:
[    0.121640]  MEM 0x00000000f3000000..0x00000000f3ffffff -> 0x00000000f3000000 
[    0.121712]   IO 0x00000000f2000000..0x00000000f27fffff -> 0x0000000000000000
[    0.137553]  MEM 0x0000000080000000..0x000000008fffffff -> 0x0000000080000000 
[    0.137860] Found UniNorth PCI host bridge at 0x00000000f4000000. Firmware bus number: 0->0
[    0.137923] PCI host bridge /pci@f4000000  ranges:
[    0.138013]  MEM 0x00000000f5000000..0x00000000f5ffffff -> 0x00000000f5000000 
[    0.138074]   IO 0x00000000f4000000..0x00000000f47fffff -> 0x0000000000000000
[    0.154979] Found NEC PD720100A USB2 chip with disabled EHCI, fixing up...
[    0.156669] clocksource: jiffies: mask: 0xffffffff max_cycles: 0xffffffff, max_idle_ns: 6370867519511994 ns
[    0.156919] futex hash table entries: 16 (order: -3, 512 bytes, linear)
[    0.164948] NET: Registered PF_NETLINK/PF_ROUTE protocol family
[    0.187415] PCI: Probing PCI hardware
[    0.188888] PCI host bridge to bus 0000:00
[    0.188979] pci_bus 0000:00: root bus resource [io  0xff780000-0xfff7ffff] (bus address [0x0000-0x7fffff])
[    0.189058] pci_bus 0000:00: root bus resource [mem 0xf1000000-0xf1ffffff]
[    0.189117] pci_bus 0000:00: root bus resource [mem 0x90000000-0xafffffff]
[    0.189185] pci_bus 0000:00: root bus resource [bus 00-ff]
[    0.189238] pci_bus 0000:00: busn_res: [bus 00-ff] end is updated to ff
[    0.191102] pci 0000:00:0b.0: [106b:0034] type 00 class 0x060000 conventional PCI endpoint
[    0.193395] pci 0000:00:10.0: [1002:4150] type 00 class 0x030000 conventional PCI endpoint
[    0.193509] pci 0000:00:10.0: BAR 0 [mem 0xa0000000-0xafffffff pref]
[    0.193574] pci 0000:00:10.0: BAR 1 [io  0xff780400-0xff7804ff]
[    0.193631] pci 0000:00:10.0: BAR 2 [mem 0x90000000-0x9000ffff]
[    0.193710] pci 0000:00:10.0: ROM [mem 0x90020000-0x9003ffff pref]
[    0.193832] pci 0000:00:10.0: supports D1 D2
[    0.196179] pci_bus 0000:00: busn_res: [bus 00-ff] end is updated to 00
[    0.198731] OF: /pci@f2000000/mac-io@17/gpio@50/gpio5@6f: could not find phandle 1751474532
[    0.198915] OF: /pci@f2000000/mac-io@17/gpio@50/extint-gpio15@67: could not find phandle 1751474532
[    0.199099] OF: /pci@f2000000/mac-io@17/gpio@50/gpio6@70: could not find phandle 1634562093
[    0.199258] OF: /pci@f2000000/mac-io@17/gpio@50/extint-gpio16@68: could not find phandle 1936745825
[    0.199441] OF: /pci@f2000000/mac-io@17/gpio@50/extint-gpio14@66: could not find phandle 1818848869
[    0.199617] OF: /pci@f2000000/mac-io@17/gpio@50/gpio12@76: could not find phandle 1835103092
[    0.199766] OF: /pci@f2000000/mac-io@17/gpio@50/gpio11@75: could not find phandle 1635083369
[    0.199905] OF: /pci@f2000000/mac-io@17/gpio@50/gpio5@6f: could not find phandle 1751474532
[    0.200045] OF: /pci@f2000000/mac-io@17/gpio@50/gpio6@70: could not find phandle 1634562093
[    0.200184] OF: /pci@f2000000/mac-io@17/gpio@50/extint-gpio4@5c: could not find phandle 1818848869
[    0.200359] OF: /pci@f2000000/mac-io@17/gpio@50/gpio11@75: could not find phandle 1635083369
[    0.200504] OF: /pci@f2000000/mac-io@17/gpio@50/extint-gpio15@67: could not find phandle 1751474532
[    0.203509] pci_bus 0001:00: Fixed dependency cycle(s) with /pci@f2000000/mac-io@17/interrupt-controller@40000
[    0.203767] PCI host bridge to bus 0001:00
[    0.203823] pci_bus 0001:00: root bus resource [io  0x0000-0x7fffff]
[    0.203885] pci_bus 0001:00: root bus resource [mem 0xf3000000-0xf3ffffff]
[    0.203943] pci_bus 0001:00: root bus resource [mem 0x80000000-0x8fffffff]
[    0.204006] pci_bus 0001:00: root bus resource [bus 00-ff]
[    0.204058] pci_bus 0001:00: busn_res: [bus 00-ff] end is updated to ff
[    0.205346] pci 0001:00:0b.0: [106b:0035] type 00 class 0x060000 conventional PCI endpoint
[    0.206895] pci 0001:00:12.0: [1033:0035] type 00 class 0x0c0310 conventional PCI endpoint
[    0.206999] pci 0001:00:12.0: BAR 0 [mem 0x8008c000-0x8008cfff]
[    0.207149] pci 0001:00:12.0: supports D1 D2
[    0.207193] pci 0001:00:12.0: PME# supported from D0 D1 D2 D3hot
[    0.208692] pci 0001:00:12.1: [1033:0035] type 00 class 0x0c0310 conventional PCI endpoint
[    0.208794] pci 0001:00:12.1: BAR 0 [mem 0x8008b000-0x8008bfff]
[    0.208945] pci 0001:00:12.1: supports D1 D2
[    0.208988] pci 0001:00:12.1: PME# supported from D0 D1 D2 D3hot
[    0.210500] pci 0001:00:12.2: [1033:00e0] type 00 class 0x0c0320 conventional PCI endpoint
[    0.210600] pci 0001:00:12.2: BAR 0 [mem 0x80081000-0x800810ff]
[    0.210749] pci 0001:00:12.2: supports D1 D2
[    0.210793] pci 0001:00:12.2: PME# supported from D0 D1 D2 D3hot
[    0.212209] pci 0001:00:13.0: [1095:3112] type 00 class 0x018000 conventional PCI endpoint
[    0.212309] pci 0001:00:13.0: BAR 0 [io  0x0460-0x0467]
[    0.212367] pci 0001:00:13.0: BAR 1 [io  0x0450-0x0453]
[    0.212420] pci 0001:00:13.0: BAR 2 [io  0x0440-0x0447]
[    0.212472] pci 0001:00:13.0: BAR 3 [io  0x0430-0x0433]
[    0.212525] pci 0001:00:13.0: BAR 4 [io  0x0420-0x042f]
[    0.212577] pci 0001:00:13.0: BAR 5 [mem 0x80082000-0x800821ff]
[    0.212633] pci 0001:00:13.0: ROM [mem 0x80100000-0x8017ffff pref]
[    0.212742] pci 0001:00:13.0: supports D1 D2
[    0.213782] pci 0001:00:15.0: [9710:9865] type 00 class 0x070002 conventional PCI endpoint
[    0.213883] pci 0001:00:15.0: BAR 0 [io  0x0410-0x0417]
[    0.213941] pci 0001:00:15.0: BAR 1 [mem 0x8008a000-0x8008afff]
[    0.214009] pci 0001:00:15.0: BAR 4 [mem 0x80089000-0x80089fff]
[    0.214132] pci 0001:00:15.0: supports D1 D2
[    0.214175] pci 0001:00:15.0: PME# supported from D0 D1 D2 D3hot D3cold
[    0.215735] pci 0001:00:15.1: [9710:9865] type 00 class 0x070002 conventional PCI endpoint
[    0.215838] pci 0001:00:15.1: BAR 0 [io  0x0400-0x0407]
[    0.215898] pci 0001:00:15.1: BAR 1 [mem 0x80088000-0x80088fff]
[    0.215967] pci 0001:00:15.1: BAR 4 [mem 0x80087000-0x80087fff]
[    0.216091] pci 0001:00:15.1: supports D1 D2
[    0.216134] pci 0001:00:15.1: PME# supported from D0 D1 D2 D3hot D3cold
[    0.217118] pci 0001:00:15.2: [ffff:9865] type 00 class 0x070103 conventional PCI endpoint
[    0.217214] pci 0001:00:15.2: BAR 0 [io  0x0000-0x0007]
[    0.217271] pci 0001:00:15.2: BAR 1 [io  0x0000-0x0007]
[    0.217324] pci 0001:00:15.2: BAR 2 [mem 0x00000000-0x00000fff]
[    0.217384] pci 0001:00:15.2: BAR 4 [mem 0x00000000-0x00000fff]
[    0.217504] pci 0001:00:15.2: supports D1 D2
[    0.217546] pci 0001:00:15.2: PME# supported from D0 D1 D2 D3hot D3cold
[    0.219378] pci 0001:00:16.0: [14e4:4320] type 00 class 0x028000 conventional PCI endpoint
[    0.219481] pci 0001:00:16.0: BAR 0 [mem 0x8008e000-0x8008ffff]
[    0.219633] pci 0001:00:16.0: supports D1 D2
[    0.219676] pci 0001:00:16.0: PME# supported from D0 D1 D2 D3hot D3cold
[    0.220550] pci 0001:00:17.0: [106b:0022] type 00 class 0xff0000 conventional PCI endpoint
[    0.220645] pci 0001:00:17.0: BAR 0 [mem 0x80000000-0x8007ffff]
[    0.222355] pci 0001:00:18.0: [106b:0019] type 00 class 0x0c0310 conventional PCI endpoint
[    0.222460] pci 0001:00:18.0: BAR 0 [mem 0x80086000-0x80086fff]
[    0.223344] pci 0001:00:19.0: [106b:0019] type 00 class 0x0c0310 conventional PCI endpoint
[    0.223439] pci 0001:00:19.0: BAR 0 [mem 0x80085000-0x80085fff]
[    0.224966] pci 0001:00:1b.0: [1033:0035] type 00 class 0x0c0310 conventional PCI endpoint
[    0.225070] pci 0001:00:1b.0: BAR 0 [mem 0x80084000-0x80084fff]
[    0.225221] pci 0001:00:1b.0: supports D1 D2
[    0.225264] pci 0001:00:1b.0: PME# supported from D0 D1 D2 D3hot D3cold
[    0.226902] pci 0001:00:1b.1: [1033:0035] type 00 class 0x0c0310 conventional PCI endpoint
[    0.227005] pci 0001:00:1b.1: BAR 0 [mem 0x80083000-0x80083fff]
[    0.227154] pci 0001:00:1b.1: supports D1 D2
[    0.227197] pci 0001:00:1b.1: PME# supported from D0 D1 D2 D3hot D3cold
[    0.228616] pci 0001:00:1b.2: [1033:00e0] type 00 class 0x0c0320 conventional PCI endpoint
[    0.228717] pci 0001:00:1b.2: BAR 0 [mem 0x80080000-0x800800ff]
[    0.228867] pci 0001:00:1b.2: supports D1 D2
[    0.228910] pci 0001:00:1b.2: PME# supported from D0 D1 D2 D3hot D3cold
[    0.230109] pci_bus 0001:00: busn_res: [bus 00-ff] end is updated to 00
[    0.235266] PCI host bridge to bus 0002:00
[    0.235362] pci_bus 0002:00: root bus resource [io  0x880000-0x107ffff] (bus address [0x0000-0x7fffff])
[    0.235436] pci_bus 0002:00: root bus resource [mem 0xf5000000-0xf5ffffff]
[    0.235502] pci_bus 0002:00: root bus resource [bus 00-ff]
[    0.235553] pci_bus 0002:00: busn_res: [bus 00-ff] end is updated to ff
[    0.236789] pci 0002:00:0b.0: [106b:0036] type 00 class 0x060000 conventional PCI endpoint
[    0.237847] pci 0002:00:0d.0: [106b:0033] type 00 class 0xff0000 conventional PCI endpoint
[    0.237947] pci 0002:00:0d.0: BAR 0 [mem 0xf5004000-0xf5007fff]
[    0.239403] pci 0002:00:0e.0: [106b:0031] type 00 class 0x0c0010 conventional PCI endpoint
[    0.239503] pci 0002:00:0e.0: BAR 0 [mem 0xf5000000-0xf5000fff]
[    0.239647] pci 0002:00:0e.0: supports D1 D2
[    0.239690] pci 0002:00:0e.0: PME# supported from D0 D1 D2 D3hot
[    0.241028] pci 0002:00:0f.0: [106b:0032] type 00 class 0x020000 conventional PCI endpoint
[    0.241126] pci 0002:00:0f.0: BAR 0 [mem 0xf5200000-0xf53fffff]
[    0.241223] pci 0002:00:0f.0: ROM [mem 0xf5100000-0xf51fffff pref]
[    0.244098] pci_bus 0002:00: busn_res: [bus 00-ff] end is updated to 00
[    0.245448] PCI 0000:00 Cannot reserve Legacy IO [io  0xff780000-0xff780fff]
[    0.245539] PCI 0001:00 Cannot reserve Legacy IO [io  0x0000-0x0fff]
[    0.245617] pci_bus 0000:00: resource 4 [io  0xff780000-0xfff7ffff]
[    0.245669] pci_bus 0000:00: resource 5 [mem 0xf1000000-0xf1ffffff]
[    0.245716] pci_bus 0000:00: resource 6 [mem 0x90000000-0xafffffff]
[    0.245822] pci 0001:00:15.2: BAR 2 [mem 0xf3000000-0xf3000fff]: assigned
[    0.245888] pci 0001:00:15.2: BAR 4 [mem 0xf3001000-0xf3001fff]: assigned
[    0.245948] pci 0001:00:15.2: BAR 0 [io  0x1000-0x1007]: assigned
[    0.246004] pci 0001:00:15.2: BAR 1 [io  0x1008-0x100f]: assigned
[    0.246078] pci_bus 0001:00: resource 4 [io  0x0000-0x7fffff]
[    0.246126] pci_bus 0001:00: resource 5 [mem 0xf3000000-0xf3ffffff]
[    0.246172] pci_bus 0001:00: resource 6 [mem 0x80000000-0x8fffffff]
[    0.246225] pci_bus 0002:00: resource 4 [io  0x880000-0x107ffff]
[    0.246271] pci_bus 0002:00: resource 5 [mem 0xf5000000-0xf5ffffff]
[    0.332361] raid6: altivecx8 gen()  1352 MB/s
[    0.389296] raid6: altivecx4 gen()  1452 MB/s
[    0.446223] raid6: altivecx2 gen()  1252 MB/s
[    0.503140] raid6: altivecx1 gen()   879 MB/s
[    0.560088] raid6: int32x8  gen()   169 MB/s
[    0.617106] raid6: int32x4  gen()   177 MB/s
[    0.674017] raid6: int32x2  gen()   198 MB/s
[    0.730874] raid6: int32x1  gen()   158 MB/s
[    0.730914] raid6: using algorithm altivecx4 gen() 1452 MB/s
[    0.730952] raid6: using intx1 recovery algorithm
[    0.739632] SCSI subsystem initialized
[    0.741752] libata version 3.00 loaded.
[    0.743762] usbcore: registered new interface driver usbfs
[    0.744031] usbcore: registered new interface driver hub
[    0.745067] usbcore: registered new device driver usb
[    0.756307] pci 0000:00:10.0: vgaarb: setting as boot VGA device
[    0.756405] pci 0000:00:10.0: vgaarb: bridge control possible
[    0.756449] pci 0000:00:10.0: vgaarb: VGA device added: decodes=io+mem,owns=mem,locks=none
[    0.756561] vgaarb: loaded
[    0.757266] clocksource: Switched to clocksource timebase
[    0.843513] NET: Registered PF_INET protocol family
[    0.846024] IP idents hash table entries: 16384 (order: 5, 131072 bytes, linear)
[    0.855031] tcp_listen_portaddr_hash hash table entries: 512 (order: 1, 10240 bytes, linear)
[    0.858588] Table-perturb hash table entries: 65536 (order: 6, 262144 bytes, linear)
[    0.860545] TCP established hash table entries: 8192 (order: 3, 32768 bytes, linear)
[    0.867924] TCP bind hash table entries: 8192 (order: 6, 327680 bytes, linear)
[    0.869234] TCP: Hash tables configured (established 8192 bind 8192)
[    0.871089] UDP hash table entries: 512 (order: 2, 24576 bytes, linear)
[    0.872188] UDP-Lite hash table entries: 512 (order: 2, 24576 bytes, linear)
[    0.873759] NET: Registered PF_UNIX/PF_LOCAL protocol family
[    0.874725] pci 0001:00:12.0: enabling device (0000 -> 0002)
[    0.874992] pci 0001:00:12.1: enabling device (0000 -> 0002)
[    0.875114] pci 0001:00:12.2: enabling device (0004 -> 0006)
[    0.875313] Apple USB OHCI 0001:00:18.0 disabled by firmware
[    0.875356] pci 0001:00:18.0: Can't enable PCI device, BIOS handoff failed.
[    0.875416] Apple USB OHCI 0001:00:19.0 disabled by firmware
[    0.875456] pci 0001:00:19.0: Can't enable PCI device, BIOS handoff failed.
[    0.875525] pci 0001:00:1b.0: enabling device (0000 -> 0002)
[    0.875636] pci 0001:00:1b.1: enabling device (0000 -> 0002)
[    0.875804] pci 0001:00:1b.2: enabling device (0004 -> 0006)
[    0.875954] pci 0002:00:0f.0: CLS mismatch (32 != 1020), using 32 bytes
[    0.877548] Thermal assist unit not available
[    0.886591] Initialise system trusted keyrings
[    0.888286] workingset: timestamp_bits=14 max_order=19 bucket_order=5
[    0.911429] 9p: Installing v9fs 9p2000 file system support
[    0.914166] NET: Registered PF_ALG protocol family
[    0.914472] xor: measuring software checksum speed
[    0.958366]    8regs           :   224 MB/sec
[    1.004625]    8regs_prefetch  :   212 MB/sec
[    1.050195]    32regs          :   216 MB/sec
[    1.097553]    32regs_prefetch :   207 MB/sec
[    1.101504]    altivec         :  2532 MB/sec
[    1.101542] xor: using function: altivec (2532 MB/sec)
[    1.101612] Key type asymmetric registered
[    1.101651] Asymmetric key parser 'x509' registered
[    1.124167] bounce: pool size: 64 pages
[    1.125034] Block layer SCSI generic (bsg) driver version 0.4 loaded (major 252)
[    1.125735] io scheduler bfq registered
[    1.138147] atomic64_test: passed
[    1.140716] Using unsupported 800x600 (null) at a0008000, depth=8, pitch=1024
[    1.155951] Console: switching to colour frame buffer device 100x37
[    1.166683] fb0: Open Firmware frame buffer device on /pci@f0000000/ATY,AlteracParent@10/ATY,Alterac_A@0
[    1.176178] MacIO PCI driver attached to Keylargo chipset
[    1.192061] 0.00013020:ch-a: ttyS0 at MMIO 0x80013020 (irq = 22, base_baud = 230400) is a Z85c30 ESCC - Serial port
[    1.198579] 0.00013000:ch-b: ttyS1 at MMIO 0x80013000 (irq = 23, base_baud = 230400) is a Z85c30 ESCC - Serial port
[    1.211903] sata_sil 0001:00:13.0: version 2.4
[    1.212714] sata_sil 0001:00:13.0: enabling device (0004 -> 0007)
[    1.222820] scsi host0: sata_sil
[    1.227979] scsi host1: sata_sil
[    1.230045] ata1: SATA max UDMA/100 mmio m512@0x80082000 tf 0x80082080 irq 53 lpm-pol 0
[    1.235568] ata2: SATA max UDMA/100 mmio m512@0x80082000 tf 0x800820c0 irq 53 lpm-pol 0
[    1.242143] pata-pci-macio 0002:00:0d.0: enabling device (0004 -> 0006)
[    1.263966] pata-pci-macio 0002:00:0d.0: Activating pata-macio chipset UniNorth ATA-6, Apple bus ID 3
[    1.282572] scsi host2: pata_macio
[    1.290288] ata3: PATA max UDMA/100 irq 39 lpm-pol 0
[    1.571673] ata1: SATA link up 1.5 Gbps (SStatus 113 SControl 310)
[    1.578168] ata1.00: ATA-9: SanDisk SSD PLUS 240GB, UF4500RL, max UDMA/133
[    1.583804] ata1.00: 468877312 sectors, multi 1: LBA48 NCQ (depth 0/32)
[    1.591255] ata1.00: Features: Dev-Sleep
[    1.621624] ata1.00: configured for UDMA/100
[    1.629034] scsi 0:0:0:0: Direct-Access     ATA      SanDisk SSD PLUS 00RL PQ: 0 ANSI: 5
[    1.644698] sd 0:0:0:0: [sda] 468877312 512-byte logical blocks: (240 GB/224 GiB)
[    1.651059] sd 0:0:0:0: [sda] Write Protect is off
[    1.657094] sd 0:0:0:0: [sda] Mode Sense: 00 3a 00 00
[    1.663417] sd 0:0:0:0: [sda] Write cache: enabled, read cache: enabled, doesn't support DPO or FUA
[    1.675998] sd 0:0:0:0: [sda] Preferred minimum I/O size 512 bytes
[    1.716136]  sda: [mac] sda1 sda2 sda3 sda4 sda5 sda6 sda7 sda8
[    1.732094] sd 0:0:0:0: [sda] Attached SCSI disk
[    2.070646] ata2: SATA link up 1.5 Gbps (SStatus 113 SControl 310)
[    2.079480] ata2.00: ATA-9: WDC WD5000LPLX-60ZNTT1, 02.01A02, max UDMA/133
[    2.085787] ata2.00: 976773168 sectors, multi 0: LBA48 NCQ (depth 0/32)
[    2.094731] ata2.00: configured for UDMA/100
[    2.103509] scsi 1:0:0:0: Direct-Access     ATA      WDC WD5000LPLX-6 1A02 PQ: 0 ANSI: 5
[    2.117970] sd 1:0:0:0: [sdb] 976773168 512-byte logical blocks: (500 GB/466 GiB)
[    2.124184] sd 1:0:0:0: [sdb] 4096-byte physical blocks
[    2.130679] sd 1:0:0:0: [sdb] Write Protect is off
[    2.136647] sd 1:0:0:0: [sdb] Mode Sense: 00 3a 00 00
[    2.143023] sd 1:0:0:0: [sdb] Write cache: enabled, read cache: enabled, doesn't support DPO or FUA
[    2.154968] sd 1:0:0:0: [sdb] Preferred minimum I/O size 4096 bytes
[    2.327384] pata-macio 0.0001f000:ata-4: Activating pata-macio chipset KeyLargo ATA-4, Apple bus ID 2
[    2.345716] scsi host3: pata_macio
[    2.353478] ata4: PATA max UDMA/66 irq 19 lpm-pol 0
[    2.520174] ata4.00: CFA: DeLOCK 54143 512MB, 100511E, max UDMA/66
[    2.526413] ata4.00: 1009008 sectors, multi 1: LBA 
[    2.795186]  sdb: [mac] sdb1 sdb2 sdb3 sdb4 sdb5 sdb6 sdb7 sdb8 sdb9
[    2.812352] sd 1:0:0:0: [sdb] Attached SCSI disk
[    2.820355] scsi 3:0:0:0: Direct-Access     ATA      DeLOCK 54143 512 11E  PQ: 0 ANSI: 5
[    2.835232] sd 3:0:0:0: [sdc] 1009008 512-byte logical blocks: (517 MB/493 MiB)
[    2.841736] sd 3:0:0:0: [sdc] Write Protect is off
[    2.847862] sd 3:0:0:0: [sdc] Mode Sense: 00 3a 00 00
[    2.854304] sd 3:0:0:0: [sdc] Write cache: disabled, read cache: enabled, doesn't support DPO or FUA
[    2.866861] sd 3:0:0:0: [sdc] Preferred minimum I/O size 512 bytes
[    2.905866]  sdc: [mac] sdc1 sdc2 sdc3 sdc4 sdc5 sdc6
[    2.919062] sd 3:0:0:0: [sdc] Attached SCSI disk
[    3.394066] pata-macio 0.00020000:ata-3: Activating pata-macio chipset KeyLargo ATA-3, Apple bus ID 0
[    3.414487] scsi host4: pata_macio
[    3.422379] ata5: PATA max MWDMA2 irq 20 lpm-pol 0
[    3.430395] sungem.c:v1.0 David S. Miller <davem@redhat.com>
[    3.446546] gem 0002:00:0f.0 eth0: Sun GEM (PCI) 10/100/1000BaseT Ethernet 00:0a:95:9c:76:3a
[    3.456340] ehci-pci 0001:00:12.2: EHCI Host Controller
[    3.463217] ehci-pci 0001:00:12.2: new USB bus registered, assigned bus number 1
[    3.464134] rtc-generic rtc-generic: registered as rtc0
[    3.470311] ehci-pci 0001:00:12.2: irq 52, io mem 0x80081000
[    3.478088] PowerMac i2c bus pmu 2 registered
[    3.489778] PowerMac i2c bus pmu 1 registered
[    3.497302] ehci-pci 0001:00:12.2: USB 2.0 started, EHCI 1.00
[    3.498876] PowerMac i2c bus mac-io 0 registered
[    3.504561] usb usb1: New USB device found, idVendor=1d6b, idProduct=0002, bcdDevice= 6.11
[    3.509996] i2c i2c-2: No i2c address for /pci@f2000000/mac-io@17/i2c@18000/i2c-modem
[    3.515703] usb usb1: New USB device strings: Mfr=3, Product=2, SerialNumber=1
[    3.523216] PowerMac i2c bus uni-n 1 registered
[    3.528396] usb usb1: Product: EHCI Host Controller
[    3.528422] usb usb1: Manufacturer: Linux 6.11.0-rc2-PMacG4 ehci_hcd
[    3.534714] i2c i2c-3: i2c-powermac: modalias failure on /uni-n@f8000000/i2c@f8001000/cereal@1c0
[    3.540841] usb usb1: SerialNumber: 0001:00:12.2
[    3.548428] PowerMac i2c bus uni-n 0 registered
[    3.563192] hub 1-0:1.0: USB hub found
[    3.570492] hid: raw HID events driver (C) Jiri Kosina
[    3.572418] hub 1-0:1.0: 5 ports detected
[    3.580188] usbcore: registered new interface driver usbhid
[    3.590899] usbhid: USB HID core driver
[    3.597104] ehci-pci 0001:00:1b.2: EHCI Host Controller
[    3.605786] ehci-pci 0001:00:1b.2: new USB bus registered, assigned bus number 2
[    3.612386] ata5.00: ATAPI: _NEC DVD_RW ND-3520A, 1.04, max UDMA/33
[    3.615949] ehci-pci 0001:00:1b.2: irq 63, io mem 0x80080000
[    3.619978] NET: Registered PF_INET6 protocol family
[    3.637462] ehci-pci 0001:00:1b.2: USB 2.0 started, EHCI 1.00
[    3.641867] scsi 4:0:0:0: CD-ROM            _NEC     DVD_RW ND-3520A  1.04 PQ: 0 ANSI: 5
[    3.645766] usb usb2: New USB device found, idVendor=1d6b, idProduct=0002, bcdDevice= 6.11
[    3.656091] usb usb2: New USB device strings: Mfr=3, Product=2, SerialNumber=1
[    3.656267] Segment Routing with IPv6
[    3.662207] usb usb2: Product: EHCI Host Controller
[    3.662230] usb usb2: Manufacturer: Linux 6.11.0-rc2-PMacG4 ehci_hcd
[    3.662247] usb usb2: SerialNumber: 0001:00:1b.2
[    3.669271] In-situ OAM (IOAM) with IPv6
[    3.678625] hub 2-0:1.0: USB hub found
[    3.688632] 9pnet: Installing 9P2000 support
[    3.692716] hub 2-0:1.0: 5 ports detected
[    3.717702] sr 4:0:0:0: [sr0] scsi3-mmc drive: 48x/48x writer cd/rw xa/form2 cdda tray
[    3.723718] cdrom: Uniform CD-ROM driver Revision: 3.20
[    3.803181] registered taskstats version 1
[    3.812204] Loading compiled-in X.509 certificates
[    3.817969] sr 4:0:0:0: Attached scsi CD-ROM sr0
[    3.928947] zswap: loaded using pool lzo/zsmalloc
[    3.935906] debug_vm_pgtable: [debug_vm_pgtable         ]: Validating architecture page table helpers
[    3.948622] page_owner is disabled
[    4.037916] Btrfs loaded, zoned=no, fsverity=no
[    7.532433] input: PMU as /devices/virtual/input/input0
[    7.540547] netpoll: netconsole: local port 6666
[    7.546233] netpoll: netconsole: local IPv4 address 192.168.2.8
[    7.551673] netpoll: netconsole: interface 'eth0'
[    7.557027] netpoll: netconsole: remote port 6666
[    7.562331] netpoll: netconsole: remote IPv4 address 192.168.2.3
[    7.567643] netpoll: netconsole: remote ethernet address a8:a1:59:16:4f:ea
[    7.573020] netpoll: netconsole: device eth0 not up yet, forcing it
[    7.667723] sungem_phy: PHY ID: 2060e1, addr: 0
[    7.673384] gem 0002:00:0f.0 eth0: Found BCM5421 PHY
[   11.340991] gem 0002:00:0f.0 eth0: Link is up at 1000 Mbps, full-duplex
[   11.346511] gem 0002:00:0f.0 eth0: Pause is enabled (rxfifo: 10240 off: 7168 on: 5632)
[   11.357657] printk: legacy console [netcon0] enabled
[   11.386006] netconsole: network logging started
[   11.426443] EXT4-fs (sda5): mounted filesystem fa07e66f-b4f9-404f-85d8-487d3c097aec ro with ordered data mode. Quota mode: disabled.
[   11.437794] VFS: Mounted root (ext4 filesystem) readonly on device 8:5.
[   11.451308] devtmpfs: mounted
[   11.461927] Freeing unused kernel image (initmem) memory: 1624K
[   11.501602] Checked W+X mappings: passed, no W+X pages found
[   11.507288] rodata_test: all tests were successful
[   11.512748] Run /sbin/init as init process
[   11.518199]   with arguments:
[   11.523658]     /sbin/init
[   11.528956]   with environment:
[   11.534292]     HOME=/
[   11.539490]     TERM=linux
[   21.044420] ohci-pci 0001:00:12.0: OHCI PCI host controller
[   21.064863] ohci-pci 0001:00:12.0: new USB bus registered, assigned bus number 3
[   21.079739] ohci-pci 0001:00:12.0: irq 52, io mem 0x8008c000
[   21.208842] usb usb3: New USB device found, idVendor=1d6b, idProduct=0001, bcdDevice= 6.11
[   21.213631] usb usb3: New USB device strings: Mfr=3, Product=2, SerialNumber=1
[   21.218056] usb usb3: Product: OHCI PCI host controller
[   21.222407] usb usb3: Manufacturer: Linux 6.11.0-rc2-PMacG4 ohci_hcd
[   21.226761] usb usb3: SerialNumber: 0001:00:12.0
[   21.261202] hub 3-0:1.0: USB hub found
[   21.270049] hub 3-0:1.0: 3 ports detected
[   21.325322] ohci-pci 0001:00:12.1: OHCI PCI host controller
[   21.339659] ohci-pci 0001:00:12.1: new USB bus registered, assigned bus number 4
[   21.345256] ohci-pci 0001:00:12.1: irq 52, io mem 0x8008b000
[   21.512066] usb usb4: New USB device found, idVendor=1d6b, idProduct=0001, bcdDevice= 6.11
[   21.517109] usb usb4: New USB device strings: Mfr=3, Product=2, SerialNumber=1
[   21.522117] usb usb4: Product: OHCI PCI host controller
[   21.527160] usb usb4: Manufacturer: Linux 6.11.0-rc2-PMacG4 ohci_hcd
[   21.532062] usb usb4: SerialNumber: 0001:00:12.1
[   21.649123] hub 4-0:1.0: USB hub found
[   21.698222] hub 4-0:1.0: 2 ports detected
[   21.765915] Apple USB OHCI 0001:00:18.0 disabled by firmware
[   21.780977] Apple USB OHCI 0001:00:19.0 disabled by firmware
[   21.788651] ohci-pci 0001:00:1b.0: OHCI PCI host controller
[   21.794262] ohci-pci 0001:00:1b.0: new USB bus registered, assigned bus number 5
[   21.800076] ohci-pci 0001:00:1b.0: irq 63, io mem 0x80084000
[   21.953188] usb usb5: New USB device found, idVendor=1d6b, idProduct=0001, bcdDevice= 6.11
[   21.958667] usb usb5: New USB device strings: Mfr=3, Product=2, SerialNumber=1
[   21.964286] usb usb5: Product: OHCI PCI host controller
[   21.969602] usb usb5: Manufacturer: Linux 6.11.0-rc2-PMacG4 ohci_hcd
[   21.974945] usb usb5: SerialNumber: 0001:00:1b.0
[   22.084102] hub 5-0:1.0: USB hub found
[   22.137048] hub 5-0:1.0: 3 ports detected
[   22.216537] ohci-pci 0001:00:1b.1: OHCI PCI host controller
[   22.294175] ohci-pci 0001:00:1b.1: new USB bus registered, assigned bus number 6
[   22.318754] ohci-pci 0001:00:1b.1: irq 63, io mem 0x80083000
[   22.401075] [drm] radeon kernel modesetting enabled.
[   22.452724] usb usb6: New USB device found, idVendor=1d6b, idProduct=0001, bcdDevice= 6.11
[   22.458636] usb usb6: New USB device strings: Mfr=3, Product=2, SerialNumber=1
[   22.464179] usb usb6: Product: OHCI PCI host controller
[   22.469627] usb usb6: Manufacturer: Linux 6.11.0-rc2-PMacG4 ohci_hcd
[   22.475040] usb usb6: SerialNumber: 0001:00:1b.1
[   22.505628] Console: switching to colour dummy device 80x25
[   22.561114] radeon 0000:00:10.0: enabling device (0006 -> 0007)
[   22.595859] hub 6-0:1.0: USB hub found
[   22.606398] [drm] initializing kernel modesetting (RV350 0x1002:0x4150 0x1002:0x0002 0x00).
[   22.606633] [drm] Forcing AGP to PCI mode
[   22.611669] hub 6-0:1.0: 2 ports detected
[   22.628205] radeon 0000:00:10.0: Invalid PCI ROM header signature: expecting 0xaa55, got 0x0000
[   22.752329] [drm] Generation 2 PCI interface, using max accessible memory
[   22.752799] radeon 0000:00:10.0: VRAM: 256M 0x00000000A0000000 - 0x00000000AFFFFFFF (256M used)
[   22.752922] radeon 0000:00:10.0: GTT: 512M 0x0000000080000000 - 0x000000009FFFFFFF
[   22.753347] [drm] Detected VRAM RAM=256M, BAR=256M
[   22.753486] [drm] RAM width 128bits DDR
[   22.821797] [drm] radeon: 256M of VRAM memory ready
[   22.822126] [drm] radeon: 512M of GTT memory ready.
[   22.823013] [drm] GART: num cpu pages 131072, num gpu pages 131072
[   23.044482] [drm] radeon: 1 quad pipes, 1 Z pipes initialized
[   23.044810] [drm] PCI GART of 512M enabled (table at 0x0000000008B00000).
[   23.045237] radeon 0000:00:10.0: WB enabled
[   23.045353] radeon 0000:00:10.0: fence driver on ring 0 use gpu addr 0x0000000080000000
[   23.067895] [drm] radeon: irq initialized.
[   23.068250] [drm] Loading R300 Microcode
[   23.393193] [drm] radeon: ring at 0x0000000080001000
[   23.393563] [drm] ring test succeeded in 0 usecs
[   23.461857] [drm] ib test succeeded in 0 usecs
[   23.528770] [drm] Radeon Display Connectors
[   23.529045] [drm] Connector 0:
[   23.529124] [drm]   DVI-I-1
[   23.529193] [drm]   HPD2
[   23.529301] [drm]   DDC: 0x64 0x64 0x64 0x64 0x64 0x64 0x64 0x64
[   23.529421] [drm]   Encoders:
[   23.529520] [drm]     CRT1: INTERNAL_DAC1
[   23.529592] [drm]     DFP2: INTERNAL_DVO1
[   23.529696] [drm] Connector 1:
[   23.529760] [drm]   DVI-I-2
[   23.529885] [drm]   HPD1
[   23.529977] [drm]   DDC: 0x60 0x60 0x60 0x60 0x60 0x60 0x60 0x60
[   23.530057] [drm]   Encoders:
[   23.530117] [drm]     CRT2: INTERNAL_DAC2
[   23.530221] [drm]     DFP1: INTERNAL_TMDS1
[   23.543701] [drm] Initialized radeon 2.50.0 for 0000:00:10.0 on minor 0
[   23.623873] radeon 0000:00:10.0: [drm] Cannot find any crtc or sizes
[   23.660739] radeon 0000:00:10.0: [drm] Cannot find any crtc or sizes
[   23.686635] radeon 0000:00:10.0: [drm] Cannot find any crtc or sizes
[   24.255984] random: crng init done
[   25.143250] ADM1030 fan controller [@2c]
[   25.158019] firewire_ohci 0002:00:0e.0: enabling device (0000 -> 0002)
[   25.278150] firewire_ohci 0002:00:0e.0: added OHCI v1.10 device as card 0, 8 IR + 8 IT contexts, quirks 0x0
[   25.359306] gem 0002:00:0f.0 enP2p0s15: renamed from eth0 (while UP)
[   25.806809] firewire_core 0002:00:0e.0: created device fw0: GUID 000a95fffe9c763a, S800
[   26.574608] snd-aoa-fabric-layout: can use this codec
[   27.376149] EXT4-fs (sda5): re-mounted fa07e66f-b4f9-404f-85d8-487d3c097aec r/w. Quota mode: disabled.
[   27.504237] EXT4-fs (sda5): re-mounted fa07e66f-b4f9-404f-85d8-487d3c097aec r/w. Quota mode: disabled.
[   28.581317] Adding 8388604k swap on /dev/sdb6.  Priority:-2 extents:1 across:8388604k 
[   29.061583] EXT4-fs (sdc5): mounting ext2 file system using the ext4 subsystem
[   29.075856] EXT4-fs (sdc5): mounted filesystem e4e8af9e-0f0d-44f9-b983-71bf61d782de r/w without journal. Quota mode: disabled.
[   29.076244] ext2 filesystem being mounted at /boot supports timestamps until 2038-01-19 (0x7fffffff)
[   29.079573] BTRFS: device label tmp devid 1 transid 5197 /dev/sda6 (8:6) scanned by mount (880)
[   29.084432] BTRFS info (device sda6): first mount of filesystem 65162d91-887e-4e48-a356-fbf7093eefb5
[   29.084699] BTRFS info (device sda6): using xxhash64 (xxhash64-generic) checksum algorithm
[   29.084896] BTRFS info (device sda6): using free-space-tree
[  136.274148] KTAP version 1
[  136.274438] 1..1
[  136.275323]     KTAP version 1
[  136.275450]     # Subtest: overflow
[  136.275553]     # module: overflow_kunit
[  136.275604]     1..22
[  136.276595]     # u8_u8__u8_overflow_test: 18 u8_u8__u8 arithmetic tests finished
[  136.277546]     ok 1 u8_u8__u8_overflow_test
[  136.281318]     # s8_s8__s8_overflow_test: 19 s8_s8__s8 arithmetic tests finished
[  136.284396]     ok 2 s8_s8__s8_overflow_test
[  136.289984]     # u16_u16__u16_overflow_test: 17 u16_u16__u16 arithmetic tests finished
[  136.291288]     ok 3 u16_u16__u16_overflow_test
[  136.294701]     # s16_s16__s16_overflow_test: 17 s16_s16__s16 arithmetic tests finished
[  136.300397]     ok 4 s16_s16__s16_overflow_test
[  136.301973]     # u32_u32__u32_overflow_test: 17 u32_u32__u32 arithmetic tests finished
[  136.303183]     ok 5 u32_u32__u32_overflow_test
[  136.303865]     # s32_s32__s32_overflow_test: 17 s32_s32__s32 arithmetic tests finished
[  136.307074]     ok 6 s32_s32__s32_overflow_test
[  136.308155]     # u64_u64__u64_overflow_test: 17 u64_u64__u64 arithmetic tests finished
[  136.309097]     ok 7 u64_u64__u64_overflow_test
[  136.309717]     # s64_s64__s64_overflow_test: 21 s64_s64__s64 arithmetic tests finished
[  136.310574]     ok 8 s64_s64__s64_overflow_test
[  136.312786]     # u32_u32__int_overflow_test: 2 u32_u32__int arithmetic tests finished
[  136.313705]     ok 9 u32_u32__int_overflow_test
[  136.314767]     # u32_u32__u8_overflow_test: 3 u32_u32__u8 arithmetic tests finished
[  136.316477]     ok 10 u32_u32__u8_overflow_test
[  136.318442]     # u8_u8__int_overflow_test: 3 u8_u8__int arithmetic tests finished
[  136.319735]     ok 11 u8_u8__int_overflow_test
[  136.320329]     # int_int__u8_overflow_test: 3 int_int__u8 arithmetic tests finished
[  136.321338]     ok 12 int_int__u8_overflow_test
[  136.322042]     # shift_sane_test: 36 sane shift tests finished
[  136.324512]     ok 13 shift_sane_test
[  136.325397]     # shift_overflow_test: 25 overflow shift tests finished
[  136.326264]     ok 14 shift_overflow_test
[  136.326945]     # shift_truncate_test: 27 truncate shift tests finished
[  136.329960]     ok 15 shift_truncate_test
[  136.330566]     # shift_nonsense_test: 25 nonsense shift tests finished
[  136.331710]     ok 16 shift_nonsense_test
[  136.342161]     # overflow_allocation_test: 11 allocation overflow tests finished
[  136.345878] ==================================================================
[  136.346021] BUG: KASAN: stack-out-of-bounds in string_nocheck+0x168/0x1c8
[  136.346126] Read of size 1 at addr c976be40 by task kunit_try_catch/1843
[  136.346190] 
[  136.346252] CPU: 0 UID: 0 PID: 1843 Comm: kunit_try_catch Tainted: G                 N 6.11.0-rc2-PMacG4 #1
[  136.346424] Tainted: [N]=TEST
[  136.346477] Hardware name: PowerMac3,6 7455 0x80010303 PowerMac
[  136.346537] Call Trace:
[  136.346588] [c992fb80] [c16651c0] dump_stack_lvl+0x80/0xac (unreliable)
[  136.346696] [c992fba0] [c04e0420] print_report+0xdc/0x504
[  136.346890] [c992fc00] [c04e01d8] kasan_report+0xf8/0x108
[  136.346965] [c992fc80] [c16ae4c8] string_nocheck+0x168/0x1c8
[  136.347042] [c992fcf0] [c16b37a4] string+0xa8/0xbc
[  136.347116] [c992fd60] [c16b8134] vsnprintf+0x868/0x1750
[  136.347192] [c992fdf0] [c0b8490c] kvasprintf+0xa4/0x13c
[  136.347267] [c992fe60] [c0b84c3c] kasprintf+0xb4/0xc8
[  136.347338] [c992fed0] [c0f4c954] module_remove_driver+0x1f0/0x2fc
[  136.347418] [c992ff00] [c0f21628] bus_remove_driver+0x1d0/0x240
[  136.347494] [c992ff30] [bfd0cd40] kunit_put_resource+0x128/0x134 [kunit]
[  136.347734] [c992ff50] [bfd0a120] kunit_cleanup+0x140/0x144 [kunit]
[  136.347859] [c992ff90] [bfd10d64] kunit_generic_run_threadfn_adapter+0xf8/0x148 [kunit]
[  136.347982] [c992ffc0] [c00f57e0] kthread+0x36c/0x37c
[  136.348172] [c992fff0] [c0028304] start_kernel_thread+0x10/0x14
[  136.348253] 
[  136.348307] The buggy address belongs to the physical page:
[  136.348364] page: refcount:0 mapcount:0 mapping:00000000 index:0x0 pfn:0x976b
[  136.348489] flags: 0x0(zone=0)
[  136.348567] raw: 00000000 00000000 eef2bb10 00000000 00000000 00000000 ffffffff 00000000
[  136.348628] raw: 00000000
[  136.348677] page dumped because: kasan: bad access detected
[  136.348930] 
[  136.348981] Memory state around the buggy address:
[  136.349038]  c976bd00: 00 00 00 00 00 00 00 00 00 00 00 00 00 00 00 00
[  136.349098]  c976bd80: 00 00 00 00 00 00 00 00 00 00 00 00 00 00 00 00
[  136.349154] >c976be00: 00 00 00 00 00 00 00 00 f1 f1 f1 f1 04 f2 04 f2
[  136.349205]                                    ^
[  136.349261]  c976be80: 00 04 f3 f3 00 00 00 00 00 00 00 00 00 00 00 00
[  136.349315]  c976bf00: 00 00 f1 f1 f1 f1 00 f3 f3 f3 00 00 00 00 00 00
[  136.349366] ==================================================================
[  136.349960] Disabling lock debugging due to kernel taint
[  136.354669]     not ok 17 overflow_allocation_test
[  136.355410]     # overflow_size_helpers_test: 43 overflow size helper tests finished
[  136.356326]     ok 18 overflow_size_helpers_test
[  136.356965]     # overflows_type_test: 378 overflows_type() tests finished
[  136.358061]     ok 19 overflows_type_test
[  136.358716]     # same_type_test: 0 __same_type() tests finished
[  136.362252]     ok 20 same_type_test
[  136.362876]     # castable_to_type_test: 75 castable_to_type() tests finished
[  136.364025]     ok 21 castable_to_type_test
[  136.365834]     ok 22 DEFINE_FLEX_test
[  136.366045] # overflow: pass:21 fail:1 skip:0 total:22
[  136.366175] # Totals: pass:21 fail:1 skip:0 total:22
[  136.366264] not ok 1 overflow
[ 8844.776326] BTRFS info (device sda6): last unmount of filesystem 65162d91-887e-4e48-a356-fbf7093eefb5
[ 8844.846671] EXT4-fs (sdc5): unmounting filesystem e4e8af9e-0f0d-44f9-b983-71bf61d782de.
[ 8850.910958] elogind-daemon[1514]: Received signal 15 [TERM]
[ 8852.038563] EXT4-fs (sda5): re-mounted fa07e66f-b4f9-404f-85d8-487d3c097aec ro. Quota mode: disabled.
[ 8853.713228] sd 3:0:0:0: [sdc] Stopping disk
[ 8853.713879] sd 1:0:0:0: [sdb] Synchronizing SCSI cache
[ 8853.715152] sd 1:0:0:0: [sdb] Stopping disk
[ 8853.715723] sd 0:0:0:0: [sda] Synchronizing SCSI cache
[ 8853.716413] sd 0:0:0:0: [sda] Stopping disk
[ 8853.725469] reboot: Power down

--MP_/_xpNTj4Ql8TXPxg/k=dTREm
Content-Type: application/octet-stream; name=config_611-rc2_g4
Content-Transfer-Encoding: base64
Content-Disposition: attachment; filename=config_611-rc2_g4

IwojIEF1dG9tYXRpY2FsbHkgZ2VuZXJhdGVkIGZpbGU7IERPIE5PVCBFRElULgojIExpbnV4L3Bv
d2VycGMgNi4xMS4wLXJjMiBLZXJuZWwgQ29uZmlndXJhdGlvbgojCkNPTkZJR19DQ19WRVJTSU9O
X1RFWFQ9ImdjYyAoR2VudG9vIDE0LjIuMCBwNCkgMTQuMi4wIgpDT05GSUdfQ0NfSVNfR0NDPXkK
Q09ORklHX0dDQ19WRVJTSU9OPTE0MDIwMApDT05GSUdfQ0xBTkdfVkVSU0lPTj0wCkNPTkZJR19B
U19JU19HTlU9eQpDT05GSUdfQVNfVkVSU0lPTj0yNDIwMApDT05GSUdfTERfSVNfQkZEPXkKQ09O
RklHX0xEX1ZFUlNJT049MjQyMDAKQ09ORklHX0xMRF9WRVJTSU9OPTAKQ09ORklHX0NDX0hBU19B
U01fR09UT19PVVRQVVQ9eQpDT05GSUdfQ0NfSEFTX0FTTV9HT1RPX1RJRURfT1VUUFVUPXkKQ09O
RklHX1RPT0xTX1NVUFBPUlRfUkVMUj15CkNPTkZJR19DQ19IQVNfQVNNX0lOTElORT15CkNPTkZJ
R19DQ19IQVNfTk9fUFJPRklMRV9GTl9BVFRSPXkKQ09ORklHX1BBSE9MRV9WRVJTSU9OPTAKQ09O
RklHX0NPTlNUUlVDVE9SUz15CkNPTkZJR19JUlFfV09SSz15CkNPTkZJR19CVUlMRFRJTUVfVEFC
TEVfU09SVD15CkNPTkZJR19USFJFQURfSU5GT19JTl9UQVNLPXkKCiMKIyBHZW5lcmFsIHNldHVw
CiMKQ09ORklHX0lOSVRfRU5WX0FSR19MSU1JVD0zMgojIENPTkZJR19DT01QSUxFX1RFU1QgaXMg
bm90IHNldAojIENPTkZJR19XRVJST1IgaXMgbm90IHNldApDT05GSUdfTE9DQUxWRVJTSU9OPSIt
UE1hY0c0IgojIENPTkZJR19MT0NBTFZFUlNJT05fQVVUTyBpcyBub3Qgc2V0CkNPTkZJR19CVUlM
RF9TQUxUPSIiCkNPTkZJR19IQVZFX0tFUk5FTF9HWklQPXkKQ09ORklHX0hBVkVfS0VSTkVMX1ha
PXkKQ09ORklHX0tFUk5FTF9HWklQPXkKIyBDT05GSUdfS0VSTkVMX1haIGlzIG5vdCBzZXQKQ09O
RklHX0RFRkFVTFRfSU5JVD0iIgpDT05GSUdfREVGQVVMVF9IT1NUTkFNRT0iKG5vbmUpIgpDT05G
SUdfU1lTVklQQz15CkNPTkZJR19TWVNWSVBDX1NZU0NUTD15CkNPTkZJR19QT1NJWF9NUVVFVUU9
eQpDT05GSUdfUE9TSVhfTVFVRVVFX1NZU0NUTD15CkNPTkZJR19XQVRDSF9RVUVVRT15CkNPTkZJ
R19DUk9TU19NRU1PUllfQVRUQUNIPXkKIyBDT05GSUdfVVNFTElCIGlzIG5vdCBzZXQKIyBDT05G
SUdfQVVESVQgaXMgbm90IHNldApDT05GSUdfSEFWRV9BUkNIX0FVRElUU1lTQ0FMTD15CgojCiMg
SVJRIHN1YnN5c3RlbQojCkNPTkZJR19HRU5FUklDX0lSUV9TSE9XPXkKQ09ORklHX0dFTkVSSUNf
SVJRX1NIT1dfTEVWRUw9eQpDT05GSUdfR0VORVJJQ19JUlFfTUlHUkFUSU9OPXkKQ09ORklHX0lS
UV9ET01BSU49eQpDT05GSUdfSVJRX0RPTUFJTl9ISUVSQVJDSFk9eQpDT05GSUdfSVJRX0RPTUFJ
Tl9OT01BUD15CkNPTkZJR19HRU5FUklDX01TSV9JUlE9eQpDT05GSUdfSVJRX0ZPUkNFRF9USFJF
QURJTkc9eQpDT05GSUdfU1BBUlNFX0lSUT15CiMgQ09ORklHX0dFTkVSSUNfSVJRX0RFQlVHRlMg
aXMgbm90IHNldAojIGVuZCBvZiBJUlEgc3Vic3lzdGVtCgpDT05GSUdfR0VORVJJQ19USU1FX1ZT
WVNDQUxMPXkKQ09ORklHX0dFTkVSSUNfQ0xPQ0tFVkVOVFM9eQpDT05GSUdfQVJDSF9IQVNfVElD
S19CUk9BRENBU1Q9eQpDT05GSUdfR0VORVJJQ19DTE9DS0VWRU5UU19CUk9BRENBU1Q9eQpDT05G
SUdfR0VORVJJQ19DTU9TX1VQREFURT15CkNPTkZJR19USU1FX0tVTklUX1RFU1Q9bQpDT05GSUdf
Q09OVEVYVF9UUkFDS0lORz15CkNPTkZJR19DT05URVhUX1RSQUNLSU5HX0lETEU9eQoKIwojIFRp
bWVycyBzdWJzeXN0ZW0KIwpDT05GSUdfVElDS19PTkVTSE9UPXkKQ09ORklHX05PX0haX0NPTU1P
Tj15CiMgQ09ORklHX0haX1BFUklPRElDIGlzIG5vdCBzZXQKQ09ORklHX05PX0haX0lETEU9eQoj
IENPTkZJR19OT19IWl9GVUxMIGlzIG5vdCBzZXQKIyBDT05GSUdfTk9fSFogaXMgbm90IHNldApD
T05GSUdfSElHSF9SRVNfVElNRVJTPXkKIyBlbmQgb2YgVGltZXJzIHN1YnN5c3RlbQoKQ09ORklH
X0JQRj15CkNPTkZJR19IQVZFX0VCUEZfSklUPXkKQ09ORklHX0FSQ0hfV0FOVF9ERUZBVUxUX0JQ
Rl9KSVQ9eQoKIwojIEJQRiBzdWJzeXN0ZW0KIwpDT05GSUdfQlBGX1NZU0NBTEw9eQpDT05GSUdf
QlBGX0pJVD15CkNPTkZJR19CUEZfSklUX0FMV0FZU19PTj15CkNPTkZJR19CUEZfSklUX0RFRkFV
TFRfT049eQpDT05GSUdfQlBGX1VOUFJJVl9ERUZBVUxUX09GRj15CiMgQ09ORklHX0JQRl9QUkVM
T0FEIGlzIG5vdCBzZXQKIyBlbmQgb2YgQlBGIHN1YnN5c3RlbQoKQ09ORklHX1BSRUVNUFRfVk9M
VU5UQVJZX0JVSUxEPXkKIyBDT05GSUdfUFJFRU1QVF9OT05FIGlzIG5vdCBzZXQKQ09ORklHX1BS
RUVNUFRfVk9MVU5UQVJZPXkKIyBDT05GSUdfUFJFRU1QVCBpcyBub3Qgc2V0CgojCiMgQ1BVL1Rh
c2sgdGltZSBhbmQgc3RhdHMgYWNjb3VudGluZwojCkNPTkZJR19USUNLX0NQVV9BQ0NPVU5USU5H
PXkKIyBDT05GSUdfVklSVF9DUFVfQUNDT1VOVElOR19OQVRJVkUgaXMgbm90IHNldAojIENPTkZJ
R19WSVJUX0NQVV9BQ0NPVU5USU5HX0dFTiBpcyBub3Qgc2V0CiMgQ09ORklHX0lSUV9USU1FX0FD
Q09VTlRJTkcgaXMgbm90IHNldApDT05GSUdfQlNEX1BST0NFU1NfQUNDVD15CkNPTkZJR19CU0Rf
UFJPQ0VTU19BQ0NUX1YzPXkKQ09ORklHX1RBU0tTVEFUUz15CkNPTkZJR19UQVNLX0RFTEFZX0FD
Q1Q9eQpDT05GSUdfVEFTS19YQUNDVD15CkNPTkZJR19UQVNLX0lPX0FDQ09VTlRJTkc9eQojIENP
TkZJR19QU0kgaXMgbm90IHNldAojIGVuZCBvZiBDUFUvVGFzayB0aW1lIGFuZCBzdGF0cyBhY2Nv
dW50aW5nCgpDT05GSUdfQ1BVX0lTT0xBVElPTj15CgojCiMgUkNVIFN1YnN5c3RlbQojCkNPTkZJ
R19UUkVFX1JDVT15CiMgQ09ORklHX1JDVV9FWFBFUlQgaXMgbm90IHNldApDT05GSUdfVFJFRV9T
UkNVPXkKQ09ORklHX05FRURfU1JDVV9OTUlfU0FGRT15CkNPTkZJR19UQVNLU19SQ1VfR0VORVJJ
Qz15CkNPTkZJR19ORUVEX1RBU0tTX1JDVT15CkNPTkZJR19UQVNLU19UUkFDRV9SQ1U9eQpDT05G
SUdfUkNVX1NUQUxMX0NPTU1PTj15CkNPTkZJR19SQ1VfTkVFRF9TRUdDQkxJU1Q9eQojIGVuZCBv
ZiBSQ1UgU3Vic3lzdGVtCgojIENPTkZJR19JS0NPTkZJRyBpcyBub3Qgc2V0CiMgQ09ORklHX0lL
SEVBREVSUyBpcyBub3Qgc2V0CkNPTkZJR19MT0dfQlVGX1NISUZUPTE2CkNPTkZJR19MT0dfQ1BV
X01BWF9CVUZfU0hJRlQ9MTMKIyBDT05GSUdfUFJJTlRLX0lOREVYIGlzIG5vdCBzZXQKCiMKIyBT
Y2hlZHVsZXIgZmVhdHVyZXMKIwojIGVuZCBvZiBTY2hlZHVsZXIgZmVhdHVyZXMKCkNPTkZJR19D
Q19JTVBMSUNJVF9GQUxMVEhST1VHSD0iLVdpbXBsaWNpdC1mYWxsdGhyb3VnaD01IgpDT05GSUdf
R0NDMTBfTk9fQVJSQVlfQk9VTkRTPXkKQ09ORklHX0NDX05PX0FSUkFZX0JPVU5EUz15CkNPTkZJ
R19HQ0NfTk9fU1RSSU5HT1BfT1ZFUkZMT1c9eQpDT05GSUdfQ0NfTk9fU1RSSU5HT1BfT1ZFUkZM
T1c9eQpDT05GSUdfU0xBQl9PQkpfRVhUPXkKQ09ORklHX0NHUk9VUFM9eQpDT05GSUdfUEFHRV9D
T1VOVEVSPXkKIyBDT05GSUdfQ0dST1VQX0ZBVk9SX0RZTk1PRFMgaXMgbm90IHNldApDT05GSUdf
TUVNQ0c9eQojIENPTkZJR19NRU1DR19WMSBpcyBub3Qgc2V0CkNPTkZJR19CTEtfQ0dST1VQPXkK
Q09ORklHX0NHUk9VUF9XUklURUJBQ0s9eQpDT05GSUdfQ0dST1VQX1NDSEVEPXkKQ09ORklHX0ZB
SVJfR1JPVVBfU0NIRUQ9eQojIENPTkZJR19DRlNfQkFORFdJRFRIIGlzIG5vdCBzZXQKIyBDT05G
SUdfUlRfR1JPVVBfU0NIRUQgaXMgbm90IHNldApDT05GSUdfU0NIRURfTU1fQ0lEPXkKQ09ORklH
X0NHUk9VUF9QSURTPXkKQ09ORklHX0NHUk9VUF9SRE1BPXkKQ09ORklHX0NHUk9VUF9GUkVFWkVS
PXkKQ09ORklHX0NQVVNFVFM9eQpDT05GSUdfUFJPQ19QSURfQ1BVU0VUPXkKQ09ORklHX0NHUk9V
UF9ERVZJQ0U9eQpDT05GSUdfQ0dST1VQX0NQVUFDQ1Q9eQpDT05GSUdfQ0dST1VQX1BFUkY9eQpD
T05GSUdfQ0dST1VQX0JQRj15CkNPTkZJR19DR1JPVVBfTUlTQz15CiMgQ09ORklHX0NHUk9VUF9E
RUJVRyBpcyBub3Qgc2V0CkNPTkZJR19TT0NLX0NHUk9VUF9EQVRBPXkKQ09ORklHX05BTUVTUEFD
RVM9eQpDT05GSUdfVVRTX05TPXkKQ09ORklHX1RJTUVfTlM9eQpDT05GSUdfSVBDX05TPXkKQ09O
RklHX1VTRVJfTlM9eQpDT05GSUdfUElEX05TPXkKQ09ORklHX05FVF9OUz15CiMgQ09ORklHX0NI
RUNLUE9JTlRfUkVTVE9SRSBpcyBub3Qgc2V0CkNPTkZJR19TQ0hFRF9BVVRPR1JPVVA9eQojIENP
TkZJR19SRUxBWSBpcyBub3Qgc2V0CkNPTkZJR19CTEtfREVWX0lOSVRSRD15CkNPTkZJR19JTklU
UkFNRlNfU09VUkNFPSIiCkNPTkZJR19SRF9HWklQPXkKIyBDT05GSUdfUkRfQlpJUDIgaXMgbm90
IHNldAojIENPTkZJR19SRF9MWk1BIGlzIG5vdCBzZXQKIyBDT05GSUdfUkRfWFogaXMgbm90IHNl
dAojIENPTkZJR19SRF9MWk8gaXMgbm90IHNldAojIENPTkZJR19SRF9MWjQgaXMgbm90IHNldAoj
IENPTkZJR19SRF9aU1REIGlzIG5vdCBzZXQKIyBDT05GSUdfQk9PVF9DT05GSUcgaXMgbm90IHNl
dAojIENPTkZJR19JTklUUkFNRlNfUFJFU0VSVkVfTVRJTUUgaXMgbm90IHNldAojIENPTkZJR19D
Q19PUFRJTUlaRV9GT1JfUEVSRk9STUFOQ0UgaXMgbm90IHNldApDT05GSUdfQ0NfT1BUSU1JWkVf
Rk9SX1NJWkU9eQpDT05GSUdfSEFWRV9MRF9ERUFEX0NPREVfREFUQV9FTElNSU5BVElPTj15CiMg
Q09ORklHX0xEX0RFQURfQ09ERV9EQVRBX0VMSU1JTkFUSU9OIGlzIG5vdCBzZXQKQ09ORklHX0xE
X09SUEhBTl9XQVJOPXkKQ09ORklHX0xEX09SUEhBTl9XQVJOX0xFVkVMPSJ3YXJuIgpDT05GSUdf
U1lTQ1RMPXkKQ09ORklHX1NZU0NUTF9FWENFUFRJT05fVFJBQ0U9eQpDT05GSUdfRVhQRVJUPXkK
Q09ORklHX01VTFRJVVNFUj15CiMgQ09ORklHX1NHRVRNQVNLX1NZU0NBTEwgaXMgbm90IHNldAoj
IENPTkZJR19TWVNGU19TWVNDQUxMIGlzIG5vdCBzZXQKQ09ORklHX0ZIQU5ETEU9eQpDT05GSUdf
UE9TSVhfVElNRVJTPXkKQ09ORklHX1BSSU5USz15CkNPTkZJR19CVUc9eQpDT05GSUdfRUxGX0NP
UkU9eQpDT05GSUdfQkFTRV9TTUFMTD15CkNPTkZJR19GVVRFWD15CkNPTkZJR19GVVRFWF9QST15
CkNPTkZJR19FUE9MTD15CkNPTkZJR19TSUdOQUxGRD15CkNPTkZJR19USU1FUkZEPXkKQ09ORklH
X0VWRU5URkQ9eQpDT05GSUdfU0hNRU09eQpDT05GSUdfQUlPPXkKQ09ORklHX0lPX1VSSU5HPXkK
Q09ORklHX0FEVklTRV9TWVNDQUxMUz15CkNPTkZJR19NRU1CQVJSSUVSPXkKQ09ORklHX0tDTVA9
eQpDT05GSUdfUlNFUT15CiMgQ09ORklHX0RFQlVHX1JTRVEgaXMgbm90IHNldApDT05GSUdfQ0FD
SEVTVEFUX1NZU0NBTEw9eQojIENPTkZJR19QQzEwNCBpcyBub3Qgc2V0CkNPTkZJR19LQUxMU1lN
Uz15CiMgQ09ORklHX0tBTExTWU1TX1NFTEZURVNUIGlzIG5vdCBzZXQKQ09ORklHX0tBTExTWU1T
X0FMTD15CkNPTkZJR19BUkNIX0hBU19NRU1CQVJSSUVSX0NBTExCQUNLUz15CkNPTkZJR19BUkNI
X0hBU19NRU1CQVJSSUVSX1NZTkNfQ09SRT15CkNPTkZJR19IQVZFX1BFUkZfRVZFTlRTPXkKCiMK
IyBLZXJuZWwgUGVyZm9ybWFuY2UgRXZlbnRzIEFuZCBDb3VudGVycwojCkNPTkZJR19QRVJGX0VW
RU5UUz15CiMgZW5kIG9mIEtlcm5lbCBQZXJmb3JtYW5jZSBFdmVudHMgQW5kIENvdW50ZXJzCgpD
T05GSUdfU1lTVEVNX0RBVEFfVkVSSUZJQ0FUSU9OPXkKIyBDT05GSUdfUFJPRklMSU5HIGlzIG5v
dCBzZXQKCiMKIyBLZXhlYyBhbmQgY3Jhc2ggZmVhdHVyZXMKIwojIENPTkZJR19LRVhFQyBpcyBu
b3Qgc2V0CiMgZW5kIG9mIEtleGVjIGFuZCBjcmFzaCBmZWF0dXJlcwojIGVuZCBvZiBHZW5lcmFs
IHNldHVwCgpDT05GSUdfUFBDMzI9eQojIENPTkZJR19QUEM2NCBpcyBub3Qgc2V0CgojCiMgUHJv
Y2Vzc29yIHN1cHBvcnQKIwpDT05GSUdfUFBDX0JPT0szU18zMj15CiMgQ09ORklHX1BQQ184NXh4
IGlzIG5vdCBzZXQKIyBDT05GSUdfUFBDXzh4eCBpcyBub3Qgc2V0CiMgQ09ORklHXzQ0eCBpcyBu
b3Qgc2V0CiMgQ09ORklHX1BQQ19CT09LM1NfNjAzIGlzIG5vdCBzZXQKQ09ORklHX1BQQ19CT09L
M1NfNjA0PXkKIyBDT05GSUdfUE9XRVJQQ19DUFUgaXMgbm90IHNldAojIENPTkZJR19FMzAwQzJf
Q1BVIGlzIG5vdCBzZXQKIyBDT05GSUdfRTMwMEMzX0NQVSBpcyBub3Qgc2V0CkNPTkZJR19HNF9D
UFU9eQojIENPTkZJR19UT09MQ0hBSU5fREVGQVVMVF9DUFUgaXMgbm90IHNldApDT05GSUdfVEFS
R0VUX0NQVV9CT09MPXkKQ09ORklHX1RBUkdFVF9DUFU9Ikc0IgpDT05GSUdfUFBDX0JPT0szUz15
CkNPTkZJR19QUENfRlBVX1JFR1M9eQpDT05GSUdfUFBDX0ZQVT15CkNPTkZJR19BTFRJVkVDPXkK
Q09ORklHX1BQQ19LVUVQPXkKQ09ORklHX1BQQ19LVUFQPXkKIyBDT05GSUdfUFBDX0tVQVBfREVC
VUcgaXMgbm90IHNldApDT05GSUdfUFBDX0hBVkVfUE1VX1NVUFBPUlQ9eQojIENPTkZJR19QTVVf
U1lTRlMgaXMgbm90IHNldApDT05GSUdfUFBDX1BFUkZfQ1RSUz15CkNPTkZJR19TTVA9eQpDT05G
SUdfTlJfQ1BVUz0yCiMgZW5kIG9mIFByb2Nlc3NvciBzdXBwb3J0CgpDT05GSUdfVkRTTzMyPXkK
Q09ORklHX0NQVV9CSUdfRU5ESUFOPXkKQ09ORklHXzMyQklUPXkKQ09ORklHX01NVT15CkNPTkZJ
R19BUkNIX01NQVBfUk5EX0JJVFNfTUFYPTE3CkNPTkZJR19BUkNIX01NQVBfUk5EX0JJVFNfTUlO
PTExCkNPTkZJR19BUkNIX01NQVBfUk5EX0NPTVBBVF9CSVRTX01BWD0xNwpDT05GSUdfQVJDSF9N
TUFQX1JORF9DT01QQVRfQklUU19NSU49MTEKQ09ORklHX05SX0lSUVM9NTEyCkNPTkZJR19OTUlf
SVBJPXkKQ09ORklHX1NUQUNLVFJBQ0VfU1VQUE9SVD15CkNPTkZJR19MT0NLREVQX1NVUFBPUlQ9
eQpDT05GSUdfR0VORVJJQ19IV0VJR0hUPXkKQ09ORklHX1BQQz15CkNPTkZJR19FQVJMWV9QUklO
VEs9eQpDT05GSUdfUEFOSUNfVElNRU9VVD00MApDT05GSUdfU0NIRURfT01JVF9GUkFNRV9QT0lO
VEVSPXkKQ09ORklHX0FSQ0hfTUFZX0hBVkVfUENfRkRDPXkKQ09ORklHX0dFTkVSSUNfVEJTWU5D
PXkKQ09ORklHX0FVRElUX0FSQ0g9eQpDT05GSUdfR0VORVJJQ19CVUc9eQpDT05GSUdfR0VORVJJ
Q19CVUdfUkVMQVRJVkVfUE9JTlRFUlM9eQpDT05GSUdfU1lTX1NVUFBPUlRTX0FQTV9FTVVMQVRJ
T049eQpDT05GSUdfQVJDSF9ISUJFUk5BVElPTl9QT1NTSUJMRT15CkNPTkZJR19BUkNIX1NVU1BF
TkRfUE9TU0lCTEU9eQpDT05GSUdfQVJDSF9IQVNfQUREX1BBR0VTPXkKIyBDT05GSUdfUFBDX1BD
SV9PRl9CVVNfTUFQIGlzIG5vdCBzZXQKQ09ORklHX1BQQ19QQ0lfQlVTX05VTV9ET01BSU5fREVQ
RU5ERU5UPXkKQ09ORklHX0FSQ0hfU1VQUE9SVFNfVVBST0JFUz15CkNPTkZJR19QR1RBQkxFX0xF
VkVMUz0yCkNPTkZJR19QUENfTVNJX0JJVE1BUD15CgojCiMgUGxhdGZvcm0gc3VwcG9ydAojCiMg
Q09ORklHX1NDT01fREVCVUdGUyBpcyBub3Qgc2V0CiMgQ09ORklHX1BQQ19DSFJQIGlzIG5vdCBz
ZXQKIyBDT05GSUdfUFBDX01QQzUxMnggaXMgbm90IHNldAojIENPTkZJR19QUENfTVBDNTJ4eCBp
cyBub3Qgc2V0CkNPTkZJR19QUENfUE1BQz15CkNPTkZJR19QUENfUE1BQzMyX1BTVVJHRT15CiMg
Q09ORklHX1BQQ184Mnh4IGlzIG5vdCBzZXQKIyBDT05GSUdfUFBDXzgzeHggaXMgbm90IHNldAoj
IENPTkZJR19QUENfODZ4eCBpcyBub3Qgc2V0CkNPTkZJR19LVk1fR1VFU1Q9eQpDT05GSUdfRVBB
UFJfUEFSQVZJUlQ9eQpDT05GSUdfUFBDX0hBU0hfTU1VX05BVElWRT15CkNPTkZJR19QUENfT0Zf
Qk9PVF9UUkFNUE9MSU5FPXkKQ09ORklHX1BQQ19TTVBfTVVYRURfSVBJPXkKQ09ORklHX01QSUM9
eQpDT05GSUdfTVBJQ19NU0dSPXkKQ09ORklHX1BQQ19NUEMxMDY9eQoKIwojIENQVSBGcmVxdWVu
Y3kgc2NhbGluZwojCkNPTkZJR19DUFVfRlJFUT15CkNPTkZJR19DUFVfRlJFUV9HT1ZfQVRUUl9T
RVQ9eQpDT05GSUdfQ1BVX0ZSRVFfR09WX0NPTU1PTj15CiMgQ09ORklHX0NQVV9GUkVRX1NUQVQg
aXMgbm90IHNldAojIENPTkZJR19DUFVfRlJFUV9ERUZBVUxUX0dPVl9QRVJGT1JNQU5DRSBpcyBu
b3Qgc2V0CiMgQ09ORklHX0NQVV9GUkVRX0RFRkFVTFRfR09WX1BPV0VSU0FWRSBpcyBub3Qgc2V0
CiMgQ09ORklHX0NQVV9GUkVRX0RFRkFVTFRfR09WX1VTRVJTUEFDRSBpcyBub3Qgc2V0CkNPTkZJ
R19DUFVfRlJFUV9ERUZBVUxUX0dPVl9PTkRFTUFORD15CiMgQ09ORklHX0NQVV9GUkVRX0RFRkFV
TFRfR09WX0NPTlNFUlZBVElWRSBpcyBub3Qgc2V0CiMgQ09ORklHX0NQVV9GUkVRX0RFRkFVTFRf
R09WX1NDSEVEVVRJTCBpcyBub3Qgc2V0CkNPTkZJR19DUFVfRlJFUV9HT1ZfUEVSRk9STUFOQ0U9
eQojIENPTkZJR19DUFVfRlJFUV9HT1ZfUE9XRVJTQVZFIGlzIG5vdCBzZXQKIyBDT05GSUdfQ1BV
X0ZSRVFfR09WX1VTRVJTUEFDRSBpcyBub3Qgc2V0CkNPTkZJR19DUFVfRlJFUV9HT1ZfT05ERU1B
TkQ9eQojIENPTkZJR19DUFVfRlJFUV9HT1ZfQ09OU0VSVkFUSVZFIGlzIG5vdCBzZXQKIyBDT05G
SUdfQ1BVX0ZSRVFfR09WX1NDSEVEVVRJTCBpcyBub3Qgc2V0CgojCiMgQ1BVIGZyZXF1ZW5jeSBz
Y2FsaW5nIGRyaXZlcnMKIwojIENPTkZJR19DUFVGUkVRX0RUX1BMQVRERVYgaXMgbm90IHNldApD
T05GSUdfQ1BVX0ZSRVFfUE1BQz15CiMgZW5kIG9mIENQVSBGcmVxdWVuY3kgc2NhbGluZwoKIwoj
IENQVUlkbGUgZHJpdmVyCiMKCiMKIyBDUFUgSWRsZQojCiMgQ09ORklHX0NQVV9JRExFIGlzIG5v
dCBzZXQKIyBlbmQgb2YgQ1BVIElkbGUKIyBlbmQgb2YgQ1BVSWRsZSBkcml2ZXIKCkNPTkZJR19U
QVU9eQojIENPTkZJR19UQVVfSU5UIGlzIG5vdCBzZXQKIyBDT05GSUdfVEFVX0FWRVJBR0UgaXMg
bm90IHNldAojIENPTkZJR19HRU5fUlRDIGlzIG5vdCBzZXQKIyBlbmQgb2YgUGxhdGZvcm0gc3Vw
cG9ydAoKIwojIEtlcm5lbCBvcHRpb25zCiMKQ09ORklHX0hJR0hNRU09eQojIENPTkZJR19IWl8x
MDAgaXMgbm90IHNldAojIENPTkZJR19IWl8yNTAgaXMgbm90IHNldApDT05GSUdfSFpfMzAwPXkK
IyBDT05GSUdfSFpfMTAwMCBpcyBub3Qgc2V0CkNPTkZJR19IWj0zMDAKQ09ORklHX1NDSEVEX0hS
VElDSz15CkNPTkZJR19IT1RQTFVHX0NQVT15CiMgQ09ORklHX1BQQ19RVUVVRURfU1BJTkxPQ0tT
IGlzIG5vdCBzZXQKQ09ORklHX0FSQ0hfQ1BVX1BST0JFX1JFTEVBU0U9eQpDT05GSUdfQVJDSF9T
VVBQT1JUU19LRVhFQz15CkNPTkZJR19BUkNIX1NVUFBPUlRTX0tFWEVDX1BVUkdBVE9SWT15CkNP
TkZJR19BUkNIX1NVUFBPUlRTX0NSQVNIX0RVTVA9eQpDT05GSUdfSVJRX0FMTF9DUFVTPXkKQ09O
RklHX0FSQ0hfRkxBVE1FTV9FTkFCTEU9eQpDT05GSUdfSUxMRUdBTF9QT0lOVEVSX1ZBTFVFPTAK
Q09ORklHX1BQQ180S19QQUdFUz15CkNPTkZJR19USFJFQURfU0hJRlQ9MTMKQ09ORklHX0RBVEFf
U0hJRlQ9MjIKQ09ORklHX0FSQ0hfRk9SQ0VfTUFYX09SREVSPTEwCkNPTkZJR19DTURMSU5FPSIi
CkNPTkZJR19FWFRSQV9UQVJHRVRTPSIiCkNPTkZJR19BUkNIX1dBTlRTX0ZSRUVaRVJfQ09OVFJP
TD15CiMgQ09ORklHX1NVU1BFTkQgaXMgbm90IHNldAojIENPTkZJR19ISUJFUk5BVElPTiBpcyBu
b3Qgc2V0CkNPTkZJR19QTT15CiMgQ09ORklHX1BNX0RFQlVHIGlzIG5vdCBzZXQKQ09ORklHX0FQ
TV9FTVVMQVRJT049bQpDT05GSUdfV1FfUE9XRVJfRUZGSUNJRU5UX0RFRkFVTFQ9eQojIENPTkZJ
R19FTkVSR1lfTU9ERUwgaXMgbm90IHNldAojIGVuZCBvZiBLZXJuZWwgb3B0aW9ucwoKQ09ORklH
X0lTQV9ETUFfQVBJPXkKCiMKIyBCdXMgb3B0aW9ucwojCkNPTkZJR19HRU5FUklDX0lTQV9ETUE9
eQpDT05GSUdfUFBDX0lORElSRUNUX1BDST15CiMgQ09ORklHX0ZTTF9MQkMgaXMgbm90IHNldAoj
IGVuZCBvZiBCdXMgb3B0aW9ucwoKIwojIEFkdmFuY2VkIHNldHVwCiMKIyBDT05GSUdfQURWQU5D
RURfT1BUSU9OUyBpcyBub3Qgc2V0CgojCiMgRGVmYXVsdCBzZXR0aW5ncyBmb3IgYWR2YW5jZWQg
Y29uZmlndXJhdGlvbiBvcHRpb25zIGFyZSB1c2VkCiMKQ09ORklHX0xPV01FTV9TSVpFPTB4MzAw
MDAwMDAKQ09ORklHX1BBR0VfT0ZGU0VUPTB4YzAwMDAwMDAKQ09ORklHX0tFUk5FTF9TVEFSVD0w
eGMwMDAwMDAwCkNPTkZJR19QSFlTSUNBTF9TVEFSVD0weDAwMDAwMDAwCkNPTkZJR19UQVNLX1NJ
WkU9MHhiMDAwMDAwMAojIGVuZCBvZiBBZHZhbmNlZCBzZXR1cAoKIyBDT05GSUdfVklSVFVBTEla
QVRJT04gaXMgbm90IHNldApDT05GSUdfSEFWRV9MSVZFUEFUQ0g9eQpDT05GSUdfQ1BVX01JVElH
QVRJT05TPXkKCiMKIyBHZW5lcmFsIGFyY2hpdGVjdHVyZS1kZXBlbmRlbnQgb3B0aW9ucwojCkNP
TkZJR19IT1RQTFVHX1NNVD15CkNPTkZJR19TTVRfTlVNX1RIUkVBRFNfRFlOQU1JQz15CiMgQ09O
RklHX0tQUk9CRVMgaXMgbm90IHNldApDT05GSUdfSlVNUF9MQUJFTD15CiMgQ09ORklHX1NUQVRJ
Q19LRVlTX1NFTEZURVNUIGlzIG5vdCBzZXQKIyBDT05GSUdfU1RBVElDX0NBTExfU0VMRlRFU1Qg
aXMgbm90IHNldApDT05GSUdfSEFWRV9FRkZJQ0lFTlRfVU5BTElHTkVEX0FDQ0VTUz15CkNPTkZJ
R19BUkNIX1VTRV9CVUlMVElOX0JTV0FQPXkKQ09ORklHX0hBVkVfSU9SRU1BUF9QUk9UPXkKQ09O
RklHX0hBVkVfS1BST0JFUz15CkNPTkZJR19IQVZFX0tSRVRQUk9CRVM9eQpDT05GSUdfSEFWRV9P
UFRQUk9CRVM9eQpDT05GSUdfSEFWRV9LUFJPQkVTX09OX0ZUUkFDRT15CkNPTkZJR19IQVZFX0ZV
TkNUSU9OX0VSUk9SX0lOSkVDVElPTj15CkNPTkZJR19IQVZFX05NST15CkNPTkZJR19UUkFDRV9J
UlFGTEFHU19TVVBQT1JUPXkKQ09ORklHX0hBVkVfQVJDSF9UUkFDRUhPT0s9eQpDT05GSUdfR0VO
RVJJQ19TTVBfSURMRV9USFJFQUQ9eQpDT05GSUdfR0VORVJJQ19JRExFX1BPTExfU0VUVVA9eQpD
T05GSUdfQVJDSF9IQVNfRk9SVElGWV9TT1VSQ0U9eQpDT05GSUdfQVJDSF9IQVNfU0VUX01FTU9S
WT15CkNPTkZJR19BUkNIXzMyQklUX09GRl9UPXkKQ09ORklHX0hBVkVfQVNNX01PRFZFUlNJT05T
PXkKQ09ORklHX0hBVkVfUkVHU19BTkRfU1RBQ0tfQUNDRVNTX0FQST15CkNPTkZJR19IQVZFX1JT
RVE9eQpDT05GSUdfSEFWRV9GVU5DVElPTl9BUkdfQUNDRVNTX0FQST15CkNPTkZJR19IQVZFX0hX
X0JSRUFLUE9JTlQ9eQpDT05GSUdfSEFWRV9QRVJGX1JFR1M9eQpDT05GSUdfSEFWRV9QRVJGX1VT
RVJfU1RBQ0tfRFVNUD15CkNPTkZJR19IQVZFX0FSQ0hfSlVNUF9MQUJFTD15CkNPTkZJR19IQVZF
X0FSQ0hfSlVNUF9MQUJFTF9SRUxBVElWRT15CkNPTkZJR19NTVVfR0FUSEVSX1RBQkxFX0ZSRUU9
eQpDT05GSUdfTU1VX0dBVEhFUl9SQ1VfVEFCTEVfRlJFRT15CkNPTkZJR19NTVVfR0FUSEVSX1BB
R0VfU0laRT15CkNPTkZJR19NTVVfR0FUSEVSX01FUkdFX1ZNQVM9eQpDT05GSUdfQVJDSF9XQU5U
X0lSUVNfT0ZGX0FDVElWQVRFX01NPXkKQ09ORklHX01NVV9MQVpZX1RMQl9SRUZDT1VOVD15CkNP
TkZJR19BUkNIX0hBVkVfTk1JX1NBRkVfQ01QWENIRz15CkNPTkZJR19BUkNIX1dFQUtfUkVMRUFT
RV9BQ1FVSVJFPXkKQ09ORklHX0FSQ0hfV0FOVF9JUENfUEFSU0VfVkVSU0lPTj15CkNPTkZJR19I
QVZFX0FSQ0hfU0VDQ09NUD15CkNPTkZJR19IQVZFX0FSQ0hfU0VDQ09NUF9GSUxURVI9eQpDT05G
SUdfU0VDQ09NUD15CkNPTkZJR19TRUNDT01QX0ZJTFRFUj15CiMgQ09ORklHX1NFQ0NPTVBfQ0FD
SEVfREVCVUcgaXMgbm90IHNldApDT05GSUdfSEFWRV9TVEFDS1BST1RFQ1RPUj15CkNPTkZJR19T
VEFDS1BST1RFQ1RPUj15CiMgQ09ORklHX1NUQUNLUFJPVEVDVE9SX1NUUk9ORyBpcyBub3Qgc2V0
CkNPTkZJR19MVE9fTk9ORT15CkNPTkZJR19IQVZFX0FSQ0hfV0lUSElOX1NUQUNLX0ZSQU1FUz15
CkNPTkZJR19IQVZFX0NPTlRFWFRfVFJBQ0tJTkdfVVNFUj15CkNPTkZJR19IQVZFX1ZJUlRfQ1BV
X0FDQ09VTlRJTkc9eQpDT05GSUdfSEFWRV9WSVJUX0NQVV9BQ0NPVU5USU5HX0dFTj15CkNPTkZJ
R19IQVZFX0lSUV9USU1FX0FDQ09VTlRJTkc9eQpDT05GSUdfSEFWRV9NT0RfQVJDSF9TUEVDSUZJ
Qz15CkNPTkZJR19NT0RVTEVTX1VTRV9FTEZfUkVMQT15CkNPTkZJR19BUkNIX1dBTlRTX01PRFVM
RVNfREFUQV9JTl9WTUFMTE9DPXkKQ09ORklHX0hBVkVfU09GVElSUV9PTl9PV05fU1RBQ0s9eQpD
T05GSUdfU09GVElSUV9PTl9PV05fU1RBQ0s9eQpDT05GSUdfQVJDSF9IQVNfRUxGX1JBTkRPTUla
RT15CkNPTkZJR19IQVZFX0FSQ0hfTU1BUF9STkRfQklUUz15CkNPTkZJR19BUkNIX01NQVBfUk5E
X0JJVFM9MTEKQ09ORklHX0hBVkVfUEFHRV9TSVpFXzRLQj15CkNPTkZJR19QQUdFX1NJWkVfNEtC
PXkKQ09ORklHX1BBR0VfU0laRV9MRVNTX1RIQU5fNjRLQj15CkNPTkZJR19QQUdFX1NJWkVfTEVT
U19USEFOXzI1NktCPXkKQ09ORklHX1BBR0VfU0hJRlQ9MTIKQ09ORklHX0FSQ0hfV0FOVF9ERUZB
VUxUX1RPUERPV05fTU1BUF9MQVlPVVQ9eQpDT05GSUdfSEFWRV9PQkpUT09MPXkKQ09ORklHX0hB
VkVfUkVMSUFCTEVfU1RBQ0tUUkFDRT15CkNPTkZJR19IQVZFX0FSQ0hfTlZSQU1fT1BTPXkKQ09O
RklHX0NMT05FX0JBQ0tXQVJEUz15CkNPTkZJR19PTERfU0lHU1VTUEVORD15CkNPTkZJR19PTERf
U0lHQUNUSU9OPXkKQ09ORklHX0NPTVBBVF8zMkJJVF9USU1FPXkKQ09ORklHX0hBVkVfQVJDSF9W
TUFQX1NUQUNLPXkKIyBDT05GSUdfVk1BUF9TVEFDSyBpcyBub3Qgc2V0CkNPTkZJR19IQVZFX0FS
Q0hfUkFORE9NSVpFX0tTVEFDS19PRkZTRVQ9eQpDT05GSUdfUkFORE9NSVpFX0tTVEFDS19PRkZT
RVQ9eQpDT05GSUdfUkFORE9NSVpFX0tTVEFDS19PRkZTRVRfREVGQVVMVD15CkNPTkZJR19BUkNI
X09QVElPTkFMX0tFUk5FTF9SV1g9eQpDT05GSUdfQVJDSF9PUFRJT05BTF9LRVJORUxfUldYX0RF
RkFVTFQ9eQpDT05GSUdfQVJDSF9IQVNfU1RSSUNUX0tFUk5FTF9SV1g9eQpDT05GSUdfU1RSSUNU
X0tFUk5FTF9SV1g9eQpDT05GSUdfQVJDSF9IQVNfU1RSSUNUX01PRFVMRV9SV1g9eQojIENPTkZJ
R19TVFJJQ1RfTU9EVUxFX1JXWCBpcyBub3Qgc2V0CkNPTkZJR19BUkNIX0hBU19QSFlTX1RPX0RN
QT15CiMgQ09ORklHX0xPQ0tfRVZFTlRfQ09VTlRTIGlzIG5vdCBzZXQKQ09ORklHX0hBVkVfU1RB
VElDX0NBTEw9eQpDT05GSUdfQVJDSF9XQU5UX0xEX09SUEhBTl9XQVJOPXkKQ09ORklHX0FSQ0hf
U1VQUE9SVFNfREVCVUdfUEFHRUFMTE9DPXkKQ09ORklHX0FSQ0hfU1BMSVRfQVJHNjQ9eQoKIwoj
IEdDT1YtYmFzZWQga2VybmVsIHByb2ZpbGluZwojCiMgQ09ORklHX0dDT1ZfS0VSTkVMIGlzIG5v
dCBzZXQKQ09ORklHX0FSQ0hfSEFTX0dDT1ZfUFJPRklMRV9BTEw9eQojIGVuZCBvZiBHQ09WLWJh
c2VkIGtlcm5lbCBwcm9maWxpbmcKCkNPTkZJR19IQVZFX0dDQ19QTFVHSU5TPXkKQ09ORklHX0dD
Q19QTFVHSU5TPXkKQ09ORklHX0dDQ19QTFVHSU5fTEFURU5UX0VOVFJPUFk9eQpDT05GSUdfRlVO
Q1RJT05fQUxJR05NRU5UXzRCPXkKQ09ORklHX0ZVTkNUSU9OX0FMSUdOTUVOVD00CkNPTkZJR19D
Q19IQVNfTUlOX0ZVTkNUSU9OX0FMSUdOTUVOVD15CkNPTkZJR19DQ19IQVNfU0FORV9GVU5DVElP
Tl9BTElHTk1FTlQ9eQojIGVuZCBvZiBHZW5lcmFsIGFyY2hpdGVjdHVyZS1kZXBlbmRlbnQgb3B0
aW9ucwoKQ09ORklHX1JUX01VVEVYRVM9eQpDT05GSUdfTU9EVUxFUz15CiMgQ09ORklHX01PRFVM
RV9ERUJVRyBpcyBub3Qgc2V0CiMgQ09ORklHX01PRFVMRV9GT1JDRV9MT0FEIGlzIG5vdCBzZXQK
Q09ORklHX01PRFVMRV9VTkxPQUQ9eQpDT05GSUdfTU9EVUxFX0ZPUkNFX1VOTE9BRD15CiMgQ09O
RklHX01PRFVMRV9VTkxPQURfVEFJTlRfVFJBQ0tJTkcgaXMgbm90IHNldAojIENPTkZJR19NT0RW
RVJTSU9OUyBpcyBub3Qgc2V0CiMgQ09ORklHX01PRFVMRV9TUkNWRVJTSU9OX0FMTCBpcyBub3Qg
c2V0CiMgQ09ORklHX01PRFVMRV9TSUcgaXMgbm90IHNldApDT05GSUdfTU9EVUxFX0NPTVBSRVNT
X05PTkU9eQojIENPTkZJR19NT0RVTEVfQ09NUFJFU1NfR1pJUCBpcyBub3Qgc2V0CiMgQ09ORklH
X01PRFVMRV9DT01QUkVTU19YWiBpcyBub3Qgc2V0CiMgQ09ORklHX01PRFVMRV9DT01QUkVTU19a
U1REIGlzIG5vdCBzZXQKIyBDT05GSUdfTU9EVUxFX0FMTE9XX01JU1NJTkdfTkFNRVNQQUNFX0lN
UE9SVFMgaXMgbm90IHNldApDT05GSUdfTU9EUFJPQkVfUEFUSD0iL3NiaW4vbW9kcHJvYmUiCiMg
Q09ORklHX1RSSU1fVU5VU0VEX0tTWU1TIGlzIG5vdCBzZXQKQ09ORklHX01PRFVMRVNfVFJFRV9M
T09LVVA9eQpDT05GSUdfQkxPQ0s9eQpDT05GSUdfQkxPQ0tfTEVHQUNZX0FVVE9MT0FEPXkKQ09O
RklHX0JMS19DR1JPVVBfUldTVEFUPXkKQ09ORklHX0JMS19DR1JPVVBfUFVOVF9CSU89eQpDT05G
SUdfQkxLX0RFVl9CU0dfQ09NTU9OPXkKQ09ORklHX0JMS19JQ1E9eQojIENPTkZJR19CTEtfREVW
X0JTR0xJQiBpcyBub3Qgc2V0CiMgQ09ORklHX0JMS19ERVZfSU5URUdSSVRZIGlzIG5vdCBzZXQK
IyBDT05GSUdfQkxLX0RFVl9XUklURV9NT1VOVEVEIGlzIG5vdCBzZXQKIyBDT05GSUdfQkxLX0RF
Vl9aT05FRCBpcyBub3Qgc2V0CiMgQ09ORklHX0JMS19ERVZfVEhST1RUTElORyBpcyBub3Qgc2V0
CkNPTkZJR19CTEtfV0JUPXkKQ09ORklHX0JMS19XQlRfTVE9eQojIENPTkZJR19CTEtfQ0dST1VQ
X0lPTEFURU5DWSBpcyBub3Qgc2V0CiMgQ09ORklHX0JMS19DR1JPVVBfSU9DT1NUIGlzIG5vdCBz
ZXQKIyBDT05GSUdfQkxLX0NHUk9VUF9JT1BSSU8gaXMgbm90IHNldApDT05GSUdfQkxLX0RFQlVH
X0ZTPXkKIyBDT05GSUdfQkxLX1NFRF9PUEFMIGlzIG5vdCBzZXQKIyBDT05GSUdfQkxLX0lOTElO
RV9FTkNSWVBUSU9OIGlzIG5vdCBzZXQKCiMKIyBQYXJ0aXRpb24gVHlwZXMKIwpDT05GSUdfUEFS
VElUSU9OX0FEVkFOQ0VEPXkKIyBDT05GSUdfQUNPUk5fUEFSVElUSU9OIGlzIG5vdCBzZXQKIyBD
T05GSUdfQUlYX1BBUlRJVElPTiBpcyBub3Qgc2V0CiMgQ09ORklHX09TRl9QQVJUSVRJT04gaXMg
bm90IHNldApDT05GSUdfQU1JR0FfUEFSVElUSU9OPXkKIyBDT05GSUdfQVRBUklfUEFSVElUSU9O
IGlzIG5vdCBzZXQKQ09ORklHX01BQ19QQVJUSVRJT049eQpDT05GSUdfTVNET1NfUEFSVElUSU9O
PXkKQ09ORklHX0JTRF9ESVNLTEFCRUw9eQojIENPTkZJR19NSU5JWF9TVUJQQVJUSVRJT04gaXMg
bm90IHNldAojIENPTkZJR19TT0xBUklTX1g4Nl9QQVJUSVRJT04gaXMgbm90IHNldAojIENPTkZJ
R19VTklYV0FSRV9ESVNLTEFCRUwgaXMgbm90IHNldApDT05GSUdfTERNX1BBUlRJVElPTj15CiMg
Q09ORklHX0xETV9ERUJVRyBpcyBub3Qgc2V0CiMgQ09ORklHX1NHSV9QQVJUSVRJT04gaXMgbm90
IHNldAojIENPTkZJR19VTFRSSVhfUEFSVElUSU9OIGlzIG5vdCBzZXQKIyBDT05GSUdfU1VOX1BB
UlRJVElPTiBpcyBub3Qgc2V0CiMgQ09ORklHX0tBUk1BX1BBUlRJVElPTiBpcyBub3Qgc2V0CkNP
TkZJR19FRklfUEFSVElUSU9OPXkKIyBDT05GSUdfU1lTVjY4X1BBUlRJVElPTiBpcyBub3Qgc2V0
CiMgQ09ORklHX0NNRExJTkVfUEFSVElUSU9OIGlzIG5vdCBzZXQKIyBlbmQgb2YgUGFydGl0aW9u
IFR5cGVzCgpDT05GSUdfQkxLX01RX1BDST15CkNPTkZJR19CTEtfTVFfVklSVElPPXkKQ09ORklH
X0JMS19QTT15CkNPTkZJR19CTE9DS19IT0xERVJfREVQUkVDQVRFRD15CkNPTkZJR19CTEtfTVFf
U1RBQ0tJTkc9eQoKIwojIElPIFNjaGVkdWxlcnMKIwojIENPTkZJR19NUV9JT1NDSEVEX0RFQURM
SU5FIGlzIG5vdCBzZXQKIyBDT05GSUdfTVFfSU9TQ0hFRF9LWUJFUiBpcyBub3Qgc2V0CkNPTkZJ
R19JT1NDSEVEX0JGUT15CkNPTkZJR19CRlFfR1JPVVBfSU9TQ0hFRD15CiMgQ09ORklHX0JGUV9D
R1JPVVBfREVCVUcgaXMgbm90IHNldAojIGVuZCBvZiBJTyBTY2hlZHVsZXJzCgpDT05GSUdfUEFE
QVRBPXkKQ09ORklHX0FTTjE9eQpDT05GSUdfVU5JTkxJTkVfU1BJTl9VTkxPQ0s9eQpDT05GSUdf
QVJDSF9TVVBQT1JUU19BVE9NSUNfUk1XPXkKQ09ORklHX01VVEVYX1NQSU5fT05fT1dORVI9eQpD
T05GSUdfUldTRU1fU1BJTl9PTl9PV05FUj15CkNPTkZJR19MT0NLX1NQSU5fT05fT1dORVI9eQpD
T05GSUdfQVJDSF9IQVNfTk9OX09WRVJMQVBQSU5HX0FERFJFU1NfU1BBQ0U9eQpDT05GSUdfQVJD
SF9IQVNfU1lTQ0FMTF9XUkFQUEVSPXkKQ09ORklHX0ZSRUVaRVI9eQoKIwojIEV4ZWN1dGFibGUg
ZmlsZSBmb3JtYXRzCiMKQ09ORklHX0JJTkZNVF9FTEY9eQpDT05GSUdfRUxGQ09SRT15CkNPTkZJ
R19DT1JFX0RVTVBfREVGQVVMVF9FTEZfSEVBREVSUz15CkNPTkZJR19CSU5GTVRfU0NSSVBUPXkK
Q09ORklHX0JJTkZNVF9NSVNDPXkKQ09ORklHX0NPUkVEVU1QPXkKIyBlbmQgb2YgRXhlY3V0YWJs
ZSBmaWxlIGZvcm1hdHMKCiMKIyBNZW1vcnkgTWFuYWdlbWVudCBvcHRpb25zCiMKQ09ORklHX1pQ
T09MPXkKQ09ORklHX1NXQVA9eQpDT05GSUdfWlNXQVA9eQpDT05GSUdfWlNXQVBfREVGQVVMVF9P
Tj15CkNPTkZJR19aU1dBUF9TSFJJTktFUl9ERUZBVUxUX09OPXkKIyBDT05GSUdfWlNXQVBfQ09N
UFJFU1NPUl9ERUZBVUxUX0RFRkxBVEUgaXMgbm90IHNldApDT05GSUdfWlNXQVBfQ09NUFJFU1NP
Ul9ERUZBVUxUX0xaTz15CiMgQ09ORklHX1pTV0FQX0NPTVBSRVNTT1JfREVGQVVMVF84NDIgaXMg
bm90IHNldAojIENPTkZJR19aU1dBUF9DT01QUkVTU09SX0RFRkFVTFRfTFo0IGlzIG5vdCBzZXQK
IyBDT05GSUdfWlNXQVBfQ09NUFJFU1NPUl9ERUZBVUxUX0xaNEhDIGlzIG5vdCBzZXQKIyBDT05G
SUdfWlNXQVBfQ09NUFJFU1NPUl9ERUZBVUxUX1pTVEQgaXMgbm90IHNldApDT05GSUdfWlNXQVBf
Q09NUFJFU1NPUl9ERUZBVUxUPSJsem8iCiMgQ09ORklHX1pTV0FQX1pQT09MX0RFRkFVTFRfWkJV
RCBpcyBub3Qgc2V0CiMgQ09ORklHX1pTV0FQX1pQT09MX0RFRkFVTFRfWjNGT0xEIGlzIG5vdCBz
ZXQKQ09ORklHX1pTV0FQX1pQT09MX0RFRkFVTFRfWlNNQUxMT0M9eQpDT05GSUdfWlNXQVBfWlBP
T0xfREVGQVVMVD0ienNtYWxsb2MiCiMgQ09ORklHX1pCVUQgaXMgbm90IHNldAojIENPTkZJR19a
M0ZPTEQgaXMgbm90IHNldApDT05GSUdfSEFWRV9aU01BTExPQz15CkNPTkZJR19aU01BTExPQz15
CiMgQ09ORklHX1pTTUFMTE9DX1NUQVQgaXMgbm90IHNldApDT05GSUdfWlNNQUxMT0NfQ0hBSU5f
U0laRT04CgojCiMgU2xhYiBhbGxvY2F0b3Igb3B0aW9ucwojCkNPTkZJR19TTFVCPXkKIyBDT05G
SUdfU0xVQl9USU5ZIGlzIG5vdCBzZXQKQ09ORklHX1NMQUJfTUVSR0VfREVGQVVMVD15CkNPTkZJ
R19TTEFCX0ZSRUVMSVNUX1JBTkRPTT15CkNPTkZJR19TTEFCX0ZSRUVMSVNUX0hBUkRFTkVEPXkK
Q09ORklHX1NMQUJfQlVDS0VUUz15CiMgQ09ORklHX1NMVUJfU1RBVFMgaXMgbm90IHNldAojIENP
TkZJR19TTFVCX0NQVV9QQVJUSUFMIGlzIG5vdCBzZXQKIyBDT05GSUdfUkFORE9NX0tNQUxMT0Nf
Q0FDSEVTIGlzIG5vdCBzZXQKIyBlbmQgb2YgU2xhYiBhbGxvY2F0b3Igb3B0aW9ucwoKQ09ORklH
X1NIVUZGTEVfUEFHRV9BTExPQ0FUT1I9eQojIENPTkZJR19DT01QQVRfQlJLIGlzIG5vdCBzZXQK
Q09ORklHX0ZMQVRNRU09eQpDT05GSUdfSEFWRV9HVVBfRkFTVD15CkNPTkZJR19BUkNIX0tFRVBf
TUVNQkxPQ0s9eQpDT05GSUdfRVhDTFVTSVZFX1NZU1RFTV9SQU09eQpDT05GSUdfQVJDSF9FTkFC
TEVfTUVNT1JZX0hPVFBMVUc9eQpDT05GSUdfQVJDSF9FTkFCTEVfTUVNT1JZX0hPVFJFTU9WRT15
CkNPTkZJR19TUExJVF9QVExPQ0tfQ1BVUz00CkNPTkZJR19DT01QQUNUSU9OPXkKQ09ORklHX0NP
TVBBQ1RfVU5FVklDVEFCTEVfREVGQVVMVD0xCkNPTkZJR19QQUdFX1JFUE9SVElORz15CkNPTkZJ
R19NSUdSQVRJT049eQpDT05GSUdfUENQX0JBVENIX1NDQUxFX01BWD01CkNPTkZJR19CT1VOQ0U9
eQpDT05GSUdfTU1VX05PVElGSUVSPXkKQ09ORklHX0tTTT15CkNPTkZJR19ERUZBVUxUX01NQVBf
TUlOX0FERFI9MTYzODQKIyBDT05GSUdfQ01BIGlzIG5vdCBzZXQKQ09ORklHX0dFTkVSSUNfRUFS
TFlfSU9SRU1BUD15CiMgQ09ORklHX0lETEVfUEFHRV9UUkFDS0lORyBpcyBub3Qgc2V0CkNPTkZJ
R19BUkNIX0hBU19DVVJSRU5UX1NUQUNLX1BPSU5URVI9eQpDT05GSUdfWk9ORV9ETUE9eQpDT05G
SUdfVk1fRVZFTlRfQ09VTlRFUlM9eQojIENPTkZJR19QRVJDUFVfU1RBVFMgaXMgbm90IHNldAoj
IENPTkZJR19HVVBfVEVTVCBpcyBub3Qgc2V0CiMgQ09ORklHX0RNQVBPT0xfVEVTVCBpcyBub3Qg
c2V0CkNPTkZJR19BUkNIX0hBU19QVEVfU1BFQ0lBTD15CkNPTkZJR19LTUFQX0xPQ0FMPXkKQ09O
RklHX01FTUZEX0NSRUFURT15CiMgQ09ORklHX0FOT05fVk1BX05BTUUgaXMgbm90IHNldApDT05G
SUdfVVNFUkZBVUxURkQ9eQpDT05GSUdfTFJVX0dFTj15CkNPTkZJR19MUlVfR0VOX0VOQUJMRUQ9
eQojIENPTkZJR19MUlVfR0VOX1NUQVRTIGlzIG5vdCBzZXQKQ09ORklHX0xPQ0tfTU1fQU5EX0ZJ
TkRfVk1BPXkKQ09ORklHX0VYRUNNRU09eQoKIwojIERhdGEgQWNjZXNzIE1vbml0b3JpbmcKIwoj
IENPTkZJR19EQU1PTiBpcyBub3Qgc2V0CiMgZW5kIG9mIERhdGEgQWNjZXNzIE1vbml0b3JpbmcK
IyBlbmQgb2YgTWVtb3J5IE1hbmFnZW1lbnQgb3B0aW9ucwoKQ09ORklHX05FVD15CkNPTkZJR19O
RVRfSU5HUkVTUz15CkNPTkZJR19ORVRfRUdSRVNTPXkKQ09ORklHX05FVF9YR1JFU1M9eQpDT05G
SUdfU0tCX0RFQ1JZUFRFRD15CkNPTkZJR19TS0JfRVhURU5TSU9OUz15CgojCiMgTmV0d29ya2lu
ZyBvcHRpb25zCiMKQ09ORklHX1BBQ0tFVD1tCkNPTkZJR19QQUNLRVRfRElBRz1tCkNPTkZJR19V
TklYPXkKQ09ORklHX0FGX1VOSVhfT09CPXkKQ09ORklHX1VOSVhfRElBRz1tCkNPTkZJR19UTFM9
bQpDT05GSUdfVExTX0RFVklDRT15CiMgQ09ORklHX1RMU19UT0UgaXMgbm90IHNldApDT05GSUdf
WEZSTT15CkNPTkZJR19YRlJNX0FMR089bQpDT05GSUdfWEZSTV9VU0VSPW0KIyBDT05GSUdfWEZS
TV9JTlRFUkZBQ0UgaXMgbm90IHNldAojIENPTkZJR19YRlJNX1NVQl9QT0xJQ1kgaXMgbm90IHNl
dAojIENPTkZJR19YRlJNX01JR1JBVEUgaXMgbm90IHNldAojIENPTkZJR19YRlJNX1NUQVRJU1RJ
Q1MgaXMgbm90IHNldApDT05GSUdfWEZSTV9BSD1tCkNPTkZJR19YRlJNX0VTUD1tCkNPTkZJR19Y
RlJNX0lQQ09NUD1tCkNPTkZJR19ORVRfS0VZPW0KIyBDT05GSUdfTkVUX0tFWV9NSUdSQVRFIGlz
IG5vdCBzZXQKIyBDT05GSUdfWERQX1NPQ0tFVFMgaXMgbm90IHNldApDT05GSUdfTkVUX0hBTkRT
SEFLRT15CiMgQ09ORklHX05FVF9IQU5EU0hBS0VfS1VOSVRfVEVTVCBpcyBub3Qgc2V0CkNPTkZJ
R19JTkVUPXkKIyBDT05GSUdfSVBfTVVMVElDQVNUIGlzIG5vdCBzZXQKIyBDT05GSUdfSVBfQURW
QU5DRURfUk9VVEVSIGlzIG5vdCBzZXQKIyBDT05GSUdfSVBfUE5QIGlzIG5vdCBzZXQKIyBDT05G
SUdfTkVUX0lQSVAgaXMgbm90IHNldAojIENPTkZJR19ORVRfSVBHUkVfREVNVVggaXMgbm90IHNl
dApDT05GSUdfTkVUX0lQX1RVTk5FTD1tCkNPTkZJR19TWU5fQ09PS0lFUz15CiMgQ09ORklHX05F
VF9JUFZUSSBpcyBub3Qgc2V0CkNPTkZJR19ORVRfVURQX1RVTk5FTD1tCiMgQ09ORklHX05FVF9G
T1UgaXMgbm90IHNldApDT05GSUdfSU5FVF9BSD1tCkNPTkZJR19JTkVUX0VTUD1tCiMgQ09ORklH
X0lORVRfRVNQX09GRkxPQUQgaXMgbm90IHNldAojIENPTkZJR19JTkVUX0VTUElOVENQIGlzIG5v
dCBzZXQKQ09ORklHX0lORVRfSVBDT01QPW0KQ09ORklHX0lORVRfVEFCTEVfUEVSVFVSQl9PUkRF
Uj0xNgpDT05GSUdfSU5FVF9YRlJNX1RVTk5FTD1tCkNPTkZJR19JTkVUX1RVTk5FTD1tCiMgQ09O
RklHX0lORVRfRElBRyBpcyBub3Qgc2V0CkNPTkZJR19UQ1BfQ09OR19BRFZBTkNFRD15CiMgQ09O
RklHX1RDUF9DT05HX0JJQyBpcyBub3Qgc2V0CiMgQ09ORklHX1RDUF9DT05HX0NVQklDIGlzIG5v
dCBzZXQKQ09ORklHX1RDUF9DT05HX1dFU1RXT09EPXkKIyBDT05GSUdfVENQX0NPTkdfSFRDUCBp
cyBub3Qgc2V0CiMgQ09ORklHX1RDUF9DT05HX0hTVENQIGlzIG5vdCBzZXQKIyBDT05GSUdfVENQ
X0NPTkdfSFlCTEEgaXMgbm90IHNldAojIENPTkZJR19UQ1BfQ09OR19WRUdBUyBpcyBub3Qgc2V0
CiMgQ09ORklHX1RDUF9DT05HX05WIGlzIG5vdCBzZXQKIyBDT05GSUdfVENQX0NPTkdfU0NBTEFC
TEUgaXMgbm90IHNldAojIENPTkZJR19UQ1BfQ09OR19MUCBpcyBub3Qgc2V0CiMgQ09ORklHX1RD
UF9DT05HX1ZFTk8gaXMgbm90IHNldAojIENPTkZJR19UQ1BfQ09OR19ZRUFIIGlzIG5vdCBzZXQK
IyBDT05GSUdfVENQX0NPTkdfSUxMSU5PSVMgaXMgbm90IHNldAojIENPTkZJR19UQ1BfQ09OR19E
Q1RDUCBpcyBub3Qgc2V0CiMgQ09ORklHX1RDUF9DT05HX0NERyBpcyBub3Qgc2V0CiMgQ09ORklH
X1RDUF9DT05HX0JCUiBpcyBub3Qgc2V0CkNPTkZJR19ERUZBVUxUX1dFU1RXT09EPXkKIyBDT05G
SUdfREVGQVVMVF9SRU5PIGlzIG5vdCBzZXQKQ09ORklHX0RFRkFVTFRfVENQX0NPTkc9Indlc3R3
b29kIgojIENPTkZJR19UQ1BfTUQ1U0lHIGlzIG5vdCBzZXQKQ09ORklHX0lQVjY9eQojIENPTkZJ
R19JUFY2X1JPVVRFUl9QUkVGIGlzIG5vdCBzZXQKIyBDT05GSUdfSVBWNl9PUFRJTUlTVElDX0RB
RCBpcyBub3Qgc2V0CkNPTkZJR19JTkVUNl9BSD1tCkNPTkZJR19JTkVUNl9FU1A9bQojIENPTkZJ
R19JTkVUNl9FU1BfT0ZGTE9BRCBpcyBub3Qgc2V0CiMgQ09ORklHX0lORVQ2X0VTUElOVENQIGlz
IG5vdCBzZXQKQ09ORklHX0lORVQ2X0lQQ09NUD1tCiMgQ09ORklHX0lQVjZfTUlQNiBpcyBub3Qg
c2V0CkNPTkZJR19JTkVUNl9YRlJNX1RVTk5FTD1tCkNPTkZJR19JTkVUNl9UVU5ORUw9bQojIENP
TkZJR19JUFY2X1ZUSSBpcyBub3Qgc2V0CiMgQ09ORklHX0lQVjZfU0lUIGlzIG5vdCBzZXQKIyBD
T05GSUdfSVBWNl9UVU5ORUwgaXMgbm90IHNldAojIENPTkZJR19JUFY2X01VTFRJUExFX1RBQkxF
UyBpcyBub3Qgc2V0CiMgQ09ORklHX0lQVjZfTVJPVVRFIGlzIG5vdCBzZXQKIyBDT05GSUdfSVBW
Nl9TRUc2X0xXVFVOTkVMIGlzIG5vdCBzZXQKIyBDT05GSUdfSVBWNl9TRUc2X0hNQUMgaXMgbm90
IHNldAojIENPTkZJR19JUFY2X1JQTF9MV1RVTk5FTCBpcyBub3Qgc2V0CiMgQ09ORklHX0lQVjZf
SU9BTTZfTFdUVU5ORUwgaXMgbm90IHNldAojIENPTkZJR19ORVRMQUJFTCBpcyBub3Qgc2V0CiMg
Q09ORklHX01QVENQIGlzIG5vdCBzZXQKIyBDT05GSUdfTkVUV09SS19TRUNNQVJLIGlzIG5vdCBz
ZXQKIyBDT05GSUdfTkVUV09SS19QSFlfVElNRVNUQU1QSU5HIGlzIG5vdCBzZXQKIyBDT05GSUdf
TkVURklMVEVSIGlzIG5vdCBzZXQKIyBDT05GSUdfSVBfRENDUCBpcyBub3Qgc2V0CkNPTkZJR19J
UF9TQ1RQPW0KIyBDT05GSUdfU0NUUF9EQkdfT0JKQ05UIGlzIG5vdCBzZXQKQ09ORklHX1NDVFBf
REVGQVVMVF9DT09LSUVfSE1BQ19NRDU9eQojIENPTkZJR19TQ1RQX0RFRkFVTFRfQ09PS0lFX0hN
QUNfU0hBMSBpcyBub3Qgc2V0CiMgQ09ORklHX1NDVFBfREVGQVVMVF9DT09LSUVfSE1BQ19OT05F
IGlzIG5vdCBzZXQKQ09ORklHX1NDVFBfQ09PS0lFX0hNQUNfTUQ1PXkKIyBDT05GSUdfU0NUUF9D
T09LSUVfSE1BQ19TSEExIGlzIG5vdCBzZXQKIyBDT05GSUdfUkRTIGlzIG5vdCBzZXQKIyBDT05G
SUdfVElQQyBpcyBub3Qgc2V0CiMgQ09ORklHX0FUTSBpcyBub3Qgc2V0CiMgQ09ORklHX0wyVFAg
aXMgbm90IHNldApDT05GSUdfU1RQPW0KQ09ORklHX0JSSURHRT1tCkNPTkZJR19CUklER0VfSUdN
UF9TTk9PUElORz15CiMgQ09ORklHX0JSSURHRV9NUlAgaXMgbm90IHNldAojIENPTkZJR19CUklE
R0VfQ0ZNIGlzIG5vdCBzZXQKIyBDT05GSUdfTkVUX0RTQSBpcyBub3Qgc2V0CiMgQ09ORklHX1ZM
QU5fODAyMVEgaXMgbm90IHNldApDT05GSUdfTExDPW0KIyBDT05GSUdfTExDMiBpcyBub3Qgc2V0
CiMgQ09ORklHX0FUQUxLIGlzIG5vdCBzZXQKIyBDT05GSUdfWDI1IGlzIG5vdCBzZXQKIyBDT05G
SUdfTEFQQiBpcyBub3Qgc2V0CiMgQ09ORklHX1BIT05FVCBpcyBub3Qgc2V0CiMgQ09ORklHXzZM
T1dQQU4gaXMgbm90IHNldAojIENPTkZJR19JRUVFODAyMTU0IGlzIG5vdCBzZXQKQ09ORklHX05F
VF9TQ0hFRD15CgojCiMgUXVldWVpbmcvU2NoZWR1bGluZwojCiMgQ09ORklHX05FVF9TQ0hfSFRC
IGlzIG5vdCBzZXQKIyBDT05GSUdfTkVUX1NDSF9IRlNDIGlzIG5vdCBzZXQKIyBDT05GSUdfTkVU
X1NDSF9QUklPIGlzIG5vdCBzZXQKIyBDT05GSUdfTkVUX1NDSF9NVUxUSVEgaXMgbm90IHNldAoj
IENPTkZJR19ORVRfU0NIX1JFRCBpcyBub3Qgc2V0CiMgQ09ORklHX05FVF9TQ0hfU0ZCIGlzIG5v
dCBzZXQKIyBDT05GSUdfTkVUX1NDSF9TRlEgaXMgbm90IHNldAojIENPTkZJR19ORVRfU0NIX1RF
UUwgaXMgbm90IHNldAojIENPTkZJR19ORVRfU0NIX1RCRiBpcyBub3Qgc2V0CiMgQ09ORklHX05F
VF9TQ0hfQ0JTIGlzIG5vdCBzZXQKIyBDT05GSUdfTkVUX1NDSF9FVEYgaXMgbm90IHNldAojIENP
TkZJR19ORVRfU0NIX1RBUFJJTyBpcyBub3Qgc2V0CiMgQ09ORklHX05FVF9TQ0hfR1JFRCBpcyBu
b3Qgc2V0CiMgQ09ORklHX05FVF9TQ0hfTkVURU0gaXMgbm90IHNldAojIENPTkZJR19ORVRfU0NI
X0RSUiBpcyBub3Qgc2V0CiMgQ09ORklHX05FVF9TQ0hfTVFQUklPIGlzIG5vdCBzZXQKIyBDT05G
SUdfTkVUX1NDSF9TS0JQUklPIGlzIG5vdCBzZXQKIyBDT05GSUdfTkVUX1NDSF9DSE9LRSBpcyBu
b3Qgc2V0CiMgQ09ORklHX05FVF9TQ0hfUUZRIGlzIG5vdCBzZXQKIyBDT05GSUdfTkVUX1NDSF9D
T0RFTCBpcyBub3Qgc2V0CkNPTkZJR19ORVRfU0NIX0ZRX0NPREVMPXkKIyBDT05GSUdfTkVUX1ND
SF9DQUtFIGlzIG5vdCBzZXQKIyBDT05GSUdfTkVUX1NDSF9GUSBpcyBub3Qgc2V0CiMgQ09ORklH
X05FVF9TQ0hfSEhGIGlzIG5vdCBzZXQKIyBDT05GSUdfTkVUX1NDSF9QSUUgaXMgbm90IHNldAoj
IENPTkZJR19ORVRfU0NIX1BMVUcgaXMgbm90IHNldAojIENPTkZJR19ORVRfU0NIX0VUUyBpcyBu
b3Qgc2V0CkNPTkZJR19ORVRfU0NIX0RFRkFVTFQ9eQpDT05GSUdfREVGQVVMVF9GUV9DT0RFTD15
CiMgQ09ORklHX0RFRkFVTFRfUEZJRk9fRkFTVCBpcyBub3Qgc2V0CkNPTkZJR19ERUZBVUxUX05F
VF9TQ0g9ImZxX2NvZGVsIgoKIwojIENsYXNzaWZpY2F0aW9uCiMKIyBDT05GSUdfTkVUX0NMU19C
QVNJQyBpcyBub3Qgc2V0CiMgQ09ORklHX05FVF9DTFNfUk9VVEU0IGlzIG5vdCBzZXQKIyBDT05G
SUdfTkVUX0NMU19GVyBpcyBub3Qgc2V0CiMgQ09ORklHX05FVF9DTFNfVTMyIGlzIG5vdCBzZXQK
IyBDT05GSUdfTkVUX0NMU19GTE9XIGlzIG5vdCBzZXQKIyBDT05GSUdfTkVUX0NMU19DR1JPVVAg
aXMgbm90IHNldAojIENPTkZJR19ORVRfQ0xTX0JQRiBpcyBub3Qgc2V0CiMgQ09ORklHX05FVF9D
TFNfRkxPV0VSIGlzIG5vdCBzZXQKIyBDT05GSUdfTkVUX0NMU19NQVRDSEFMTCBpcyBub3Qgc2V0
CiMgQ09ORklHX05FVF9FTUFUQ0ggaXMgbm90IHNldAojIENPTkZJR19ORVRfQ0xTX0FDVCBpcyBu
b3Qgc2V0CkNPTkZJR19ORVRfU0NIX0ZJRk89eQojIENPTkZJR19EQ0IgaXMgbm90IHNldApDT05G
SUdfRE5TX1JFU09MVkVSPW0KIyBDT05GSUdfQkFUTUFOX0FEViBpcyBub3Qgc2V0CiMgQ09ORklH
X09QRU5WU1dJVENIIGlzIG5vdCBzZXQKQ09ORklHX1ZTT0NLRVRTPW0KQ09ORklHX1ZTT0NLRVRT
X0RJQUc9bQojIENPTkZJR19WU09DS0VUU19MT09QQkFDSyBpcyBub3Qgc2V0CiMgQ09ORklHX1ZJ
UlRJT19WU09DS0VUUyBpcyBub3Qgc2V0CiMgQ09ORklHX05FVExJTktfRElBRyBpcyBub3Qgc2V0
CiMgQ09ORklHX01QTFMgaXMgbm90IHNldAojIENPTkZJR19ORVRfTlNIIGlzIG5vdCBzZXQKIyBD
T05GSUdfSFNSIGlzIG5vdCBzZXQKIyBDT05GSUdfTkVUX1NXSVRDSERFViBpcyBub3Qgc2V0CiMg
Q09ORklHX05FVF9MM19NQVNURVJfREVWIGlzIG5vdCBzZXQKIyBDT05GSUdfUVJUUiBpcyBub3Qg
c2V0CiMgQ09ORklHX05FVF9OQ1NJIGlzIG5vdCBzZXQKQ09ORklHX1BDUFVfREVWX1JFRkNOVD15
CkNPTkZJR19NQVhfU0tCX0ZSQUdTPTE3CkNPTkZJR19SUFM9eQpDT05GSUdfUkZTX0FDQ0VMPXkK
Q09ORklHX1NPQ0tfUlhfUVVFVUVfTUFQUElORz15CkNPTkZJR19YUFM9eQojIENPTkZJR19DR1JP
VVBfTkVUX1BSSU8gaXMgbm90IHNldApDT05GSUdfQ0dST1VQX05FVF9DTEFTU0lEPXkKQ09ORklH
X05FVF9SWF9CVVNZX1BPTEw9eQpDT05GSUdfQlFMPXkKQ09ORklHX0JQRl9TVFJFQU1fUEFSU0VS
PXkKQ09ORklHX05FVF9GTE9XX0xJTUlUPXkKCiMKIyBOZXR3b3JrIHRlc3RpbmcKIwojIENPTkZJ
R19ORVRfUEtUR0VOIGlzIG5vdCBzZXQKIyBlbmQgb2YgTmV0d29yayB0ZXN0aW5nCiMgZW5kIG9m
IE5ldHdvcmtpbmcgb3B0aW9ucwoKIyBDT05GSUdfSEFNUkFESU8gaXMgbm90IHNldAojIENPTkZJ
R19DQU4gaXMgbm90IHNldApDT05GSUdfQlQ9bQpDT05GSUdfQlRfQlJFRFI9eQpDT05GSUdfQlRf
UkZDT01NPW0KQ09ORklHX0JUX1JGQ09NTV9UVFk9eQpDT05GSUdfQlRfQk5FUD1tCkNPTkZJR19C
VF9CTkVQX01DX0ZJTFRFUj15CkNPTkZJR19CVF9CTkVQX1BST1RPX0ZJTFRFUj15CkNPTkZJR19C
VF9ISURQPW0KQ09ORklHX0JUX0xFPXkKQ09ORklHX0JUX0xFX0wyQ0FQX0VDUkVEPXkKIyBDT05G
SUdfQlRfTEVEUyBpcyBub3Qgc2V0CkNPTkZJR19CVF9NU0ZURVhUPXkKQ09ORklHX0JUX0FPU1BF
WFQ9eQpDT05GSUdfQlRfREVCVUdGUz15CiMgQ09ORklHX0JUX1NFTEZURVNUIGlzIG5vdCBzZXQK
Q09ORklHX0JUX0ZFQVRVUkVfREVCVUc9eQoKIwojIEJsdWV0b290aCBkZXZpY2UgZHJpdmVycwoj
CkNPTkZJR19CVF9JTlRFTD1tCkNPTkZJR19CVF9CQ009bQpDT05GSUdfQlRfUlRMPW0KQ09ORklH
X0JUX01USz1tCkNPTkZJR19CVF9IQ0lCVFVTQj1tCkNPTkZJR19CVF9IQ0lCVFVTQl9BVVRPU1VT
UEVORD15CkNPTkZJR19CVF9IQ0lCVFVTQl9QT0xMX1NZTkM9eQpDT05GSUdfQlRfSENJQlRVU0Jf
QkNNPXkKQ09ORklHX0JUX0hDSUJUVVNCX01USz15CkNPTkZJR19CVF9IQ0lCVFVTQl9SVEw9eQpD
T05GSUdfQlRfSENJVUFSVD1tCkNPTkZJR19CVF9IQ0lVQVJUX0g0PXkKQ09ORklHX0JUX0hDSVVB
UlRfQkNTUD15CkNPTkZJR19CVF9IQ0lVQVJUX0FUSDNLPXkKQ09ORklHX0JUX0hDSVVBUlRfQUc2
WFg9eQpDT05GSUdfQlRfSENJQkNNMjAzWD1tCiMgQ09ORklHX0JUX0hDSUJDTTQzNzcgaXMgbm90
IHNldAojIENPTkZJR19CVF9IQ0lCUEExMFggaXMgbm90IHNldApDT05GSUdfQlRfSENJQkZVU0I9
bQojIENPTkZJR19CVF9IQ0lEVEwxIGlzIG5vdCBzZXQKIyBDT05GSUdfQlRfSENJQlQzQyBpcyBu
b3Qgc2V0CiMgQ09ORklHX0JUX0hDSUJMVUVDQVJEIGlzIG5vdCBzZXQKIyBDT05GSUdfQlRfSENJ
VkhDSSBpcyBub3Qgc2V0CkNPTkZJR19CVF9NUlZMPW0KQ09ORklHX0JUX0FUSDNLPW0KIyBDT05G
SUdfQlRfVklSVElPIGlzIG5vdCBzZXQKIyBDT05GSUdfQlRfSU5URUxfUENJRSBpcyBub3Qgc2V0
CiMgZW5kIG9mIEJsdWV0b290aCBkZXZpY2UgZHJpdmVycwoKIyBDT05GSUdfQUZfUlhSUEMgaXMg
bm90IHNldAojIENPTkZJR19BRl9LQ00gaXMgbm90IHNldApDT05GSUdfU1RSRUFNX1BBUlNFUj15
CiMgQ09ORklHX01DVFAgaXMgbm90IHNldApDT05GSUdfV0lSRUxFU1M9eQpDT05GSUdfQ0ZHODAy
MTE9bQojIENPTkZJR19OTDgwMjExX1RFU1RNT0RFIGlzIG5vdCBzZXQKIyBDT05GSUdfQ0ZHODAy
MTFfREVWRUxPUEVSX1dBUk5JTkdTIGlzIG5vdCBzZXQKIyBDT05GSUdfQ0ZHODAyMTFfQ0VSVElG
SUNBVElPTl9PTlVTIGlzIG5vdCBzZXQKQ09ORklHX0NGRzgwMjExX1JFUVVJUkVfU0lHTkVEX1JF
R0RCPXkKQ09ORklHX0NGRzgwMjExX1VTRV9LRVJORUxfUkVHREJfS0VZUz15CkNPTkZJR19DRkc4
MDIxMV9ERUZBVUxUX1BTPXkKIyBDT05GSUdfQ0ZHODAyMTFfREVCVUdGUyBpcyBub3Qgc2V0CkNP
TkZJR19DRkc4MDIxMV9DUkRBX1NVUFBPUlQ9eQojIENPTkZJR19DRkc4MDIxMV9XRVhUIGlzIG5v
dCBzZXQKQ09ORklHX0NGRzgwMjExX0tVTklUX1RFU1Q9bQpDT05GSUdfTUFDODAyMTE9bQpDT05G
SUdfTUFDODAyMTFfSEFTX1JDPXkKQ09ORklHX01BQzgwMjExX1JDX01JTlNUUkVMPXkKQ09ORklH
X01BQzgwMjExX1JDX0RFRkFVTFRfTUlOU1RSRUw9eQpDT05GSUdfTUFDODAyMTFfUkNfREVGQVVM
VD0ibWluc3RyZWxfaHQiCkNPTkZJR19NQUM4MDIxMV9LVU5JVF9URVNUPW0KIyBDT05GSUdfTUFD
ODAyMTFfTUVTSCBpcyBub3Qgc2V0CkNPTkZJR19NQUM4MDIxMV9MRURTPXkKIyBDT05GSUdfTUFD
ODAyMTFfTUVTU0FHRV9UUkFDSU5HIGlzIG5vdCBzZXQKIyBDT05GSUdfTUFDODAyMTFfREVCVUdf
TUVOVSBpcyBub3Qgc2V0CkNPTkZJR19NQUM4MDIxMV9TVEFfSEFTSF9NQVhfU0laRT0wCkNPTkZJ
R19SRktJTEw9bQpDT05GSUdfUkZLSUxMX0xFRFM9eQojIENPTkZJR19SRktJTExfSU5QVVQgaXMg
bm90IHNldApDT05GSUdfTkVUXzlQPXkKQ09ORklHX05FVF85UF9GRD15CkNPTkZJR19ORVRfOVBf
VklSVElPPXkKIyBDT05GSUdfTkVUXzlQX0RFQlVHIGlzIG5vdCBzZXQKIyBDT05GSUdfQ0FJRiBp
cyBub3Qgc2V0CiMgQ09ORklHX0NFUEhfTElCIGlzIG5vdCBzZXQKIyBDT05GSUdfTkZDIGlzIG5v
dCBzZXQKIyBDT05GSUdfUFNBTVBMRSBpcyBub3Qgc2V0CiMgQ09ORklHX05FVF9JRkUgaXMgbm90
IHNldAojIENPTkZJR19MV1RVTk5FTCBpcyBub3Qgc2V0CkNPTkZJR19EU1RfQ0FDSEU9eQpDT05G
SUdfR1JPX0NFTExTPXkKQ09ORklHX1NPQ0tfVkFMSURBVEVfWE1JVD15CkNPTkZJR19ORVRfU09D
S19NU0c9eQpDT05GSUdfUEFHRV9QT09MPXkKIyBDT05GSUdfUEFHRV9QT09MX1NUQVRTIGlzIG5v
dCBzZXQKQ09ORklHX0ZBSUxPVkVSPXkKQ09ORklHX0VUSFRPT0xfTkVUTElOSz15CkNPTkZJR19O
RVRERVZfQUREUl9MSVNUX1RFU1Q9bQpDT05GSUdfTkVUX1RFU1Q9bQoKIwojIERldmljZSBEcml2
ZXJzCiMKQ09ORklHX0hBVkVfUENJPXkKQ09ORklHX0ZPUkNFX1BDST15CkNPTkZJR19HRU5FUklD
X1BDSV9JT01BUD15CkNPTkZJR19QQ0k9eQpDT05GSUdfUENJX0RPTUFJTlM9eQpDT05GSUdfUENJ
X1NZU0NBTEw9eQojIENPTkZJR19QQ0lFUE9SVEJVUyBpcyBub3Qgc2V0CiMgQ09ORklHX1BDSUVB
U1BNIGlzIG5vdCBzZXQKIyBDT05GSUdfUENJRV9QVE0gaXMgbm90IHNldApDT05GSUdfUENJX01T
ST15CkNPTkZJR19QQ0lfTVNJX0FSQ0hfRkFMTEJBQ0tTPXkKQ09ORklHX1BDSV9RVUlSS1M9eQoj
IENPTkZJR19QQ0lfREVCVUcgaXMgbm90IHNldAojIENPTkZJR19QQ0lfU1RVQiBpcyBub3Qgc2V0
CiMgQ09ORklHX1BDSV9JT1YgaXMgbm90IHNldAojIENPTkZJR19QQ0lfUFJJIGlzIG5vdCBzZXQK
IyBDT05GSUdfUENJX1BBU0lEIGlzIG5vdCBzZXQKQ09ORklHX1BDSV9EWU5BTUlDX09GX05PREVT
PXkKIyBDT05GSUdfUENJRV9CVVNfVFVORV9PRkYgaXMgbm90IHNldApDT05GSUdfUENJRV9CVVNf
REVGQVVMVD15CiMgQ09ORklHX1BDSUVfQlVTX1NBRkUgaXMgbm90IHNldAojIENPTkZJR19QQ0lF
X0JVU19QRVJGT1JNQU5DRSBpcyBub3Qgc2V0CiMgQ09ORklHX1BDSUVfQlVTX1BFRVIyUEVFUiBp
cyBub3Qgc2V0CkNPTkZJR19WR0FfQVJCPXkKQ09ORklHX1ZHQV9BUkJfTUFYX0dQVVM9NAojIENP
TkZJR19IT1RQTFVHX1BDSSBpcyBub3Qgc2V0CgojCiMgUENJIGNvbnRyb2xsZXIgZHJpdmVycwoj
CiMgQ09ORklHX1BDSV9GVFBDSTEwMCBpcyBub3Qgc2V0CiMgQ09ORklHX1BDSV9IT1NUX0dFTkVS
SUMgaXMgbm90IHNldAojIENPTkZJR19QQ0lFX1hJTElOWCBpcyBub3Qgc2V0CgojCiMgQ2FkZW5j
ZS1iYXNlZCBQQ0llIGNvbnRyb2xsZXJzCiMKIyBDT05GSUdfUENJRV9DQURFTkNFX1BMQVRfSE9T
VCBpcyBub3Qgc2V0CiMgZW5kIG9mIENhZGVuY2UtYmFzZWQgUENJZSBjb250cm9sbGVycwoKIwoj
IERlc2lnbldhcmUtYmFzZWQgUENJZSBjb250cm9sbGVycwojCiMgQ09ORklHX1BDSV9NRVNPTiBp
cyBub3Qgc2V0CiMgQ09ORklHX1BDSUVfRFdfUExBVF9IT1NUIGlzIG5vdCBzZXQKIyBlbmQgb2Yg
RGVzaWduV2FyZS1iYXNlZCBQQ0llIGNvbnRyb2xsZXJzCgojCiMgTW9iaXZlaWwtYmFzZWQgUENJ
ZSBjb250cm9sbGVycwojCiMgZW5kIG9mIE1vYml2ZWlsLWJhc2VkIFBDSWUgY29udHJvbGxlcnMK
CiMKIyBQTERBLWJhc2VkIFBDSWUgY29udHJvbGxlcnMKIwojIENPTkZJR19QQ0lFX01JQ1JPQ0hJ
UF9IT1NUIGlzIG5vdCBzZXQKIyBlbmQgb2YgUExEQS1iYXNlZCBQQ0llIGNvbnRyb2xsZXJzCiMg
ZW5kIG9mIFBDSSBjb250cm9sbGVyIGRyaXZlcnMKCiMKIyBQQ0kgRW5kcG9pbnQKIwojIENPTkZJ
R19QQ0lfRU5EUE9JTlQgaXMgbm90IHNldAojIGVuZCBvZiBQQ0kgRW5kcG9pbnQKCiMKIyBQQ0kg
c3dpdGNoIGNvbnRyb2xsZXIgZHJpdmVycwojCiMgQ09ORklHX1BDSV9TV19TV0lUQ0hURUMgaXMg
bm90IHNldAojIGVuZCBvZiBQQ0kgc3dpdGNoIGNvbnRyb2xsZXIgZHJpdmVycwoKIyBDT05GSUdf
Q1hMX0JVUyBpcyBub3Qgc2V0CkNPTkZJR19QQ0NBUkQ9bQpDT05GSUdfUENNQ0lBPW0KIyBDT05G
SUdfUENNQ0lBX0xPQURfQ0lTIGlzIG5vdCBzZXQKQ09ORklHX0NBUkRCVVM9eQoKIwojIFBDLWNh
cmQgYnJpZGdlcwojCkNPTkZJR19ZRU5UQT1tCiMgQ09ORklHX1lFTlRBX08yIGlzIG5vdCBzZXQK
IyBDT05GSUdfWUVOVEFfUklDT0ggaXMgbm90IHNldAojIENPTkZJR19ZRU5UQV9USSBpcyBub3Qg
c2V0CiMgQ09ORklHX1lFTlRBX1RPU0hJQkEgaXMgbm90IHNldAojIENPTkZJR19QRDY3MjkgaXMg
bm90IHNldAojIENPTkZJR19JODIwOTIgaXMgbm90IHNldApDT05GSUdfUENDQVJEX05PTlNUQVRJ
Qz15CiMgQ09ORklHX1JBUElESU8gaXMgbm90IHNldAoKIwojIEdlbmVyaWMgRHJpdmVyIE9wdGlv
bnMKIwojIENPTkZJR19VRVZFTlRfSEVMUEVSIGlzIG5vdCBzZXQKQ09ORklHX0RFVlRNUEZTPXkK
Q09ORklHX0RFVlRNUEZTX01PVU5UPXkKQ09ORklHX0RFVlRNUEZTX1NBRkU9eQpDT05GSUdfU1RB
TkRBTE9ORT15CkNPTkZJR19QUkVWRU5UX0ZJUk1XQVJFX0JVSUxEPXkKCiMKIyBGaXJtd2FyZSBs
b2FkZXIKIwpDT05GSUdfRldfTE9BREVSPXkKQ09ORklHX0VYVFJBX0ZJUk1XQVJFPSIiCiMgQ09O
RklHX0ZXX0xPQURFUl9VU0VSX0hFTFBFUiBpcyBub3Qgc2V0CkNPTkZJR19GV19MT0FERVJfQ09N
UFJFU1M9eQojIENPTkZJR19GV19MT0FERVJfQ09NUFJFU1NfWFogaXMgbm90IHNldApDT05GSUdf
RldfTE9BREVSX0NPTVBSRVNTX1pTVEQ9eQojIENPTkZJR19GV19VUExPQUQgaXMgbm90IHNldAoj
IGVuZCBvZiBGaXJtd2FyZSBsb2FkZXIKCkNPTkZJR19BTExPV19ERVZfQ09SRURVTVA9eQojIENP
TkZJR19ERUJVR19EUklWRVIgaXMgbm90IHNldAojIENPTkZJR19ERUJVR19ERVZSRVMgaXMgbm90
IHNldAojIENPTkZJR19ERUJVR19URVNUX0RSSVZFUl9SRU1PVkUgaXMgbm90IHNldAojIENPTkZJ
R19URVNUX0FTWU5DX0RSSVZFUl9QUk9CRSBpcyBub3Qgc2V0CkNPTkZJR19ETV9LVU5JVF9URVNU
PW0KQ09ORklHX0RSSVZFUl9QRV9LVU5JVF9URVNUPW0KQ09ORklHX0dFTkVSSUNfQ1BVX0FVVE9Q
Uk9CRT15CkNPTkZJR19SRUdNQVA9eQpDT05GSUdfUkVHTUFQX0tVTklUPW0KIyBDT05GSUdfUkVH
TUFQX0JVSUxEIGlzIG5vdCBzZXQKQ09ORklHX1JFR01BUF9SQU09bQpDT05GSUdfRE1BX1NIQVJF
RF9CVUZGRVI9eQpDT05GSUdfRE1BX0ZFTkNFX1RSQUNFPXkKIyBDT05GSUdfRldfREVWTElOS19T
WU5DX1NUQVRFX1RJTUVPVVQgaXMgbm90IHNldAojIGVuZCBvZiBHZW5lcmljIERyaXZlciBPcHRp
b25zCgojCiMgQnVzIGRldmljZXMKIwojIENPTkZJR19NSElfQlVTIGlzIG5vdCBzZXQKIyBDT05G
SUdfTUhJX0JVU19FUCBpcyBub3Qgc2V0CiMgZW5kIG9mIEJ1cyBkZXZpY2VzCgojCiMgQ2FjaGUg
RHJpdmVycwojCiMgZW5kIG9mIENhY2hlIERyaXZlcnMKCkNPTkZJR19DT05ORUNUT1I9eQpDT05G
SUdfUFJPQ19FVkVOVFM9eQoKIwojIEZpcm13YXJlIERyaXZlcnMKIwoKIwojIEFSTSBTeXN0ZW0g
Q29udHJvbCBhbmQgTWFuYWdlbWVudCBJbnRlcmZhY2UgUHJvdG9jb2wKIwojIGVuZCBvZiBBUk0g
U3lzdGVtIENvbnRyb2wgYW5kIE1hbmFnZW1lbnQgSW50ZXJmYWNlIFByb3RvY29sCgpDT05GSUdf
RklSTVdBUkVfTUVNTUFQPXkKQ09ORklHX0ZXX0NGR19TWVNGUz1tCiMgQ09ORklHX0ZXX0NGR19T
WVNGU19DTURMSU5FIGlzIG5vdCBzZXQKIyBDT05GSUdfR09PR0xFX0ZJUk1XQVJFIGlzIG5vdCBz
ZXQKCiMKIyBRdWFsY29tbSBmaXJtd2FyZSBkcml2ZXJzCiMKIyBlbmQgb2YgUXVhbGNvbW0gZmly
bXdhcmUgZHJpdmVycwoKIwojIFRlZ3JhIGZpcm13YXJlIGRyaXZlcgojCiMgZW5kIG9mIFRlZ3Jh
IGZpcm13YXJlIGRyaXZlcgojIGVuZCBvZiBGaXJtd2FyZSBEcml2ZXJzCgojIENPTkZJR19HTlNT
IGlzIG5vdCBzZXQKIyBDT05GSUdfTVREIGlzIG5vdCBzZXQKQ09ORklHX0RUQz15CkNPTkZJR19P
Rj15CiMgQ09ORklHX09GX1VOSVRURVNUIGlzIG5vdCBzZXQKQ09ORklHX09GX0tVTklUX1RFU1Q9
bQpDT05GSUdfT0ZfRkxBVFRSRUU9eQpDT05GSUdfT0ZfRUFSTFlfRkxBVFRSRUU9eQpDT05GSUdf
T0ZfS09CSj15CkNPTkZJR19PRl9EWU5BTUlDPXkKQ09ORklHX09GX0FERFJFU1M9eQpDT05GSUdf
T0ZfSVJRPXkKQ09ORklHX09GX1JFU0VSVkVEX01FTT15CiMgQ09ORklHX09GX09WRVJMQVkgaXMg
bm90IHNldApDT05GSUdfQVJDSF9NSUdIVF9IQVZFX1BDX1BBUlBPUlQ9eQojIENPTkZJR19QQVJQ
T1JUIGlzIG5vdCBzZXQKQ09ORklHX0JMS19ERVY9eQojIENPTkZJR19CTEtfREVWX05VTExfQkxL
IGlzIG5vdCBzZXQKIyBDT05GSUdfQkxLX0RFVl9GRCBpcyBub3Qgc2V0CiMgQ09ORklHX01BQ19G
TE9QUFkgaXMgbm90IHNldApDT05GSUdfQ0RST009eQojIENPTkZJR19CTEtfREVWX1BDSUVTU0Rf
TVRJUDMyWFggaXMgbm90IHNldAojIENPTkZJR19aUkFNIGlzIG5vdCBzZXQKQ09ORklHX0JMS19E
RVZfTE9PUD1tCkNPTkZJR19CTEtfREVWX0xPT1BfTUlOX0NPVU5UPTgKIyBDT05GSUdfQkxLX0RF
Vl9EUkJEIGlzIG5vdCBzZXQKIyBDT05GSUdfQkxLX0RFVl9OQkQgaXMgbm90IHNldAojIENPTkZJ
R19CTEtfREVWX1JBTSBpcyBub3Qgc2V0CiMgQ09ORklHX0NEUk9NX1BLVENEVkQgaXMgbm90IHNl
dAojIENPTkZJR19BVEFfT1ZFUl9FVEggaXMgbm90IHNldApDT05GSUdfVklSVElPX0JMSz15CiMg
Q09ORklHX0JMS19ERVZfUkJEIGlzIG5vdCBzZXQKIyBDT05GSUdfQkxLX0RFVl9VQkxLIGlzIG5v
dCBzZXQKCiMKIyBOVk1FIFN1cHBvcnQKIwojIENPTkZJR19CTEtfREVWX05WTUUgaXMgbm90IHNl
dAojIENPTkZJR19OVk1FX0ZDIGlzIG5vdCBzZXQKIyBDT05GSUdfTlZNRV9UQ1AgaXMgbm90IHNl
dAojIENPTkZJR19OVk1FX1RBUkdFVCBpcyBub3Qgc2V0CiMgZW5kIG9mIE5WTUUgU3VwcG9ydAoK
IwojIE1pc2MgZGV2aWNlcwojCiMgQ09ORklHX0FENTI1WF9EUE9UIGlzIG5vdCBzZXQKIyBDT05G
SUdfRFVNTVlfSVJRIGlzIG5vdCBzZXQKIyBDT05GSUdfUEhBTlRPTSBpcyBub3Qgc2V0CiMgQ09O
RklHX1RJRk1fQ09SRSBpcyBub3Qgc2V0CiMgQ09ORklHX0lDUzkzMlM0MDEgaXMgbm90IHNldAoj
IENPTkZJR19FTkNMT1NVUkVfU0VSVklDRVMgaXMgbm90IHNldAojIENPTkZJR19IUF9JTE8gaXMg
bm90IHNldAojIENPTkZJR19BUERTOTgwMkFMUyBpcyBub3Qgc2V0CiMgQ09ORklHX0lTTDI5MDAz
IGlzIG5vdCBzZXQKIyBDT05GSUdfSVNMMjkwMjAgaXMgbm90IHNldAojIENPTkZJR19TRU5TT1JT
X1RTTDI1NTAgaXMgbm90IHNldAojIENPTkZJR19TRU5TT1JTX0JIMTc3MCBpcyBub3Qgc2V0CiMg
Q09ORklHX1NFTlNPUlNfQVBEUzk5MFggaXMgbm90IHNldAojIENPTkZJR19ITUM2MzUyIGlzIG5v
dCBzZXQKIyBDT05GSUdfRFMxNjgyIGlzIG5vdCBzZXQKIyBDT05GSUdfU1JBTSBpcyBub3Qgc2V0
CiMgQ09ORklHX0RXX1hEQVRBX1BDSUUgaXMgbm90IHNldAojIENPTkZJR19QQ0lfRU5EUE9JTlRf
VEVTVCBpcyBub3Qgc2V0CiMgQ09ORklHX1hJTElOWF9TREZFQyBpcyBub3Qgc2V0CiMgQ09ORklH
X09QRU5fRElDRSBpcyBub3Qgc2V0CiMgQ09ORklHX1ZDUFVfU1RBTExfREVURUNUT1IgaXMgbm90
IHNldAojIENPTkZJR19OU00gaXMgbm90IHNldAojIENPTkZJR19DMlBPUlQgaXMgbm90IHNldAoK
IwojIEVFUFJPTSBzdXBwb3J0CiMKIyBDT05GSUdfRUVQUk9NX0FUMjQgaXMgbm90IHNldAojIENP
TkZJR19FRVBST01fTUFYNjg3NSBpcyBub3Qgc2V0CiMgQ09ORklHX0VFUFJPTV85M0NYNiBpcyBu
b3Qgc2V0CiMgQ09ORklHX0VFUFJPTV9JRFRfODlIUEVTWCBpcyBub3Qgc2V0CiMgQ09ORklHX0VF
UFJPTV9FRTEwMDQgaXMgbm90IHNldAojIGVuZCBvZiBFRVBST00gc3VwcG9ydAoKIyBDT05GSUdf
Q0I3MTBfQ09SRSBpcyBub3Qgc2V0CgojCiMgVGV4YXMgSW5zdHJ1bWVudHMgc2hhcmVkIHRyYW5z
cG9ydCBsaW5lIGRpc2NpcGxpbmUKIwojIGVuZCBvZiBUZXhhcyBJbnN0cnVtZW50cyBzaGFyZWQg
dHJhbnNwb3J0IGxpbmUgZGlzY2lwbGluZQoKIyBDT05GSUdfU0VOU09SU19MSVMzX0kyQyBpcyBu
b3Qgc2V0CiMgQ09ORklHX0FMVEVSQV9TVEFQTCBpcyBub3Qgc2V0CiMgQ09ORklHX0VDSE8gaXMg
bm90IHNldAojIENPTkZJR19CQ01fVksgaXMgbm90IHNldAojIENPTkZJR19NSVNDX0FMQ09SX1BD
SSBpcyBub3Qgc2V0CiMgQ09ORklHX01JU0NfUlRTWF9QQ0kgaXMgbm90IHNldAojIENPTkZJR19N
SVNDX1JUU1hfVVNCIGlzIG5vdCBzZXQKQ09ORklHX1BWUEFOSUM9eQpDT05GSUdfUFZQQU5JQ19N
TUlPPW0KQ09ORklHX1BWUEFOSUNfUENJPW0KIyBDT05GSUdfS0VCQV9DUDUwMCBpcyBub3Qgc2V0
CiMgZW5kIG9mIE1pc2MgZGV2aWNlcwoKIwojIFNDU0kgZGV2aWNlIHN1cHBvcnQKIwpDT05GSUdf
U0NTSV9NT0Q9eQojIENPTkZJR19SQUlEX0FUVFJTIGlzIG5vdCBzZXQKQ09ORklHX1NDU0lfQ09N
TU9OPXkKQ09ORklHX1NDU0k9eQpDT05GSUdfU0NTSV9ETUE9eQojIENPTkZJR19TQ1NJX1BST0Nf
RlMgaXMgbm90IHNldApDT05GSUdfU0NTSV9MSUJfS1VOSVRfVEVTVD1tCgojCiMgU0NTSSBzdXBw
b3J0IHR5cGUgKGRpc2ssIHRhcGUsIENELVJPTSkKIwpDT05GSUdfQkxLX0RFVl9TRD15CiMgQ09O
RklHX0NIUl9ERVZfU1QgaXMgbm90IHNldApDT05GSUdfQkxLX0RFVl9TUj15CkNPTkZJR19DSFJf
REVWX1NHPW0KQ09ORklHX0JMS19ERVZfQlNHPXkKIyBDT05GSUdfQ0hSX0RFVl9TQ0ggaXMgbm90
IHNldApDT05GSUdfU0NTSV9DT05TVEFOVFM9eQojIENPTkZJR19TQ1NJX0xPR0dJTkcgaXMgbm90
IHNldApDT05GSUdfU0NTSV9TQ0FOX0FTWU5DPXkKQ09ORklHX1NDU0lfUFJPVE9fVEVTVD1tCgoj
CiMgU0NTSSBUcmFuc3BvcnRzCiMKIyBDT05GSUdfU0NTSV9TUElfQVRUUlMgaXMgbm90IHNldAoj
IENPTkZJR19TQ1NJX0ZDX0FUVFJTIGlzIG5vdCBzZXQKIyBDT05GSUdfU0NTSV9JU0NTSV9BVFRS
UyBpcyBub3Qgc2V0CiMgQ09ORklHX1NDU0lfU0FTX0FUVFJTIGlzIG5vdCBzZXQKIyBDT05GSUdf
U0NTSV9TQVNfTElCU0FTIGlzIG5vdCBzZXQKIyBDT05GSUdfU0NTSV9TUlBfQVRUUlMgaXMgbm90
IHNldAojIGVuZCBvZiBTQ1NJIFRyYW5zcG9ydHMKCkNPTkZJR19TQ1NJX0xPV0xFVkVMPXkKIyBD
T05GSUdfSVNDU0lfVENQIGlzIG5vdCBzZXQKIyBDT05GSUdfSVNDU0lfQk9PVF9TWVNGUyBpcyBu
b3Qgc2V0CiMgQ09ORklHX1NDU0lfQ1hHQjNfSVNDU0kgaXMgbm90IHNldAojIENPTkZJR19TQ1NJ
X0NYR0I0X0lTQ1NJIGlzIG5vdCBzZXQKIyBDT05GSUdfU0NTSV9CTlgyX0lTQ1NJIGlzIG5vdCBz
ZXQKIyBDT05GSUdfQkUySVNDU0kgaXMgbm90IHNldAojIENPTkZJR19CTEtfREVWXzNXX1hYWFhf
UkFJRCBpcyBub3Qgc2V0CiMgQ09ORklHX1NDU0lfSFBTQSBpcyBub3Qgc2V0CiMgQ09ORklHX1ND
U0lfM1dfOVhYWCBpcyBub3Qgc2V0CiMgQ09ORklHX1NDU0lfM1dfU0FTIGlzIG5vdCBzZXQKIyBD
T05GSUdfU0NTSV9BQ0FSRCBpcyBub3Qgc2V0CiMgQ09ORklHX1NDU0lfQUFDUkFJRCBpcyBub3Qg
c2V0CiMgQ09ORklHX1NDU0lfQUlDN1hYWCBpcyBub3Qgc2V0CiMgQ09ORklHX1NDU0lfQUlDNzlY
WCBpcyBub3Qgc2V0CiMgQ09ORklHX1NDU0lfQUlDOTRYWCBpcyBub3Qgc2V0CiMgQ09ORklHX1ND
U0lfTVZTQVMgaXMgbm90IHNldAojIENPTkZJR19TQ1NJX01WVU1JIGlzIG5vdCBzZXQKIyBDT05G
SUdfU0NTSV9BRFZBTlNZUyBpcyBub3Qgc2V0CiMgQ09ORklHX1NDU0lfQVJDTVNSIGlzIG5vdCBz
ZXQKIyBDT05GSUdfU0NTSV9FU0FTMlIgaXMgbm90IHNldAojIENPTkZJR19NRUdBUkFJRF9ORVdH
RU4gaXMgbm90IHNldAojIENPTkZJR19NRUdBUkFJRF9MRUdBQ1kgaXMgbm90IHNldAojIENPTkZJ
R19NRUdBUkFJRF9TQVMgaXMgbm90IHNldAojIENPTkZJR19TQ1NJX01QVDNTQVMgaXMgbm90IHNl
dAojIENPTkZJR19TQ1NJX01QVDJTQVMgaXMgbm90IHNldAojIENPTkZJR19TQ1NJX01QSTNNUiBp
cyBub3Qgc2V0CiMgQ09ORklHX1NDU0lfU01BUlRQUUkgaXMgbm90IHNldAojIENPTkZJR19TQ1NJ
X0hQVElPUCBpcyBub3Qgc2V0CiMgQ09ORklHX1NDU0lfQlVTTE9HSUMgaXMgbm90IHNldAojIENP
TkZJR19TQ1NJX01ZUkIgaXMgbm90IHNldAojIENPTkZJR19TQ1NJX1NOSUMgaXMgbm90IHNldAoj
IENPTkZJR19TQ1NJX0RNWDMxOTFEIGlzIG5vdCBzZXQKIyBDT05GSUdfU0NTSV9GRE9NQUlOX1BD
SSBpcyBub3Qgc2V0CiMgQ09ORklHX1NDU0lfSVBTIGlzIG5vdCBzZXQKIyBDT05GSUdfU0NTSV9J
TklUSU8gaXMgbm90IHNldAojIENPTkZJR19TQ1NJX0lOSUExMDAgaXMgbm90IHNldAojIENPTkZJ
R19TQ1NJX1NURVggaXMgbm90IHNldAojIENPTkZJR19TQ1NJX1NZTTUzQzhYWF8yIGlzIG5vdCBz
ZXQKIyBDT05GSUdfU0NTSV9JUFIgaXMgbm90IHNldAojIENPTkZJR19TQ1NJX1FMT0dJQ18xMjgw
IGlzIG5vdCBzZXQKIyBDT05GSUdfU0NTSV9RTEFfSVNDU0kgaXMgbm90IHNldAojIENPTkZJR19T
