Return-Path: <linuxppc-dev-bounces+lists+linuxppc-dev=lfdr.de@lists.ozlabs.org>
X-Original-To: lists+linuxppc-dev@lfdr.de
Delivered-To: lists+linuxppc-dev@lfdr.de
Received: from lists.ozlabs.org (lists.ozlabs.org [112.213.38.117])
	by mail.lfdr.de (Postfix) with ESMTPS id 3CF6447EC28
	for <lists+linuxppc-dev@lfdr.de>; Fri, 24 Dec 2021 07:35:45 +0100 (CET)
Received: from boromir.ozlabs.org (localhost [IPv6:::1])
	by lists.ozlabs.org (Postfix) with ESMTP id 4JKy4H14dcz3cN6
	for <lists+linuxppc-dev@lfdr.de>; Fri, 24 Dec 2021 17:35:43 +1100 (AEDT)
X-Original-To: linuxppc-dev@lists.ozlabs.org
Delivered-To: linuxppc-dev@lists.ozlabs.org
Authentication-Results: lists.ozlabs.org; spf=pass (sender SPF authorized)
 smtp.mailfrom=gentoo.org (client-ip=140.211.166.183; helo=smtp.gentoo.org;
 envelope-from=gyakovlev@gentoo.org; receiver=<UNKNOWN>)
X-Greylist: delayed 445 seconds by postgrey-1.36 at boromir;
 Fri, 24 Dec 2021 17:05:12 AEDT
Received: from smtp.gentoo.org (woodpecker.gentoo.org [140.211.166.183])
 (using TLSv1.3 with cipher TLS_AES_256_GCM_SHA384 (256/256 bits)
 key-exchange X25519 server-signature RSA-PSS (2048 bits) server-digest SHA256)
 (No client certificate requested)
 by lists.ozlabs.org (Postfix) with ESMTPS id 4JKxP466d3z2xX8
 for <linuxppc-dev@lists.ozlabs.org>; Fri, 24 Dec 2021 17:05:12 +1100 (AEDT)
Date: Thu, 23 Dec 2021 21:57:28 -0800
From: Georgy Yakovlev <gyakovlev@gentoo.org>
To: linuxppc-dev@lists.ozlabs.org
Subject: aacraid (PM8068) freqent EEH with kernel 5.15 on talos2
Message-ID: <20211224055728.hionqurxggnkoye2@cerberus.local.sysdump.net>
MIME-Version: 1.0
Content-Type: multipart/mixed; boundary="lzjcbakxjh6want4"
Content-Disposition: inline
X-Mailman-Approved-At: Fri, 24 Dec 2021 17:35:00 +1100
X-BeenThere: linuxppc-dev@lists.ozlabs.org
X-Mailman-Version: 2.1.29
Precedence: list
List-Id: Linux on PowerPC Developers Mail List <linuxppc-dev.lists.ozlabs.org>
List-Unsubscribe: <https://lists.ozlabs.org/options/linuxppc-dev>,
 <mailto:linuxppc-dev-request@lists.ozlabs.org?subject=unsubscribe>
List-Archive: <http://lists.ozlabs.org/pipermail/linuxppc-dev/>
List-Post: <mailto:linuxppc-dev@lists.ozlabs.org>
List-Help: <mailto:linuxppc-dev-request@lists.ozlabs.org?subject=help>
List-Subscribe: <https://lists.ozlabs.org/listinfo/linuxppc-dev>,
 <mailto:linuxppc-dev-request@lists.ozlabs.org?subject=subscribe>
Errors-To: linuxppc-dev-bounces+lists+linuxppc-dev=lfdr.de@lists.ozlabs.org
Sender: "Linuxppc-dev"
 <linuxppc-dev-bounces+lists+linuxppc-dev=lfdr.de@lists.ozlabs.org>


--lzjcbakxjh6want4
Content-Type: text/plain; charset=utf-8
Content-Disposition: inline

Hi,

I'm looking for help or directions or pointers with my issue.
I have a Talos2 machine and built-in SAS controller (PM8068) is
basically unusable due to EEH errors with kernel 5.15+

phberr.by decode:

==== PHB Register dump found ====

Dec 20 21:11:41 gentoo kernel: PHB4 PHB#2 Diag-data (Version: 1)

phbErrorStatus = 0000020000000000:
!       22 - RXE_TCE OR Error Status

phbRxeTceErrorStatus = 2000000000000000:
!        2 - TCE Response Page Access Error

PEST entries:
        PEST[0fd] = 8000b03800000000 8000000000000000

==== PHB Register dump found ====

Dec 21 13:23:43 hydra kernel: PHB4 PHB#2 Diag-data (Version: 1)

phbErrorStatus = 0000028000000000:
!       22 - RXE_TCE OR Error Status
        24 - pcie_etu_regb_err_inf

phbRxeTceErrorStatus = 6000000000000000:
         1 - TCE Request Page Access Error
!        2 - TCE Response Page Access Error

phbRegbErrorStatus = 0000004000000000:
!       25 - PBL Error Trap: INF Error

phbPblErrorStatus = 0000000000020000:
!       46 - pb_err_p_fe_pci_sig_cpl_abort_e

PEST entries:
        PEST[0fd] = 8300b03800000000 8000000000000000

Basically it will work for couple of minutes and will flop under slight
load with iommu=nobypass

without iommu=nobypass it takes slightly longer but it will eventually
error-out too.

This machine worked perfectly with 5.10 kernel though.

I have previously reported same/similar error here:
https://bugzilla.kernel.org/show_bug.cgi?id=206123

and patch powerpc/dma: Fix dma_map_ops::get_required_mask
fixed that. But it came back it seems and happens even more often now.

Attaching a collection of random dmesgs I've collected.

I can build custom kernels or apply patches to debug this issue if
needed, just need someone more experienced to guide/help.

Thanks in advance.
-- 
Best regards,
Georgy

--lzjcbakxjh6want4
Content-Type: text/plain; charset=utf-8
Content-Disposition: attachment;
	filename="aacraid-eeh-dmesg-talos-5.15.10.txt"

Dec 20 21:10:57 gentoo kernel: PowerNV: IOMMU bypass window disabled.
Dec 20 21:10:57 gentoo kernel: Reserving 4096MB of memory at 128MB for crashkernel (System RAM: 524288MB)
Dec 20 21:10:57 gentoo kernel: dt-cpu-ftrs: setup for ISA 3000
Dec 20 21:10:57 gentoo kernel: dt-cpu-ftrs: final cpu/mmu features = 0x0001f86b8f5fb187 0x3c007041
Dec 20 21:10:57 gentoo kernel: radix-mmu: Page sizes from device-tree:
Dec 20 21:10:57 gentoo kernel: radix-mmu: Page size shift = 12 AP=0x0
Dec 20 21:10:57 gentoo kernel: radix-mmu: Page size shift = 16 AP=0x5
Dec 20 21:10:57 gentoo kernel: radix-mmu: Page size shift = 21 AP=0x1
Dec 20 21:10:57 gentoo kernel: radix-mmu: Page size shift = 30 AP=0x2
Dec 20 21:10:57 gentoo kernel: Activating Kernel Userspace Execution Prevention
Dec 20 21:10:57 gentoo kernel: Activating Kernel Userspace Access Prevention
Dec 20 21:10:57 gentoo kernel: radix-mmu: Mapped 0x0000000000000000-0x0000000002600000 with 2.00 MiB pages (exec)
Dec 20 21:10:57 gentoo kernel: radix-mmu: Mapped 0x0000000002600000-0x0000000040000000 with 2.00 MiB pages
Dec 20 21:10:57 gentoo kernel: radix-mmu: Mapped 0x0000000040000000-0x0000004000000000 with 1.00 GiB pages
Dec 20 21:10:57 gentoo kernel: radix-mmu: Mapped 0x0000200000000000-0x0000204000000000 with 1.00 GiB pages
Dec 20 21:10:57 gentoo kernel: radix-mmu: Initializing Radix MMU
Dec 20 21:10:57 gentoo kernel: Found initrd at 0xc000000004d30000:0xc000000008353384
Dec 20 21:10:57 gentoo kernel: OPAL: Found memory mapped LPC bus on chip 0
Dec 20 21:10:57 gentoo kernel: ISA: Non-PCI bridge is /lpcm-opb@6030000000000/lpc@0
Dec 20 21:10:57 gentoo kernel: Using PowerNV machine description
Dec 20 21:10:57 gentoo kernel: printk: bootconsole [udbg0] enabled
Dec 20 21:10:57 gentoo kernel: CPU maps initialized for 4 threads per core
Dec 20 21:10:57 gentoo kernel:  (thread shift is 2)
Dec 20 21:10:57 gentoo kernel: Allocated 3968 bytes for 176 pacas
Dec 20 21:10:57 gentoo kernel: -----------------------------------------------------
Dec 20 21:10:57 gentoo kernel: phys_mem_size     = 0x8000000000
Dec 20 21:10:57 gentoo kernel: dcache_bsize      = 0x80
Dec 20 21:10:57 gentoo kernel: icache_bsize      = 0x80
Dec 20 21:10:57 gentoo kernel: cpu_features      = 0x0001f86b8f5fb187
Dec 20 21:10:57 gentoo kernel:   possible        = 0x000ffbfbcf5fb187
Dec 20 21:10:57 gentoo kernel:   always          = 0x0000000380008181
Dec 20 21:10:57 gentoo kernel: cpu_user_features = 0xdc0065c2 0xaef00000
Dec 20 21:10:57 gentoo kernel: mmu_features      = 0x3c007641
Dec 20 21:10:57 gentoo kernel: firmware_features = 0x0000000110000000
Dec 20 21:10:57 gentoo kernel: vmalloc start     = 0xc008000000000000
Dec 20 21:10:57 gentoo kernel: IO start          = 0xc00a000000000000
Dec 20 21:10:57 gentoo kernel: vmemmap start     = 0xc00c000000000000
Dec 20 21:10:57 gentoo kernel: -----------------------------------------------------
Dec 20 21:10:57 gentoo kernel: kvm_cma_reserve: reserving 26214 MiB for global area
Dec 20 21:10:57 gentoo kernel: cma: Reserved 26224 MiB at 0x0000000108000000
Dec 20 21:10:57 gentoo kernel: numa:   NODE_DATA [mem 0x3fff881a00-0x3fff88957f]
Dec 20 21:10:57 gentoo kernel: numa:   NODE_DATA [mem 0x203ffcae4480-0x203ffcaebfff]
Dec 20 21:10:57 gentoo kernel: rfi-flush: mttrig type flush available
Dec 20 21:10:57 gentoo kernel: rfi-flush: patched 13 locations (mttrig type flush)
Dec 20 21:10:57 gentoo kernel: count-cache-flush: flush disabled.
Dec 20 21:10:57 gentoo kernel: link-stack-flush: software flush enabled.
Dec 20 21:10:57 gentoo kernel: entry-flush: patched 61 locations (mttrig type flush)
Dec 20 21:10:57 gentoo kernel: uaccess-flush: patched 1 locations (mttrig type flush)
Dec 20 21:10:57 gentoo kernel: stf-barrier: eieio barrier available
Dec 20 21:10:57 gentoo kernel: stf-barrier: patched 61 entry locations (eieio barrier)
Dec 20 21:10:57 gentoo kernel: stf-barrier: patched 13 exit locations (eieio barrier)
Dec 20 21:10:57 gentoo kernel: OPAL nvram setup, 589824 bytes
Dec 20 21:10:57 gentoo kernel: barrier-nospec: using ORI speculation barrier
Dec 20 21:10:57 gentoo kernel: barrier-nospec: patched 294 locations
Dec 20 21:10:57 gentoo kernel: Top of RAM: 0x204000000000, Total RAM: 0x8000000000
Dec 20 21:10:57 gentoo kernel: Memory hole size: 33292288MB
Dec 20 21:10:57 gentoo kernel: Zone ranges:
Dec 20 21:10:57 gentoo kernel:   Normal   [mem 0x0000000000000000-0x0000203fffffffff]
Dec 20 21:10:57 gentoo kernel:   Device   empty
Dec 20 21:10:57 gentoo kernel: Movable zone start for each node
Dec 20 21:10:57 gentoo kernel: Early memory node ranges
Dec 20 21:10:57 gentoo kernel:   node   0: [mem 0x0000000000000000-0x0000003fffffffff]
Dec 20 21:10:57 gentoo kernel:   node   8: [mem 0x0000200000000000-0x0000203fffffffff]
Dec 20 21:10:57 gentoo kernel: Initmem setup node 0 [mem 0x0000000000000000-0x0000003fffffffff]
Dec 20 21:10:57 gentoo kernel: Initmem setup node 8 [mem 0x0000200000000000-0x0000203fffffffff]
Dec 20 21:10:57 gentoo kernel: percpu: Embedded 35 pages/cpu s103320 r0 d40040 u143360
Dec 20 21:10:57 gentoo kernel: pcpu-alloc: s103320 r0 d40040 u143360 alloc=35*4096
Dec 20 21:10:57 gentoo kernel: pcpu-alloc: [0] 000 [0] 001 [0] 002 [0] 003 
Dec 20 21:10:57 gentoo kernel: pcpu-alloc: [0] 004 [0] 005 [0] 006 [0] 007 
Dec 20 21:10:57 gentoo kernel: pcpu-alloc: [0] 008 [0] 009 [0] 010 [0] 011 
Dec 20 21:10:57 gentoo kernel: pcpu-alloc: [0] 012 [0] 013 [0] 014 [0] 015 
Dec 20 21:10:57 gentoo kernel: pcpu-alloc: [0] 016 [0] 017 [0] 018 [0] 019 
Dec 20 21:10:57 gentoo kernel: pcpu-alloc: [0] 020 [0] 021 [0] 022 [0] 023 
Dec 20 21:10:57 gentoo kernel: pcpu-alloc: [0] 024 [0] 025 [0] 026 [0] 027 
Dec 20 21:10:57 gentoo kernel: pcpu-alloc: [0] 028 [0] 029 [0] 030 [0] 031 
Dec 20 21:10:57 gentoo kernel: pcpu-alloc: [0] 032 [0] 033 [0] 034 [0] 035 
Dec 20 21:10:57 gentoo kernel: pcpu-alloc: [0] 036 [0] 037 [0] 038 [0] 039 
Dec 20 21:10:57 gentoo kernel: pcpu-alloc: [0] 040 [0] 041 [0] 042 [0] 043 
Dec 20 21:10:57 gentoo kernel: pcpu-alloc: [0] 044 [0] 045 [0] 046 [0] 047 
Dec 20 21:10:57 gentoo kernel: pcpu-alloc: [0] 048 [0] 049 [0] 050 [0] 051 
Dec 20 21:10:57 gentoo kernel: pcpu-alloc: [0] 052 [0] 053 [0] 054 [0] 055 
Dec 20 21:10:57 gentoo kernel: pcpu-alloc: [0] 056 [0] 057 [0] 058 [0] 059 
Dec 20 21:10:57 gentoo kernel: pcpu-alloc: [0] 060 [0] 061 [0] 062 [0] 063 
Dec 20 21:10:57 gentoo kernel: pcpu-alloc: [0] 064 [0] 065 [0] 066 [0] 067 
Dec 20 21:10:57 gentoo kernel: pcpu-alloc: [0] 068 [0] 069 [0] 070 [0] 071 
Dec 20 21:10:57 gentoo kernel: pcpu-alloc: [0] 072 [0] 073 [0] 074 [0] 075 
Dec 20 21:10:57 gentoo kernel: pcpu-alloc: [0] 076 [0] 077 [0] 078 [0] 079 
Dec 20 21:10:57 gentoo kernel: pcpu-alloc: [0] 080 [0] 081 [0] 082 [0] 083 
Dec 20 21:10:57 gentoo kernel: pcpu-alloc: [0] 084 [0] 085 [0] 086 [0] 087 
Dec 20 21:10:57 gentoo kernel: pcpu-alloc: [1] 088 [1] 089 [1] 090 [1] 091 
Dec 20 21:10:57 gentoo kernel: pcpu-alloc: [1] 092 [1] 093 [1] 094 [1] 095 
Dec 20 21:10:57 gentoo kernel: pcpu-alloc: [1] 096 [1] 097 [1] 098 [1] 099 
Dec 20 21:10:57 gentoo kernel: pcpu-alloc: [1] 100 [1] 101 [1] 102 [1] 103 
Dec 20 21:10:57 gentoo kernel: pcpu-alloc: [1] 104 [1] 105 [1] 106 [1] 107 
Dec 20 21:10:57 gentoo kernel: pcpu-alloc: [1] 108 [1] 109 [1] 110 [1] 111 
Dec 20 21:10:57 gentoo kernel: pcpu-alloc: [1] 112 [1] 113 [1] 114 [1] 115 
Dec 20 21:10:57 gentoo kernel: pcpu-alloc: [1] 116 [1] 117 [1] 118 [1] 119 
Dec 20 21:10:57 gentoo kernel: pcpu-alloc: [1] 120 [1] 121 [1] 122 [1] 123 
Dec 20 21:10:57 gentoo kernel: pcpu-alloc: [1] 124 [1] 125 [1] 126 [1] 127 
Dec 20 21:10:57 gentoo kernel: pcpu-alloc: [1] 128 [1] 129 [1] 130 [1] 131 
Dec 20 21:10:57 gentoo kernel: pcpu-alloc: [1] 132 [1] 133 [1] 134 [1] 135 
Dec 20 21:10:57 gentoo kernel: pcpu-alloc: [1] 136 [1] 137 [1] 138 [1] 139 
Dec 20 21:10:57 gentoo kernel: pcpu-alloc: [1] 140 [1] 141 [1] 142 [1] 143 
Dec 20 21:10:57 gentoo kernel: pcpu-alloc: [1] 144 [1] 145 [1] 146 [1] 147 
Dec 20 21:10:57 gentoo kernel: pcpu-alloc: [1] 148 [1] 149 [1] 150 [1] 151 
Dec 20 21:10:57 gentoo kernel: pcpu-alloc: [1] 152 [1] 153 [1] 154 [1] 155 
Dec 20 21:10:57 gentoo kernel: pcpu-alloc: [1] 156 [1] 157 [1] 158 [1] 159 
Dec 20 21:10:57 gentoo kernel: pcpu-alloc: [1] 160 [1] 161 [1] 162 [1] 163 
Dec 20 21:10:57 gentoo kernel: pcpu-alloc: [1] 164 [1] 165 [1] 166 [1] 167 
Dec 20 21:10:57 gentoo kernel: pcpu-alloc: [1] 168 [1] 169 [1] 170 [1] 171 
Dec 20 21:10:57 gentoo kernel: pcpu-alloc: [1] 172 [1] 173 [1] 174 [1] 175 
Dec 20 21:10:57 gentoo kernel: Built 2 zonelists, mobility grouping on.  Total pages: 132120576
Dec 20 21:10:57 gentoo kernel: Policy zone: Normal
Dec 20 21:10:57 gentoo kernel: Kernel command line: root=ZFS=zroot/ROOT/default earlycon=hvc0 console=hvc0 console=tty0 crashkernel=2G-4G:320M,4G-32G:512M,32G-64G:1024M,64G-128G:2048M,128G-:4096M iommu=nobypass pci=realloc amdgpu.aspm=0 video=offb:off audit=1 quiet splash
Dec 20 21:10:57 gentoo kernel: audit: enabled (after initialization)
Dec 20 21:10:57 gentoo kernel: Unknown kernel command line parameters "splash crashkernel=2G-4G:320M,4G-32G:512M,32G-64G:1024M,64G-128G:2048M,128G-:4096M", will be passed to user space.
Dec 20 21:10:57 gentoo kernel: printk: log_buf_len individual max cpu contribution: 4096 bytes
Dec 20 21:10:57 gentoo kernel: printk: log_buf_len total cpu_extra contributions: 716800 bytes
Dec 20 21:10:57 gentoo kernel: printk: log_buf_len min size: 262144 bytes
Dec 20 21:10:57 gentoo kernel: printk: log_buf_len: 1048576 bytes
Dec 20 21:10:57 gentoo kernel: printk: early log buf free: 255000(97%)
Dec 20 21:10:57 gentoo kernel: mem auto-init: stack:byref_all(zero), heap alloc:on, heap free:on
Dec 20 21:10:57 gentoo kernel: mem auto-init: clearing system memory may take some time...
Dec 20 21:10:57 gentoo kernel: software IO TLB: Cannot allocate buffer
Dec 20 21:10:57 gentoo kernel: Memory: 497179600K/536870912K available (17800K kernel code, 2952K rwdata, 3456K rodata, 5268K init, 1165K bss, 12837936K reserved, 26853376K cma-reserved)
Dec 20 21:10:57 gentoo kernel: random: get_random_u64 called from __kmem_cache_create+0x3c/0x740 with crng_init=0
Dec 20 21:10:57 gentoo kernel: SLUB: HWalign=128, Order=0-3, MinObjects=0, CPUs=176, Nodes=9
Dec 20 21:10:57 gentoo kernel: ftrace: allocating 40403 entries in 238 pages
Dec 20 21:10:57 gentoo kernel: ftrace: allocated 237 pages with 6 groups
Dec 20 21:10:57 gentoo kernel: trace event string verifier disabled
Dec 20 21:10:57 gentoo kernel: rcu: Hierarchical RCU implementation.
Dec 20 21:10:57 gentoo kernel: rcu:         RCU restricting CPUs from NR_CPUS=512 to nr_cpu_ids=176.
Dec 20 21:10:57 gentoo kernel:         Rude variant of Tasks RCU enabled.
Dec 20 21:10:57 gentoo kernel:         Tracing variant of Tasks RCU enabled.
Dec 20 21:10:57 gentoo kernel: rcu: RCU calculated value of scheduler-enlistment delay is 30 jiffies.
Dec 20 21:10:57 gentoo kernel: rcu: Adjusting geometry for rcu_fanout_leaf=16, nr_cpu_ids=176
Dec 20 21:10:57 gentoo kernel: NR_IRQS: 512, nr_irqs: 512, preallocated irqs: 16
Dec 20 21:10:57 gentoo kernel: xive: Interrupt handling initialized with native backend
Dec 20 21:10:57 gentoo kernel: xive: Using priority 7 for all interrupts
Dec 20 21:10:57 gentoo kernel: xive: Using 4kB queues
Dec 20 21:10:57 gentoo kernel: rcu:         Offload RCU callbacks from CPUs: (none).
Dec 20 21:10:57 gentoo kernel: time_init: decrementer frequency = 512.000000 MHz
Dec 20 21:10:57 gentoo kernel: time_init: processor frequency   = 2134.000000 MHz
Dec 20 21:10:57 gentoo kernel: time_init: 56 bit decrementer (max: 7fffffffffffff)
Dec 20 21:10:57 gentoo kernel: clocksource: timebase: mask: 0xffffffffffffffff max_cycles: 0x761537d007, max_idle_ns: 440795202126 ns
Dec 20 21:10:57 gentoo kernel: clocksource: timebase mult[1f40000] shift[24] registered
Dec 20 21:10:57 gentoo kernel: clockevent: decrementer mult[83126f] shift[24] cpu[0]
Dec 20 21:10:57 gentoo kernel: Console: colour dummy device 80x25
Dec 20 21:10:57 gentoo kernel: printk: console [tty0] enabled
Dec 20 21:10:57 gentoo kernel: printk: bootconsole [udbg0] disabled
Dec 20 21:10:57 gentoo kernel: printk: console [hvc0] enabled
Dec 20 21:10:57 gentoo kernel: mempolicy: Enabling automatic NUMA balancing. Configure with numa_balancing= or the kernel.numa_balancing sysctl
Dec 20 21:10:57 gentoo kernel: pid_max: default: 180224 minimum: 1408
Dec 20 21:10:57 gentoo kernel: LSM: Security Framework initializing
Dec 20 21:10:57 gentoo kernel: Yama: becoming mindful.
Dec 20 21:10:57 gentoo kernel: Dentry cache hash table entries: 16777216 (order: 15, 134217728 bytes, vmalloc hugepage)
Dec 20 21:10:57 gentoo kernel: Inode-cache hash table entries: 8388608 (order: 14, 67108864 bytes, vmalloc hugepage)
Dec 20 21:10:57 gentoo kernel: Mount-cache hash table entries: 262144 (order: 9, 2097152 bytes, vmalloc)
Dec 20 21:10:57 gentoo kernel: Mountpoint-cache hash table entries: 262144 (order: 9, 2097152 bytes, vmalloc)
Dec 20 21:10:57 gentoo kernel: POWER9 performance monitor hardware support registered
Dec 20 21:10:57 gentoo kernel: rcu: Hierarchical SRCU implementation.
Dec 20 21:10:57 gentoo kernel: smp: Bringing up secondary CPUs ...
Dec 20 21:10:57 gentoo kernel: smp: Brought up 2 nodes, 176 CPUs
Dec 20 21:10:57 gentoo kernel: numa: Node 0 CPUs: 0-87
Dec 20 21:10:57 gentoo kernel: numa: Node 8 CPUs: 88-175
Dec 20 21:10:57 gentoo kernel: devtmpfs: initialized
Dec 20 21:10:57 gentoo kernel: Initializing IODA2 PHB (/pciex@600c3c0000000)
Dec 20 21:10:57 gentoo kernel: PCI host bridge /pciex@600c3c0000000 (primary) ranges:
Dec 20 21:10:57 gentoo kernel:  MEM 0x000600c000000000..0x000600c07ffeffff -> 0x0000000080000000 
Dec 20 21:10:57 gentoo kernel:  MEM 0x0006000000000000..0x0006003fffffffff -> 0x0006000000000000 (M64 #1..31)
Dec 20 21:10:57 gentoo kernel:  Using M64 #31 as default window
Dec 20 21:10:57 gentoo kernel:   512 (511) PE's M32: 0x80000000 [segment=0x400000]
Dec 20 21:10:57 gentoo kernel:                  M64: 0x4000000000 [segment=0x20000000]
Dec 20 21:10:57 gentoo kernel:   Allocated bitmap for 4088 MSIs (base IRQ 0xfe000)
Dec 20 21:10:57 gentoo kernel: Initializing IODA2 PHB (/pciex@600c3c0100000)
Dec 20 21:10:57 gentoo kernel: PCI host bridge /pciex@600c3c0100000  ranges:
Dec 20 21:10:57 gentoo kernel:  MEM 0x000600c080000000..0x000600c0fffeffff -> 0x0000000080000000 
Dec 20 21:10:57 gentoo kernel:  MEM 0x0006004000000000..0x0006007fffffffff -> 0x0006004000000000 (M64 #1..15)
Dec 20 21:10:57 gentoo kernel:  Using M64 #15 as default window
Dec 20 21:10:57 gentoo kernel:   256 (255) PE's M32: 0x80000000 [segment=0x800000]
Dec 20 21:10:57 gentoo kernel:                  M64: 0x4000000000 [segment=0x40000000]
Dec 20 21:10:57 gentoo kernel:   Allocated bitmap for 2040 MSIs (base IRQ 0xfd800)
Dec 20 21:10:57 gentoo kernel: Initializing IODA2 PHB (/pciex@600c3c0200000)
Dec 20 21:10:57 gentoo kernel: PCI host bridge /pciex@600c3c0200000  ranges:
Dec 20 21:10:57 gentoo kernel:  MEM 0x000600c100000000..0x000600c17ffeffff -> 0x0000000080000000 
Dec 20 21:10:57 gentoo kernel:  MEM 0x0006008000000000..0x000600bfffffffff -> 0x0006008000000000 (M64 #1..15)
Dec 20 21:10:57 gentoo kernel:  Using M64 #15 as default window
Dec 20 21:10:57 gentoo kernel:   256 (255) PE's M32: 0x80000000 [segment=0x800000]
Dec 20 21:10:57 gentoo kernel:                  M64: 0x4000000000 [segment=0x40000000]
Dec 20 21:10:57 gentoo kernel:   Allocated bitmap for 2040 MSIs (base IRQ 0xfd000)
Dec 20 21:10:57 gentoo kernel: Initializing IODA2 PHB (/pciex@600c3c0300000)
Dec 20 21:10:57 gentoo kernel: PCI host bridge /pciex@600c3c0300000  ranges:
Dec 20 21:10:57 gentoo kernel:  MEM 0x000600c180000000..0x000600c1fffeffff -> 0x0000000080000000 
Dec 20 21:10:57 gentoo kernel:  MEM 0x0006020000000000..0x0006023fffffffff -> 0x0006020000000000 (M64 #1..31)
Dec 20 21:10:57 gentoo kernel:  Using M64 #31 as default window
Dec 20 21:10:57 gentoo kernel:   512 (511) PE's M32: 0x80000000 [segment=0x400000]
Dec 20 21:10:57 gentoo kernel:                  M64: 0x4000000000 [segment=0x20000000]
Dec 20 21:10:57 gentoo kernel:   Allocated bitmap for 4088 MSIs (base IRQ 0xfc000)
Dec 20 21:10:57 gentoo kernel: Initializing IODA2 PHB (/pciex@600c3c0400000)
Dec 20 21:10:57 gentoo kernel: PCI host bridge /pciex@600c3c0400000  ranges:
Dec 20 21:10:57 gentoo kernel:  MEM 0x000600c200000000..0x000600c27ffeffff -> 0x0000000080000000 
Dec 20 21:10:57 gentoo kernel:  MEM 0x0006024000000000..0x0006027fffffffff -> 0x0006024000000000 (M64 #1..15)
Dec 20 21:10:57 gentoo kernel:  Using M64 #15 as default window
Dec 20 21:10:57 gentoo kernel:   256 (255) PE's M32: 0x80000000 [segment=0x800000]
Dec 20 21:10:57 gentoo kernel:                  M64: 0x4000000000 [segment=0x40000000]
Dec 20 21:10:57 gentoo kernel:   Allocated bitmap for 2040 MSIs (base IRQ 0xfb800)
Dec 20 21:10:57 gentoo kernel: Initializing IODA2 PHB (/pciex@600c3c0500000)
Dec 20 21:10:57 gentoo kernel: PCI host bridge /pciex@600c3c0500000  ranges:
Dec 20 21:10:57 gentoo kernel:  MEM 0x000600c280000000..0x000600c2fffeffff -> 0x0000000080000000 
Dec 20 21:10:57 gentoo kernel:  MEM 0x0006028000000000..0x000602bfffffffff -> 0x0006028000000000 (M64 #1..15)
Dec 20 21:10:57 gentoo kernel:  Using M64 #15 as default window
Dec 20 21:10:57 gentoo kernel:   256 (255) PE's M32: 0x80000000 [segment=0x800000]
Dec 20 21:10:57 gentoo kernel:                  M64: 0x4000000000 [segment=0x40000000]
Dec 20 21:10:57 gentoo kernel:   Allocated bitmap for 2040 MSIs (base IRQ 0xfb000)
Dec 20 21:10:57 gentoo kernel: Initializing IODA2 PHB (/pciex@620c3c0000000)
Dec 20 21:10:57 gentoo kernel: PCI host bridge /pciex@620c3c0000000  ranges:
Dec 20 21:10:57 gentoo kernel:  MEM 0x000620c000000000..0x000620c07ffeffff -> 0x0000000080000000 
Dec 20 21:10:57 gentoo kernel:  MEM 0x0006200000000000..0x0006203fffffffff -> 0x0006200000000000 (M64 #1..31)
Dec 20 21:10:57 gentoo kernel:  Using M64 #31 as default window
Dec 20 21:10:57 gentoo kernel:   512 (511) PE's M32: 0x80000000 [segment=0x400000]
Dec 20 21:10:57 gentoo kernel:                  M64: 0x4000000000 [segment=0x20000000]
Dec 20 21:10:57 gentoo kernel:   Allocated bitmap for 4088 MSIs (base IRQ 0x1fe000)
Dec 20 21:10:57 gentoo kernel: Initializing IODA2 PHB (/pciex@620c3c0100000)
Dec 20 21:10:57 gentoo kernel: PCI host bridge /pciex@620c3c0100000  ranges:
Dec 20 21:10:57 gentoo kernel:  MEM 0x000620c080000000..0x000620c0fffeffff -> 0x0000000080000000 
Dec 20 21:10:57 gentoo kernel:  MEM 0x0006204000000000..0x0006207fffffffff -> 0x0006204000000000 (M64 #1..15)
Dec 20 21:10:57 gentoo kernel:  Using M64 #15 as default window
Dec 20 21:10:57 gentoo kernel:   256 (255) PE's M32: 0x80000000 [segment=0x800000]
Dec 20 21:10:57 gentoo kernel:                  M64: 0x4000000000 [segment=0x40000000]
Dec 20 21:10:57 gentoo kernel:   Allocated bitmap for 2040 MSIs (base IRQ 0x1fd800)
Dec 20 21:10:57 gentoo kernel: Initializing IODA2 PHB (/pciex@620c3c0200000)
Dec 20 21:10:57 gentoo kernel: PCI host bridge /pciex@620c3c0200000  ranges:
Dec 20 21:10:57 gentoo kernel:  MEM 0x000620c100000000..0x000620c17ffeffff -> 0x0000000080000000 
Dec 20 21:10:57 gentoo kernel:  MEM 0x0006208000000000..0x000620bfffffffff -> 0x0006208000000000 (M64 #1..15)
Dec 20 21:10:57 gentoo kernel:  Using M64 #15 as default window
Dec 20 21:10:57 gentoo kernel:   256 (255) PE's M32: 0x80000000 [segment=0x800000]
Dec 20 21:10:57 gentoo kernel:                  M64: 0x4000000000 [segment=0x40000000]
Dec 20 21:10:57 gentoo kernel:   Allocated bitmap for 2040 MSIs (base IRQ 0x1fd000)
Dec 20 21:10:57 gentoo kernel: Initializing IODA2 PHB (/pciex@620c3c0300000)
Dec 20 21:10:57 gentoo kernel: PCI host bridge /pciex@620c3c0300000  ranges:
Dec 20 21:10:57 gentoo kernel:  MEM 0x000620c180000000..0x000620c1fffeffff -> 0x0000000080000000 
Dec 20 21:10:57 gentoo kernel:  MEM 0x0006220000000000..0x0006223fffffffff -> 0x0006220000000000 (M64 #1..31)
Dec 20 21:10:57 gentoo kernel:  Using M64 #31 as default window
Dec 20 21:10:57 gentoo kernel:   512 (511) PE's M32: 0x80000000 [segment=0x400000]
Dec 20 21:10:57 gentoo kernel:                  M64: 0x4000000000 [segment=0x20000000]
Dec 20 21:10:57 gentoo kernel:   Allocated bitmap for 4088 MSIs (base IRQ 0x1fc000)
Dec 20 21:10:57 gentoo kernel: clocksource: jiffies: mask: 0xffffffff max_cycles: 0xffffffff, max_idle_ns: 6370867519511994 ns
Dec 20 21:10:57 gentoo kernel: futex hash table entries: 65536 (order: 11, 8388608 bytes, vmalloc hugepage)
Dec 20 21:10:57 gentoo kernel: NET: Registered PF_NETLINK/PF_ROUTE protocol family
Dec 20 21:10:57 gentoo kernel: audit: initializing netlink subsys (enabled)
Dec 20 21:10:57 gentoo kernel: audit: type=2000 audit(1640063454.519:1): state=initialized audit_enabled=1 res=1
Dec 20 21:10:57 gentoo kernel: thermal_sys: Registered thermal governor 'fair_share'
Dec 20 21:10:57 gentoo kernel: thermal_sys: Registered thermal governor 'step_wise'
Dec 20 21:10:57 gentoo kernel: cpuidle: using governor menu
Dec 20 21:10:57 gentoo kernel: pstore: Registered nvram as persistent store backend
Dec 20 21:10:57 gentoo kernel: EEH: PowerNV platform initialized
Dec 20 21:10:57 gentoo kernel: PCI: Probing PCI hardware
Dec 20 21:10:57 gentoo kernel: PCI host bridge to bus 0000:00
Dec 20 21:10:57 gentoo kernel: pci_bus 0000:00: root bus resource [mem 0x600c000000000-0x600c07ffeffff] (bus address [0x80000000-0xfffeffff])
Dec 20 21:10:57 gentoo kernel: pci_bus 0000:00: root bus resource [mem 0x6000000000000-0x6003fbfffffff 64bit pref]
Dec 20 21:10:57 gentoo kernel: pci_bus 0000:00: root bus resource [bus 00-ff]
Dec 20 21:10:57 gentoo kernel: pci_bus 0000:00: busn_res: [bus 00-ff] end is updated to ff
Dec 20 21:10:57 gentoo kernel: pci 0000:00:00.0: [1014:04c1] type 01 class 0x060400
Dec 20 21:10:57 gentoo kernel: pci 0000:00:00.0: PME# supported from D0 D3hot D3cold
Dec 20 21:10:57 gentoo kernel: pci 0000:01:00.0: [1002:1478] type 01 class 0x060400
Dec 20 21:10:57 gentoo kernel: pci 0000:01:00.0: reg 0x10: [mem 0x600c000400000-0x600c000403fff]
Dec 20 21:10:57 gentoo kernel: pci 0000:01:00.0: PME# supported from D0 D3hot D3cold
Dec 20 21:10:57 gentoo kernel: pci 0000:01:00.0: 63.008 Gb/s available PCIe bandwidth, limited by 8.0 GT/s PCIe x8 link at 0000:00:00.0 (capable of 126.024 Gb/s with 16.0 GT/s PCIe x8 link)
Dec 20 21:10:57 gentoo kernel: pci 0000:00:00.0: PCI bridge to [bus 01-03]
Dec 20 21:10:57 gentoo kernel: pci 0000:02:00.0: [1002:1479] type 01 class 0x060400
Dec 20 21:10:57 gentoo kernel: pci 0000:02:00.0: PME# supported from D0 D3hot D3cold
Dec 20 21:10:57 gentoo kernel: pci 0000:01:00.0: PCI bridge to [bus 02-03]
Dec 20 21:10:57 gentoo kernel: pci 0000:03:00.0: [1002:7341] type 00 class 0x030000
Dec 20 21:10:57 gentoo kernel: pci 0000:03:00.0: reg 0x10: [mem 0x6000000000000-0x600000fffffff 64bit pref]
Dec 20 21:10:57 gentoo kernel: pci 0000:03:00.0: reg 0x18: [mem 0x6000010000000-0x60000101fffff 64bit pref]
Dec 20 21:10:57 gentoo kernel: pci 0000:03:00.0: reg 0x20: [io  0x0000-0x00ff]
Dec 20 21:10:57 gentoo kernel: pci 0000:03:00.0: reg 0x24: [mem 0x600c000000000-0x600c00007ffff]
Dec 20 21:10:57 gentoo kernel: pci 0000:03:00.0: reg 0x30: [mem 0x00000000-0x0001ffff pref]
Dec 20 21:10:57 gentoo kernel: pci 0000:03:00.0: PME# supported from D1 D2 D3hot D3cold
Dec 20 21:10:57 gentoo kernel: pci 0000:03:00.0: 63.008 Gb/s available PCIe bandwidth, limited by 8.0 GT/s PCIe x8 link at 0000:00:00.0 (capable of 252.048 Gb/s with 16.0 GT/s PCIe x16 link)
Dec 20 21:10:57 gentoo kernel: pci 0000:03:00.1: [1002:ab38] type 00 class 0x040300
Dec 20 21:10:57 gentoo kernel: pci 0000:03:00.1: reg 0x10: [mem 0x600c0000a0000-0x600c0000a3fff]
Dec 20 21:10:57 gentoo kernel: pci 0000:03:00.1: PME# supported from D1 D2 D3hot D3cold
Dec 20 21:10:57 gentoo kernel: pci 0000:02:00.0: PCI bridge to [bus 03]
Dec 20 21:10:57 gentoo kernel: pci_bus 0000:00: busn_res: [bus 00-ff] end is updated to 03
Dec 20 21:10:57 gentoo kernel: PCI host bridge to bus 0001:00
Dec 20 21:10:57 gentoo kernel: pci_bus 0001:00: root bus resource [mem 0x600c080000000-0x600c0fffeffff] (bus address [0x80000000-0xfffeffff])
Dec 20 21:10:57 gentoo kernel: pci_bus 0001:00: root bus resource [mem 0x6004000000000-0x6007f7fffffff 64bit pref]
Dec 20 21:10:57 gentoo kernel: pci_bus 0001:00: root bus resource [bus 00-ff]
Dec 20 21:10:57 gentoo kernel: pci_bus 0001:00: busn_res: [bus 00-ff] end is updated to ff
Dec 20 21:10:57 gentoo kernel: pci 0001:00:00.0: [1014:04c1] type 01 class 0x060400
Dec 20 21:10:57 gentoo kernel: pci 0001:00:00.0: PME# supported from D0 D3hot D3cold
Dec 20 21:10:57 gentoo kernel: pci 0001:01:00.0: [1b21:1806] type 01 class 0x060400
Dec 20 21:10:57 gentoo kernel: pci 0001:01:00.0: PME# supported from D0 D3hot D3cold
Dec 20 21:10:57 gentoo kernel: pci 0001:01:00.0: 8.000 Gb/s available PCIe bandwidth, limited by 5.0 GT/s PCIe x2 link at 0001:00:00.0 (capable of 63.008 Gb/s with 8.0 GT/s PCIe x8 link)
Dec 20 21:10:57 gentoo kernel: pci 0001:00:00.0: PCI bridge to [bus 01-06]
Dec 20 21:10:57 gentoo kernel: pci 0001:02:00.0: [1b21:1806] type 01 class 0x060400
Dec 20 21:10:57 gentoo kernel: pci 0001:02:00.0: PME# supported from D0 D3hot D3cold
Dec 20 21:10:57 gentoo kernel: pci 0001:02:02.0: [1b21:1806] type 01 class 0x060400
Dec 20 21:10:57 gentoo kernel: pci 0001:02:02.0: PME# supported from D0 D3hot D3cold
Dec 20 21:10:57 gentoo kernel: pci 0001:02:06.0: [1b21:1806] type 01 class 0x060400
Dec 20 21:10:57 gentoo kernel: pci 0001:02:06.0: PME# supported from D0 D3hot D3cold
Dec 20 21:10:57 gentoo kernel: pci 0001:02:0e.0: [1b21:1806] type 01 class 0x060400
Dec 20 21:10:57 gentoo kernel: pci 0001:02:0e.0: PME# supported from D0 D3hot D3cold
Dec 20 21:10:57 gentoo kernel: pci 0001:01:00.0: PCI bridge to [bus 02-06]
Dec 20 21:10:57 gentoo kernel: pci 0001:03:00.0: [1912:0015] type 00 class 0x0c0330
Dec 20 21:10:57 gentoo kernel: pci 0001:03:00.0: reg 0x10: [mem 0x600c080000000-0x600c080001fff 64bit]
Dec 20 21:10:57 gentoo kernel: pci 0001:03:00.0: PME# supported from D0 D3hot D3cold
Dec 20 21:10:57 gentoo kernel: pci 0001:02:00.0: PCI bridge to [bus 03]
Dec 20 21:10:57 gentoo kernel: pci 0001:04:00.0: [1912:0015] type 00 class 0x0c0330
Dec 20 21:10:57 gentoo kernel: pci 0001:04:00.0: reg 0x10: [mem 0x600c080800000-0x600c080801fff 64bit]
Dec 20 21:10:57 gentoo kernel: pci 0001:04:00.0: PME# supported from D0 D3hot D3cold
Dec 20 21:10:57 gentoo kernel: pci 0001:02:02.0: PCI bridge to [bus 04]
Dec 20 21:10:57 gentoo kernel: pci 0001:05:00.0: [1912:0015] type 00 class 0x0c0330
Dec 20 21:10:57 gentoo kernel: pci 0001:05:00.0: reg 0x10: [mem 0x600c081000000-0x600c081001fff 64bit]
Dec 20 21:10:57 gentoo kernel: pci 0001:05:00.0: PME# supported from D0 D3hot D3cold
Dec 20 21:10:57 gentoo kernel: pci 0001:02:06.0: PCI bridge to [bus 05]
Dec 20 21:10:57 gentoo kernel: pci 0001:06:00.0: [1912:0015] type 00 class 0x0c0330
Dec 20 21:10:57 gentoo kernel: pci 0001:06:00.0: reg 0x10: [mem 0x600c081800000-0x600c081801fff 64bit]
Dec 20 21:10:57 gentoo kernel: pci 0001:06:00.0: PME# supported from D0 D3hot D3cold
Dec 20 21:10:57 gentoo kernel: pci 0001:02:0e.0: PCI bridge to [bus 06]
Dec 20 21:10:57 gentoo kernel: pci_bus 0001:00: busn_res: [bus 00-ff] end is updated to 06
Dec 20 21:10:57 gentoo kernel: PCI host bridge to bus 0002:00
Dec 20 21:10:57 gentoo kernel: pci_bus 0002:00: root bus resource [mem 0x600c100000000-0x600c17ffeffff] (bus address [0x80000000-0xfffeffff])
Dec 20 21:10:57 gentoo kernel: pci_bus 0002:00: root bus resource [mem 0x6008000000000-0x600bf7fffffff 64bit pref]
Dec 20 21:10:57 gentoo kernel: pci_bus 0002:00: root bus resource [bus 00-ff]
Dec 20 21:10:57 gentoo kernel: pci_bus 0002:00: busn_res: [bus 00-ff] end is updated to ff
Dec 20 21:10:57 gentoo kernel: pci 0002:00:00.0: [1014:04c1] type 01 class 0x060400
Dec 20 21:10:57 gentoo kernel: pci 0002:00:00.0: PME# supported from D0 D3hot D3cold
Dec 20 21:10:57 gentoo kernel: pci 0002:01:00.0: [9005:028d] type 00 class 0x010700
Dec 20 21:10:57 gentoo kernel: pci 0002:01:00.0: reg 0x10: [mem 0x600c100000000-0x600c1000fffff 64bit]
Dec 20 21:10:57 gentoo kernel: pci 0002:01:00.0: reg 0x18: [mem 0x600c100180000-0x600c1001803ff 64bit]
Dec 20 21:10:57 gentoo kernel: pci 0002:01:00.0: reg 0x20: [io  0x0000-0x00ff]
Dec 20 21:10:57 gentoo kernel: pci 0002:01:00.0: reg 0x30: [mem 0x00000000-0x0007ffff pref]
Dec 20 21:10:57 gentoo kernel: pci 0002:01:00.0: BAR2 [mem size 0x00000400 64bit]: requesting alignment to 0x1000
Dec 20 21:10:57 gentoo kernel: pci 0002:01:00.0: PME# supported from D0 D1 D3hot
Dec 20 21:10:57 gentoo kernel: pci 0002:01:00.0: 32.000 Gb/s available PCIe bandwidth, limited by 5.0 GT/s PCIe x8 link at 0002:00:00.0 (capable of 63.008 Gb/s with 8.0 GT/s PCIe x8 link)
Dec 20 21:10:57 gentoo kernel: pci 0002:00:00.0: PCI bridge to [bus 01]
Dec 20 21:10:57 gentoo kernel: pci_bus 0002:00: busn_res: [bus 00-ff] end is updated to 01
Dec 20 21:10:57 gentoo kernel: PCI host bridge to bus 0003:00
Dec 20 21:10:57 gentoo kernel: pci_bus 0003:00: root bus resource [mem 0x600c180000000-0x600c1fffeffff] (bus address [0x80000000-0xfffeffff])
Dec 20 21:10:57 gentoo kernel: pci_bus 0003:00: root bus resource [mem 0x6020000000000-0x6023fbfffffff 64bit pref]
Dec 20 21:10:57 gentoo kernel: pci_bus 0003:00: root bus resource [bus 00-ff]
Dec 20 21:10:57 gentoo kernel: pci_bus 0003:00: busn_res: [bus 00-ff] end is updated to ff
Dec 20 21:10:57 gentoo kernel: pci 0003:00:00.0: [1014:04c1] type 01 class 0x060400
Dec 20 21:10:57 gentoo kernel: pci 0003:00:00.0: PME# supported from D0 D3hot D3cold
Dec 20 21:10:57 gentoo kernel: pci 0003:01:00.0: [104c:8241] type 00 class 0x0c0330
Dec 20 21:10:57 gentoo kernel: pci 0003:01:00.0: reg 0x10: [mem 0x600c180000000-0x600c18000ffff 64bit]
Dec 20 21:10:57 gentoo kernel: pci 0003:01:00.0: reg 0x18: [mem 0x600c180010000-0x600c180011fff 64bit]
Dec 20 21:10:57 gentoo kernel: pci 0003:01:00.0: supports D1 D2
Dec 20 21:10:57 gentoo kernel: pci 0003:01:00.0: PME# supported from D0 D1 D2 D3hot
Dec 20 21:10:57 gentoo kernel: pci 0003:00:00.0: PCI bridge to [bus 01]
Dec 20 21:10:57 gentoo kernel: pci_bus 0003:00: busn_res: [bus 00-ff] end is updated to 01
Dec 20 21:10:57 gentoo kernel: PCI host bridge to bus 0004:00
Dec 20 21:10:57 gentoo kernel: pci_bus 0004:00: root bus resource [mem 0x600c200000000-0x600c27ffeffff] (bus address [0x80000000-0xfffeffff])
Dec 20 21:10:57 gentoo kernel: pci_bus 0004:00: root bus resource [mem 0x6024000000000-0x6027f7fffffff 64bit pref]
Dec 20 21:10:57 gentoo kernel: pci_bus 0004:00: root bus resource [bus 00-ff]
Dec 20 21:10:57 gentoo kernel: pci_bus 0004:00: busn_res: [bus 00-ff] end is updated to ff
Dec 20 21:10:57 gentoo kernel: pci 0004:00:00.0: [1014:04c1] type 01 class 0x060400
Dec 20 21:10:57 gentoo kernel: pci 0004:00:00.0: PME# supported from D0 D3hot D3cold
Dec 20 21:10:57 gentoo kernel: pci 0004:01:00.0: [14e4:1657] type 00 class 0x020000
Dec 20 21:10:57 gentoo kernel: pci 0004:01:00.0: reg 0x10: [mem 0x6024000000000-0x602400000ffff 64bit pref]
Dec 20 21:10:57 gentoo kernel: pci 0004:01:00.0: reg 0x18: [mem 0x6024000010000-0x602400001ffff 64bit pref]
Dec 20 21:10:57 gentoo kernel: pci 0004:01:00.0: reg 0x20: [mem 0x6024000020000-0x602400002ffff 64bit pref]
Dec 20 21:10:57 gentoo kernel: pci 0004:01:00.0: reg 0x30: [mem 0x00000000-0x000007ff pref]
Dec 20 21:10:57 gentoo kernel: pci 0004:01:00.0: BAR6 [mem size 0x00000800 pref]: requesting alignment to 0x1000
Dec 20 21:10:57 gentoo kernel: pci 0004:01:00.0: PME# supported from D0 D3hot D3cold
Dec 20 21:10:57 gentoo kernel: pci 0004:01:00.1: [14e4:1657] type 00 class 0x020000
Dec 20 21:10:57 gentoo kernel: pci 0004:01:00.1: reg 0x10: [mem 0x6024000030000-0x602400003ffff 64bit pref]
Dec 20 21:10:57 gentoo kernel: pci 0004:01:00.1: reg 0x18: [mem 0x6024000040000-0x602400004ffff 64bit pref]
Dec 20 21:10:57 gentoo kernel: pci 0004:01:00.1: reg 0x20: [mem 0x6024000050000-0x602400005ffff 64bit pref]
Dec 20 21:10:57 gentoo kernel: pci 0004:01:00.1: reg 0x30: [mem 0x00000000-0x000007ff pref]
Dec 20 21:10:57 gentoo kernel: pci 0004:01:00.1: BAR6 [mem size 0x00000800 pref]: requesting alignment to 0x1000
Dec 20 21:10:57 gentoo kernel: pci 0004:01:00.1: PME# supported from D0 D3hot D3cold
Dec 20 21:10:57 gentoo kernel: pci 0004:00:00.0: PCI bridge to [bus 01]
Dec 20 21:10:57 gentoo kernel: pci_bus 0004:00: busn_res: [bus 00-ff] end is updated to 01
Dec 20 21:10:57 gentoo kernel: PCI host bridge to bus 0005:00
Dec 20 21:10:57 gentoo kernel: pci_bus 0005:00: root bus resource [mem 0x600c280000000-0x600c2fffeffff] (bus address [0x80000000-0xfffeffff])
Dec 20 21:10:57 gentoo kernel: pci_bus 0005:00: root bus resource [mem 0x6028000000000-0x602bf7fffffff 64bit pref]
Dec 20 21:10:57 gentoo kernel: pci_bus 0005:00: root bus resource [bus 00-ff]
Dec 20 21:10:57 gentoo kernel: pci_bus 0005:00: busn_res: [bus 00-ff] end is updated to ff
Dec 20 21:10:57 gentoo kernel: pci 0005:00:00.0: [1014:04c1] type 01 class 0x060400
Dec 20 21:10:57 gentoo kernel: pci 0005:00:00.0: PME# supported from D0 D3hot D3cold
Dec 20 21:10:57 gentoo kernel: pci 0005:01:00.0: [1a03:1150] type 01 class 0x060400
Dec 20 21:10:57 gentoo kernel: pci 0005:01:00.0: supports D1 D2
Dec 20 21:10:57 gentoo kernel: pci 0005:01:00.0: PME# supported from D0 D1 D2 D3hot D3cold
Dec 20 21:10:57 gentoo kernel: pci 0005:00:00.0: PCI bridge to [bus 01-02]
Dec 20 21:10:57 gentoo kernel: pci_bus 0005:02: extended config space not accessible
Dec 20 21:10:57 gentoo kernel: pci 0005:02:00.0: [1a03:2000] type 00 class 0x040000
Dec 20 21:10:57 gentoo kernel: pci 0005:02:00.0: reg 0x10: [mem 0x600c280000000-0x600c280ffffff]
Dec 20 21:10:57 gentoo kernel: pci 0005:02:00.0: reg 0x14: [mem 0x600c281000000-0x600c28101ffff]
Dec 20 21:10:57 gentoo kernel: pci 0005:02:00.0: reg 0x18: [io  0x0000-0x007f]
Dec 20 21:10:57 gentoo kernel: pci 0005:02:00.0: supports D1 D2
Dec 20 21:10:57 gentoo kernel: pci 0005:02:00.0: PME# supported from D0 D1 D2 D3hot D3cold
Dec 20 21:10:57 gentoo kernel: pci 0005:01:00.0: PCI bridge to [bus 02]
Dec 20 21:10:57 gentoo kernel: pci_bus 0005:00: busn_res: [bus 00-ff] end is updated to 02
Dec 20 21:10:57 gentoo kernel: PCI host bridge to bus 0030:00
Dec 20 21:10:57 gentoo kernel: pci_bus 0030:00: root bus resource [mem 0x620c000000000-0x620c07ffeffff] (bus address [0x80000000-0xfffeffff])
Dec 20 21:10:57 gentoo kernel: pci_bus 0030:00: root bus resource [mem 0x6200000000000-0x6203fbfffffff 64bit pref]
Dec 20 21:10:57 gentoo kernel: pci_bus 0030:00: root bus resource [bus 00-ff]
Dec 20 21:10:57 gentoo kernel: pci_bus 0030:00: busn_res: [bus 00-ff] end is updated to ff
Dec 20 21:10:57 gentoo kernel: pci 0030:00:00.0: [1014:04c1] type 01 class 0x060400
Dec 20 21:10:57 gentoo kernel: pci 0030:00:00.0: PME# supported from D0 D3hot D3cold
Dec 20 21:10:57 gentoo kernel: pci 0030:01:00.0: [10b5:8747] type 01 class 0x060400
Dec 20 21:10:57 gentoo kernel: pci 0030:01:00.0: reg 0x10: [mem 0x620c001000000-0x620c00103ffff]
Dec 20 21:10:57 gentoo kernel: pci 0030:01:00.0: PME# supported from D0 D3hot D3cold
Dec 20 21:10:57 gentoo kernel: pci 0030:00:00.0: PCI bridge to [bus 01-06]
Dec 20 21:10:57 gentoo kernel: pci 0030:02:08.0: [10b5:8747] type 01 class 0x060400
Dec 20 21:10:57 gentoo kernel: pci 0030:02:08.0: PME# supported from D0 D3hot D3cold
Dec 20 21:10:57 gentoo kernel: pci 0030:02:09.0: [10b5:8747] type 01 class 0x060400
Dec 20 21:10:57 gentoo kernel: pci 0030:02:09.0: PME# supported from D0 D3hot D3cold
Dec 20 21:10:57 gentoo kernel: pci 0030:02:10.0: [10b5:8747] type 01 class 0x060400
Dec 20 21:10:57 gentoo kernel: pci 0030:02:10.0: PME# supported from D0 D3hot D3cold
Dec 20 21:10:57 gentoo kernel: pci 0030:02:11.0: [10b5:8747] type 01 class 0x060400
Dec 20 21:10:57 gentoo kernel: pci 0030:02:11.0: PME# supported from D0 D3hot D3cold
Dec 20 21:10:57 gentoo kernel: pci 0030:01:00.0: PCI bridge to [bus 02-06]
Dec 20 21:10:57 gentoo kernel: pci 0030:03:00.0: [8086:2700] type 00 class 0x010802
Dec 20 21:10:57 gentoo kernel: pci 0030:03:00.0: reg 0x10: [mem 0x620c000000000-0x620c000003fff 64bit]
Dec 20 21:10:57 gentoo kernel: pci 0030:03:00.0: reg 0x30: [mem 0x00000000-0x0000ffff pref]
Dec 20 21:10:57 gentoo kernel: pci 0030:02:08.0: PCI bridge to [bus 03]
Dec 20 21:10:57 gentoo kernel: pci 0030:04:00.0: [8086:2700] type 00 class 0x010802
Dec 20 21:10:57 gentoo kernel: pci 0030:04:00.0: reg 0x10: [mem 0x620c000400000-0x620c000403fff 64bit]
Dec 20 21:10:57 gentoo kernel: pci 0030:04:00.0: reg 0x30: [mem 0x00000000-0x0000ffff pref]
Dec 20 21:10:57 gentoo kernel: pci 0030:02:09.0: PCI bridge to [bus 04]
Dec 20 21:10:57 gentoo kernel: pci 0030:05:00.0: [8086:2700] type 00 class 0x010802
Dec 20 21:10:57 gentoo kernel: pci 0030:05:00.0: reg 0x10: [mem 0x620c000800000-0x620c000803fff 64bit]
Dec 20 21:10:57 gentoo kernel: pci 0030:05:00.0: reg 0x30: [mem 0x00000000-0x0000ffff pref]
Dec 20 21:10:57 gentoo kernel: pci 0030:02:10.0: PCI bridge to [bus 05]
Dec 20 21:10:57 gentoo kernel: pci 0030:06:00.0: [8086:2700] type 00 class 0x010802
Dec 20 21:10:57 gentoo kernel: pci 0030:06:00.0: reg 0x10: [mem 0x620c000c00000-0x620c000c03fff 64bit]
Dec 20 21:10:57 gentoo kernel: pci 0030:06:00.0: reg 0x30: [mem 0x00000000-0x0000ffff pref]
Dec 20 21:10:57 gentoo kernel: pci 0030:02:11.0: PCI bridge to [bus 06]
Dec 20 21:10:57 gentoo kernel: pci_bus 0030:00: busn_res: [bus 00-ff] end is updated to 06
Dec 20 21:10:57 gentoo kernel: PCI host bridge to bus 0031:00
Dec 20 21:10:57 gentoo kernel: pci_bus 0031:00: root bus resource [mem 0x620c080000000-0x620c0fffeffff] (bus address [0x80000000-0xfffeffff])
Dec 20 21:10:57 gentoo kernel: pci_bus 0031:00: root bus resource [mem 0x6204000000000-0x6207f7fffffff 64bit pref]
Dec 20 21:10:57 gentoo kernel: pci_bus 0031:00: root bus resource [bus 00-ff]
Dec 20 21:10:57 gentoo kernel: pci_bus 0031:00: busn_res: [bus 00-ff] end is updated to ff
Dec 20 21:10:57 gentoo kernel: pci 0031:00:00.0: [1014:04c1] type 01 class 0x060400
Dec 20 21:10:57 gentoo kernel: pci 0031:00:00.0: PME# supported from D0 D3hot D3cold
Dec 20 21:10:57 gentoo kernel: pci 0031:01:00.0: [1425:5007] type 00 class 0x020000
Dec 20 21:10:57 gentoo kernel: pci 0031:01:00.0: reg 0x10: [mem 0x620c081000000-0x620c08107ffff 64bit]
Dec 20 21:10:57 gentoo kernel: pci 0031:01:00.0: reg 0x18: [mem 0x620c081080000-0x620c0810fffff 64bit]
Dec 20 21:10:57 gentoo kernel: pci 0031:01:00.0: reg 0x20: [mem 0x620c081880000-0x620c081881fff 64bit]
Dec 20 21:10:57 gentoo kernel: pci 0031:01:00.0: reg 0x30: [mem 0x00000000-0x0007ffff pref]
Dec 20 21:10:57 gentoo kernel: pci 0031:01:00.0: reg 0x1e4: [mem 0x00000000-0x00000fff 64bit]
Dec 20 21:10:57 gentoo kernel: pci 0031:01:00.0: VF(n) BAR0 space: [mem 0x00000000-0x0000ffff 64bit] (contains BAR0 for 16 VFs)
Dec 20 21:10:57 gentoo kernel: pci 0031:01:00.0: reg 0x1ec: [mem 0x00000000-0x00007fff 64bit]
Dec 20 21:10:57 gentoo kernel: pci 0031:01:00.0: VF(n) BAR2 space: [mem 0x00000000-0x0007ffff 64bit] (contains BAR2 for 16 VFs)
Dec 20 21:10:57 gentoo kernel: pci 0031:01:00.0: reg 0x1f4: [mem 0x00001000-0x00002fff 64bit]
Dec 20 21:10:57 gentoo kernel: pci 0031:01:00.0: VF(n) BAR4 space: [mem 0x00001000-0x00020fff 64bit] (contains BAR4 for 16 VFs)
Dec 20 21:10:57 gentoo kernel: pci 0031:01:00.0: Don't support SR-IOV with non M64 VF BAR0: [mem 0x00000000-0x0000ffff 64bit]. 
Dec 20 21:10:57 gentoo kernel: pci 0031:01:00.1: [1425:5007] type 00 class 0x020000
Dec 20 21:10:57 gentoo kernel: pci 0031:01:00.1: reg 0x10: [mem 0x620c081180000-0x620c0811fffff 64bit]
Dec 20 21:10:57 gentoo kernel: pci 0031:01:00.1: reg 0x18: [mem 0x620c081200000-0x620c08127ffff 64bit]
Dec 20 21:10:57 gentoo kernel: pci 0031:01:00.1: reg 0x20: [mem 0x620c081890000-0x620c081891fff 64bit]
Dec 20 21:10:57 gentoo kernel: pci 0031:01:00.1: reg 0x30: [mem 0x00000000-0x0007ffff pref]
Dec 20 21:10:57 gentoo kernel: pci 0031:01:00.1: reg 0x1e4: [mem 0x00000000-0x00000fff 64bit]
Dec 20 21:10:57 gentoo kernel: pci 0031:01:00.1: VF(n) BAR0 space: [mem 0x00000000-0x0000ffff 64bit] (contains BAR0 for 16 VFs)
Dec 20 21:10:57 gentoo kernel: pci 0031:01:00.1: reg 0x1ec: [mem 0x00000000-0x00007fff 64bit]
Dec 20 21:10:57 gentoo kernel: pci 0031:01:00.1: VF(n) BAR2 space: [mem 0x00000000-0x0007ffff 64bit] (contains BAR2 for 16 VFs)
Dec 20 21:10:57 gentoo kernel: pci 0031:01:00.1: reg 0x1f4: [mem 0x00001000-0x00002fff 64bit]
Dec 20 21:10:57 gentoo kernel: pci 0031:01:00.1: VF(n) BAR4 space: [mem 0x00001000-0x00020fff 64bit] (contains BAR4 for 16 VFs)
Dec 20 21:10:57 gentoo kernel: pci 0031:01:00.1: Don't support SR-IOV with non M64 VF BAR0: [mem 0x00000000-0x0000ffff 64bit]. 
Dec 20 21:10:57 gentoo kernel: pci 0031:01:00.2: [1425:5007] type 00 class 0x020000
Dec 20 21:10:57 gentoo kernel: pci 0031:01:00.2: reg 0x10: [mem 0x620c081300000-0x620c08137ffff 64bit]
Dec 20 21:10:57 gentoo kernel: pci 0031:01:00.2: reg 0x18: [mem 0x620c081380000-0x620c0813fffff 64bit]
Dec 20 21:10:57 gentoo kernel: pci 0031:01:00.2: reg 0x20: [mem 0x620c0818a0000-0x620c0818a1fff 64bit]
Dec 20 21:10:57 gentoo kernel: pci 0031:01:00.2: reg 0x1e4: [mem 0x00000000-0x00000fff 64bit]
Dec 20 21:10:57 gentoo kernel: pci 0031:01:00.2: VF(n) BAR0 space: [mem 0x00000000-0x0000ffff 64bit] (contains BAR0 for 16 VFs)
Dec 20 21:10:57 gentoo kernel: pci 0031:01:00.2: reg 0x1ec: [mem 0x00000000-0x00007fff 64bit]
Dec 20 21:10:57 gentoo kernel: pci 0031:01:00.2: VF(n) BAR2 space: [mem 0x00000000-0x0007ffff 64bit] (contains BAR2 for 16 VFs)
Dec 20 21:10:57 gentoo kernel: pci 0031:01:00.2: reg 0x1f4: [mem 0x00001000-0x00002fff 64bit]
Dec 20 21:10:57 gentoo kernel: pci 0031:01:00.2: VF(n) BAR4 space: [mem 0x00001000-0x00020fff 64bit] (contains BAR4 for 16 VFs)
Dec 20 21:10:57 gentoo kernel: pci 0031:01:00.2: Don't support SR-IOV with non M64 VF BAR0: [mem 0x00000000-0x0000ffff 64bit]. 
Dec 20 21:10:57 gentoo kernel: pci 0031:01:00.3: [1425:5007] type 00 class 0x020000
Dec 20 21:10:57 gentoo kernel: pci 0031:01:00.3: reg 0x10: [mem 0x620c081400000-0x620c08147ffff 64bit]
Dec 20 21:10:57 gentoo kernel: pci 0031:01:00.3: reg 0x18: [mem 0x620c081480000-0x620c0814fffff 64bit]
Dec 20 21:10:57 gentoo kernel: pci 0031:01:00.3: reg 0x20: [mem 0x620c0818b0000-0x620c0818b1fff 64bit]
Dec 20 21:10:57 gentoo kernel: pci 0031:01:00.3: reg 0x1e4: [mem 0x00000000-0x00000fff 64bit]
Dec 20 21:10:57 gentoo kernel: pci 0031:01:00.3: VF(n) BAR0 space: [mem 0x00000000-0x0000ffff 64bit] (contains BAR0 for 16 VFs)
Dec 20 21:10:57 gentoo kernel: pci 0031:01:00.3: reg 0x1ec: [mem 0x00000000-0x00007fff 64bit]
Dec 20 21:10:57 gentoo kernel: pci 0031:01:00.3: VF(n) BAR2 space: [mem 0x00000000-0x0007ffff 64bit] (contains BAR2 for 16 VFs)
Dec 20 21:10:57 gentoo kernel: pci 0031:01:00.3: reg 0x1f4: [mem 0x00001000-0x00002fff 64bit]
Dec 20 21:10:57 gentoo kernel: pci 0031:01:00.3: VF(n) BAR4 space: [mem 0x00001000-0x00020fff 64bit] (contains BAR4 for 16 VFs)
Dec 20 21:10:57 gentoo kernel: pci 0031:01:00.3: Don't support SR-IOV with non M64 VF BAR0: [mem 0x00000000-0x0000ffff 64bit]. 
Dec 20 21:10:57 gentoo kernel: pci 0031:01:00.4: [1425:5407] type 00 class 0x020000
Dec 20 21:10:57 gentoo kernel: pci 0031:01:00.4: reg 0x10: [mem 0x620c081500000-0x620c08157ffff 64bit]
Dec 20 21:10:57 gentoo kernel: pci 0031:01:00.4: reg 0x18: [mem 0x620c080000000-0x620c080ffffff 64bit]
Dec 20 21:10:57 gentoo kernel: pci 0031:01:00.4: reg 0x20: [mem 0x620c0818c0000-0x620c0818c1fff 64bit]
Dec 20 21:10:57 gentoo kernel: pci 0031:00:00.0: Disabling No Snoop/Relaxed Ordering Attributes to avoid PCIe Completion erratum in 0031:01:00.4
Dec 20 21:10:57 gentoo kernel: pci 0031:01:00.5: [1425:5507] type 00 class 0x010000
Dec 20 21:10:57 gentoo kernel: pci 0031:01:00.5: reg 0x10: [mem 0x620c081580000-0x620c0815fffff 64bit]
Dec 20 21:10:57 gentoo kernel: pci 0031:01:00.5: reg 0x18: [mem 0x620c081600000-0x620c08167ffff 64bit]
Dec 20 21:10:57 gentoo kernel: pci 0031:01:00.5: reg 0x20: [mem 0x620c0818d0000-0x620c0818d1fff 64bit]
Dec 20 21:10:57 gentoo kernel: pci 0031:01:00.5: reg 0x30: [mem 0x00000000-0x0007ffff pref]
Dec 20 21:10:57 gentoo kernel: pci 0031:01:00.6: [1425:5607] type 00 class 0x0c0400
Dec 20 21:10:57 gentoo kernel: pci 0031:01:00.6: reg 0x10: [mem 0x620c081700000-0x620c08177ffff 64bit]
Dec 20 21:10:57 gentoo kernel: pci 0031:01:00.6: reg 0x18: [mem 0x620c081780000-0x620c0817fffff 64bit]
Dec 20 21:10:57 gentoo kernel: pci 0031:01:00.6: reg 0x20: [mem 0x620c0818e0000-0x620c0818e1fff 64bit]
Dec 20 21:10:57 gentoo kernel: pci 0031:01:00.6: reg 0x30: [mem 0x00000000-0x0007ffff pref]
Dec 20 21:10:57 gentoo kernel: pci 0031:00:00.0: PCI bridge to [bus 01]
Dec 20 21:10:57 gentoo kernel: pci_bus 0031:00: busn_res: [bus 00-ff] end is updated to 01
Dec 20 21:10:57 gentoo kernel: PCI host bridge to bus 0032:00
Dec 20 21:10:57 gentoo kernel: pci_bus 0032:00: root bus resource [mem 0x620c100000000-0x620c17ffeffff] (bus address [0x80000000-0xfffeffff])
Dec 20 21:10:57 gentoo kernel: pci_bus 0032:00: root bus resource [mem 0x6208000000000-0x620bf7fffffff 64bit pref]
Dec 20 21:10:57 gentoo kernel: pci_bus 0032:00: root bus resource [bus 00-ff]
Dec 20 21:10:57 gentoo kernel: pci_bus 0032:00: busn_res: [bus 00-ff] end is updated to ff
Dec 20 21:10:57 gentoo kernel: pci 0032:00:00.0: [1014:04c1] type 01 class 0x060400
Dec 20 21:10:57 gentoo kernel: pci 0032:00:00.0: PME# supported from D0 D3hot D3cold
Dec 20 21:10:57 gentoo kernel: pci 0032:00:00.0: PCI bridge to [bus 01]
Dec 20 21:10:57 gentoo kernel: pci_bus 0032:00: busn_res: [bus 00-ff] end is updated to 01
Dec 20 21:10:57 gentoo kernel: PCI host bridge to bus 0033:00
Dec 20 21:10:57 gentoo kernel: pci_bus 0033:00: root bus resource [mem 0x620c180000000-0x620c1fffeffff] (bus address [0x80000000-0xfffeffff])
Dec 20 21:10:57 gentoo kernel: pci_bus 0033:00: root bus resource [mem 0x6220000000000-0x6223fbfffffff 64bit pref]
Dec 20 21:10:57 gentoo kernel: pci_bus 0033:00: root bus resource [bus 00-ff]
Dec 20 21:10:57 gentoo kernel: pci_bus 0033:00: busn_res: [bus 00-ff] end is updated to ff
Dec 20 21:10:57 gentoo kernel: pci 0033:00:00.0: [1014:04c1] type 01 class 0x060400
Dec 20 21:10:57 gentoo kernel: pci 0033:00:00.0: PME# supported from D0 D3hot D3cold
Dec 20 21:10:57 gentoo kernel: pci 0033:00:00.0: PCI bridge to [bus 01-ff]
Dec 20 21:10:57 gentoo kernel: pci_bus 0033:00: busn_res: [bus 00-ff] end is updated to ff
Dec 20 21:10:57 gentoo kernel: pci_bus 0000:00: max bus depth: 3 pci_try_num: 4
Dec 20 21:10:57 gentoo kernel: pci 0000:00:00.0: BAR 15: assigned [mem 0x6000000000000-0x600001fffffff 64bit pref]
Dec 20 21:10:57 gentoo kernel: pci 0000:00:00.0: BAR 14: assigned [mem 0x600c000000000-0x600c0007fffff]
Dec 20 21:10:57 gentoo kernel: pci 0000:00:00.0: BAR 13: no space for [io  size 0x1000]
Dec 20 21:10:57 gentoo kernel: pci 0000:00:00.0: BAR 13: failed to assign [io  size 0x1000]
Dec 20 21:10:57 gentoo kernel: pci 0000:01:00.0: BAR 15: assigned [mem 0x6000000000000-0x600001fffffff 64bit pref]
Dec 20 21:10:57 gentoo kernel: pci 0000:01:00.0: BAR 14: assigned [mem 0x600c000000000-0x600c0003fffff]
Dec 20 21:10:57 gentoo kernel: pci 0000:01:00.0: BAR 0: assigned [mem 0x600c000400000-0x600c000403fff]
Dec 20 21:10:57 gentoo kernel: pci 0000:01:00.0: BAR 13: no space for [io  size 0x1000]
Dec 20 21:10:57 gentoo kernel: pci 0000:01:00.0: BAR 13: failed to assign [io  size 0x1000]
Dec 20 21:10:57 gentoo kernel: pci 0000:02:00.0: BAR 15: assigned [mem 0x6000000000000-0x600001fffffff 64bit pref]
Dec 20 21:10:57 gentoo kernel: pci 0000:02:00.0: BAR 14: assigned [mem 0x600c000000000-0x600c0003fffff]
Dec 20 21:10:57 gentoo kernel: pci 0000:02:00.0: BAR 13: no space for [io  size 0x1000]
Dec 20 21:10:57 gentoo kernel: pci 0000:02:00.0: BAR 13: failed to assign [io  size 0x1000]
Dec 20 21:10:57 gentoo kernel: pci 0000:03:00.0: BAR 0: assigned [mem 0x6000000000000-0x600000fffffff 64bit pref]
Dec 20 21:10:57 gentoo kernel: pci 0000:03:00.0: BAR 2: assigned [mem 0x6000010000000-0x60000101fffff 64bit pref]
Dec 20 21:10:57 gentoo kernel: pci 0000:03:00.0: BAR 5: assigned [mem 0x600c000000000-0x600c00007ffff]
Dec 20 21:10:57 gentoo kernel: pci 0000:03:00.0: BAR 6: assigned [mem 0x600c000080000-0x600c00009ffff pref]
Dec 20 21:10:57 gentoo kernel: pci 0000:03:00.1: BAR 0: assigned [mem 0x600c0000a0000-0x600c0000a3fff]
Dec 20 21:10:57 gentoo kernel: pci 0000:03:00.0: BAR 4: no space for [io  size 0x0100]
Dec 20 21:10:57 gentoo kernel: pci 0000:03:00.0: BAR 4: failed to assign [io  size 0x0100]
Dec 20 21:10:57 gentoo kernel: pci 0000:02:00.0: PCI bridge to [bus 03]
Dec 20 21:10:57 gentoo kernel: pci 0000:02:00.0:   bridge window [mem 0x600c000000000-0x600c0003fffff]
Dec 20 21:10:57 gentoo kernel: pci 0000:02:00.0:   bridge window [mem 0x6000000000000-0x600001fffffff 64bit pref]
Dec 20 21:10:57 gentoo kernel: pci 0000:01:00.0: PCI bridge to [bus 02-03]
Dec 20 21:10:57 gentoo kernel: pci 0000:01:00.0:   bridge window [mem 0x600c000000000-0x600c07fefffff]
Dec 20 21:10:57 gentoo kernel: pci 0000:01:00.0:   bridge window [mem 0x6000000000000-0x6003fbff0ffff 64bit pref]
Dec 20 21:10:57 gentoo kernel: pci 0000:00:00.0: PCI bridge to [bus 01-03]
Dec 20 21:10:57 gentoo kernel: pci 0000:00:00.0:   bridge window [mem 0x600c000000000-0x600c07fefffff]
Dec 20 21:10:57 gentoo kernel: pci 0000:00:00.0:   bridge window [mem 0x6000000000000-0x6003fbff0ffff 64bit pref]
Dec 20 21:10:57 gentoo kernel: pci_bus 0000:00: No. 2 try to assign unassigned res
Dec 20 21:10:57 gentoo kernel: pci 0000:00:00.0: BAR 13: no space for [io  size 0x1000]
Dec 20 21:10:57 gentoo kernel: pci 0000:00:00.0: BAR 13: failed to assign [io  size 0x1000]
Dec 20 21:10:57 gentoo kernel: pci 0000:01:00.0: BAR 13: no space for [io  size 0x1000]
Dec 20 21:10:57 gentoo kernel: pci 0000:01:00.0: BAR 13: failed to assign [io  size 0x1000]
Dec 20 21:10:57 gentoo kernel: pci 0000:02:00.0: BAR 13: no space for [io  size 0x1000]
Dec 20 21:10:57 gentoo kernel: pci 0000:02:00.0: BAR 13: failed to assign [io  size 0x1000]
Dec 20 21:10:57 gentoo kernel: pci 0000:03:00.0: BAR 4: no space for [io  size 0x0100]
Dec 20 21:10:57 gentoo kernel: pci 0000:03:00.0: BAR 4: failed to assign [io  size 0x0100]
Dec 20 21:10:57 gentoo kernel: pci 0000:02:00.0: PCI bridge to [bus 03]
Dec 20 21:10:57 gentoo kernel: pci 0000:02:00.0:   bridge window [mem 0x600c000000000-0x600c0003fffff]
Dec 20 21:10:57 gentoo kernel: pci 0000:02:00.0:   bridge window [mem 0x6000000000000-0x600001fffffff 64bit pref]
Dec 20 21:10:57 gentoo kernel: pci 0000:01:00.0: PCI bridge to [bus 02-03]
Dec 20 21:10:57 gentoo kernel: pci 0000:01:00.0:   bridge window [mem 0x600c000000000-0x600c07fefffff]
Dec 20 21:10:57 gentoo kernel: pci 0000:01:00.0:   bridge window [mem 0x6000000000000-0x6003fbff0ffff 64bit pref]
Dec 20 21:10:57 gentoo kernel: pci 0000:00:00.0: PCI bridge to [bus 01-03]
Dec 20 21:10:57 gentoo kernel: pci 0000:00:00.0:   bridge window [mem 0x600c000000000-0x600c07fefffff]
Dec 20 21:10:57 gentoo kernel: pci 0000:00:00.0:   bridge window [mem 0x6000000000000-0x6003fbff0ffff 64bit pref]
Dec 20 21:10:57 gentoo kernel: pci_bus 0000:00: No. 3 try to assign unassigned res
Dec 20 21:10:57 gentoo kernel: pci 0000:00:00.0: BAR 13: no space for [io  size 0x1000]
Dec 20 21:10:57 gentoo kernel: pci 0000:00:00.0: BAR 13: failed to assign [io  size 0x1000]
Dec 20 21:10:57 gentoo kernel: pci 0000:01:00.0: BAR 13: no space for [io  size 0x1000]
Dec 20 21:10:57 gentoo kernel: pci 0000:01:00.0: BAR 13: failed to assign [io  size 0x1000]
Dec 20 21:10:57 gentoo kernel: pci 0000:02:00.0: BAR 13: no space for [io  size 0x1000]
Dec 20 21:10:57 gentoo kernel: pci 0000:02:00.0: BAR 13: failed to assign [io  size 0x1000]
Dec 20 21:10:57 gentoo kernel: pci 0000:03:00.0: BAR 4: no space for [io  size 0x0100]
Dec 20 21:10:57 gentoo kernel: pci 0000:03:00.0: BAR 4: failed to assign [io  size 0x0100]
Dec 20 21:10:57 gentoo kernel: pci 0000:02:00.0: PCI bridge to [bus 03]
Dec 20 21:10:57 gentoo kernel: pci 0000:02:00.0:   bridge window [mem 0x600c000000000-0x600c0003fffff]
Dec 20 21:10:57 gentoo kernel: pci 0000:02:00.0:   bridge window [mem 0x6000000000000-0x600001fffffff 64bit pref]
Dec 20 21:10:57 gentoo kernel: pci 0000:01:00.0: PCI bridge to [bus 02-03]
Dec 20 21:10:57 gentoo kernel: pci 0000:01:00.0:   bridge window [mem 0x600c000000000-0x600c07fefffff]
Dec 20 21:10:57 gentoo kernel: pci 0000:01:00.0:   bridge window [mem 0x6000000000000-0x6003fbff0ffff 64bit pref]
Dec 20 21:10:57 gentoo kernel: pci 0000:00:00.0: PCI bridge to [bus 01-03]
Dec 20 21:10:57 gentoo kernel: pci 0000:00:00.0:   bridge window [mem 0x600c000000000-0x600c07fefffff]
Dec 20 21:10:57 gentoo kernel: pci 0000:00:00.0:   bridge window [mem 0x6000000000000-0x6003fbff0ffff 64bit pref]
Dec 20 21:10:57 gentoo kernel: pci_bus 0000:00: No. 4 try to assign unassigned res
Dec 20 21:10:57 gentoo kernel: pci 0000:00:00.0: BAR 13: no space for [io  size 0x1000]
Dec 20 21:10:57 gentoo kernel: pci 0000:00:00.0: BAR 13: failed to assign [io  size 0x1000]
Dec 20 21:10:57 gentoo kernel: pci 0000:01:00.0: BAR 13: no space for [io  size 0x1000]
Dec 20 21:10:57 gentoo kernel: pci 0000:01:00.0: BAR 13: failed to assign [io  size 0x1000]
Dec 20 21:10:57 gentoo kernel: pci 0000:02:00.0: BAR 13: no space for [io  size 0x1000]
Dec 20 21:10:57 gentoo kernel: pci 0000:02:00.0: BAR 13: failed to assign [io  size 0x1000]
Dec 20 21:10:57 gentoo kernel: pci 0000:03:00.0: BAR 4: no space for [io  size 0x0100]
Dec 20 21:10:57 gentoo kernel: pci 0000:03:00.0: BAR 4: failed to assign [io  size 0x0100]
Dec 20 21:10:57 gentoo kernel: pci 0000:02:00.0: PCI bridge to [bus 03]
Dec 20 21:10:57 gentoo kernel: pci 0000:02:00.0:   bridge window [mem 0x600c000000000-0x600c0003fffff]
Dec 20 21:10:57 gentoo kernel: pci 0000:02:00.0:   bridge window [mem 0x6000000000000-0x600001fffffff 64bit pref]
Dec 20 21:10:57 gentoo kernel: pci 0000:01:00.0: PCI bridge to [bus 02-03]
Dec 20 21:10:57 gentoo kernel: pci 0000:01:00.0:   bridge window [mem 0x600c000000000-0x600c07fefffff]
Dec 20 21:10:57 gentoo kernel: pci 0000:01:00.0:   bridge window [mem 0x6000000000000-0x6003fbff0ffff 64bit pref]
Dec 20 21:10:57 gentoo kernel: pci 0000:00:00.0: PCI bridge to [bus 01-03]
Dec 20 21:10:57 gentoo kernel: pci 0000:00:00.0:   bridge window [mem 0x600c000000000-0x600c07fefffff]
Dec 20 21:10:57 gentoo kernel: pci 0000:00:00.0:   bridge window [mem 0x6000000000000-0x6003fbff0ffff 64bit pref]
Dec 20 21:10:57 gentoo kernel: pci_bus 0000:00: resource 4 [mem 0x600c000000000-0x600c07ffeffff]
Dec 20 21:10:57 gentoo kernel: pci_bus 0000:00: resource 5 [mem 0x6000000000000-0x6003fbfffffff 64bit pref]
Dec 20 21:10:57 gentoo kernel: pci_bus 0000:01: resource 1 [mem 0x600c000000000-0x600c07fefffff]
Dec 20 21:10:57 gentoo kernel: pci_bus 0000:01: resource 2 [mem 0x6000000000000-0x6003fbff0ffff 64bit pref]
Dec 20 21:10:57 gentoo kernel: pci_bus 0000:02: resource 1 [mem 0x600c000000000-0x600c07fefffff]
Dec 20 21:10:57 gentoo kernel: pci_bus 0000:02: resource 2 [mem 0x6000000000000-0x6003fbff0ffff 64bit pref]
Dec 20 21:10:57 gentoo kernel: pci_bus 0000:03: resource 1 [mem 0x600c000000000-0x600c0003fffff]
Dec 20 21:10:57 gentoo kernel: pci_bus 0000:03: resource 2 [mem 0x6000000000000-0x600001fffffff 64bit pref]
Dec 20 21:10:57 gentoo kernel: pci_bus 0001:00: max bus depth: 3 pci_try_num: 4
Dec 20 21:10:57 gentoo kernel: pci 0001:00:00.0: BAR 14: assigned [mem 0x600c080000000-0x600c081ffffff]
Dec 20 21:10:57 gentoo kernel: pci 0001:01:00.0: BAR 14: assigned [mem 0x600c080000000-0x600c081ffffff]
Dec 20 21:10:57 gentoo kernel: pci 0001:02:00.0: BAR 14: assigned [mem 0x600c080000000-0x600c0807fffff]
Dec 20 21:10:57 gentoo kernel: pci 0001:02:02.0: BAR 14: assigned [mem 0x600c080800000-0x600c080ffffff]
Dec 20 21:10:57 gentoo kernel: pci 0001:02:06.0: BAR 14: assigned [mem 0x600c081000000-0x600c0817fffff]
Dec 20 21:10:57 gentoo kernel: pci 0001:02:0e.0: BAR 14: assigned [mem 0x600c081800000-0x600c081ffffff]
Dec 20 21:10:57 gentoo kernel: pci 0001:03:00.0: BAR 0: assigned [mem 0x600c080000000-0x600c080001fff 64bit]
Dec 20 21:10:57 gentoo kernel: pci 0001:02:00.0: PCI bridge to [bus 03]
Dec 20 21:10:57 gentoo kernel: pci 0001:02:00.0:   bridge window [mem 0x600c080000000-0x600c0807fffff]
Dec 20 21:10:57 gentoo kernel: pci 0001:04:00.0: BAR 0: assigned [mem 0x600c080800000-0x600c080801fff 64bit]
Dec 20 21:10:57 gentoo kernel: pci 0001:02:02.0: PCI bridge to [bus 04]
Dec 20 21:10:57 gentoo kernel: pci 0001:02:02.0:   bridge window [mem 0x600c080800000-0x600c080ffffff]
Dec 20 21:10:57 gentoo kernel: pci 0001:05:00.0: BAR 0: assigned [mem 0x600c081000000-0x600c081001fff 64bit]
Dec 20 21:10:57 gentoo kernel: pci 0001:02:06.0: PCI bridge to [bus 05]
Dec 20 21:10:57 gentoo kernel: pci 0001:02:06.0:   bridge window [mem 0x600c081000000-0x600c0817fffff]
Dec 20 21:10:57 gentoo kernel: pci 0001:06:00.0: BAR 0: assigned [mem 0x600c081800000-0x600c081801fff 64bit]
Dec 20 21:10:57 gentoo kernel: pci 0001:02:0e.0: PCI bridge to [bus 06]
Dec 20 21:10:57 gentoo kernel: pci 0001:02:0e.0:   bridge window [mem 0x600c081800000-0x600c081ffffff]
Dec 20 21:10:57 gentoo kernel: pci 0001:01:00.0: PCI bridge to [bus 02-06]
Dec 20 21:10:57 gentoo kernel: pci 0001:01:00.0:   bridge window [mem 0x600c080000000-0x600c0ffefffff]
Dec 20 21:10:57 gentoo kernel: pci 0001:00:00.0: PCI bridge to [bus 01-06]
Dec 20 21:10:57 gentoo kernel: pci 0001:00:00.0:   bridge window [mem 0x600c080000000-0x600c0ffefffff]
Dec 20 21:10:57 gentoo kernel: pci_bus 0001:00: resource 4 [mem 0x600c080000000-0x600c0fffeffff]
Dec 20 21:10:57 gentoo kernel: pci_bus 0001:00: resource 5 [mem 0x6004000000000-0x6007f7fffffff 64bit pref]
Dec 20 21:10:57 gentoo kernel: pci_bus 0001:01: resource 1 [mem 0x600c080000000-0x600c0ffefffff]
Dec 20 21:10:57 gentoo kernel: pci_bus 0001:02: resource 1 [mem 0x600c080000000-0x600c0ffefffff]
Dec 20 21:10:57 gentoo kernel: pci_bus 0001:03: resource 1 [mem 0x600c080000000-0x600c0807fffff]
Dec 20 21:10:57 gentoo kernel: pci_bus 0001:04: resource 1 [mem 0x600c080800000-0x600c080ffffff]
Dec 20 21:10:57 gentoo kernel: pci_bus 0001:05: resource 1 [mem 0x600c081000000-0x600c0817fffff]
Dec 20 21:10:57 gentoo kernel: pci_bus 0001:06: resource 1 [mem 0x600c081800000-0x600c081ffffff]
Dec 20 21:10:57 gentoo kernel: pci_bus 0002:00: max bus depth: 1 pci_try_num: 2
Dec 20 21:10:57 gentoo kernel: pci 0002:00:00.0: BAR 14: assigned [mem 0x600c100000000-0x600c1007fffff]
Dec 20 21:10:57 gentoo kernel: pci 0002:00:00.0: BAR 13: no space for [io  size 0x1000]
Dec 20 21:10:57 gentoo kernel: pci 0002:00:00.0: BAR 13: failed to assign [io  size 0x1000]
Dec 20 21:10:57 gentoo kernel: pci 0002:01:00.0: BAR 0: assigned [mem 0x600c100000000-0x600c1000fffff 64bit]
Dec 20 21:10:57 gentoo kernel: pci 0002:01:00.0: BAR 6: assigned [mem 0x600c100100000-0x600c10017ffff pref]
Dec 20 21:10:57 gentoo kernel: pci 0002:01:00.0: BAR 2: assigned [mem 0x600c100180000-0x600c1001803ff 64bit]
Dec 20 21:10:57 gentoo kernel: pci 0002:01:00.0: BAR 4: no space for [io  size 0x0100]
Dec 20 21:10:57 gentoo kernel: pci 0002:01:00.0: BAR 4: failed to assign [io  size 0x0100]
Dec 20 21:10:57 gentoo kernel: pci 0002:00:00.0: PCI bridge to [bus 01]
Dec 20 21:10:57 gentoo kernel: pci 0002:00:00.0:   bridge window [mem 0x600c100000000-0x600c17fefffff]
Dec 20 21:10:57 gentoo kernel: pci_bus 0002:00: No. 2 try to assign unassigned res
Dec 20 21:10:57 gentoo kernel: pci 0002:00:00.0: BAR 13: no space for [io  size 0x1000]
Dec 20 21:10:57 gentoo kernel: pci 0002:00:00.0: BAR 13: failed to assign [io  size 0x1000]
Dec 20 21:10:57 gentoo kernel: pci 0002:01:00.0: BAR 4: no space for [io  size 0x0100]
Dec 20 21:10:57 gentoo kernel: pci 0002:01:00.0: BAR 4: failed to assign [io  size 0x0100]
Dec 20 21:10:57 gentoo kernel: pci 0002:00:00.0: PCI bridge to [bus 01]
Dec 20 21:10:57 gentoo kernel: pci 0002:00:00.0:   bridge window [mem 0x600c100000000-0x600c17fefffff]
Dec 20 21:10:57 gentoo kernel: pci_bus 0002:00: resource 4 [mem 0x600c100000000-0x600c17ffeffff]
Dec 20 21:10:57 gentoo kernel: pci_bus 0002:00: resource 5 [mem 0x6008000000000-0x600bf7fffffff 64bit pref]
Dec 20 21:10:57 gentoo kernel: pci_bus 0002:01: resource 1 [mem 0x600c100000000-0x600c17fefffff]
Dec 20 21:10:57 gentoo kernel: pci_bus 0003:00: max bus depth: 1 pci_try_num: 2
Dec 20 21:10:57 gentoo kernel: pci 0003:00:00.0: BAR 14: assigned [mem 0x600c180000000-0x600c1803fffff]
Dec 20 21:10:57 gentoo kernel: pci 0003:01:00.0: BAR 0: assigned [mem 0x600c180000000-0x600c18000ffff 64bit]
Dec 20 21:10:57 gentoo kernel: pci 0003:01:00.0: BAR 2: assigned [mem 0x600c180010000-0x600c180011fff 64bit]
Dec 20 21:10:57 gentoo kernel: pci 0003:00:00.0: PCI bridge to [bus 01]
Dec 20 21:10:57 gentoo kernel: pci 0003:00:00.0:   bridge window [mem 0x600c180000000-0x600c1ffefffff]
Dec 20 21:10:57 gentoo kernel: pci_bus 0003:00: resource 4 [mem 0x600c180000000-0x600c1fffeffff]
Dec 20 21:10:57 gentoo kernel: pci_bus 0003:00: resource 5 [mem 0x6020000000000-0x6023fbfffffff 64bit pref]
Dec 20 21:10:57 gentoo kernel: pci_bus 0003:01: resource 1 [mem 0x600c180000000-0x600c1ffefffff]
Dec 20 21:10:57 gentoo kernel: pci_bus 0004:00: max bus depth: 1 pci_try_num: 2
Dec 20 21:10:57 gentoo kernel: pci 0004:00:00.0: BAR 15: assigned [mem 0x6024000000000-0x602403fffffff 64bit pref]
Dec 20 21:10:57 gentoo kernel: pci 0004:00:00.0: BAR 14: assigned [mem 0x600c200000000-0x600c2007fffff]
Dec 20 21:10:57 gentoo kernel: pci 0004:01:00.0: BAR 0: assigned [mem 0x6024000000000-0x602400000ffff 64bit pref]
Dec 20 21:10:57 gentoo kernel: pci 0004:01:00.0: BAR 2: assigned [mem 0x6024000010000-0x602400001ffff 64bit pref]
Dec 20 21:10:57 gentoo kernel: pci 0004:01:00.0: BAR 4: assigned [mem 0x6024000020000-0x602400002ffff 64bit pref]
Dec 20 21:10:57 gentoo kernel: pci 0004:01:00.1: BAR 0: assigned [mem 0x6024000030000-0x602400003ffff 64bit pref]
Dec 20 21:10:57 gentoo kernel: pci 0004:01:00.1: BAR 2: assigned [mem 0x6024000040000-0x602400004ffff 64bit pref]
Dec 20 21:10:57 gentoo kernel: pci 0004:01:00.1: BAR 4: assigned [mem 0x6024000050000-0x602400005ffff 64bit pref]
Dec 20 21:10:57 gentoo kernel: pci 0004:01:00.0: BAR 6: assigned [mem 0x600c200000000-0x600c2000007ff pref]
Dec 20 21:10:57 gentoo kernel: pci 0004:01:00.1: BAR 6: assigned [mem 0x600c200001000-0x600c2000017ff pref]
Dec 20 21:10:57 gentoo kernel: pci 0004:00:00.0: PCI bridge to [bus 01]
Dec 20 21:10:57 gentoo kernel: pci 0004:00:00.0:   bridge window [mem 0x600c200000000-0x600c27fefffff]
Dec 20 21:10:57 gentoo kernel: pci 0004:00:00.0:   bridge window [mem 0x6024000000000-0x6027f7ff0ffff 64bit pref]
Dec 20 21:10:57 gentoo kernel: pci_bus 0004:00: resource 4 [mem 0x600c200000000-0x600c27ffeffff]
Dec 20 21:10:57 gentoo kernel: pci_bus 0004:00: resource 5 [mem 0x6024000000000-0x6027f7fffffff 64bit pref]
Dec 20 21:10:57 gentoo kernel: pci_bus 0004:01: resource 1 [mem 0x600c200000000-0x600c27fefffff]
Dec 20 21:10:57 gentoo kernel: pci_bus 0004:01: resource 2 [mem 0x6024000000000-0x6027f7ff0ffff 64bit pref]
Dec 20 21:10:57 gentoo kernel: pci_bus 0005:00: max bus depth: 2 pci_try_num: 3
Dec 20 21:10:57 gentoo kernel: pci 0005:00:00.0: BAR 14: assigned [mem 0x600c280000000-0x600c2817fffff]
Dec 20 21:10:57 gentoo kernel: pci 0005:00:00.0: BAR 13: no space for [io  size 0x1000]
Dec 20 21:10:57 gentoo kernel: pci 0005:00:00.0: BAR 13: failed to assign [io  size 0x1000]
Dec 20 21:10:57 gentoo kernel: pci 0005:01:00.0: BAR 14: assigned [mem 0x600c280000000-0x600c2817fffff]
Dec 20 21:10:57 gentoo kernel: pci 0005:01:00.0: BAR 13: no space for [io  size 0x1000]
Dec 20 21:10:57 gentoo kernel: pci 0005:01:00.0: BAR 13: failed to assign [io  size 0x1000]
Dec 20 21:10:57 gentoo kernel: pci 0005:02:00.0: BAR 0: assigned [mem 0x600c280000000-0x600c280ffffff]
Dec 20 21:10:57 gentoo kernel: pci 0005:02:00.0: BAR 1: assigned [mem 0x600c281000000-0x600c28101ffff]
Dec 20 21:10:57 gentoo kernel: pci 0005:02:00.0: BAR 2: no space for [io  size 0x0080]
Dec 20 21:10:57 gentoo kernel: pci 0005:02:00.0: BAR 2: failed to assign [io  size 0x0080]
Dec 20 21:10:57 gentoo kernel: pci 0005:01:00.0: PCI bridge to [bus 02]
Dec 20 21:10:57 gentoo kernel: pci 0005:01:00.0:   bridge window [mem 0x600c280000000-0x600c2ffefffff]
Dec 20 21:10:57 gentoo kernel: pci 0005:00:00.0: PCI bridge to [bus 01-02]
Dec 20 21:10:57 gentoo kernel: pci 0005:00:00.0:   bridge window [mem 0x600c280000000-0x600c2ffefffff]
Dec 20 21:10:57 gentoo kernel: pci_bus 0005:00: No. 2 try to assign unassigned res
Dec 20 21:10:57 gentoo kernel: pci 0005:00:00.0: BAR 13: no space for [io  size 0x1000]
Dec 20 21:10:57 gentoo kernel: pci 0005:00:00.0: BAR 13: failed to assign [io  size 0x1000]
Dec 20 21:10:57 gentoo kernel: pci 0005:01:00.0: BAR 13: no space for [io  size 0x1000]
Dec 20 21:10:57 gentoo kernel: pci 0005:01:00.0: BAR 13: failed to assign [io  size 0x1000]
Dec 20 21:10:57 gentoo kernel: pci 0005:02:00.0: BAR 2: no space for [io  size 0x0080]
Dec 20 21:10:57 gentoo kernel: pci 0005:02:00.0: BAR 2: failed to assign [io  size 0x0080]
Dec 20 21:10:57 gentoo kernel: pci 0005:01:00.0: PCI bridge to [bus 02]
Dec 20 21:10:57 gentoo kernel: pci 0005:01:00.0:   bridge window [mem 0x600c280000000-0x600c2ffefffff]
Dec 20 21:10:57 gentoo kernel: pci 0005:00:00.0: PCI bridge to [bus 01-02]
Dec 20 21:10:57 gentoo kernel: pci 0005:00:00.0:   bridge window [mem 0x600c280000000-0x600c2ffefffff]
Dec 20 21:10:57 gentoo kernel: pci_bus 0005:00: No. 3 try to assign unassigned res
Dec 20 21:10:57 gentoo kernel: pci 0005:00:00.0: BAR 13: no space for [io  size 0x1000]
Dec 20 21:10:57 gentoo kernel: pci 0005:00:00.0: BAR 13: failed to assign [io  size 0x1000]
Dec 20 21:10:57 gentoo kernel: pci 0005:01:00.0: BAR 13: no space for [io  size 0x1000]
Dec 20 21:10:57 gentoo kernel: pci 0005:01:00.0: BAR 13: failed to assign [io  size 0x1000]
Dec 20 21:10:57 gentoo kernel: pci 0005:02:00.0: BAR 2: no space for [io  size 0x0080]
Dec 20 21:10:57 gentoo kernel: pci 0005:02:00.0: BAR 2: failed to assign [io  size 0x0080]
Dec 20 21:10:57 gentoo kernel: pci 0005:01:00.0: PCI bridge to [bus 02]
Dec 20 21:10:57 gentoo kernel: pci 0005:01:00.0:   bridge window [mem 0x600c280000000-0x600c2ffefffff]
Dec 20 21:10:57 gentoo kernel: pci 0005:00:00.0: PCI bridge to [bus 01-02]
Dec 20 21:10:57 gentoo kernel: pci 0005:00:00.0:   bridge window [mem 0x600c280000000-0x600c2ffefffff]
Dec 20 21:10:57 gentoo kernel: pci_bus 0005:00: resource 4 [mem 0x600c280000000-0x600c2fffeffff]
Dec 20 21:10:57 gentoo kernel: pci_bus 0005:00: resource 5 [mem 0x6028000000000-0x602bf7fffffff 64bit pref]
Dec 20 21:10:57 gentoo kernel: pci_bus 0005:01: resource 1 [mem 0x600c280000000-0x600c2ffefffff]
Dec 20 21:10:57 gentoo kernel: pci_bus 0005:02: resource 1 [mem 0x600c280000000-0x600c2ffefffff]
Dec 20 21:10:57 gentoo kernel: pci_bus 0030:00: max bus depth: 3 pci_try_num: 4
Dec 20 21:10:57 gentoo kernel: pci 0030:00:00.0: BAR 15: assigned [mem 0x6200000000000-0x620001fffffff 64bit pref]
Dec 20 21:10:57 gentoo kernel: pci 0030:00:00.0: BAR 14: assigned [mem 0x620c000000000-0x620c0013fffff]
Dec 20 21:10:57 gentoo kernel: pci 0030:00:00.0: BAR 13: no space for [io  size 0x1000]
Dec 20 21:10:57 gentoo kernel: pci 0030:00:00.0: BAR 13: failed to assign [io  size 0x1000]
Dec 20 21:10:57 gentoo kernel: pci 0030:01:00.0: BAR 15: assigned [mem 0x6200000000000-0x620001fffffff 64bit pref]
Dec 20 21:10:57 gentoo kernel: pci 0030:01:00.0: BAR 14: assigned [mem 0x620c000000000-0x620c000ffffff]
Dec 20 21:10:57 gentoo kernel: pci 0030:01:00.0: BAR 0: assigned [mem 0x620c001000000-0x620c00103ffff]
Dec 20 21:10:57 gentoo kernel: pci 0030:01:00.0: BAR 13: no space for [io  size 0x1000]
Dec 20 21:10:57 gentoo kernel: pci 0030:01:00.0: BAR 13: failed to assign [io  size 0x1000]
Dec 20 21:10:57 gentoo kernel: pci 0030:02:09.0: BAR 15: assigned [mem 0x6200000000000-0x620001fffffff 64bit pref]
Dec 20 21:10:57 gentoo kernel: pci 0030:02:08.0: BAR 14: assigned [mem 0x620c000000000-0x620c0003fffff]
Dec 20 21:10:57 gentoo kernel: pci 0030:02:09.0: BAR 14: assigned [mem 0x620c000400000-0x620c0007fffff]
Dec 20 21:10:57 gentoo kernel: pci 0030:02:10.0: BAR 14: assigned [mem 0x620c000800000-0x620c000bfffff]
Dec 20 21:10:57 gentoo kernel: pci 0030:02:11.0: BAR 14: assigned [mem 0x620c000c00000-0x620c000ffffff]
Dec 20 21:10:57 gentoo kernel: pci 0030:02:09.0: BAR 13: no space for [io  size 0x1000]
Dec 20 21:10:57 gentoo kernel: pci 0030:02:09.0: BAR 13: failed to assign [io  size 0x1000]
Dec 20 21:10:57 gentoo kernel: pci 0030:03:00.0: BAR 6: assigned [mem 0x620c000000000-0x620c00000ffff pref]
Dec 20 21:10:57 gentoo kernel: pci 0030:03:00.0: BAR 0: assigned [mem 0x620c000010000-0x620c000013fff 64bit]
Dec 20 21:10:57 gentoo kernel: pci 0030:02:08.0: PCI bridge to [bus 03]
Dec 20 21:10:57 gentoo kernel: pci 0030:02:08.0:   bridge window [mem 0x620c000000000-0x620c0003fffff]
Dec 20 21:10:57 gentoo kernel: pci 0030:04:00.0: BAR 6: assigned [mem 0x620c000400000-0x620c00040ffff pref]
Dec 20 21:10:57 gentoo kernel: pci 0030:04:00.0: BAR 0: assigned [mem 0x620c000410000-0x620c000413fff 64bit]
Dec 20 21:10:57 gentoo kernel: pci 0030:02:09.0: PCI bridge to [bus 04]
Dec 20 21:10:57 gentoo kernel: pci 0030:02:09.0:   bridge window [mem 0x620c000400000-0x620c0007fffff]
Dec 20 21:10:57 gentoo kernel: pci 0030:02:09.0:   bridge window [mem 0x6200000000000-0x620001fffffff 64bit pref]
Dec 20 21:10:57 gentoo kernel: pci 0030:05:00.0: BAR 6: assigned [mem 0x620c000800000-0x620c00080ffff pref]
Dec 20 21:10:57 gentoo kernel: pci 0030:05:00.0: BAR 0: assigned [mem 0x620c000810000-0x620c000813fff 64bit]
Dec 20 21:10:57 gentoo kernel: pci 0030:02:10.0: PCI bridge to [bus 05]
Dec 20 21:10:57 gentoo kernel: pci 0030:02:10.0:   bridge window [mem 0x620c000800000-0x620c000bfffff]
Dec 20 21:10:57 gentoo kernel: pci 0030:06:00.0: BAR 6: assigned [mem 0x620c000c00000-0x620c000c0ffff pref]
Dec 20 21:10:57 gentoo kernel: pci 0030:06:00.0: BAR 0: assigned [mem 0x620c000c10000-0x620c000c13fff 64bit]
Dec 20 21:10:57 gentoo kernel: pci 0030:02:11.0: PCI bridge to [bus 06]
Dec 20 21:10:57 gentoo kernel: pci 0030:02:11.0:   bridge window [mem 0x620c000c00000-0x620c000ffffff]
Dec 20 21:10:57 gentoo kernel: pci 0030:01:00.0: PCI bridge to [bus 02-06]
Dec 20 21:10:57 gentoo kernel: pci 0030:01:00.0:   bridge window [mem 0x620c000000000-0x620c07fefffff]
Dec 20 21:10:57 gentoo kernel: pci 0030:01:00.0:   bridge window [mem 0x6200000000000-0x6203fbff0ffff 64bit pref]
Dec 20 21:10:57 gentoo kernel: pci 0030:00:00.0: PCI bridge to [bus 01-06]
Dec 20 21:10:57 gentoo kernel: pci 0030:00:00.0:   bridge window [mem 0x620c000000000-0x620c07fefffff]
Dec 20 21:10:57 gentoo kernel: pci 0030:00:00.0:   bridge window [mem 0x6200000000000-0x6203fbff0ffff 64bit pref]
Dec 20 21:10:57 gentoo kernel: pci_bus 0030:00: No. 2 try to assign unassigned res
Dec 20 21:10:57 gentoo kernel: pci 0030:00:00.0: BAR 13: no space for [io  size 0x1000]
Dec 20 21:10:57 gentoo kernel: pci 0030:00:00.0: BAR 13: failed to assign [io  size 0x1000]
Dec 20 21:10:57 gentoo kernel: pci 0030:01:00.0: BAR 13: no space for [io  size 0x1000]
Dec 20 21:10:57 gentoo kernel: pci 0030:01:00.0: BAR 13: failed to assign [io  size 0x1000]
Dec 20 21:10:57 gentoo kernel: pci 0030:02:09.0: BAR 13: no space for [io  size 0x1000]
Dec 20 21:10:57 gentoo kernel: pci 0030:02:09.0: BAR 13: failed to assign [io  size 0x1000]
Dec 20 21:10:57 gentoo kernel: pci 0030:02:08.0: PCI bridge to [bus 03]
Dec 20 21:10:57 gentoo kernel: pci 0030:02:08.0:   bridge window [mem 0x620c000000000-0x620c0003fffff]
Dec 20 21:10:57 gentoo kernel: pci 0030:02:09.0: PCI bridge to [bus 04]
Dec 20 21:10:57 gentoo kernel: pci 0030:02:09.0:   bridge window [mem 0x620c000400000-0x620c0007fffff]
Dec 20 21:10:57 gentoo kernel: pci 0030:02:09.0:   bridge window [mem 0x6200000000000-0x620001fffffff 64bit pref]
Dec 20 21:10:57 gentoo kernel: pci 0030:02:10.0: PCI bridge to [bus 05]
Dec 20 21:10:57 gentoo kernel: pci 0030:02:10.0:   bridge window [mem 0x620c000800000-0x620c000bfffff]
Dec 20 21:10:57 gentoo kernel: pci 0030:02:11.0: PCI bridge to [bus 06]
Dec 20 21:10:57 gentoo kernel: pci 0030:02:11.0:   bridge window [mem 0x620c000c00000-0x620c000ffffff]
Dec 20 21:10:57 gentoo kernel: pci 0030:01:00.0: PCI bridge to [bus 02-06]
Dec 20 21:10:57 gentoo kernel: pci 0030:01:00.0:   bridge window [mem 0x620c000000000-0x620c07fefffff]
Dec 20 21:10:57 gentoo kernel: pci 0030:01:00.0:   bridge window [mem 0x6200000000000-0x6203fbff0ffff 64bit pref]
Dec 20 21:10:57 gentoo kernel: pci 0030:00:00.0: PCI bridge to [bus 01-06]
Dec 20 21:10:57 gentoo kernel: pci 0030:00:00.0:   bridge window [mem 0x620c000000000-0x620c07fefffff]
Dec 20 21:10:57 gentoo kernel: pci 0030:00:00.0:   bridge window [mem 0x6200000000000-0x6203fbff0ffff 64bit pref]
Dec 20 21:10:57 gentoo kernel: pci_bus 0030:00: No. 3 try to assign unassigned res
Dec 20 21:10:57 gentoo kernel: pci 0030:00:00.0: BAR 13: no space for [io  size 0x1000]
Dec 20 21:10:57 gentoo kernel: pci 0030:00:00.0: BAR 13: failed to assign [io  size 0x1000]
Dec 20 21:10:57 gentoo kernel: pci 0030:01:00.0: BAR 13: no space for [io  size 0x1000]
Dec 20 21:10:57 gentoo kernel: pci 0030:01:00.0: BAR 13: failed to assign [io  size 0x1000]
Dec 20 21:10:57 gentoo kernel: pci 0030:02:09.0: BAR 13: no space for [io  size 0x1000]
Dec 20 21:10:57 gentoo kernel: pci 0030:02:09.0: BAR 13: failed to assign [io  size 0x1000]
Dec 20 21:10:57 gentoo kernel: pci 0030:02:08.0: PCI bridge to [bus 03]
Dec 20 21:10:57 gentoo kernel: pci 0030:02:08.0:   bridge window [mem 0x620c000000000-0x620c0003fffff]
Dec 20 21:10:57 gentoo kernel: pci 0030:02:09.0: PCI bridge to [bus 04]
Dec 20 21:10:57 gentoo kernel: pci 0030:02:09.0:   bridge window [mem 0x620c000400000-0x620c0007fffff]
Dec 20 21:10:57 gentoo kernel: pci 0030:02:09.0:   bridge window [mem 0x6200000000000-0x620001fffffff 64bit pref]
Dec 20 21:10:57 gentoo kernel: pci 0030:02:10.0: PCI bridge to [bus 05]
Dec 20 21:10:57 gentoo kernel: pci 0030:02:10.0:   bridge window [mem 0x620c000800000-0x620c000bfffff]
Dec 20 21:10:57 gentoo kernel: pci 0030:02:11.0: PCI bridge to [bus 06]
Dec 20 21:10:57 gentoo kernel: pci 0030:02:11.0:   bridge window [mem 0x620c000c00000-0x620c000ffffff]
Dec 20 21:10:57 gentoo kernel: pci 0030:01:00.0: PCI bridge to [bus 02-06]
Dec 20 21:10:57 gentoo kernel: pci 0030:01:00.0:   bridge window [mem 0x620c000000000-0x620c07fefffff]
Dec 20 21:10:57 gentoo kernel: pci 0030:01:00.0:   bridge window [mem 0x6200000000000-0x6203fbff0ffff 64bit pref]
Dec 20 21:10:57 gentoo kernel: pci 0030:00:00.0: PCI bridge to [bus 01-06]
Dec 20 21:10:57 gentoo kernel: pci 0030:00:00.0:   bridge window [mem 0x620c000000000-0x620c07fefffff]
Dec 20 21:10:57 gentoo kernel: pci 0030:00:00.0:   bridge window [mem 0x6200000000000-0x6203fbff0ffff 64bit pref]
Dec 20 21:10:57 gentoo kernel: pci_bus 0030:00: No. 4 try to assign unassigned res
Dec 20 21:10:57 gentoo kernel: pci 0030:00:00.0: BAR 13: no space for [io  size 0x1000]
Dec 20 21:10:57 gentoo kernel: pci 0030:00:00.0: BAR 13: failed to assign [io  size 0x1000]
Dec 20 21:10:57 gentoo kernel: pci 0030:01:00.0: BAR 13: no space for [io  size 0x1000]
Dec 20 21:10:57 gentoo kernel: pci 0030:01:00.0: BAR 13: failed to assign [io  size 0x1000]
Dec 20 21:10:57 gentoo kernel: pci 0030:02:09.0: BAR 13: no space for [io  size 0x1000]
Dec 20 21:10:57 gentoo kernel: pci 0030:02:09.0: BAR 13: failed to assign [io  size 0x1000]
Dec 20 21:10:57 gentoo kernel: pci 0030:02:08.0: PCI bridge to [bus 03]
Dec 20 21:10:57 gentoo kernel: pci 0030:02:08.0:   bridge window [mem 0x620c000000000-0x620c0003fffff]
Dec 20 21:10:57 gentoo kernel: pci 0030:02:09.0: PCI bridge to [bus 04]
Dec 20 21:10:57 gentoo kernel: pci 0030:02:09.0:   bridge window [mem 0x620c000400000-0x620c0007fffff]
Dec 20 21:10:57 gentoo kernel: pci 0030:02:09.0:   bridge window [mem 0x6200000000000-0x620001fffffff 64bit pref]
Dec 20 21:10:57 gentoo kernel: pci 0030:02:10.0: PCI bridge to [bus 05]
Dec 20 21:10:57 gentoo kernel: pci 0030:02:10.0:   bridge window [mem 0x620c000800000-0x620c000bfffff]
Dec 20 21:10:57 gentoo kernel: pci 0030:02:11.0: PCI bridge to [bus 06]
Dec 20 21:10:57 gentoo kernel: pci 0030:02:11.0:   bridge window [mem 0x620c000c00000-0x620c000ffffff]
Dec 20 21:10:57 gentoo kernel: pci 0030:01:00.0: PCI bridge to [bus 02-06]
Dec 20 21:10:57 gentoo kernel: pci 0030:01:00.0:   bridge window [mem 0x620c000000000-0x620c07fefffff]
Dec 20 21:10:57 gentoo kernel: pci 0030:01:00.0:   bridge window [mem 0x6200000000000-0x6203fbff0ffff 64bit pref]
Dec 20 21:10:57 gentoo kernel: pci 0030:00:00.0: PCI bridge to [bus 01-06]
Dec 20 21:10:57 gentoo kernel: pci 0030:00:00.0:   bridge window [mem 0x620c000000000-0x620c07fefffff]
Dec 20 21:10:57 gentoo kernel: pci 0030:00:00.0:   bridge window [mem 0x6200000000000-0x6203fbff0ffff 64bit pref]
Dec 20 21:10:57 gentoo kernel: pci_bus 0030:00: resource 4 [mem 0x620c000000000-0x620c07ffeffff]
Dec 20 21:10:57 gentoo kernel: pci_bus 0030:00: resource 5 [mem 0x6200000000000-0x6203fbfffffff 64bit pref]
Dec 20 21:10:57 gentoo kernel: pci_bus 0030:01: resource 1 [mem 0x620c000000000-0x620c07fefffff]
Dec 20 21:10:57 gentoo kernel: pci_bus 0030:01: resource 2 [mem 0x6200000000000-0x6203fbff0ffff 64bit pref]
Dec 20 21:10:57 gentoo kernel: pci_bus 0030:02: resource 1 [mem 0x620c000000000-0x620c07fefffff]
Dec 20 21:10:57 gentoo kernel: pci_bus 0030:02: resource 2 [mem 0x6200000000000-0x6203fbff0ffff 64bit pref]
Dec 20 21:10:57 gentoo kernel: pci_bus 0030:03: resource 1 [mem 0x620c000000000-0x620c0003fffff]
Dec 20 21:10:57 gentoo kernel: pci_bus 0030:04: resource 1 [mem 0x620c000400000-0x620c0007fffff]
Dec 20 21:10:57 gentoo kernel: pci_bus 0030:04: resource 2 [mem 0x6200000000000-0x620001fffffff 64bit pref]
Dec 20 21:10:57 gentoo kernel: pci_bus 0030:05: resource 1 [mem 0x620c000800000-0x620c000bfffff]
Dec 20 21:10:57 gentoo kernel: pci_bus 0030:06: resource 1 [mem 0x620c000c00000-0x620c000ffffff]
Dec 20 21:10:57 gentoo kernel: pci_bus 0031:00: max bus depth: 1 pci_try_num: 2
Dec 20 21:10:57 gentoo kernel: pci 0031:00:00.0: BAR 14: assigned [mem 0x620c080000000-0x620c081ffffff]
Dec 20 21:10:57 gentoo kernel: pci 0031:01:00.4: BAR 2: assigned [mem 0x620c080000000-0x620c080ffffff 64bit]
Dec 20 21:10:57 gentoo kernel: pci 0031:01:00.0: BAR 0: assigned [mem 0x620c081000000-0x620c08107ffff 64bit]
Dec 20 21:10:57 gentoo kernel: pci 0031:01:00.0: BAR 2: assigned [mem 0x620c081080000-0x620c0810fffff 64bit]
Dec 20 21:10:57 gentoo kernel: pci 0031:01:00.0: BAR 6: assigned [mem 0x620c081100000-0x620c08117ffff pref]
Dec 20 21:10:57 gentoo kernel: pci 0031:01:00.1: BAR 0: assigned [mem 0x620c081180000-0x620c0811fffff 64bit]
Dec 20 21:10:57 gentoo kernel: pci 0031:01:00.1: BAR 2: assigned [mem 0x620c081200000-0x620c08127ffff 64bit]
Dec 20 21:10:57 gentoo kernel: pci 0031:01:00.1: BAR 6: assigned [mem 0x620c081280000-0x620c0812fffff pref]
Dec 20 21:10:57 gentoo kernel: pci 0031:01:00.2: BAR 0: assigned [mem 0x620c081300000-0x620c08137ffff 64bit]
Dec 20 21:10:57 gentoo kernel: pci 0031:01:00.2: BAR 2: assigned [mem 0x620c081380000-0x620c0813fffff 64bit]
Dec 20 21:10:57 gentoo kernel: pci 0031:01:00.3: BAR 0: assigned [mem 0x620c081400000-0x620c08147ffff 64bit]
Dec 20 21:10:57 gentoo kernel: pci 0031:01:00.3: BAR 2: assigned [mem 0x620c081480000-0x620c0814fffff 64bit]
Dec 20 21:10:57 gentoo kernel: pci 0031:01:00.4: BAR 0: assigned [mem 0x620c081500000-0x620c08157ffff 64bit]
Dec 20 21:10:57 gentoo kernel: pci 0031:01:00.5: BAR 0: assigned [mem 0x620c081580000-0x620c0815fffff 64bit]
Dec 20 21:10:57 gentoo kernel: pci 0031:01:00.5: BAR 2: assigned [mem 0x620c081600000-0x620c08167ffff 64bit]
Dec 20 21:10:57 gentoo kernel: pci 0031:01:00.5: BAR 6: assigned [mem 0x620c081680000-0x620c0816fffff pref]
Dec 20 21:10:57 gentoo kernel: pci 0031:01:00.6: BAR 0: assigned [mem 0x620c081700000-0x620c08177ffff 64bit]
Dec 20 21:10:57 gentoo kernel: pci 0031:01:00.6: BAR 2: assigned [mem 0x620c081780000-0x620c0817fffff 64bit]
Dec 20 21:10:57 gentoo kernel: pci 0031:01:00.6: BAR 6: assigned [mem 0x620c081800000-0x620c08187ffff pref]
Dec 20 21:10:57 gentoo kernel: pci 0031:01:00.0: BAR 4: assigned [mem 0x620c081880000-0x620c081881fff 64bit]
Dec 20 21:10:57 gentoo kernel: pci 0031:01:00.1: BAR 4: assigned [mem 0x620c081882000-0x620c081883fff 64bit]
Dec 20 21:10:57 gentoo kernel: pci 0031:01:00.2: BAR 4: assigned [mem 0x620c081884000-0x620c081885fff 64bit]
Dec 20 21:10:57 gentoo kernel: pci 0031:01:00.3: BAR 4: assigned [mem 0x620c081886000-0x620c081887fff 64bit]
Dec 20 21:10:57 gentoo kernel: pci 0031:01:00.4: BAR 4: assigned [mem 0x620c081888000-0x620c081889fff 64bit]
Dec 20 21:10:57 gentoo kernel: pci 0031:01:00.5: BAR 4: assigned [mem 0x620c08188a000-0x620c08188bfff 64bit]
Dec 20 21:10:57 gentoo kernel: pci 0031:01:00.6: BAR 4: assigned [mem 0x620c08188c000-0x620c08188dfff 64bit]
Dec 20 21:10:57 gentoo kernel: pci 0031:00:00.0: PCI bridge to [bus 01]
Dec 20 21:10:57 gentoo kernel: pci 0031:00:00.0:   bridge window [mem 0x620c080000000-0x620c0ffefffff]
Dec 20 21:10:57 gentoo kernel: pci_bus 0031:00: resource 4 [mem 0x620c080000000-0x620c0fffeffff]
Dec 20 21:10:57 gentoo kernel: pci_bus 0031:00: resource 5 [mem 0x6204000000000-0x6207f7fffffff 64bit pref]
Dec 20 21:10:57 gentoo kernel: pci_bus 0031:01: resource 1 [mem 0x620c080000000-0x620c0ffefffff]
Dec 20 21:10:57 gentoo kernel: pci_bus 0032:00: max bus depth: 1 pci_try_num: 2
Dec 20 21:10:57 gentoo kernel: pci 0032:00:00.0: PCI bridge to [bus 01]
Dec 20 21:10:57 gentoo kernel: pci_bus 0032:00: resource 4 [mem 0x620c100000000-0x620c17ffeffff]
Dec 20 21:10:57 gentoo kernel: pci_bus 0032:00: resource 5 [mem 0x6208000000000-0x620bf7fffffff 64bit pref]
Dec 20 21:10:57 gentoo kernel: pci_bus 0033:00: max bus depth: 1 pci_try_num: 2
Dec 20 21:10:57 gentoo kernel: pci 0033:00:00.0: PCI bridge to [bus 01-ff]
Dec 20 21:10:57 gentoo kernel: pci_bus 0033:00: resource 4 [mem 0x620c180000000-0x620c1fffeffff]
Dec 20 21:10:57 gentoo kernel: pci_bus 0033:00: resource 5 [mem 0x6220000000000-0x6223fbfffffff 64bit pref]
Dec 20 21:10:57 gentoo kernel: pci_bus 0000:00: Configuring PE for bus
Dec 20 21:10:57 gentoo kernel: pci 0000:00     : [PE# 1fe] Secondary bus 0x0000000000000000 associated with PE#1fe
Dec 20 21:10:57 gentoo kernel: pci 0000:00:00.0: Configured PE#1fe
Dec 20 21:10:57 gentoo kernel: pci_bus 0000:01: Configuring PE for bus
Dec 20 21:10:57 gentoo kernel: pci 0000:01     : [PE# 1fd] Secondary bus 0x0000000000000001 associated with PE#1fd
Dec 20 21:10:57 gentoo kernel: pci 0000:01:00.0: Configured PE#1fd
Dec 20 21:10:57 gentoo kernel: pci_bus 0000:02: Configuring PE for bus
Dec 20 21:10:57 gentoo kernel: pci 0000:02     : [PE# 1fc] Secondary bus 0x0000000000000002 associated with PE#1fc
Dec 20 21:10:57 gentoo kernel: pci 0000:02:00.0: Configured PE#1fc
Dec 20 21:10:57 gentoo kernel: pci_bus 0000:03: Configuring PE for bus
Dec 20 21:10:57 gentoo kernel: pci 0000:03     : [PE# 00] Secondary bus 0x0000000000000003 associated with PE#0
Dec 20 21:10:57 gentoo kernel: pci 0000:03:00.0: Configured PE#0
Dec 20 21:10:57 gentoo kernel: pci 0000:03     : [PE# 00] Setting up 32-bit TCE table at 0..80000000
Dec 20 21:10:57 gentoo kernel: IOMMU table initialized, virtual merging enabled
Dec 20 21:10:57 gentoo kernel: pci 0000:03     : [PE# 00] Setting up window#0 0..7fffffffff pg=1000
Dec 20 21:10:57 gentoo kernel: pci 0000:03:00.0: Adding to iommu group 0
Dec 20 21:10:57 gentoo kernel: pci 0000:03:00.1: Added to existing PE#0
Dec 20 21:10:57 gentoo kernel: pci 0000:03:00.1: Adding to iommu group 0
Dec 20 21:10:57 gentoo kernel: pci_bus 0001:00: Configuring PE for bus
Dec 20 21:10:57 gentoo kernel: pci 0001:00     : [PE# fe] Secondary bus 0x0000000000000000 associated with PE#fe
Dec 20 21:10:57 gentoo kernel: pci 0001:00:00.0: Configured PE#fe
Dec 20 21:10:57 gentoo kernel: pci_bus 0001:01: Configuring PE for bus
Dec 20 21:10:57 gentoo kernel: pci 0001:01     : [PE# fd] Secondary bus 0x0000000000000001 associated with PE#fd
Dec 20 21:10:57 gentoo kernel: pci 0001:01:00.0: Configured PE#fd
Dec 20 21:10:57 gentoo kernel: pci_bus 0001:02: Configuring PE for bus
Dec 20 21:10:57 gentoo kernel: pci 0001:02     : [PE# fc] Secondary bus 0x0000000000000002 associated with PE#fc
Dec 20 21:10:57 gentoo kernel: pci 0001:02:00.0: Configured PE#fc
Dec 20 21:10:57 gentoo kernel: pci 0001:02:02.0: Added to existing PE#fc
Dec 20 21:10:57 gentoo kernel: pci 0001:02:06.0: Added to existing PE#fc
Dec 20 21:10:57 gentoo kernel: pci 0001:02:0e.0: Added to existing PE#fc
Dec 20 21:10:57 gentoo kernel: pci_bus 0001:03: Configuring PE for bus
Dec 20 21:10:57 gentoo kernel: pci 0001:03     : [PE# fb] Secondary bus 0x0000000000000003 associated with PE#fb
Dec 20 21:10:57 gentoo kernel: pci 0001:03:00.0: Configured PE#fb
Dec 20 21:10:57 gentoo kernel: pci 0001:03     : [PE# fb] Setting up 32-bit TCE table at 0..80000000
Dec 20 21:10:57 gentoo kernel: pci 0001:03     : [PE# fb] Setting up window#0 0..7fffffffff pg=1000
Dec 20 21:10:57 gentoo kernel: pci 0001:03:00.0: Adding to iommu group 1
Dec 20 21:10:57 gentoo kernel: pci_bus 0001:04: Configuring PE for bus
Dec 20 21:10:57 gentoo kernel: pci 0001:04     : [PE# fa] Secondary bus 0x0000000000000004 associated with PE#fa
Dec 20 21:10:57 gentoo kernel: pci 0001:04:00.0: Configured PE#fa
Dec 20 21:10:57 gentoo kernel: pci 0001:04     : [PE# fa] Setting up 32-bit TCE table at 0..80000000
Dec 20 21:10:57 gentoo kernel: pci 0001:04     : [PE# fa] Setting up window#0 0..7fffffffff pg=1000
Dec 20 21:10:57 gentoo kernel: pci 0001:04:00.0: Adding to iommu group 2
Dec 20 21:10:57 gentoo kernel: pci_bus 0001:05: Configuring PE for bus
Dec 20 21:10:57 gentoo kernel: pci 0001:05     : [PE# f9] Secondary bus 0x0000000000000005 associated with PE#f9
Dec 20 21:10:57 gentoo kernel: pci 0001:05:00.0: Configured PE#f9
Dec 20 21:10:57 gentoo kernel: pci 0001:05     : [PE# f9] Setting up 32-bit TCE table at 0..80000000
Dec 20 21:10:57 gentoo kernel: pci 0001:05     : [PE# f9] Setting up window#0 0..7fffffffff pg=1000
Dec 20 21:10:57 gentoo kernel: pci 0001:05:00.0: Adding to iommu group 3
Dec 20 21:10:57 gentoo kernel: pci_bus 0001:06: Configuring PE for bus
Dec 20 21:10:57 gentoo kernel: pci 0001:06     : [PE# f8] Secondary bus 0x0000000000000006 associated with PE#f8
Dec 20 21:10:57 gentoo kernel: pci 0001:06:00.0: Configured PE#f8
Dec 20 21:10:57 gentoo kernel: pci 0001:06     : [PE# f8] Setting up 32-bit TCE table at 0..80000000
Dec 20 21:10:57 gentoo kernel: pci 0001:06     : [PE# f8] Setting up window#0 0..7fffffffff pg=1000
Dec 20 21:10:57 gentoo kernel: pci 0001:06:00.0: Adding to iommu group 4
Dec 20 21:10:57 gentoo kernel: pci_bus 0002:00: Configuring PE for bus
Dec 20 21:10:57 gentoo kernel: pci 0002:00     : [PE# fe] Secondary bus 0x0000000000000000 associated with PE#fe
Dec 20 21:10:57 gentoo kernel: pci 0002:00:00.0: Configured PE#fe
Dec 20 21:10:57 gentoo kernel: pci_bus 0002:01: Configuring PE for bus
Dec 20 21:10:57 gentoo kernel: pci 0002:01     : [PE# fd] Secondary bus 0x0000000000000001 associated with PE#fd
Dec 20 21:10:57 gentoo kernel: pci 0002:01:00.0: Configured PE#fd
Dec 20 21:10:57 gentoo kernel: pci 0002:01     : [PE# fd] Setting up 32-bit TCE table at 0..80000000
Dec 20 21:10:57 gentoo kernel: pci 0002:01     : [PE# fd] Setting up window#0 0..7fffffffff pg=1000
Dec 20 21:10:57 gentoo kernel: pci 0002:01:00.0: Adding to iommu group 5
Dec 20 21:10:57 gentoo kernel: pci_bus 0003:00: Configuring PE for bus
Dec 20 21:10:57 gentoo kernel: pci 0003:00     : [PE# 1fe] Secondary bus 0x0000000000000000 associated with PE#1fe
Dec 20 21:10:57 gentoo kernel: pci 0003:00:00.0: Configured PE#1fe
Dec 20 21:10:57 gentoo kernel: pci_bus 0003:01: Configuring PE for bus
Dec 20 21:10:57 gentoo kernel: pci 0003:01     : [PE# 1fd] Secondary bus 0x0000000000000001 associated with PE#1fd
Dec 20 21:10:57 gentoo kernel: pci 0003:01:00.0: Configured PE#1fd
Dec 20 21:10:57 gentoo kernel: pci 0003:01     : [PE# 1fd] Setting up 32-bit TCE table at 0..80000000
Dec 20 21:10:57 gentoo kernel: pci 0003:01     : [PE# 1fd] Setting up window#0 0..7fffffffff pg=1000
Dec 20 21:10:57 gentoo kernel: pci 0003:01:00.0: Adding to iommu group 6
Dec 20 21:10:57 gentoo kernel: pci_bus 0004:00: Configuring PE for bus
Dec 20 21:10:57 gentoo kernel: pci 0004:00     : [PE# fe] Secondary bus 0x0000000000000000 associated with PE#fe
Dec 20 21:10:57 gentoo kernel: pci 0004:00:00.0: Configured PE#fe
Dec 20 21:10:57 gentoo kernel: pci_bus 0004:01: Configuring PE for bus
Dec 20 21:10:57 gentoo kernel: pci 0004:01     : [PE# 00] Secondary bus 0x0000000000000001 associated with PE#0
Dec 20 21:10:57 gentoo kernel: pci 0004:01:00.0: Configured PE#0
Dec 20 21:10:57 gentoo kernel: pci 0004:01     : [PE# 00] Setting up 32-bit TCE table at 0..80000000
Dec 20 21:10:57 gentoo kernel: pci 0004:01     : [PE# 00] Setting up window#0 0..7fffffffff pg=1000
Dec 20 21:10:57 gentoo kernel: pci 0004:01:00.0: Adding to iommu group 7
Dec 20 21:10:57 gentoo kernel: pci 0004:01:00.1: Added to existing PE#0
Dec 20 21:10:57 gentoo kernel: pci 0004:01:00.1: Adding to iommu group 7
Dec 20 21:10:57 gentoo kernel: pci_bus 0005:00: Configuring PE for bus
Dec 20 21:10:57 gentoo kernel: pci 0005:00     : [PE# fe] Secondary bus 0x0000000000000000 associated with PE#fe
Dec 20 21:10:57 gentoo kernel: pci 0005:00:00.0: Configured PE#fe
Dec 20 21:10:57 gentoo kernel: pci_bus 0005:01: Configuring PE for bus
Dec 20 21:10:57 gentoo kernel: pci 0005:01     : [PE# fd] Secondary bus 0x0000000000000001 associated with PE#fd
Dec 20 21:10:57 gentoo kernel: pci 0005:01:00.0: Configured PE#fd
Dec 20 21:10:57 gentoo kernel: pci_bus 0005:02: Configuring PE for bus
Dec 20 21:10:57 gentoo kernel: pci 0005:02     : [PE# fc] Secondary bus 0x0000000000000002..0x0000000000000002 associated with PE#fc
Dec 20 21:10:57 gentoo kernel: pci 0005:02:00.0: Configured PE#fc
Dec 20 21:10:57 gentoo kernel: pci 0005:02     : [PE# fc] Setting up 32-bit TCE table at 0..80000000
Dec 20 21:10:57 gentoo kernel: pci 0005:02     : [PE# fc] Setting up window#0 0..7fffffffff pg=1000
Dec 20 21:10:57 gentoo kernel: pci 0005:02:00.0: Adding to iommu group 8
Dec 20 21:10:57 gentoo kernel: pci_bus 0030:00: Configuring PE for bus
Dec 20 21:10:57 gentoo kernel: pci 0030:00     : [PE# 1fe] Secondary bus 0x0000000000000000 associated with PE#1fe
Dec 20 21:10:57 gentoo kernel: pci 0030:00:00.0: Configured PE#1fe
Dec 20 21:10:57 gentoo kernel: pci_bus 0030:01: Configuring PE for bus
Dec 20 21:10:57 gentoo kernel: pci 0030:01     : [PE# 1fd] Secondary bus 0x0000000000000001 associated with PE#1fd
Dec 20 21:10:57 gentoo kernel: pci 0030:01:00.0: Configured PE#1fd
Dec 20 21:10:57 gentoo kernel: pci_bus 0030:02: Configuring PE for bus
Dec 20 21:10:57 gentoo kernel: pci 0030:02     : [PE# 1fc] Secondary bus 0x0000000000000002 associated with PE#1fc
Dec 20 21:10:57 gentoo kernel: pci 0030:02:08.0: Configured PE#1fc
Dec 20 21:10:57 gentoo kernel: pci 0030:02:09.0: Added to existing PE#1fc
Dec 20 21:10:57 gentoo kernel: pci 0030:02:10.0: Added to existing PE#1fc
Dec 20 21:10:57 gentoo kernel: pci 0030:02:11.0: Added to existing PE#1fc
Dec 20 21:10:57 gentoo kernel: pci_bus 0030:03: Configuring PE for bus
Dec 20 21:10:57 gentoo kernel: pci 0030:03     : [PE# 1fb] Secondary bus 0x0000000000000003 associated with PE#1fb
Dec 20 21:10:57 gentoo kernel: pci 0030:03:00.0: Configured PE#1fb
Dec 20 21:10:57 gentoo kernel: pci 0030:03     : [PE# 1fb] Setting up 32-bit TCE table at 0..80000000
Dec 20 21:10:57 gentoo kernel: pci 0030:03     : [PE# 1fb] Setting up window#0 0..7fffffffff pg=1000
Dec 20 21:10:57 gentoo kernel: pci 0030:03:00.0: Adding to iommu group 9
Dec 20 21:10:57 gentoo kernel: pci_bus 0030:04: Configuring PE for bus
Dec 20 21:10:57 gentoo kernel: pci 0030:04     : [PE# 1fa] Secondary bus 0x0000000000000004 associated with PE#1fa
Dec 20 21:10:57 gentoo kernel: pci 0030:04:00.0: Configured PE#1fa
Dec 20 21:10:57 gentoo kernel: pci 0030:04     : [PE# 1fa] Setting up 32-bit TCE table at 0..80000000
Dec 20 21:10:57 gentoo kernel: pci 0030:04     : [PE# 1fa] Setting up window#0 0..7fffffffff pg=1000
Dec 20 21:10:57 gentoo kernel: pci 0030:04:00.0: Adding to iommu group 10
Dec 20 21:10:57 gentoo kernel: pci_bus 0030:05: Configuring PE for bus
Dec 20 21:10:57 gentoo kernel: pci 0030:05     : [PE# 1f9] Secondary bus 0x0000000000000005 associated with PE#1f9
Dec 20 21:10:57 gentoo kernel: pci 0030:05:00.0: Configured PE#1f9
Dec 20 21:10:57 gentoo kernel: pci 0030:05     : [PE# 1f9] Setting up 32-bit TCE table at 0..80000000
Dec 20 21:10:57 gentoo kernel: pci 0030:05     : [PE# 1f9] Setting up window#0 0..7fffffffff pg=1000
Dec 20 21:10:57 gentoo kernel: pci 0030:05:00.0: Adding to iommu group 11
Dec 20 21:10:57 gentoo kernel: pci_bus 0030:06: Configuring PE for bus
Dec 20 21:10:57 gentoo kernel: pci 0030:06     : [PE# 1f8] Secondary bus 0x0000000000000006 associated with PE#1f8
Dec 20 21:10:57 gentoo kernel: pci 0030:06:00.0: Configured PE#1f8
Dec 20 21:10:57 gentoo kernel: pci 0030:06     : [PE# 1f8] Setting up 32-bit TCE table at 0..80000000
Dec 20 21:10:57 gentoo kernel: pci 0030:06     : [PE# 1f8] Setting up window#0 0..7fffffffff pg=1000
Dec 20 21:10:57 gentoo kernel: pci 0030:06:00.0: Adding to iommu group 12
Dec 20 21:10:57 gentoo kernel: pci_bus 0031:00: Configuring PE for bus
Dec 20 21:10:57 gentoo kernel: pci 0031:00     : [PE# fe] Secondary bus 0x0000000000000000 associated with PE#fe
Dec 20 21:10:57 gentoo kernel: pci 0031:00:00.0: Configured PE#fe
Dec 20 21:10:57 gentoo kernel: pci_bus 0031:01: Configuring PE for bus
Dec 20 21:10:57 gentoo kernel: pci 0031:01     : [PE# fd] Secondary bus 0x0000000000000001 associated with PE#fd
Dec 20 21:10:57 gentoo kernel: pci 0031:01:00.0: Configured PE#fd
Dec 20 21:10:57 gentoo kernel: pci 0031:01     : [PE# fd] Setting up 32-bit TCE table at 0..80000000
Dec 20 21:10:57 gentoo kernel: pci 0031:01     : [PE# fd] Setting up window#0 0..7fffffffff pg=1000
Dec 20 21:10:57 gentoo kernel: pci 0031:01:00.0: Adding to iommu group 13
Dec 20 21:10:57 gentoo kernel: pci 0031:01:00.1: Added to existing PE#fd
Dec 20 21:10:57 gentoo kernel: pci 0031:01:00.1: Adding to iommu group 13
Dec 20 21:10:57 gentoo kernel: pci 0031:01:00.2: Added to existing PE#fd
Dec 20 21:10:57 gentoo kernel: pci 0031:01:00.2: Adding to iommu group 13
Dec 20 21:10:57 gentoo kernel: pci 0031:01:00.3: Added to existing PE#fd
Dec 20 21:10:57 gentoo kernel: pci 0031:01:00.3: Adding to iommu group 13
Dec 20 21:10:57 gentoo kernel: pci 0031:01:00.4: Added to existing PE#fd
Dec 20 21:10:57 gentoo kernel: pci 0031:01:00.4: Adding to iommu group 13
Dec 20 21:10:57 gentoo kernel: pci 0031:01:00.5: Added to existing PE#fd
Dec 20 21:10:57 gentoo kernel: pci 0031:01:00.5: Adding to iommu group 13
Dec 20 21:10:57 gentoo kernel: pci 0031:01:00.6: Added to existing PE#fd
Dec 20 21:10:57 gentoo kernel: pci 0031:01:00.6: Adding to iommu group 13
Dec 20 21:10:57 gentoo kernel: pci_bus 0032:00: Configuring PE for bus
Dec 20 21:10:57 gentoo kernel: pci 0032:00     : [PE# fe] Secondary bus 0x0000000000000000 associated with PE#fe
Dec 20 21:10:57 gentoo kernel: pci 0032:00:00.0: Configured PE#fe
Dec 20 21:10:57 gentoo kernel: pci_bus 0033:00: Configuring PE for bus
Dec 20 21:10:57 gentoo kernel: pci 0033:00     : [PE# 1fe] Secondary bus 0x0000000000000000 associated with PE#1fe
Dec 20 21:10:57 gentoo kernel: pci 0033:00:00.0: Configured PE#1fe
Dec 20 21:10:57 gentoo kernel: pci 0000:00:00.0: enabling device (0101 -> 0103)
Dec 20 21:10:57 gentoo kernel: pci 0000:01:00.0: enabling device (0141 -> 0143)
Dec 20 21:10:57 gentoo kernel: pci 0000:02:00.0: enabling device (0141 -> 0143)
Dec 20 21:10:57 gentoo kernel: pci 0001:00:00.0: enabling device (0101 -> 0103)
Dec 20 21:10:57 gentoo kernel: pci 0001:01:00.0: enabling device (0141 -> 0143)
